 Fermi distribution function

Calculation with static geometry


********************************************************************************
 iSCC Total electronic   Diff electronic      SCC error    
   21   -0.73352138E+02   -0.14210855E-13    0.59494076E-10
********************************************************************************

 Total charge:     0.00000000

 Atomic gross charges (e)
 Atom           Charge
    1      -0.04758737
    2      -0.02909633
    3       0.00990529
    4      -0.00073351
    5      -0.01306145
    6      -0.01382817
    7       0.00844480
    8       0.02692893
    9      -0.02817570
   10       0.05535634
   11      -0.00711257
   12      -0.03839712
   13      -0.05779885
   14       0.00421016
   15       0.02854357
   16       0.03657805
   17       0.02109789
   18      -0.00856776
   19      -0.02989129
   20       0.00142038
   21       0.22876670
   22       0.23315919
   23       0.23493578
   24       0.22584323
   25       0.01332012
   26       0.02571513
   27       0.05364147
   28       0.00324244
   29       0.00773921
   30      -0.01361087
   31       0.04606102
   32      -0.01804261
   33       0.02079177
   34      -0.04011259
   35      -0.04014141
   36       0.02523839
   37      -0.03033330
   38      -0.03599279
   39      -0.03302245
   40       0.03477649
   41      -0.09649407
   42      -0.11510241
   43      -0.10836136
   44      -0.10411899
   45      -0.11397941
   46      -0.11914295
   47      -0.09369265
   48      -0.10931837

Nr. of electrons (up):    192.00000000
Atom populations (up)
 Atom       Population
    1       1.04758737
    2       1.02909633
    3       0.99009471
    4       1.00073351
    5       1.01306145
    6       1.01382817
    7       0.99155520
    8       0.97307107
    9       1.02817570
   10       0.94464366
   11       1.00711257
   12       1.03839712
   13       1.05779885
   14       0.99578984
   15       0.97145643
   16       0.96342195
   17       0.97890211
   18       1.00856776
   19       1.02989129
   20       0.99857962
   21       4.77123330
   22       4.76684081
   23       4.76506422
   24       4.77415677
   25       5.98667988
   26       5.97428487
   27       5.94635853
   28       5.99675756
   29       5.99226079
   30       6.01361087
   31       5.95393898
   32       6.01804261
   33       5.97920823
   34       6.04011259
   35       6.04014141
   36       5.97476161
   37       6.03033330
   38       6.03599279
   39       6.03302245
   40       5.96522351
   41       7.09649407
   42       7.11510241
   43       7.10836136
   44       7.10411899
   45       7.11397941
   46       7.11914295
   47       7.09369265
   48       7.10931837

l-shell populations (up)
 Atom Sh.   l       Population
    1   1   0       0.38304410
    1   2   1       0.66454327
    2   1   0       0.37940840
    2   2   1       0.64968793
    3   1   0       0.35778365
    3   2   1       0.63231106
    4   1   0       0.37017416
    4   2   1       0.63055935
    5   1   0       0.36849046
    5   2   1       0.64457098
    6   1   0       0.37041599
    6   2   1       0.64341218
    7   1   0       0.36451052
    7   2   1       0.62704468
    8   1   0       0.35181916
    8   2   1       0.62125191
    9   1   0       0.38215488
    9   2   1       0.64602082
   10   1   0       0.34454335
   10   2   1       0.60010031
   11   1   0       0.38232399
   11   2   1       0.62478858
   12   1   0       0.38079554
   12   2   1       0.65760158
   13   1   0       0.40148279
   13   2   1       0.65631606
   14   1   0       0.35611047
   14   2   1       0.63967937
   15   1   0       0.36249881
   15   2   1       0.60895762
   16   1   0       0.34805411
   16   2   1       0.61536784
   17   1   0       0.36219316
   17   2   1       0.61670894
   18   1   0       0.37354705
   18   2   1       0.63502070
   19   1   0       0.37995888
   19   2   1       0.64993240
   20   1   0       0.37083087
   20   2   1       0.62774875
   21   1   0       1.50510944
   21   2   1       2.87500500
   21   3   2       0.39111886
   22   1   0       1.50231661
   22   2   1       2.86783868
   22   3   2       0.39668552
   23   1   0       1.50011861
   23   2   1       2.86256312
   23   3   2       0.40238249
   24   1   0       1.50312842
   24   2   1       2.87183116
   24   3   2       0.39919718
   25   1   0       1.85783304
   25   2   1       4.08026140
   25   3   2       0.04858544
   26   1   0       1.85579290
   26   2   1       4.06562408
   26   3   2       0.05286789
   27   1   0       1.85363334
   27   2   1       4.04190918
   27   3   2       0.05081602
   28   1   0       1.85472672
   28   2   1       4.09422069
   28   3   2       0.04781014
   29   1   0       1.85861036
   29   2   1       4.08093196
   29   3   2       0.05271848
   30   1   0       1.85245513
   30   2   1       4.11778978
   30   3   2       0.04336596
   31   1   0       1.85458977
   31   2   1       4.04886870
   31   3   2       0.05048052
   32   1   0       1.85381327
   32   2   1       4.11143702
   32   3   2       0.05279232
   33   1   0       1.85195536
   33   2   1       4.07357718
   33   3   2       0.05367569
   34   1   0       1.85370836
   34   2   1       4.14024237
   34   3   2       0.04616185
   35   1   0       1.84758888
   35   2   1       4.14664602
   35   3   2       0.04590651
   36   1   0       1.85532427
   36   2   1       4.06526167
   36   3   2       0.05417567
   37   1   0       1.86029746
   37   2   1       4.11920380
   37   3   2       0.05083204
   38   1   0       1.86434994
   38   2   1       4.11776325
   38   3   2       0.05387960
   39   1   0       1.86634093
   39   2   1       4.10933187
   39   3   2       0.05734964
   40   1   0       1.85869279
   40   2   1       4.05990602
   40   3   2       0.04662470
   41   1   0       1.94142538
   41   2   1       5.16536410
   41   3   2      -0.01029541
   42   1   0       1.94374915
   42   2   1       5.18401296
   42   3   2      -0.01265969
   43   1   0       1.94297836
   43   2   1       5.17558083
   43   3   2      -0.01019783
   44   1   0       1.94390326
   44   2   1       5.16553338
   44   3   2      -0.00531765
   45   1   0       1.94486862
   45   2   1       5.17207573
   45   3   2      -0.00296493
   46   1   0       1.94362049
   46   2   1       5.18324708
   46   3   2      -0.00772461
   47   1   0       1.94110925
   47   2   1       5.16922678
   47   3   2      -0.01664338
   48   1   0       1.94143939
   48   2   1       5.17735608
   48   3   2      -0.00947709

Orbital populations (up)
 Atom Sh.   l   m       Population  Label
    1   1   0   0       0.38304410  s
    1   2   1  -1       0.21796541  p_y
    1   2   1   0       0.21698962  p_z
    1   2   1   1       0.22958824  p_x
    2   1   0   0       0.37940840  s
    2   2   1  -1       0.18000488  p_y
    2   2   1   0       0.24715530  p_z
    2   2   1   1       0.22252775  p_x
    3   1   0   0       0.35778365  s
    3   2   1  -1       0.21736131  p_y
    3   2   1   0       0.20458154  p_z
    3   2   1   1       0.21036821  p_x
    4   1   0   0       0.37017416  s
    4   2   1  -1       0.23028615  p_y
    4   2   1   0       0.18211161  p_z
    4   2   1   1       0.21816160  p_x
    5   1   0   0       0.36849046  s
    5   2   1  -1       0.21160139  p_y
    5   2   1   0       0.21145355  p_z
    5   2   1   1       0.22151604  p_x
    6   1   0   0       0.37041599  s
    6   2   1  -1       0.19890954  p_y
    6   2   1   0       0.24017222  p_z
    6   2   1   1       0.20433043  p_x
    7   1   0   0       0.36451052  s
    7   2   1  -1       0.22342858  p_y
    7   2   1   0       0.23788860  p_z
    7   2   1   1       0.16572750  p_x
    8   1   0   0       0.35181916  s
    8   2   1  -1       0.18276293  p_y
    8   2   1   0       0.22165575  p_z
    8   2   1   1       0.21683324  p_x
    9   1   0   0       0.38215488  s
    9   2   1  -1       0.22780493  p_y
    9   2   1   0       0.19390278  p_z
    9   2   1   1       0.22431310  p_x
   10   1   0   0       0.34454335  s
   10   2   1  -1       0.21638597  p_y
   10   2   1   0       0.18732449  p_z
   10   2   1   1       0.19638986  p_x
   11   1   0   0       0.38232399  s
   11   2   1  -1       0.22212406  p_y
   11   2   1   0       0.19692435  p_z
   11   2   1   1       0.20574018  p_x
   12   1   0   0       0.38079554  s
   12   2   1  -1       0.22790040  p_y
   12   2   1   0       0.21971080  p_z
   12   2   1   1       0.20999039  p_x
   13   1   0   0       0.40148279  s
   13   2   1  -1       0.17252727  p_y
   13   2   1   0       0.23036454  p_z
   13   2   1   1       0.25342425  p_x
   14   1   0   0       0.35611047  s
   14   2   1  -1       0.19501512  p_y
   14   2   1   0       0.22271808  p_z
   14   2   1   1       0.22194617  p_x
   15   1   0   0       0.36249881  s
   15   2   1  -1       0.19829267  p_y
   15   2   1   0       0.21302667  p_z
   15   2   1   1       0.19763827  p_x
   16   1   0   0       0.34805411  s
   16   2   1  -1       0.20557408  p_y
   16   2   1   0       0.20534793  p_z
   16   2   1   1       0.20444583  p_x
   17   1   0   0       0.36219316  s
   17   2   1  -1       0.18742850  p_y
   17   2   1   0       0.22041396  p_z
   17   2   1   1       0.20886648  p_x
   18   1   0   0       0.37354705  s
   18   2   1  -1       0.23003515  p_y
   18   2   1   0       0.17498346  p_z
   18   2   1   1       0.23000209  p_x
   19   1   0   0       0.37995888  s
   19   2   1  -1       0.23309281  p_y
   19   2   1   0       0.19827138  p_z
   19   2   1   1       0.21856820  p_x
   20   1   0   0       0.37083087  s
   20   2   1  -1       0.23804499  p_y
   20   2   1   0       0.21437721  p_z
   20   2   1   1       0.17532655  p_x
   21   1   0   0       1.50510944  s
   21   2   1  -1       0.95412446  p_y
   21   2   1   0       0.97218343  p_z
   21   2   1   1       0.94869711  p_x
   21   3   2  -2       0.08704438  d_xy
   21   3   2  -1       0.07344106  d_yz
   21   3   2   0       0.07863656  d_z2
   21   3   2   1       0.07792198  d_xz
   21   3   2   2       0.07407489  d_x2-y2
   22   1   0   0       1.50231661  s
   22   2   1  -1       0.94712175  p_y
   22   2   1   0       0.95756795  p_z
   22   2   1   1       0.96314898  p_x
   22   3   2  -2       0.08164707  d_xy
   22   3   2  -1       0.08520302  d_yz
   22   3   2   0       0.07737711  d_z2
   22   3   2   1       0.07421783  d_xz
   22   3   2   2       0.07824050  d_x2-y2
   23   1   0   0       1.50011861  s
   23   2   1  -1       0.96515556  p_y
   23   2   1   0       0.95190170  p_z
   23   2   1   1       0.94550587  p_x
   23   3   2  -2       0.07667251  d_xy
   23   3   2  -1       0.07586294  d_yz
   23   3   2   0       0.07275130  d_z2
   23   3   2   1       0.09286217  d_xz
   23   3   2   2       0.08423357  d_x2-y2
   24   1   0   0       1.50312842  s
   24   2   1  -1       0.96633265  p_y
   24   2   1   0       0.95072816  p_z
   24   2   1   1       0.95477036  p_x
   24   3   2  -2       0.07499321  d_xy
   24   3   2  -1       0.08464661  d_yz
   24   3   2   0       0.07558908  d_z2
   24   3   2   1       0.08333606  d_xz
   24   3   2   2       0.08063223  d_x2-y2
   25   1   0   0       1.85783304  s
   25   2   1  -1       1.33709666  p_y
   25   2   1   0       1.43055253  p_z
   25   2   1   1       1.31261221  p_x
   25   3   2  -2       0.00523960  d_xy
   25   3   2  -1       0.01077698  d_yz
   25   3   2   0       0.01311648  d_z2
   25   3   2   1       0.00941732  d_xz
   25   3   2   2       0.01003505  d_x2-y2
   26   1   0   0       1.85579290  s
   26   2   1  -1       1.37607324  p_y
   26   2   1   0       1.37237761  p_z
   26   2   1   1       1.31717323  p_x
   26   3   2  -2       0.01138957  d_xy
   26   3   2  -1       0.00723096  d_yz
   26   3   2   0       0.01085073  d_z2
   26   3   2   1       0.01081564  d_xz
   26   3   2   2       0.01258099  d_x2-y2
   27   1   0   0       1.85363334  s
   27   2   1  -1       1.33679151  p_y
   27   2   1   0       1.35957501  p_z
   27   2   1   1       1.34554265  p_x
   27   3   2  -2       0.01008140  d_xy
   27   3   2  -1       0.01007232  d_yz
   27   3   2   0       0.01147038  d_z2
   27   3   2   1       0.00700298  d_xz
   27   3   2   2       0.01218894  d_x2-y2
   28   1   0   0       1.85472672  s
   28   2   1  -1       1.36048279  p_y
   28   2   1   0       1.42414775  p_z
   28   2   1   1       1.30959014  p_x
   28   3   2  -2       0.00863615  d_xy
   28   3   2  -1       0.00944381  d_yz
   28   3   2   0       0.01106606  d_z2
   28   3   2   1       0.00655655  d_xz
   28   3   2   2       0.01210757  d_x2-y2
   29   1   0   0       1.85861036  s
   29   2   1  -1       1.28890386  p_y
   29   2   1   0       1.44271851  p_z
   29   2   1   1       1.34930959  p_x
   29   3   2  -2       0.00542776  d_xy
   29   3   2  -1       0.01139013  d_yz
   29   3   2   0       0.01288831  d_z2
   29   3   2   1       0.01203334  d_xz
   29   3   2   2       0.01097894  d_x2-y2
   30   1   0   0       1.85245513  s
   30   2   1  -1       1.31566773  p_y
   30   2   1   0       1.41383834  p_z
   30   2   1   1       1.38828370  p_x
   30   3   2  -2       0.00449204  d_xy
   30   3   2  -1       0.00858857  d_yz
   30   3   2   0       0.01187083  d_z2
   30   3   2   1       0.00930086  d_xz
   30   3   2   2       0.00911366  d_x2-y2
   31   1   0   0       1.85458977  s
   31   2   1  -1       1.34892527  p_y
   31   2   1   0       1.36138265  p_z
   31   2   1   1       1.33856079  p_x
   31   3   2  -2       0.00967922  d_xy
   31   3   2  -1       0.00745989  d_yz
   31   3   2   0       0.01162441  d_z2
   31   3   2   1       0.00977678  d_xz
   31   3   2   2       0.01194022  d_x2-y2
   32   1   0   0       1.85381327  s
   32   2   1  -1       1.40254488  p_y
   32   2   1   0       1.32361301  p_z
   32   2   1   1       1.38527913  p_x
   32   3   2  -2       0.01530809  d_xy
   32   3   2  -1       0.00768588  d_yz
   32   3   2   0       0.01052005  d_z2
   32   3   2   1       0.00645247  d_xz
   32   3   2   2       0.01282583  d_x2-y2
   33   1   0   0       1.85195536  s
   33   2   1  -1       1.50172820  p_y
   33   2   1   0       1.24000396  p_z
   33   2   1   1       1.33184503  p_x
   33   3   2  -2       0.00979976  d_xy
   33   3   2  -1       0.00924876  d_yz
   33   3   2   0       0.01314980  d_z2
   33   3   2   1       0.00852559  d_xz
   33   3   2   2       0.01295177  d_x2-y2
   34   1   0   0       1.85370836  s
   34   2   1  -1       1.32712325  p_y
   34   2   1   0       1.31260940  p_z
   34   2   1   1       1.50050972  p_x
   34   3   2  -2       0.01256780  d_xy
   34   3   2  -1       0.00693989  d_yz
   34   3   2   0       0.01065626  d_z2
   34   3   2   1       0.00536863  d_xz
   34   3   2   2       0.01062928  d_x2-y2
   35   1   0   0       1.84758888  s
   35   2   1  -1       1.47336752  p_y
   35   2   1   0       1.33442116  p_z
   35   2   1   1       1.33885734  p_x
   35   3   2  -2       0.01107583  d_xy
   35   3   2  -1       0.00947445  d_yz
   35   3   2   0       0.00910270  d_z2
   35   3   2   1       0.00396618  d_xz
   35   3   2   2       0.01228735  d_x2-y2
   36   1   0   0       1.85532427  s
   36   2   1  -1       1.32080391  p_y
   36   2   1   0       1.45802256  p_z
   36   2   1   1       1.28643520  p_x
   36   3   2  -2       0.00662047  d_xy
   36   3   2  -1       0.00821293  d_yz
   36   3   2   0       0.01221590  d_z2
   36   3   2   1       0.01537933  d_xz
   36   3   2   2       0.01174704  d_x2-y2
   37   1   0   0       1.86029746  s
   37   2   1  -1       1.25797800  p_y
   37   2   1   0       1.43938381  p_z
   37   2   1   1       1.42184199  p_x
   37   3   2  -2       0.00695051  d_xy
   37   3   2  -1       0.00752128  d_yz
   37   3   2   0       0.01156333  d_z2
   37   3   2   1       0.01288025  d_xz
   37   3   2   2       0.01191667  d_x2-y2
   38   1   0   0       1.86434994  s
   38   2   1  -1       1.39353361  p_y
   38   2   1   0       1.34093486  p_z
   38   2   1   1       1.38329478  p_x
   38   3   2  -2       0.01223265  d_xy
   38   3   2  -1       0.00863881  d_yz
   38   3   2   0       0.01217938  d_z2
   38   3   2   1       0.00865820  d_xz
   38   3   2   2       0.01217056  d_x2-y2
   39   1   0   0       1.86634093  s
   39   2   1  -1       1.38483861  p_y
   39   2   1   0       1.30085498  p_z
   39   2   1   1       1.42363828  p_x
   39   3   2  -2       0.01120175  d_xy
   39   3   2  -1       0.01199140  d_yz
   39   3   2   0       0.01367125  d_z2
   39   3   2   1       0.00817689  d_xz
   39   3   2   2       0.01230835  d_x2-y2
   40   1   0   0       1.85869279  s
   40   2   1  -1       1.42825941  p_y
   40   2   1   0       1.34051763  p_z
   40   2   1   1       1.29112899  p_x
   40   3   2  -2       0.00944303  d_xy
   40   3   2  -1       0.00686553  d_yz
   40   3   2   0       0.01195358  d_z2
   40   3   2   1       0.00753711  d_xz
   40   3   2   2       0.01082545  d_x2-y2
   41   1   0   0       1.94142538  s
   41   2   1  -1       1.72381701  p_y
   41   2   1   0       1.72020619  p_z
   41   2   1   1       1.72134091  p_x
   41   3   2  -2       0.00105454  d_xy
   41   3   2  -1      -0.00094297  d_yz
   41   3   2   0      -0.00684755  d_z2
   41   3   2   1       0.00083592  d_xz
   41   3   2   2      -0.00439535  d_x2-y2
   42   1   0   0       1.94374915  s
   42   2   1  -1       1.75200981  p_y
   42   2   1   0       1.71615533  p_z
   42   2   1   1       1.71584782  p_x
   42   3   2  -2       0.00062051  d_xy
   42   3   2  -1       0.00392855  d_yz
   42   3   2   0      -0.01294591  d_z2
   42   3   2   1      -0.00191017  d_xz
   42   3   2   2      -0.00235267  d_x2-y2
   43   1   0   0       1.94297836  s
   43   2   1  -1       1.75543038  p_y
   43   2   1   0       1.73347346  p_z
   43   2   1   1       1.68667699  p_x
   43   3   2  -2      -0.01040157  d_xy
   43   3   2  -1       0.00544046  d_yz
   43   3   2   0      -0.00022334  d_z2
   43   3   2   1      -0.00296641  d_xz
   43   3   2   2      -0.00204698  d_x2-y2
   44   1   0   0       1.94390326  s
   44   2   1  -1       1.69947865  p_y
   44   2   1   0       1.72158858  p_z
   44   2   1   1       1.74446615  p_x
   44   3   2  -2      -0.00240376  d_xy
   44   3   2  -1      -0.00346351  d_yz
   44   3   2   0      -0.00238930  d_z2
   44   3   2   1       0.00241817  d_xz
   44   3   2   2       0.00052075  d_x2-y2
   45   1   0   0       1.94486862  s
   45   2   1  -1       1.73783082  p_y
   45   2   1   0       1.74558181  p_z
   45   2   1   1       1.68866309  p_x
   45   3   2  -2      -0.00275288  d_xy
   45   3   2  -1       0.00272891  d_yz
   45   3   2   0      -0.00054428  d_z2
   45   3   2   1      -0.00193596  d_xz
   45   3   2   2      -0.00046072  d_x2-y2
   46   1   0   0       1.94362049  s
   46   2   1  -1       1.72925518  p_y
   46   2   1   0       1.71786598  p_z
   46   2   1   1       1.73612591  p_x
   46   3   2  -2       0.00396245  d_xy
   46   3   2  -1      -0.00693812  d_yz
   46   3   2   0      -0.00161271  d_z2
   46   3   2   1      -0.00103937  d_xz
   46   3   2   2      -0.00209687  d_x2-y2
   47   1   0   0       1.94110925  s
   47   2   1  -1       1.72969216  p_y
   47   2   1   0       1.72247635  p_z
   47   2   1   1       1.71705828  p_x
   47   3   2  -2       0.00079988  d_xy
   47   3   2  -1      -0.00330175  d_yz
   47   3   2   0      -0.00773559  d_z2
   47   3   2   1      -0.00027294  d_xz
   47   3   2   2      -0.00613296  d_x2-y2
   48   1   0   0       1.94143939  s
   48   2   1  -1       1.74176898  p_y
   48   2   1   0       1.70872143  p_z
   48   2   1   1       1.72686566  p_x
   48   3   2  -2       0.00206787  d_xy
   48   3   2  -1      -0.00122211  d_yz
   48   3   2   0      -0.01289251  d_z2
   48   3   2   1       0.00062773  d_xz
   48   3   2   2       0.00194193  d_x2-y2

Fermi level:                        -0.1366698778 H           -3.7190 eV
Band energy:                       -73.7107996449 H        -2005.7729 eV
TS:                                  0.0000000000 H            0.0000 eV
Band free energy (E-TS):           -73.7107996449 H        -2005.7729 eV
Extrapolated E(0K):                -73.7107996449 H        -2005.7729 eV
Input / Output electrons (q):    192.0000000000    192.0000000000

Energy H0:                         -73.3800431897 H        -1996.7726 eV
Energy SCC:                          0.0279050111 H            0.7593 eV
Total Electronic energy:           -73.3521381787 H        -1996.0132 eV
Repulsive energy:                    0.0000000000 H            0.0000 eV
Total energy:                      -73.3521381787 H        -1996.0132 eV
Extrapolated to 0:                 -73.3521381787 H        -1996.0132 eV
Total Mermin free energy:          -73.3521381787 H        -1996.0132 eV
Force related energy:              -73.3521381787 H        -1996.0132 eV

Atom resolved electronic energies 
    1     -0.31669795 H       -8.617790 eV
    2     -0.30169461 H       -8.209528 eV
    3     -0.29289197 H       -7.969996 eV
    4     -0.29525469 H       -8.034289 eV
    5     -0.30216201 H       -8.222247 eV
    6     -0.29998039 H       -8.162882 eV
    7     -0.28955752 H       -7.879261 eV
    8     -0.28198279 H       -7.673142 eV
    9     -0.30249309 H       -8.231256 eV
   10     -0.27158685 H       -7.390254 eV
   11     -0.29722673 H       -8.087951 eV
   12     -0.30738565 H       -8.364389 eV
   13     -0.31305910 H       -8.518772 eV
   14     -0.29475234 H       -8.020619 eV
   15     -0.28325914 H       -7.707873 eV
   16     -0.28196142 H       -7.672561 eV
   17     -0.28559127 H       -7.771334 eV
   18     -0.29537762 H       -8.037634 eV
   19     -0.30524759 H       -8.306209 eV
   20     -0.29376886 H       -7.993857 eV
   21     -1.87594998 H      -51.047196 eV
   22     -1.87640668 H      -51.059624 eV
   23     -1.87617149 H      -51.053224 eV
   24     -1.87849694 H      -51.116503 eV
   25     -2.15269647 H      -58.577851 eV
   26     -2.15479335 H      -58.634910 eV
   27     -2.14988075 H      -58.501232 eV
   28     -2.15373931 H      -58.606228 eV
   29     -2.15496004 H      -58.639446 eV
   30     -2.15404628 H      -58.614582 eV
   31     -2.15187701 H      -58.555553 eV
   32     -2.15436251 H      -58.623187 eV
   33     -2.15077628 H      -58.525600 eV
   34     -2.15869572 H      -58.741099 eV
   35     -2.15321578 H      -58.591982 eV
   36     -2.15277610 H      -58.580018 eV
   37     -2.15896891 H      -58.748533 eV
   38     -2.16044040 H      -58.788574 eV
   39     -2.16139903 H      -58.814660 eV
   40     -2.15175849 H      -58.552328 eV
   41     -3.17962157 H      -86.521905 eV
   42     -3.18566219 H      -86.686279 eV
   43     -3.18187467 H      -86.583215 eV
   44     -3.18142344 H      -86.570937 eV
   45     -3.18344337 H      -86.625902 eV
   46     -3.18478306 H      -86.662356 eV
   47     -3.17883930 H      -86.500619 eV
   48     -3.18314747 H      -86.617850 eV

Atom resolved repulsive energies 
    1      0.00000000 H        0.000000 eV
    2      0.00000000 H        0.000000 eV
    3      0.00000000 H        0.000000 eV
    4      0.00000000 H        0.000000 eV
    5      0.00000000 H        0.000000 eV
    6      0.00000000 H        0.000000 eV
    7      0.00000000 H        0.000000 eV
    8      0.00000000 H        0.000000 eV
    9      0.00000000 H        0.000000 eV
   10      0.00000000 H        0.000000 eV
   11      0.00000000 H        0.000000 eV
   12      0.00000000 H        0.000000 eV
   13      0.00000000 H        0.000000 eV
   14      0.00000000 H        0.000000 eV
   15      0.00000000 H        0.000000 eV
   16      0.00000000 H        0.000000 eV
   17      0.00000000 H        0.000000 eV
   18      0.00000000 H        0.000000 eV
   19      0.00000000 H        0.000000 eV
   20      0.00000000 H        0.000000 eV
   21      0.00000000 H        0.000000 eV
   22      0.00000000 H        0.000000 eV
   23      0.00000000 H        0.000000 eV
   24      0.00000000 H        0.000000 eV
   25      0.00000000 H        0.000000 eV
   26      0.00000000 H        0.000000 eV
   27      0.00000000 H        0.000000 eV
   28      0.00000000 H        0.000000 eV
   29      0.00000000 H        0.000000 eV
   30      0.00000000 H        0.000000 eV
   31      0.00000000 H        0.000000 eV
   32      0.00000000 H        0.000000 eV
   33      0.00000000 H        0.000000 eV
   34      0.00000000 H        0.000000 eV
   35      0.00000000 H        0.000000 eV
   36      0.00000000 H        0.000000 eV
   37      0.00000000 H        0.000000 eV
   38      0.00000000 H        0.000000 eV
   39      0.00000000 H        0.000000 eV
   40      0.00000000 H        0.000000 eV
   41      0.00000000 H        0.000000 eV
   42      0.00000000 H        0.000000 eV
   43      0.00000000 H        0.000000 eV
   44      0.00000000 H        0.000000 eV
   45      0.00000000 H        0.000000 eV
   46      0.00000000 H        0.000000 eV
   47      0.00000000 H        0.000000 eV
   48      0.00000000 H        0.000000 eV

Atom resolved total energies 
    1     -0.31669795 H       -8.617790 eV
    2     -0.30169461 H       -8.209528 eV
    3     -0.29289197 H       -7.969996 eV
    4     -0.29525469 H       -8.034289 eV
    5     -0.30216201 H       -8.222247 eV
    6     -0.29998039 H       -8.162882 eV
    7     -0.28955752 H       -7.879261 eV
    8     -0.28198279 H       -7.673142 eV
    9     -0.30249309 H       -8.231256 eV
   10     -0.27158685 H       -7.390254 eV
   11     -0.29722673 H       -8.087951 eV
   12     -0.30738565 H       -8.364389 eV
   13     -0.31305910 H       -8.518772 eV
   14     -0.29475234 H       -8.020619 eV
   15     -0.28325914 H       -7.707873 eV
   16     -0.28196142 H       -7.672561 eV
   17     -0.28559127 H       -7.771334 eV
   18     -0.29537762 H       -8.037634 eV
   19     -0.30524759 H       -8.306209 eV
   20     -0.29376886 H       -7.993857 eV
   21     -1.87594998 H      -51.047196 eV
   22     -1.87640668 H      -51.059624 eV
   23     -1.87617149 H      -51.053224 eV
   24     -1.87849694 H      -51.116503 eV
   25     -2.15269647 H      -58.577851 eV
   26     -2.15479335 H      -58.634910 eV
   27     -2.14988075 H      -58.501232 eV
   28     -2.15373931 H      -58.606228 eV
   29     -2.15496004 H      -58.639446 eV
   30     -2.15404628 H      -58.614582 eV
   31     -2.15187701 H      -58.555553 eV
   32     -2.15436251 H      -58.623187 eV
   33     -2.15077628 H      -58.525600 eV
   34     -2.15869572 H      -58.741099 eV
   35     -2.15321578 H      -58.591982 eV
   36     -2.15277610 H      -58.580018 eV
   37     -2.15896891 H      -58.748533 eV
   38     -2.16044040 H      -58.788574 eV
   39     -2.16139903 H      -58.814660 eV
   40     -2.15175849 H      -58.552328 eV
   41     -3.17962157 H      -86.521905 eV
   42     -3.18566219 H      -86.686279 eV
   43     -3.18187467 H      -86.583215 eV
   44     -3.18142344 H      -86.570937 eV
   45     -3.18344337 H      -86.625902 eV
   46     -3.18478306 H      -86.662356 eV
   47     -3.17883930 H      -86.500619 eV
   48     -3.18314747 H      -86.617850 eV

SCC converged

Total Forces
    1     -0.002081087952     -0.005282685754      0.006133876907
    2     -0.005404890692      0.007807837135     -0.000117163962
    3      0.010012518575     -0.006339000014     -0.008276766111
    4     -0.003236274451      0.006774396274      0.007646228800
    5     -0.004328167275      0.011063977574     -0.009477627901
    6      0.007148421087      0.003531190849      0.006108287242
    7     -0.009188842183     -0.003410141483      0.005983316779
    8     -0.002543964406     -0.009112239486      0.002616172643
    9      0.000406300403     -0.008128132011     -0.006974868536
   10      0.007262048713      0.006652263375      0.007581454179
   11     -0.008625568422     -0.002678976077      0.002955329152
   12      0.004411343835      0.001085808904      0.011208119649
   13     -0.001140287043     -0.005416629453      0.004696007188
   14     -0.006165912240      0.004805827524     -0.006832663226
   15      0.000907046213      0.001504770380     -0.003163026670
   16      0.009368059423     -0.005784358963     -0.006125522741
   17      0.002154865155      0.009767231649     -0.006099725825
   18     -0.000901878212     -0.003990762671     -0.007616947593
   19      0.007494453739      0.005044065692      0.006092600489
   20     -0.007160246557      0.002067577551     -0.000515538425
   21      0.006595484724     -0.000086231200     -0.001961310678
   22      0.001837365897      0.001616859283      0.008617119122
   23     -0.002971106245     -0.000028633071     -0.010283819488
   24      0.005751550886      0.002139284380     -0.003364605042
   25     -0.004523861076      0.010003365052     -0.013214761651
   26      0.010594551624     -0.002598432203      0.001145725996
   27      0.005156813700      0.005419616060      0.005144950316
   28     -0.012165152092     -0.008780585851     -0.002296625960
   29     -0.005722306528     -0.004902853040      0.015178424883
   30      0.003227213872      0.010349139949     -0.010240578822
   31      0.005223486218      0.004295167618      0.003842545437
   32      0.007038642004     -0.019915313914     -0.005157762500
   33      0.006943352674     -0.006502951890     -0.007690121175
   34     -0.016039736000     -0.006019424251      0.009526477547
   35      0.011789265048      0.010912040600      0.007437106825
   36     -0.011848547218     -0.000025224917     -0.014323447387
   37     -0.001929781411     -0.017561929535      0.019604833465
   38     -0.023305173304     -0.000200115985     -0.012035724825
   39     -0.001972310948      0.021518297508      0.013759767305
   40      0.011466240980      0.007672609198     -0.012241189449
   41      0.010463978986     -0.013602431889      0.008710773849
   42      0.012529909290      0.005056737627     -0.005773506617
   43     -0.001476287463      0.005929920706     -0.000362414784
   44     -0.006048154741      0.002934034589      0.008269550898
   45      0.000261068165     -0.009906537635     -0.007158193995
   46     -0.003061222592     -0.000242576078      0.004767681572
   47      0.000213407254      0.003065428222     -0.009551489940
   48     -0.006416629416     -0.010501280327      0.003829053062

Total stress tensor
     -0.000277221631      0.000002070514     -0.000000416523
      0.000002070886     -0.000260993796      0.000003807359
     -0.000000416398      0.000003807504     -0.000264363532

Total lattice derivs
      0.096988370717     -0.000724387116      0.000145724087
     -0.000724517361      0.091310923258     -0.001332037107
      0.000145680564     -0.001332087877      0.092489854307

Maximal derivative component:        0.233052E-01 au

Volume:                              0.654393E+04 au^3
Pressure:                           -0.267526E-03 au    -0.787089E+10 Pa


