 Fermi distribution function

Calculation with static geometry


********************************************************************************
 iSCC Total electronic   Diff electronic      SCC error    
   21   -0.74835564E+02    0.28421709E-13    0.95084496E-10
********************************************************************************

 Total charge:    -0.00000000

 Atomic gross charges (e)
 Atom           Charge
    1      -0.01357890
    2       0.01008076
    3       0.02850181
    4       0.02776731
    5       0.02636928
    6       0.03109099
    7       0.04355837
    8       0.09426667
    9       0.02296476
   10       0.14652966
   11       0.04412147
   12       0.00856399
   13      -0.01026444
   14       0.02164782
   15       0.08443120
   16       0.25337182
   17       0.06375273
   18       0.03893687
   19       0.02469353
   20       0.03886262
   21       0.34021118
   22       0.35196273
   23       0.34747476
   24       0.31192050
   25      -0.06332377
   26      -0.05608538
   27      -0.02841109
   28      -0.08528987
   29      -0.12560318
   30      -0.09438623
   31      -0.03332513
   32      -0.09671246
   33      -0.05445150
   34      -0.11185196
   35      -0.10714189
   36      -0.05706366
   37      -0.09642350
   38      -0.10835902
   39      -0.10163524
   40      -0.04960460
   41      -0.14596606
   42      -0.12731404
   43      -0.12830987
   44      -0.16692072
   45      -0.12359904
   46      -0.13405400
   47      -0.11416465
   48      -0.12724064

Nr. of electrons (up):    192.00000000
Atom populations (up)
 Atom       Population
    1       1.01357890
    2       0.98991924
    3       0.97149819
    4       0.97223269
    5       0.97363072
    6       0.96890901
    7       0.95644163
    8       0.90573333
    9       0.97703524
   10       0.85347034
   11       0.95587853
   12       0.99143601
   13       1.01026444
   14       0.97835218
   15       0.91556880
   16       0.74662818
   17       0.93624727
   18       0.96106313
   19       0.97530647
   20       0.96113738
   21       4.65978882
   22       4.64803727
   23       4.65252524
   24       4.68807950
   25       6.06332377
   26       6.05608538
   27       6.02841109
   28       6.08528987
   29       6.12560318
   30       6.09438623
   31       6.03332513
   32       6.09671246
   33       6.05445150
   34       6.11185196
   35       6.10714189
   36       6.05706366
   37       6.09642350
   38       6.10835902
   39       6.10163524
   40       6.04960460
   41       7.14596606
   42       7.12731404
   43       7.12830987
   44       7.16692072
   45       7.12359904
   46       7.13405400
   47       7.11416465
   48       7.12724064

l-shell populations (up)
 Atom Sh.   l       Population
    1   1   0       0.37652675
    1   2   1       0.63705215
    2   1   0       0.37199516
    2   2   1       0.61792408
    3   1   0       0.35879936
    3   2   1       0.61269883
    4   1   0       0.36150676
    4   2   1       0.61072593
    5   1   0       0.36131238
    5   2   1       0.61231834
    6   1   0       0.35913359
    6   2   1       0.60977541
    7   1   0       0.35460393
    7   2   1       0.60183771
    8   1   0       0.32826427
    8   2   1       0.57746906
    9   1   0       0.36746115
    9   2   1       0.60957409
   10   1   0       0.31488258
   10   2   1       0.53858775
   11   1   0       0.36676441
   11   2   1       0.58911412
   12   1   0       0.37050545
   12   2   1       0.62093056
   13   1   0       0.38950827
   13   2   1       0.62075617
   14   1   0       0.35891789
   14   2   1       0.61943429
   15   1   0       0.34617666
   15   2   1       0.56939214
   16   1   0       0.27776970
   16   2   1       0.46885848
   17   1   0       0.34871980
   17   2   1       0.58752747
   18   1   0       0.35982681
   18   2   1       0.60123632
   19   1   0       0.36510276
   19   2   1       0.61020371
   20   1   0       0.36103944
   20   2   1       0.60009794
   21   1   0       1.49820566
   21   2   1       2.78799203
   21   3   2       0.37359113
   22   1   0       1.49364778
   22   2   1       2.77504388
   22   3   2       0.37934561
   23   1   0       1.49305008
   23   2   1       2.77578586
   23   3   2       0.38368931
   24   1   0       1.50767340
   24   2   1       2.80818710
   24   3   2       0.37221900
   25   1   0       1.85215401
   25   2   1       4.16933517
   25   3   2       0.04183459
   26   1   0       1.85077872
   26   2   1       4.15800021
   26   3   2       0.04730645
   27   1   0       1.84878866
   27   2   1       4.13466066
   27   3   2       0.04496177
   28   1   0       1.84979881
   28   2   1       4.19282052
   28   3   2       0.04267053
   29   1   0       1.86417614
   29   2   1       4.21847052
   29   3   2       0.04295653
   30   1   0       1.84654757
   30   2   1       4.20931467
   30   3   2       0.03852399
   31   1   0       1.84909054
   31   2   1       4.13912873
   31   3   2       0.04510586
   32   1   0       1.84784459
   32   2   1       4.20102697
   32   3   2       0.04784091
   33   1   0       1.84619229
   33   2   1       4.16216671
   33   3   2       0.04609250
   34   1   0       1.84785990
   34   2   1       4.22330379
   34   3   2       0.04068827
   35   1   0       1.84140306
   35   2   1       4.22702296
   35   3   2       0.03871586
   36   1   0       1.85005284
   36   2   1       4.15885870
   36   3   2       0.04815211
   37   1   0       1.85465336
   37   2   1       4.19493809
   37   3   2       0.04683206
   38   1   0       1.84997588
   38   2   1       4.20120931
   38   3   2       0.05717382
   39   1   0       1.86097441
   39   2   1       4.18019685
   39   3   2       0.06046398
   40   1   0       1.85537279
   40   2   1       4.15368910
   40   3   2       0.04054271
   41   1   0       1.94250769
   41   2   1       5.19975603
   41   3   2       0.00370233
   42   1   0       1.94430495
   42   2   1       5.19188877
   42   3   2      -0.00887968
   43   1   0       1.94512616
   43   2   1       5.18778726
   43   3   2      -0.00460354
   44   1   0       1.94525170
   44   2   1       5.21178846
   44   3   2       0.00988056
   45   1   0       1.94536023
   45   2   1       5.17800887
   45   3   2       0.00022994
   46   1   0       1.94442516
   46   2   1       5.19394650
   46   3   2      -0.00431766
   47   1   0       1.94226088
   47   2   1       5.18253567
   47   3   2      -0.01063190
   48   1   0       1.94228980
   48   2   1       5.18825600
   48   3   2      -0.00330517

Orbital populations (up)
 Atom Sh.   l   m       Population  Label
    1   1   0   0       0.37652675  s
    1   2   1  -1       0.21234057  p_y
    1   2   1   0       0.20696468  p_z
    1   2   1   1       0.21774691  p_x
    2   1   0   0       0.37199516  s
    2   2   1  -1       0.17512501  p_y
    2   2   1   0       0.23511716  p_z
    2   2   1   1       0.20768191  p_x
    3   1   0   0       0.35879936  s
    3   2   1  -1       0.20720481  p_y
    3   2   1   0       0.19936355  p_z
    3   2   1   1       0.20613047  p_x
    4   1   0   0       0.36150676  s
    4   2   1  -1       0.22365729  p_y
    4   2   1   0       0.17289733  p_z
    4   2   1   1       0.21417131  p_x
    5   1   0   0       0.36131238  s
    5   2   1  -1       0.19802193  p_y
    5   2   1   0       0.19955009  p_z
    5   2   1   1       0.21474633  p_x
    6   1   0   0       0.35913359  s
    6   2   1  -1       0.18587955  p_y
    6   2   1   0       0.22509796  p_z
    6   2   1   1       0.19879791  p_x
    7   1   0   0       0.35460393  s
    7   2   1  -1       0.20974611  p_y
    7   2   1   0       0.22411395  p_z
    7   2   1   1       0.16797764  p_x
    8   1   0   0       0.32826427  s
    8   2   1  -1       0.16973464  p_y
    8   2   1   0       0.20183641  p_z
    8   2   1   1       0.20589801  p_x
    9   1   0   0       0.36746115  s
    9   2   1  -1       0.20870976  p_y
    9   2   1   0       0.19079972  p_z
    9   2   1   1       0.21006461  p_x
   10   1   0   0       0.31488258  s
   10   2   1  -1       0.19404858  p_y
   10   2   1   0       0.16440111  p_z
   10   2   1   1       0.18013807  p_x
   11   1   0   0       0.36676441  s
   11   2   1  -1       0.20642231  p_y
   11   2   1   0       0.19084376  p_z
   11   2   1   1       0.19184806  p_x
   12   1   0   0       0.37050545  s
   12   2   1  -1       0.21379916  p_y
   12   2   1   0       0.20512297  p_z
   12   2   1   1       0.20200843  p_x
   13   1   0   0       0.38950827  s
   13   2   1  -1       0.16420215  p_y
   13   2   1   0       0.21509244  p_z
   13   2   1   1       0.24146158  p_x
   14   1   0   0       0.35891789  s
   14   2   1  -1       0.18972580  p_y
   14   2   1   0       0.20976951  p_z
   14   2   1   1       0.21993898  p_x
   15   1   0   0       0.34617666  s
   15   2   1  -1       0.18684316  p_y
   15   2   1   0       0.19882245  p_z
   15   2   1   1       0.18372652  p_x
   16   1   0   0       0.27776970  s
   16   2   1  -1       0.08005200  p_y
   16   2   1   0       0.16689493  p_z
   16   2   1   1       0.22191156  p_x
   17   1   0   0       0.34871980  s
   17   2   1  -1       0.18069073  p_y
   17   2   1   0       0.21028173  p_z
   17   2   1   1       0.19655500  p_x
   18   1   0   0       0.35982681  s
   18   2   1  -1       0.21661499  p_y
   18   2   1   0       0.16769180  p_z
   18   2   1   1       0.21692954  p_x
   19   1   0   0       0.36510276  s
   19   2   1  -1       0.21614030  p_y
   19   2   1   0       0.18592746  p_z
   19   2   1   1       0.20813596  p_x
   20   1   0   0       0.36103944  s
   20   2   1  -1       0.23480596  p_y
   20   2   1   0       0.19799857  p_z
   20   2   1   1       0.16729341  p_x
   21   1   0   0       1.49820566  s
   21   2   1  -1       0.92557430  p_y
   21   2   1   0       0.94197297  p_z
   21   2   1   1       0.92044476  p_x
   21   3   2  -2       0.08273683  d_xy
   21   3   2  -1       0.07024645  d_yz
   21   3   2   0       0.07500008  d_z2
   21   3   2   1       0.07454229  d_xz
   21   3   2   2       0.07106549  d_x2-y2
   22   1   0   0       1.49364778  s
   22   2   1  -1       0.91586439  p_y
   22   2   1   0       0.92569469  p_z
   22   2   1   1       0.93348480  p_x
   22   3   2  -2       0.07664864  d_xy
   22   3   2  -1       0.08234471  d_yz
   22   3   2   0       0.07323101  d_z2
   22   3   2   1       0.07048937  d_xz
   22   3   2   2       0.07663188  d_x2-y2
   23   1   0   0       1.49305008  s
   23   2   1  -1       0.93613182  p_y
   23   2   1   0       0.92313483  p_z
   23   2   1   1       0.91651920  p_x
   23   3   2  -2       0.07325645  d_xy
   23   3   2  -1       0.07228411  d_yz
   23   3   2   0       0.06973643  d_z2
   23   3   2   1       0.08804951  d_xz
   23   3   2   2       0.08036281  d_x2-y2
   24   1   0   0       1.50767340  s
   24   2   1  -1       0.94573603  p_y
   24   2   1   0       0.92869224  p_z
   24   2   1   1       0.93375883  p_x
   24   3   2  -2       0.07234856  d_xy
   24   3   2  -1       0.07451869  d_yz
   24   3   2   0       0.07211496  d_z2
   24   3   2   1       0.07991548  d_xz
   24   3   2   2       0.07332131  d_x2-y2
   25   1   0   0       1.85215401  s
   25   2   1  -1       1.36712162  p_y
   25   2   1   0       1.45718973  p_z
   25   2   1   1       1.34502382  p_x
   25   3   2  -2       0.00287154  d_xy
   25   3   2  -1       0.00927874  d_yz
   25   3   2   0       0.01239751  d_z2
   25   3   2   1       0.00826718  d_xz
   25   3   2   2       0.00901962  d_x2-y2
   26   1   0   0       1.85077872  s
   26   2   1  -1       1.40953545  p_y
   26   2   1   0       1.40396779  p_z
   26   2   1   1       1.34449697  p_x
   26   3   2  -2       0.00965523  d_xy
   26   3   2  -1       0.00625725  d_yz
   26   3   2   0       0.01016313  d_z2
   26   3   2   1       0.00950541  d_xz
   26   3   2   2       0.01172543  d_x2-y2
   27   1   0   0       1.84878866  s
   27   2   1  -1       1.36881567  p_y
   27   2   1   0       1.39144485  p_z
   27   2   1   1       1.37440014  p_x
   27   3   2  -2       0.00814703  d_xy
   27   3   2  -1       0.00908211  d_yz
   27   3   2   0       0.01058276  d_z2
   27   3   2   1       0.00583534  d_xz
   27   3   2   2       0.01131453  d_x2-y2
   28   1   0   0       1.84979881  s
   28   2   1  -1       1.39316471  p_y
   28   2   1   0       1.45560481  p_z
   28   2   1   1       1.34405100  p_x
   28   3   2  -2       0.00639141  d_xy
   28   3   2  -1       0.00850700  d_yz
   28   3   2   0       0.01060727  d_z2
   28   3   2   1       0.00590308  d_xz
   28   3   2   2       0.01126178  d_x2-y2
   29   1   0   0       1.86417614  s
   29   2   1  -1       1.35957800  p_y
   29   2   1   0       1.45832206  p_z
   29   2   1   1       1.40057046  p_x
   29   3   2  -2       0.00437427  d_xy
   29   3   2  -1       0.00773045  d_yz
   29   3   2   0       0.01052697  d_z2
   29   3   2   1       0.01034001  d_xz
   29   3   2   2       0.00998483  d_x2-y2
   30   1   0   0       1.84654757  s
   30   2   1  -1       1.34950862  p_y
   30   2   1   0       1.44780488  p_z
   30   2   1   1       1.41200116  p_x
   30   3   2  -2       0.00310805  d_xy
   30   3   2  -1       0.00814743  d_yz
   30   3   2   0       0.01106239  d_z2
   30   3   2   1       0.00794389  d_xz
   30   3   2   2       0.00826223  d_x2-y2
   31   1   0   0       1.84909054  s
   31   2   1  -1       1.37896162  p_y
   31   2   1   0       1.38738101  p_z
   31   2   1   1       1.37278610  p_x
   31   3   2  -2       0.00919921  d_xy
   31   3   2  -1       0.00569519  d_yz
   31   3   2   0       0.01108275  d_z2
   31   3   2   1       0.00817774  d_xz
   31   3   2   2       0.01095096  d_x2-y2
   32   1   0   0       1.84784459  s
   32   2   1  -1       1.43174704  p_y
   32   2   1   0       1.35303375  p_z
   32   2   1   1       1.41624618  p_x
   32   3   2  -2       0.01366871  d_xy
   32   3   2  -1       0.00606565  d_yz
   32   3   2   0       0.00959393  d_z2
   32   3   2   1       0.00607995  d_xz
   32   3   2   2       0.01243267  d_x2-y2
   33   1   0   0       1.84619229  s
   33   2   1  -1       1.52578038  p_y
   33   2   1   0       1.27229730  p_z
   33   2   1   1       1.36408904  p_x
   33   3   2  -2       0.00880175  d_xy
   33   3   2  -1       0.00762413  d_yz
   33   3   2   0       0.01174682  d_z2
   33   3   2   1       0.00576450  d_xz
   33   3   2   2       0.01215531  d_x2-y2
   34   1   0   0       1.84785990  s
   34   2   1  -1       1.35667863  p_y
   34   2   1   0       1.34272493  p_z
   34   2   1   1       1.52390023  p_x
   34   3   2  -2       0.01149748  d_xy
   34   3   2  -1       0.00545590  d_yz
   34   3   2   0       0.00964882  d_z2
   34   3   2   1       0.00421167  d_xz
   34   3   2   2       0.00987440  d_x2-y2
   35   1   0   0       1.84140306  s
   35   2   1  -1       1.49447041  p_y
   35   2   1   0       1.36278757  p_z
   35   2   1   1       1.36976497  p_x
   35   3   2  -2       0.00977808  d_xy
   35   3   2  -1       0.00790661  d_yz
   35   3   2   0       0.00796113  d_z2
   35   3   2   1       0.00183274  d_xz
   35   3   2   2       0.01123731  d_x2-y2
   36   1   0   0       1.85005284  s
   36   2   1  -1       1.35479982  p_y
   36   2   1   0       1.48471661  p_z
   36   2   1   1       1.31934227  p_x
   36   3   2  -2       0.00538721  d_xy
   36   3   2  -1       0.00735538  d_yz
   36   3   2   0       0.01164239  d_z2
   36   3   2   1       0.01328862  d_xz
   36   3   2   2       0.01047852  d_x2-y2
   37   1   0   0       1.85465336  s
   37   2   1  -1       1.28353585  p_y
   37   2   1   0       1.46073188  p_z
   37   2   1   1       1.45067036  p_x
   37   3   2  -2       0.00568185  d_xy
   37   3   2  -1       0.00681983  d_yz
   37   3   2   0       0.01103555  d_z2
   37   3   2   1       0.01214006  d_xz
   37   3   2   2       0.01115477  d_x2-y2
   38   1   0   0       1.84997588  s
   38   2   1  -1       1.36889334  p_y
   38   2   1   0       1.42071255  p_z
   38   2   1   1       1.41160342  p_x
   38   3   2  -2       0.00694121  d_xy
   38   3   2  -1       0.01119536  d_yz
   38   3   2   0       0.01516026  d_z2
   38   3   2   1       0.00935069  d_xz
   38   3   2   2       0.01452629  d_x2-y2
   39   1   0   0       1.86097441  s
   39   2   1  -1       1.39325371  p_y
   39   2   1   0       1.32008593  p_z
   39   2   1   1       1.46685721  p_x
   39   3   2  -2       0.01111746  d_xy
   39   3   2  -1       0.01360729  d_yz
   39   3   2   0       0.01255483  d_z2
   39   3   2   1       0.00898837  d_xz
   39   3   2   2       0.01419603  d_x2-y2
   40   1   0   0       1.85537279  s
   40   2   1  -1       1.45206705  p_y
   40   2   1   0       1.38131350  p_z
   40   2   1   1       1.32030855  p_x
   40   3   2  -2       0.00753427  d_xy
   40   3   2  -1       0.00612079  d_yz
   40   3   2   0       0.01024860  d_z2
   40   3   2   1       0.00658622  d_xz
   40   3   2   2       0.01005283  d_x2-y2
   41   1   0   0       1.94250769  s
   41   2   1  -1       1.74036982  p_y
   41   2   1   0       1.71768123  p_z
   41   2   1   1       1.74170498  p_x
   41   3   2  -2       0.00401562  d_xy
   41   3   2  -1      -0.00064449  d_yz
   41   3   2   0      -0.00326711  d_z2
   41   3   2   1       0.00122782  d_xz
   41   3   2   2       0.00237050  d_x2-y2
   42   1   0   0       1.94430495  s
   42   2   1  -1       1.75658922  p_y
   42   2   1   0       1.71761469  p_z
   42   2   1   1       1.71768486  p_x
   42   3   2  -2       0.00164977  d_xy
   42   3   2  -1       0.00391401  d_yz
   42   3   2   0      -0.01104998  d_z2
   42   3   2   1      -0.00114333  d_xz
   42   3   2   2      -0.00225016  d_x2-y2
   43   1   0   0       1.94512616  s
   43   2   1  -1       1.74983617  p_y
   43   2   1   0       1.74135865  p_z
   43   2   1   1       1.69659244  p_x
   43   3   2  -2      -0.00875215  d_xy
   43   3   2  -1       0.00517636  d_yz
   43   3   2   0       0.00168638  d_z2
   43   3   2   1      -0.00163572  d_xz
   43   3   2   2      -0.00107841  d_x2-y2
   44   1   0   0       1.94525170  s
   44   2   1  -1       1.73120633  p_y
   44   2   1   0       1.74952286  p_z
   44   2   1   1       1.73105927  p_x
   44   3   2  -2      -0.00191104  d_xy
   44   3   2  -1       0.00290702  d_yz
   44   3   2   0       0.00287405  d_z2
   44   3   2   1       0.00319891  d_xz
   44   3   2   2       0.00281162  d_x2-y2
   45   1   0   0       1.94536023  s
   45   2   1  -1       1.73856004  p_y
   45   2   1   0       1.74748275  p_z
   45   2   1   1       1.69196609  p_x
   45   3   2  -2      -0.00192301  d_xy
   45   3   2  -1       0.00278241  d_yz
   45   3   2   0       0.00033334  d_z2
   45   3   2   1      -0.00154974  d_xz
   45   3   2   2       0.00058693  d_x2-y2
   46   1   0   0       1.94442516  s
   46   2   1  -1       1.73415730  p_y
   46   2   1   0       1.72407195  p_z
   46   2   1   1       1.73571726  p_x
   46   3   2  -2       0.00382694  d_xy
   46   3   2  -1      -0.00600410  d_yz
   46   3   2   0      -0.00038185  d_z2
   46   3   2   1      -0.00071065  d_xz
   46   3   2   2      -0.00104800  d_x2-y2
   47   1   0   0       1.94226088  s
   47   2   1  -1       1.73412950  p_y
   47   2   1   0       1.72705030  p_z
   47   2   1   1       1.72135587  p_x
   47   3   2  -2       0.00153612  d_xy
   47   3   2  -1      -0.00151422  d_yz
   47   3   2   0      -0.00650541  d_z2
   47   3   2   1       0.00097095  d_xz
   47   3   2   2      -0.00511935  d_x2-y2
   48   1   0   0       1.94228980  s
   48   2   1  -1       1.74542544  p_y
   48   2   1   0       1.71258062  p_z
   48   2   1   1       1.73024994  p_x
   48   3   2  -2       0.00294094  d_xy
   48   3   2  -1      -0.00011677  d_yz
   48   3   2   0      -0.01097112  d_z2
   48   3   2   1       0.00202379  d_xz
   48   3   2   2       0.00281799  d_x2-y2

Fermi level:                        -0.1392676784 H           -3.7897 eV
Band energy:                       -72.8098117857 H        -1981.2558 eV
TS:                                  0.0000000000 H            0.0000 eV
Band free energy (E-TS):           -72.8098117857 H        -1981.2558 eV
Extrapolated E(0K):                -72.8098117857 H        -1981.2558 eV
Input / Output electrons (q):    192.0000000000    192.0000000000

Energy H0:                         -74.8730698486 H        -2037.3999 eV
Energy SCC:                          0.0375057910 H            1.0206 eV
Total Electronic energy:           -74.8355640576 H        -2036.3793 eV
Repulsive energy:                    0.4492158369 H           12.2238 eV
Total energy:                      -74.3863482207 H        -2024.1555 eV
Extrapolated to 0:                 -74.3863482207 H        -2024.1555 eV
Total Mermin free energy:          -74.3863482207 H        -2024.1555 eV
Force related energy:              -74.3863482207 H        -2024.1555 eV

Atom resolved electronic energies 
    1     -0.31624616 H       -8.605496 eV
    2     -0.30146069 H       -8.203163 eV
    3     -0.29906883 H       -8.138077 eV
    4     -0.29953446 H       -8.150747 eV
    5     -0.30152346 H       -8.204871 eV
    6     -0.29819898 H       -8.114407 eV
    7     -0.29190151 H       -7.943044 eV
    8     -0.27826550 H       -7.571989 eV
    9     -0.30028105 H       -8.171063 eV
   10     -0.25839825 H       -7.031374 eV
   11     -0.29479583 H       -8.021803 eV
   12     -0.30620492 H       -8.332260 eV
   13     -0.31135041 H       -8.472276 eV
   14     -0.29738136 H       -8.092159 eV
   15     -0.28032637 H       -7.628069 eV
   16     -0.21528367 H       -5.858167 eV
   17     -0.28503101 H       -7.756088 eV
   18     -0.29323130 H       -7.979230 eV
   19     -0.30203403 H       -8.218764 eV
   20     -0.29732855 H       -8.090722 eV
   21     -1.87421235 H      -50.999913 eV
   22     -1.87489002 H      -51.018353 eV
   23     -1.87541536 H      -51.032648 eV
   24     -1.88442758 H      -51.277884 eV
   25     -2.24680622 H      -61.138708 eV
   26     -2.24958670 H      -61.214369 eV
   27     -2.24464273 H      -61.079836 eV
   28     -2.25022191 H      -61.231654 eV
   29     -2.25469538 H      -61.353383 eV
   30     -2.24823448 H      -61.177573 eV
   31     -2.24667776 H      -61.135212 eV
   32     -2.24955614 H      -61.213537 eV
   33     -2.24450489 H      -61.076085 eV
   34     -2.25182460 H      -61.275265 eV
   35     -2.24576577 H      -61.110396 eV
   36     -2.24784552 H      -61.166989 eV
   37     -2.25128295 H      -61.260526 eV
   38     -2.25339156 H      -61.317904 eV
   39     -2.25746246 H      -61.428679 eV
   40     -2.24655885 H      -61.131977 eV
   41     -3.19010462 H      -86.807163 eV
   42     -3.18887836 H      -86.773795 eV
   43     -3.18803931 H      -86.750964 eV
   44     -3.19466046 H      -86.931134 eV
   45     -3.18632669 H      -86.704361 eV
   46     -3.18919298 H      -86.782356 eV
   47     -3.18447706 H      -86.654030 eV
   48     -3.18803498 H      -86.750846 eV

Atom resolved repulsive energies 
    1      0.00000000 H        0.000000 eV
    2      0.00000000 H        0.000000 eV
    3      0.00000000 H        0.000000 eV
    4      0.00000000 H        0.000000 eV
    5      0.00000000 H        0.000000 eV
    6      0.00000000 H        0.000000 eV
    7      0.00000000 H        0.000000 eV
    8      0.00000000 H        0.000000 eV
    9      0.00000000 H        0.000000 eV
   10      0.00000000 H        0.000000 eV
   11      0.00000000 H        0.000000 eV
   12      0.00000000 H        0.000000 eV
   13      0.00000000 H        0.000000 eV
   14      0.00000000 H        0.000000 eV
   15      0.00000000 H        0.000000 eV
   16      0.00000000 H        0.000000 eV
   17      0.00000000 H        0.000000 eV
   18      0.00000000 H        0.000000 eV
   19      0.00000000 H        0.000000 eV
   20      0.00000000 H        0.000000 eV
   21      0.05548015 H        1.509692 eV
   22      0.05604526 H        1.525069 eV
   23      0.05636483 H        1.533765 eV
   24      0.05671768 H        1.543367 eV
   25      0.01383472 H        0.376462 eV
   26      0.01372270 H        0.373414 eV
   27      0.01361067 H        0.370365 eV
   28      0.01431205 H        0.389451 eV
   29      0.01341192 H        0.364957 eV
   30      0.01455184 H        0.395976 eV
   31      0.01327452 H        0.361218 eV
   32      0.01480698 H        0.402918 eV
   33      0.01319737 H        0.359119 eV
   34      0.01505606 H        0.409696 eV
   35      0.01466000 H        0.398919 eV
   36      0.01345140 H        0.366031 eV
   37      0.01493007 H        0.406268 eV
   38      0.01448165 H        0.394066 eV
   39      0.01446212 H        0.393534 eV
   40      0.01284382 H        0.349498 eV
   41      0.00000000 H        0.000000 eV
   42      0.00000000 H        0.000000 eV
   43      0.00000000 H        0.000000 eV
   44      0.00000000 H        0.000000 eV
   45      0.00000000 H        0.000000 eV
   46      0.00000000 H        0.000000 eV
   47      0.00000000 H        0.000000 eV
   48      0.00000000 H        0.000000 eV

Atom resolved total energies 
    1     -0.31624616 H       -8.605496 eV
    2     -0.30146069 H       -8.203163 eV
    3     -0.29906883 H       -8.138077 eV
    4     -0.29953446 H       -8.150747 eV
    5     -0.30152346 H       -8.204871 eV
    6     -0.29819898 H       -8.114407 eV
    7     -0.29190151 H       -7.943044 eV
    8     -0.27826550 H       -7.571989 eV
    9     -0.30028105 H       -8.171063 eV
   10     -0.25839825 H       -7.031374 eV
   11     -0.29479583 H       -8.021803 eV
   12     -0.30620492 H       -8.332260 eV
   13     -0.31135041 H       -8.472276 eV
   14     -0.29738136 H       -8.092159 eV
   15     -0.28032637 H       -7.628069 eV
   16     -0.21528367 H       -5.858167 eV
   17     -0.28503101 H       -7.756088 eV
   18     -0.29323130 H       -7.979230 eV
   19     -0.30203403 H       -8.218764 eV
   20     -0.29732855 H       -8.090722 eV
   21     -1.81873221 H      -49.490221 eV
   22     -1.81884476 H      -49.493284 eV
   23     -1.81905053 H      -49.498883 eV
   24     -1.82770991 H      -49.734517 eV
   25     -2.23297150 H      -60.762246 eV
   26     -2.23586401 H      -60.840955 eV
   27     -2.23103206 H      -60.709471 eV
   28     -2.23590986 H      -60.842203 eV
   29     -2.24128345 H      -60.988426 eV
   30     -2.23368264 H      -60.781597 eV
   31     -2.23340324 H      -60.773994 eV
   32     -2.23474916 H      -60.810619 eV
   33     -2.23130752 H      -60.716967 eV
   34     -2.23676854 H      -60.865569 eV
   35     -2.23110576 H      -60.711477 eV
   36     -2.23439412 H      -60.800958 eV
   37     -2.23635287 H      -60.854258 eV
   38     -2.23890990 H      -60.923838 eV
   39     -2.24300034 H      -61.035145 eV
   40     -2.23371502 H      -60.782478 eV
   41     -3.19010462 H      -86.807163 eV
   42     -3.18887836 H      -86.773795 eV
   43     -3.18803931 H      -86.750964 eV
   44     -3.19466046 H      -86.931134 eV
   45     -3.18632669 H      -86.704361 eV
   46     -3.18919298 H      -86.782356 eV
   47     -3.18447706 H      -86.654030 eV
   48     -3.18803498 H      -86.750846 eV

SCC converged

Total Forces
    1     -0.003134879531     -0.005147678269      0.007353053423
    2     -0.005115339722      0.007603809943     -0.001375285513
    3      0.003301767549     -0.004462039647     -0.013085451405
    4     -0.008108497574      0.003554485526      0.009204222449
    5     -0.003852082260      0.010755180727     -0.009425868918
    6      0.006336366560      0.003298679562      0.006673884857
    7     -0.007177687287     -0.004798789034      0.005934321427
    8      0.000099136574     -0.006320660035     -0.002370225952
    9      0.001260065341     -0.007938534407     -0.005440352989
   10      0.015273634705      0.001455368068     -0.000439805286
   11     -0.008897005750     -0.002835118397      0.002270031695
   12      0.003903634987      0.000875708211      0.009814293845
   13     -0.001387631035     -0.005540259303      0.003269824546
   14     -0.008850566206      0.005517772693     -0.004285049365
   15     -0.003600770221      0.002074679403     -0.001819055276
   16     -0.004311875927     -0.002203762370      0.011952458203
   17      0.001938918194      0.008964441594     -0.006281148821
   18     -0.001021432204     -0.003222091571     -0.007979608806
   19      0.008472034622      0.005357953653      0.006241843552
   20     -0.006614103434     -0.002111481957      0.003093638733
   21      0.005611278065     -0.000538648132     -0.002008674397
   22      0.009793309274      0.002616152106     -0.002652936979
   23     -0.003852910952     -0.000763158435     -0.003672166141
   24      0.005577156381      0.015159919930     -0.000762175297
   25      0.020433818370     -0.017056663920      0.012064831472
   26     -0.018239842987      0.021307653035      0.024127552232
   27     -0.019744110876     -0.019758307945     -0.019959174895
   28      0.017140152904      0.019942633793     -0.025307111971
   29      0.022490680448      0.013712030358     -0.008716255992
   30      0.029343652482     -0.019492374579      0.019501569684
   31     -0.020519524944     -0.019627623270     -0.020424613843
   32     -0.023003034410      0.010235682618      0.022542088718
   33     -0.016959305042      0.012748886607      0.020845371073
   34      0.009327492767      0.027050313694     -0.019493559065
   35     -0.015495141539     -0.018194659129     -0.019326374312
   36      0.016724519191     -0.023150513116      0.008588450552
   37      0.022273218721      0.015106510251     -0.007416179377
   38      0.005032871158     -0.023771753263      0.006296216525
   39     -0.021102446337     -0.013611328431     -0.008633937409
   40     -0.014631802794      0.022439109985      0.010307702938
   41      0.003756456872     -0.015077611218      0.000176211294
   42      0.012896223912      0.005363817856     -0.007392454553
   43     -0.000687841485      0.006986522974     -0.000553118383
   44      0.002292067035      0.010099599004      0.012302335290
   45      0.000815866418     -0.009252724121     -0.006332850695
   46     -0.001654541999     -0.000647828745      0.004110736426
   47     -0.000089117148      0.003203087768     -0.006374397106
   48     -0.006042830863     -0.009906390063      0.004857193812

Total stress tensor
     -0.000150747673      0.000005390794     -0.000002325347
      0.000005391179     -0.000128740886      0.000002985717
     -0.000002325208      0.000002985939     -0.000142770089

Total lattice derivs
      0.052740369443     -0.001886015494      0.000813542492
     -0.001886150479      0.045041105844     -0.001044578619
      0.000813493958     -0.001044656257      0.049949343119

Maximal derivative component:        0.293437E-01 au

Volume:                              0.654393E+04 au^3
Pressure:                           -0.140753E-03 au    -0.414109E+10 Pa

Warning: dipole moment is not defined absolutely!
Dipole moment:   -5.81491581   -0.15469361   -0.91808494 au
Dipole moment:  -14.78004293   -0.39319196   -2.33353935 Debye


