 Fermi distribution function

Calculation with static geometry


********************************************************************************
 iSCC Total electronic   Diff electronic      SCC error    
   21   -0.73297018E+02    0.28421709E-13    0.64710903E-10
********************************************************************************

 Total charge:     0.00000000

 Atomic gross charges (e)
 Atom           Charge
    1      -0.03247081
    2      -0.01617627
    3       0.02500003
    4       0.01293204
    5       0.00094119
    6       0.00281919
    7       0.02249612
    8       0.04438598
    9      -0.01179208
   10       0.07058395
   11       0.00618365
   12      -0.02742845
   13      -0.04285348
   14       0.02021681
   15       0.04052317
   16       0.04978279
   17       0.03453953
   18       0.00886628
   19      -0.01496046
   20       0.01498240
   21       0.22020600
   22       0.22439701
   23       0.22620891
   24       0.21620799
   25       0.00501099
   26       0.01652579
   27       0.04408922
   28      -0.00396078
   29      -0.00042185
   30      -0.02090927
   31       0.03670633
   32      -0.02508396
   33       0.01216498
   34      -0.04733585
   35      -0.04753971
   36       0.01729097
   37      -0.03665889
   38      -0.04151549
   39      -0.03881585
   40       0.02683684
   41      -0.11270927
   42      -0.13208627
   43      -0.12502329
   44      -0.12021679
   45      -0.13119124
   46      -0.13563683
   47      -0.10967800
   48      -0.12543326

Nr. of electrons (up):    192.00000000
Atom populations (up)
 Atom       Population
    1       1.03247081
    2       1.01617627
    3       0.97499997
    4       0.98706796
    5       0.99905881
    6       0.99718081
    7       0.97750388
    8       0.95561402
    9       1.01179208
   10       0.92941605
   11       0.99381635
   12       1.02742845
   13       1.04285348
   14       0.97978319
   15       0.95947683
   16       0.95021721
   17       0.96546047
   18       0.99113372
   19       1.01496046
   20       0.98501760
   21       4.77979400
   22       4.77560299
   23       4.77379109
   24       4.78379201
   25       5.99498901
   26       5.98347421
   27       5.95591078
   28       6.00396078
   29       6.00042185
   30       6.02090927
   31       5.96329367
   32       6.02508396
   33       5.98783502
   34       6.04733585
   35       6.04753971
   36       5.98270903
   37       6.03665889
   38       6.04151549
   39       6.03881585
   40       5.97316316
   41       7.11270927
   42       7.13208627
   43       7.12502329
   44       7.12021679
   45       7.13119124
   46       7.13563683
   47       7.10967800
   48       7.12543326

l-shell populations (up)
 Atom Sh.   l       Population
    1   1   0       0.37593835
    1   2   1       0.65653246
    2   1   0       0.37400306
    2   2   1       0.64217321
    3   1   0       0.35069527
    3   2   1       0.62430470
    4   1   0       0.36380452
    4   2   1       0.62326344
    5   1   0       0.36180455
    5   2   1       0.63725426
    6   1   0       0.36251858
    6   2   1       0.63466223
    7   1   0       0.35790247
    7   2   1       0.61960141
    8   1   0       0.34424172
    8   2   1       0.61137230
    9   1   0       0.37329508
    9   2   1       0.63849700
   10   1   0       0.33692174
   10   2   1       0.59249430
   11   1   0       0.37440699
   11   2   1       0.61940936
   12   1   0       0.37656101
   12   2   1       0.65086744
   13   1   0       0.39321527
   13   2   1       0.64963821
   14   1   0       0.34903882
   14   2   1       0.63074437
   15   1   0       0.35632354
   15   2   1       0.60315329
   16   1   0       0.34167635
   16   2   1       0.60854086
   17   1   0       0.35458090
   17   2   1       0.61087957
   18   1   0       0.36452717
   18   2   1       0.62660656
   19   1   0       0.37203051
   19   2   1       0.64292995
   20   1   0       0.36499928
   20   2   1       0.62001832
   21   1   0       1.52063772
   21   2   1       2.88255444
   21   3   2       0.37660184
   22   1   0       1.51790562
   22   2   1       2.87566888
   22   3   2       0.38202850
   23   1   0       1.51574666
   23   2   1       2.87046191
   23   3   2       0.38758252
   24   1   0       1.51827725
   24   2   1       2.88019602
   24   3   2       0.38531874
   25   1   0       1.86451449
   25   2   1       4.08180919
   25   3   2       0.04866533
   26   1   0       1.86223988
   26   2   1       4.06893804
   26   3   2       0.05229630
   27   1   0       1.85997919
   27   2   1       4.04550302
   27   3   2       0.05042857
   28   1   0       1.86152211
   28   2   1       4.09483961
   28   3   2       0.04759906
   29   1   0       1.86516525
   29   2   1       4.08287132
   29   3   2       0.05238527
   30   1   0       1.85932527
   30   2   1       4.11871367
   30   3   2       0.04287033
   31   1   0       1.86093624
   31   2   1       4.05237015
   31   3   2       0.04998728
   32   1   0       1.86047228
   32   2   1       4.11278618
   32   3   2       0.05182550
   33   1   0       1.85838925
   33   2   1       4.07607342
   33   3   2       0.05337235
   34   1   0       1.86051209
   34   2   1       4.14133608
   34   3   2       0.04548767
   35   1   0       1.85465962
   35   2   1       4.14728931
   35   3   2       0.04559078
   36   1   0       1.86173395
   36   2   1       4.06738818
   36   3   2       0.05358689
   37   1   0       1.86687729
   37   2   1       4.11986539
   37   3   2       0.04991621
   38   1   0       1.87082292
   38   2   1       4.11778329
   38   3   2       0.05290927
   39   1   0       1.87266560
   39   2   1       4.11033391
   39   3   2       0.05581634
   40   1   0       1.86491690
   40   2   1       4.06198851
   40   3   2       0.04625775
   41   1   0       1.94359291
   41   2   1       5.17701047
   41   3   2      -0.00789412
   42   1   0       1.94598730
   42   2   1       5.19631569
   42   3   2      -0.01021672
   43   1   0       1.94528614
   43   2   1       5.18795344
   43   3   2      -0.00821629
   44   1   0       1.94616311
   44   2   1       5.17835056
   44   3   2      -0.00429687
   45   1   0       1.94719130
   45   2   1       5.18597050
   45   3   2      -0.00197057
   46   1   0       1.94589500
   46   2   1       5.19536603
   46   3   2      -0.00562420
   47   1   0       1.94328925
   47   2   1       5.17977614
   47   3   2      -0.01338739
   48   1   0       1.94371387
   48   2   1       5.18906874
   48   3   2      -0.00734935

Orbital populations (up)
 Atom Sh.   l   m       Population  Label
    1   1   0   0       0.37593835  s
    1   2   1  -1       0.21589294  p_y
    1   2   1   0       0.21459351  p_z
    1   2   1   1       0.22604601  p_x
    2   1   0   0       0.37400306  s
    2   2   1  -1       0.17778946  p_y
    2   2   1   0       0.24534171  p_z
    2   2   1   1       0.21904204  p_x
    3   1   0   0       0.35069527  s
    3   2   1  -1       0.21458166  p_y
    3   2   1   0       0.20215499  p_z
    3   2   1   1       0.20756805  p_x
    4   1   0   0       0.36380452  s
    4   2   1  -1       0.22806401  p_y
    4   2   1   0       0.18001273  p_z
    4   2   1   1       0.21518670  p_x
    5   1   0   0       0.36180455  s
    5   2   1  -1       0.20934854  p_y
    5   2   1   0       0.20835321  p_z
    5   2   1   1       0.21955251  p_x
    6   1   0   0       0.36251858  s
    6   2   1  -1       0.19563152  p_y
    6   2   1   0       0.23744189  p_z
    6   2   1   1       0.20158883  p_x
    7   1   0   0       0.35790247  s
    7   2   1  -1       0.22103156  p_y
    7   2   1   0       0.23490194  p_z
    7   2   1   1       0.16366791  p_x
    8   1   0   0       0.34424172  s
    8   2   1  -1       0.17973196  p_y
    8   2   1   0       0.21871562  p_z
    8   2   1   1       0.21292472  p_x
    9   1   0   0       0.37329508  s
    9   2   1  -1       0.22469796  p_y
    9   2   1   0       0.19218370  p_z
    9   2   1   1       0.22161535  p_x
   10   1   0   0       0.33692174  s
   10   2   1  -1       0.21447083  p_y
   10   2   1   0       0.18485887  p_z
   10   2   1   1       0.19316461  p_x
   11   1   0   0       0.37440699  s
   11   2   1  -1       0.22036767  p_y
   11   2   1   0       0.19571835  p_z
   11   2   1   1       0.20332334  p_x
   12   1   0   0       0.37656101  s
   12   2   1  -1       0.22490243  p_y
   12   2   1   0       0.21759285  p_z
   12   2   1   1       0.20837216  p_x
   13   1   0   0       0.39321527  s
   13   2   1  -1       0.17134187  p_y
   13   2   1   0       0.22760863  p_z
   13   2   1   1       0.25068771  p_x
   14   1   0   0       0.34903882  s
   14   2   1  -1       0.19246240  p_y
   14   2   1   0       0.22017134  p_z
   14   2   1   1       0.21811063  p_x
   15   1   0   0       0.35632354  s
   15   2   1  -1       0.19522840  p_y
   15   2   1   0       0.21042706  p_z
   15   2   1   1       0.19749782  p_x
   16   1   0   0       0.34167635  s
   16   2   1  -1       0.20263474  p_y
   16   2   1   0       0.20332163  p_z
   16   2   1   1       0.20258449  p_x
   17   1   0   0       0.35458090  s
   17   2   1  -1       0.18644486  p_y
   17   2   1   0       0.21709510  p_z
   17   2   1   1       0.20733961  p_x
   18   1   0   0       0.36452717  s
   18   2   1  -1       0.22699447  p_y
   18   2   1   0       0.17316360  p_z
   18   2   1   1       0.22644849  p_x
   19   1   0   0       0.37203051  s
   19   2   1  -1       0.22987658  p_y
   19   2   1   0       0.19733628  p_z
   19   2   1   1       0.21571709  p_x
   20   1   0   0       0.36499928  s
   20   2   1  -1       0.23537737  p_y
   20   2   1   0       0.21158400  p_z
   20   2   1   1       0.17305695  p_x
   21   1   0   0       1.52063772  s
   21   2   1  -1       0.95665831  p_y
   21   2   1   0       0.97469284  p_z
   21   2   1   1       0.95120329  p_x
   21   3   2  -2       0.08375283  d_xy
   21   3   2  -1       0.07068073  d_yz
   21   3   2   0       0.07563462  d_z2
   21   3   2   1       0.07500243  d_xz
   21   3   2   2       0.07153124  d_x2-y2
   22   1   0   0       1.51790562  s
   22   2   1  -1       0.94986914  p_y
   22   2   1   0       0.96015488  p_z
   22   2   1   1       0.96564485  p_x
   22   3   2  -2       0.07861493  d_xy
   22   3   2  -1       0.08197931  d_yz
   22   3   2   0       0.07454489  d_z2
   22   3   2   1       0.07148118  d_xz
   22   3   2   2       0.07540819  d_x2-y2
   23   1   0   0       1.51574666  s
   23   2   1  -1       0.96784333  p_y
   23   2   1   0       0.95446870  p_z
   23   2   1   1       0.94814988  p_x
   23   3   2  -2       0.07386904  d_xy
   23   3   2  -1       0.07305683  d_yz
   23   3   2   0       0.07022694  d_z2
   23   3   2   1       0.08938212  d_xz
   23   3   2   2       0.08104758  d_x2-y2
   24   1   0   0       1.51827725  s
   24   2   1  -1       0.96921302  p_y
   24   2   1   0       0.95369054  p_z
   24   2   1   1       0.95729246  p_x
   24   3   2  -2       0.07239565  d_xy
   24   3   2  -1       0.08155657  d_yz
   24   3   2   0       0.07311895  d_z2
   24   3   2   1       0.08035444  d_xz
   24   3   2   2       0.07789313  d_x2-y2
   25   1   0   0       1.86451449  s
   25   2   1  -1       1.33728843  p_y
   25   2   1   0       1.43099532  p_z
   25   2   1   1       1.31352545  p_x
   25   3   2  -2       0.00564100  d_xy
   25   3   2  -1       0.01065153  d_yz
   25   3   2   0       0.01291058  d_z2
   25   3   2   1       0.00930192  d_xz
   25   3   2   2       0.01016030  d_x2-y2
   26   1   0   0       1.86223988  s
   26   2   1  -1       1.37783206  p_y
   26   2   1   0       1.37427983  p_z
   26   2   1   1       1.31682615  p_x
   26   3   2  -2       0.01106806  d_xy
   26   3   2  -1       0.00722134  d_yz
   26   3   2   0       0.01085825  d_z2
   26   3   2   1       0.01059982  d_xz
   26   3   2   2       0.01254883  d_x2-y2
   27   1   0   0       1.85997919  s
   27   2   1  -1       1.33751544  p_y
   27   2   1   0       1.36123213  p_z
   27   2   1   1       1.34675545  p_x
   27   3   2  -2       0.00992514  d_xy
   27   3   2  -1       0.00986024  d_yz
   27   3   2   0       0.01145118  d_z2
   27   3   2   1       0.00709938  d_xz
   27   3   2   2       0.01209263  d_x2-y2
   28   1   0   0       1.86152211  s
   28   2   1  -1       1.35989561  p_y
   28   2   1   0       1.42669781  p_z
   28   2   1   1       1.30824619  p_x
   28   3   2  -2       0.00845677  d_xy
   28   3   2  -1       0.00941710  d_yz
   28   3   2   0       0.01096724  d_z2
   28   3   2   1       0.00660516  d_xz
   28   3   2   2       0.01215280  d_x2-y2
   29   1   0   0       1.86516525  s
   29   2   1  -1       1.28913932  p_y
   29   2   1   0       1.44347396  p_z
   29   2   1   1       1.35025804  p_x
   29   3   2  -2       0.00566305  d_xy
   29   3   2  -1       0.01129493  d_yz
   29   3   2   0       0.01260616  d_z2
   29   3   2   1       0.01170838  d_xz
   29   3   2   2       0.01111275  d_x2-y2
   30   1   0   0       1.85932527  s
   30   2   1  -1       1.31605471  p_y
   30   2   1   0       1.41140637  p_z
   30   2   1   1       1.39125259  p_x
   30   3   2  -2       0.00460250  d_xy
   30   3   2  -1       0.00812618  d_yz
   30   3   2   0       0.01168657  d_z2
   30   3   2   1       0.00922559  d_xz
   30   3   2   2       0.00922949  d_x2-y2
   31   1   0   0       1.86093624  s
   31   2   1  -1       1.35036092  p_y
   31   2   1   0       1.36290129  p_z
   31   2   1   1       1.33910794  p_x
   31   3   2  -2       0.00937470  d_xy
   31   3   2  -1       0.00747276  d_yz
   31   3   2   0       0.01152288  d_z2
   31   3   2   1       0.00968178  d_xz
   31   3   2   2       0.01193517  d_x2-y2
   32   1   0   0       1.86047228  s
   32   2   1  -1       1.40008805  p_y
   32   2   1   0       1.32527827  p_z
   32   2   1   1       1.38741985  p_x
   32   3   2  -2       0.01487465  d_xy
   32   3   2  -1       0.00736424  d_yz
   32   3   2   0       0.01056017  d_z2
   32   3   2   1       0.00642286  d_xz
   32   3   2   2       0.01260359  d_x2-y2
   33   1   0   0       1.85838925  s
   33   2   1  -1       1.50473716  p_y
   33   2   1   0       1.23954648  p_z
   33   2   1   1       1.33178978  p_x
   33   3   2  -2       0.00957778  d_xy
   33   3   2  -1       0.00926749  d_yz
   33   3   2   0       0.01314409  d_z2
   33   3   2   1       0.00876165  d_xz
   33   3   2   2       0.01262133  d_x2-y2
   34   1   0   0       1.86051209  s
   34   2   1  -1       1.32879286  p_y
   34   2   1   0       1.31265505  p_z
   34   2   1   1       1.49988817  p_x
   34   3   2  -2       0.01227337  d_xy
   34   3   2  -1       0.00683857  d_yz
   34   3   2   0       0.01074382  d_z2
   34   3   2   1       0.00517214  d_xz
   34   3   2   2       0.01045977  d_x2-y2
   35   1   0   0       1.85465962  s
   35   2   1  -1       1.47437685  p_y
   35   2   1   0       1.33492646  p_z
   35   2   1   1       1.33798600  p_x
   35   3   2  -2       0.01088325  d_xy
   35   3   2  -1       0.00936398  d_yz
   35   3   2   0       0.00928424  d_z2
   35   3   2   1       0.00389397  d_xz
   35   3   2   2       0.01216533  d_x2-y2
   36   1   0   0       1.86173395  s
   36   2   1  -1       1.32127198  p_y
   36   2   1   0       1.46001597  p_z
   36   2   1   1       1.28610023  p_x
   36   3   2  -2       0.00675097  d_xy
   36   3   2  -1       0.00812893  d_yz
   36   3   2   0       0.01191810  d_z2
   36   3   2   1       0.01493616  d_xz
   36   3   2   2       0.01185273  d_x2-y2
   37   1   0   0       1.86687729  s
   37   2   1  -1       1.25686908  p_y
   37   2   1   0       1.43833535  p_z
   37   2   1   1       1.42466096  p_x
   37   3   2  -2       0.00708257  d_xy
   37   3   2  -1       0.00713436  d_yz
   37   3   2   0       0.01132259  d_z2
   37   3   2   1       0.01251766  d_xz
   37   3   2   2       0.01185904  d_x2-y2
   38   1   0   0       1.87082292  s
   38   2   1  -1       1.39660402  p_y
   38   2   1   0       1.34030788  p_z
   38   2   1   1       1.38087139  p_x
   38   3   2  -2       0.01189382  d_xy
   38   3   2  -1       0.00851426  d_yz
   38   3   2   0       0.01213863  d_z2
   38   3   2   1       0.00839132  d_xz
   38   3   2   2       0.01197125  d_x2-y2
   39   1   0   0       1.87266560  s
   39   2   1  -1       1.38254037  p_y
   39   2   1   0       1.30078362  p_z
   39   2   1   1       1.42700992  p_x
   39   3   2  -2       0.01090640  d_xy
   39   3   2  -1       0.01135114  d_yz
   39   3   2   0       0.01348060  d_z2
   39   3   2   1       0.00807050  d_xz
   39   3   2   2       0.01200770  d_x2-y2
   40   1   0   0       1.86491690  s
   40   2   1  -1       1.43248517  p_y
   40   2   1   0       1.34100350  p_z
   40   2   1   1       1.28849985  p_x
   40   3   2  -2       0.00960159  d_xy
   40   3   2  -1       0.00690404  d_yz
   40   3   2   0       0.01188271  d_z2
   40   3   2   1       0.00724014  d_xz
   40   3   2   2       0.01062927  d_x2-y2
   41   1   0   0       1.94359291  s
   41   2   1  -1       1.72863085  p_y
   41   2   1   0       1.72331150  p_z
   41   2   1   1       1.72506812  p_x
   41   3   2  -2       0.00115655  d_xy
   41   3   2  -1      -0.00068116  d_yz
   41   3   2   0      -0.00560298  d_z2
   41   3   2   1       0.00093719  d_xz
   41   3   2   2      -0.00370372  d_x2-y2
   42   1   0   0       1.94598730  s
   42   2   1  -1       1.75720524  p_y
   42   2   1   0       1.71939504  p_z
   42   2   1   1       1.71971540  p_x
   42   3   2  -2       0.00079117  d_xy
   42   3   2  -1       0.00371356  d_yz
   42   3   2   0      -0.01092022  d_z2
   42   3   2   1      -0.00163944  d_xz
   42   3   2   2      -0.00216179  d_x2-y2
   43   1   0   0       1.94528614  s
   43   2   1  -1       1.75918398  p_y
   43   2   1   0       1.73905441  p_z
   43   2   1   1       1.68971504  p_x
   43   3   2  -2      -0.00870992  d_xy
   43   3   2  -1       0.00499100  d_yz
   43   3   2   0       0.00009385  d_z2
   43   3   2   1      -0.00305187  d_xz
   43   3   2   2      -0.00153935  d_x2-y2
   44   1   0   0       1.94616311  s
   44   2   1  -1       1.70320687  p_y
   44   2   1   0       1.72580386  p_z
   44   2   1   1       1.74933982  p_x
   44   3   2  -2      -0.00208013  d_xy
   44   3   2  -1      -0.00293395  d_yz
   44   3   2   0      -0.00205413  d_z2
   44   3   2   1       0.00214262  d_xz
   44   3   2   2       0.00062872  d_x2-y2
   45   1   0   0       1.94719130  s
   45   2   1  -1       1.74292446  p_y
   45   2   1   0       1.75028591  p_z
   45   2   1   1       1.69276013  p_x
   45   3   2  -2      -0.00243938  d_xy
   45   3   2  -1       0.00266972  d_yz
   45   3   2   0      -0.00032703  d_z2
   45   3   2   1      -0.00176202  d_xz
   45   3   2   2      -0.00011187  d_x2-y2
   46   1   0   0       1.94589500  s
   46   2   1  -1       1.73338083  p_y
   46   2   1   0       1.72197430  p_z
   46   2   1   1       1.74001090  p_x
   46   3   2  -2       0.00365249  d_xy
   46   3   2  -1      -0.00585208  d_yz
   46   3   2   0      -0.00111880  d_z2
   46   3   2   1      -0.00093048  d_xz
   46   3   2   2      -0.00137532  d_x2-y2
   47   1   0   0       1.94328925  s
   47   2   1  -1       1.73256126  p_y
   47   2   1   0       1.72572036  p_z
   47   2   1   1       1.72149453  p_x
   47   3   2  -2       0.00072999  d_xy
   47   3   2  -1      -0.00245116  d_yz
   47   3   2   0      -0.00676857  d_z2
   47   3   2   1       0.00011146  d_xz
   47   3   2   2      -0.00500910  d_x2-y2
   48   1   0   0       1.94371387  s
   48   2   1  -1       1.74609384  p_y
   48   2   1   0       1.71143856  p_z
   48   2   1   1       1.73153634  p_x
   48   3   2  -2       0.00218882  d_xy
   48   3   2  -1      -0.00088569  d_yz
   48   3   2   0      -0.01103386  d_z2
   48   3   2   1       0.00065086  d_xz
   48   3   2   2       0.00173052  d_x2-y2

Fermi level:                        -0.1364436520 H           -3.7128 eV
Band energy:                       -72.9773062393 H        -1985.8135 eV
TS:                                  0.0000000000 H            0.0000 eV
Band free energy (E-TS):           -72.9773062393 H        -1985.8135 eV
Extrapolated E(0K):                -72.9773062393 H        -1985.8135 eV
Input / Output electrons (q):    192.0000000000    192.0000000000

Energy H0:                         -73.3253214705 H        -1995.2835 eV
Energy SCC:                          0.0283032534 H            0.7702 eV
Total Electronic energy:           -73.2970182171 H        -1994.5133 eV
Repulsive energy:                    0.0000000000 H            0.0000 eV
Total energy:                      -73.2970182171 H        -1994.5133 eV
Extrapolated to 0:                 -73.2970182171 H        -1994.5133 eV
Total Mermin free energy:          -73.2970182171 H        -1994.5133 eV
Force related energy:              -73.2970182171 H        -1994.5133 eV

Atom resolved electronic energies 
    1     -0.31039486 H       -8.446274 eV
    2     -0.29638858 H       -8.065144 eV
    3     -0.28687461 H       -7.806255 eV
    4     -0.28976039 H       -7.884781 eV
    5     -0.29651505 H       -8.068585 eV
    6     -0.29338799 H       -7.983493 eV
    7     -0.28408517 H       -7.730351 eV
    8     -0.27533960 H       -7.492372 eV
    9     -0.29604978 H       -8.055924 eV
   10     -0.26587655 H       -7.234869 eV
   11     -0.29208570 H       -7.948056 eV
   12     -0.30267555 H       -8.236221 eV
   13     -0.30711301 H       -8.356970 eV
   14     -0.28838671 H       -7.847402 eV
   15     -0.27860922 H       -7.581343 eV
   16     -0.27662450 H       -7.527336 eV
   17     -0.28028641 H       -7.626981 eV
   18     -0.28865303 H       -7.854649 eV
   19     -0.29931089 H       -8.144664 eV
   20     -0.28841613 H       -7.848202 eV
   21     -1.87261204 H      -50.956366 eV
   22     -1.87304152 H      -50.968053 eV
   23     -1.87278250 H      -50.961005 eV
   24     -1.87508276 H      -51.023598 eV
   25     -2.15489948 H      -58.637798 eV
   26     -2.15704135 H      -58.696081 eV
   27     -2.15231521 H      -58.567477 eV
   28     -2.15558046 H      -58.656329 eV
   29     -2.15708092 H      -58.697158 eV
   30     -2.15581811 H      -58.662796 eV
   31     -2.15418948 H      -58.618478 eV
   32     -2.15627258 H      -58.675162 eV
   33     -2.15313045 H      -58.589661 eV
   34     -2.16036820 H      -58.786610 eV
   35     -2.15510405 H      -58.643365 eV
   36     -2.15492294 H      -58.638437 eV
   37     -2.16052083 H      -58.790763 eV
   38     -2.16197370 H      -58.830298 eV
   39     -2.16278790 H      -58.852453 eV
   40     -2.15380672 H      -58.608063 eV
   41     -3.18490533 H      -86.665683 eV
   42     -3.19088876 H      -86.828501 eV
   43     -3.18720278 H      -86.728200 eV
   44     -3.18671966 H      -86.715054 eV
   45     -3.18880136 H      -86.771700 eV
   46     -3.19005337 H      -86.805769 eV
   47     -3.18405868 H      -86.642645 eV
   48     -3.18822334 H      -86.755971 eV

Atom resolved repulsive energies 
    1      0.00000000 H        0.000000 eV
    2      0.00000000 H        0.000000 eV
    3      0.00000000 H        0.000000 eV
    4      0.00000000 H        0.000000 eV
    5      0.00000000 H        0.000000 eV
    6      0.00000000 H        0.000000 eV
    7      0.00000000 H        0.000000 eV
    8      0.00000000 H        0.000000 eV
    9      0.00000000 H        0.000000 eV
   10      0.00000000 H        0.000000 eV
   11      0.00000000 H        0.000000 eV
   12      0.00000000 H        0.000000 eV
   13      0.00000000 H        0.000000 eV
   14      0.00000000 H        0.000000 eV
   15      0.00000000 H        0.000000 eV
   16      0.00000000 H        0.000000 eV
   17      0.00000000 H        0.000000 eV
   18      0.00000000 H        0.000000 eV
   19      0.00000000 H        0.000000 eV
   20      0.00000000 H        0.000000 eV
   21      0.00000000 H        0.000000 eV
   22      0.00000000 H        0.000000 eV
   23      0.00000000 H        0.000000 eV
   24      0.00000000 H        0.000000 eV
   25      0.00000000 H        0.000000 eV
   26      0.00000000 H        0.000000 eV
   27      0.00000000 H        0.000000 eV
   28      0.00000000 H        0.000000 eV
   29      0.00000000 H        0.000000 eV
   30      0.00000000 H        0.000000 eV
   31      0.00000000 H        0.000000 eV
   32      0.00000000 H        0.000000 eV
   33      0.00000000 H        0.000000 eV
   34      0.00000000 H        0.000000 eV
   35      0.00000000 H        0.000000 eV
   36      0.00000000 H        0.000000 eV
   37      0.00000000 H        0.000000 eV
   38      0.00000000 H        0.000000 eV
   39      0.00000000 H        0.000000 eV
   40      0.00000000 H        0.000000 eV
   41      0.00000000 H        0.000000 eV
   42      0.00000000 H        0.000000 eV
   43      0.00000000 H        0.000000 eV
   44      0.00000000 H        0.000000 eV
   45      0.00000000 H        0.000000 eV
   46      0.00000000 H        0.000000 eV
   47      0.00000000 H        0.000000 eV
   48      0.00000000 H        0.000000 eV

Atom resolved total energies 
    1     -0.31039486 H       -8.446274 eV
    2     -0.29638858 H       -8.065144 eV
    3     -0.28687461 H       -7.806255 eV
    4     -0.28976039 H       -7.884781 eV
    5     -0.29651505 H       -8.068585 eV
    6     -0.29338799 H       -7.983493 eV
    7     -0.28408517 H       -7.730351 eV
    8     -0.27533960 H       -7.492372 eV
    9     -0.29604978 H       -8.055924 eV
   10     -0.26587655 H       -7.234869 eV
   11     -0.29208570 H       -7.948056 eV
   12     -0.30267555 H       -8.236221 eV
   13     -0.30711301 H       -8.356970 eV
   14     -0.28838671 H       -7.847402 eV
   15     -0.27860922 H       -7.581343 eV
   16     -0.27662450 H       -7.527336 eV
   17     -0.28028641 H       -7.626981 eV
   18     -0.28865303 H       -7.854649 eV
   19     -0.29931089 H       -8.144664 eV
   20     -0.28841613 H       -7.848202 eV
   21     -1.87261204 H      -50.956366 eV
   22     -1.87304152 H      -50.968053 eV
   23     -1.87278250 H      -50.961005 eV
   24     -1.87508276 H      -51.023598 eV
   25     -2.15489948 H      -58.637798 eV
   26     -2.15704135 H      -58.696081 eV
   27     -2.15231521 H      -58.567477 eV
   28     -2.15558046 H      -58.656329 eV
   29     -2.15708092 H      -58.697158 eV
   30     -2.15581811 H      -58.662796 eV
   31     -2.15418948 H      -58.618478 eV
   32     -2.15627258 H      -58.675162 eV
   33     -2.15313045 H      -58.589661 eV
   34     -2.16036820 H      -58.786610 eV
   35     -2.15510405 H      -58.643365 eV
   36     -2.15492294 H      -58.638437 eV
   37     -2.16052083 H      -58.790763 eV
   38     -2.16197370 H      -58.830298 eV
   39     -2.16278790 H      -58.852453 eV
   40     -2.15380672 H      -58.608063 eV
   41     -3.18490533 H      -86.665683 eV
   42     -3.19088876 H      -86.828501 eV
   43     -3.18720278 H      -86.728200 eV
   44     -3.18671966 H      -86.715054 eV
   45     -3.18880136 H      -86.771700 eV
   46     -3.19005337 H      -86.805769 eV
   47     -3.18405868 H      -86.642645 eV
   48     -3.18822334 H      -86.755971 eV

SCC converged

Total Forces
    1     -0.002269183668     -0.005440394177      0.006087648620
    2     -0.005343166718      0.007714084106     -0.000420307754
    3      0.009976246492     -0.006388964329     -0.008530116575
    4     -0.003093538625      0.006603196268      0.007801414639
    5     -0.004472949602      0.011153047400     -0.009535555227
    6      0.007282119572      0.003361231698      0.006296399565
    7     -0.009224886385     -0.003597860281      0.006074432873
    8     -0.002451301599     -0.009422759596      0.002904873130
    9      0.000515772953     -0.008185349478     -0.007336540448
   10      0.007347607661      0.007159059335      0.007823251031
   11     -0.008508180966     -0.002854046165      0.003434735060
   12      0.004478470878      0.000949111447      0.010938793461
   13     -0.001258106835     -0.005868676787      0.004438545631
   14     -0.006251636502      0.004953874057     -0.006840880118
   15      0.001023457155      0.001563800129     -0.003463765420
   16      0.009542803102     -0.005490519418     -0.006238785035
   17      0.001875594168      0.010172747134     -0.005846468768
   18     -0.000846260129     -0.003866049115     -0.008095588347
   19      0.007384276355      0.005097921816      0.006602863173
   20     -0.007169217240      0.002123242562     -0.000664499284
   21      0.006376448301     -0.000095841707     -0.001978097091
   22      0.001738862849      0.001562504972      0.008218866191
   23     -0.002914704360     -0.000042949972     -0.009891528432
   24      0.005691128198      0.002165446046     -0.003274004746
   25     -0.004509599733      0.010286943750     -0.013823215432
   26      0.010702089662     -0.003039239252      0.000581567870
   27      0.005576203504      0.005787665593      0.005699520118
   28     -0.012444792120     -0.009137792497     -0.001753088095
   29     -0.006035240075     -0.004971432228      0.015644291708
   30      0.003020042395      0.010829880589     -0.011079246970
   31      0.005606209731      0.004831104976      0.004230948347
   32      0.006863515674     -0.020284046563     -0.005638997363
   33      0.007225745997     -0.007009759142     -0.007663535229
   34     -0.016578501199     -0.006104851067      0.009939937832
   35      0.012118441851      0.011111601853      0.008066852676
   36     -0.012245343509      0.000021424226     -0.014641642395
   37     -0.001795793641     -0.017923524866      0.020028160284
   38     -0.023751602049     -0.000369059904     -0.012680570066
   39     -0.001967742714      0.022216680512      0.014183582510
   40      0.012110585604      0.006873264362     -0.012735616521
   41      0.010379227935     -0.013702890226      0.008108046402
   42      0.012177276832      0.005458016278     -0.005406158468
   43     -0.002022942829      0.005419991059     -0.000354417793
   44     -0.005467036466      0.002983745560      0.007677292109
   45      0.000226700727     -0.009140917621     -0.006508102160
   46     -0.002722622436     -0.000262923590      0.004896666378
   47      0.000731891463      0.003016648241     -0.009388589788
   48     -0.006626369655     -0.010216385988      0.004110627917

Total stress tensor
     -0.000297370028      0.000002119565     -0.000000623282
      0.000002119923     -0.000281653602      0.000003387753
     -0.000000623251      0.000003387882     -0.000284783180

Total lattice derivs
      0.106128613723     -0.000756453233      0.000222443652
     -0.000756580934      0.100519566679     -0.001209057712
      0.000222432494     -0.001209103750      0.101636484079

Maximal derivative component:        0.237516E-01 au

Volume:                              0.674222E+04 au^3
Pressure:                           -0.287936E-03 au    -0.847136E+10 Pa


