 Fermi distribution function

Calculation with static geometry


********************************************************************************
 iSCC Total electronic   Diff electronic      SCC error    
   21   -0.73172151E+02   -0.28421709E-13    0.68917316E-10
********************************************************************************

 Total charge:     0.00000000

 Atomic gross charges (e)
 Atom           Charge
    1      -0.00202413
    2       0.00990131
    3       0.05483020
    4       0.03994051
    5       0.02861429
    6       0.03575117
    7       0.05006635
    8       0.07902410
    9       0.02001493
   10       0.10033670
   11       0.03140438
   12      -0.00488486
   13      -0.01416288
   14       0.05223397
   15       0.06466811
   16       0.07622909
   17       0.06088791
   18       0.04263400
   19       0.01389492
   20       0.04209155
   21       0.20198148
   22       0.20569535
   23       0.20762374
   24       0.19585171
   25      -0.01112417
   26      -0.00123885
   27       0.02566379
   28      -0.01807942
   29      -0.01643147
   30      -0.03450655
   31       0.01844922
   32      -0.03846957
   33      -0.00462477
   34      -0.06090071
   35      -0.06178256
   36       0.00159824
   37      -0.04859712
   38      -0.05221377
   39      -0.04995721
   40       0.01142463
   41      -0.14468247
   42      -0.16547657
   43      -0.15786943
   44      -0.15228723
   45      -0.16511034
   46      -0.16816808
   47      -0.14110647
   48      -0.15711301

Nr. of electrons (up):    192.00000000
Atom populations (up)
 Atom       Population
    1       1.00202413
    2       0.99009869
    3       0.94516980
    4       0.96005949
    5       0.97138571
    6       0.96424883
    7       0.94993365
    8       0.92097590
    9       0.97998507
   10       0.89966330
   11       0.96859562
   12       1.00488486
   13       1.01416288
   14       0.94776603
   15       0.93533189
   16       0.92377091
   17       0.93911209
   18       0.95736600
   19       0.98610508
   20       0.95790845
   21       4.79801852
   22       4.79430465
   23       4.79237626
   24       4.80414829
   25       6.01112417
   26       6.00123885
   27       5.97433621
   28       6.01807942
   29       6.01643147
   30       6.03450655
   31       5.98155078
   32       6.03846957
   33       6.00462477
   34       6.06090071
   35       6.06178256
   36       5.99840176
   37       6.04859712
   38       6.05221377
   39       6.04995721
   40       5.98857537
   41       7.14468247
   42       7.16547657
   43       7.15786943
   44       7.15228723
   45       7.16511034
   46       7.16816808
   47       7.14110647
   48       7.15711301

l-shell populations (up)
 Atom Sh.   l       Population
    1   1   0       0.36191470
    1   2   1       0.64010943
    2   1   0       0.36341463
    2   2   1       0.62668406
    3   1   0       0.33724397
    3   2   1       0.60792583
    4   1   0       0.35190664
    4   2   1       0.60815285
    5   1   0       0.34926905
    5   2   1       0.62211666
    6   1   0       0.34750120
    6   2   1       0.61674763
    7   1   0       0.34587393
    7   2   1       0.60405973
    8   1   0       0.32968011
    8   2   1       0.59129580
    9   1   0       0.35719462
    9   2   1       0.62279046
   10   1   0       0.32305074
   10   2   1       0.57661256
   11   1   0       0.36068967
   11   2   1       0.60790594
   12   1   0       0.36793047
   12   2   1       0.63695439
   13   1   0       0.37857894
   13   2   1       0.63558394
   14   1   0       0.33530072
   14   2   1       0.61246530
   15   1   0       0.34473734
   15   2   1       0.59059455
   16   1   0       0.32961238
   16   2   1       0.59415853
   17   1   0       0.34083691
   17   2   1       0.59827519
   18   1   0       0.34807402
   18   2   1       0.60929198
   19   1   0       0.35764511
   19   2   1       0.62845997
   20   1   0       0.35366921
   20   2   1       0.60423924
   21   1   0       1.55108852
   21   2   1       2.89849678
   21   3   2       0.34843322
   22   1   0       1.54849324
   22   2   1       2.89224425
   22   3   2       0.35356715
   23   1   0       1.54642157
   23   2   1       2.88713233
   23   3   2       0.35882235
   24   1   0       1.54809772
   24   2   1       2.89788563
   24   3   2       0.35816494
   25   1   0       1.87745188
   25   2   1       4.08507004
   25   3   2       0.04860225
   26   1   0       1.87477580
   26   2   1       4.07537981
   26   3   2       0.05108324
   27   1   0       1.87234253
   27   2   1       4.05239252
   27   3   2       0.04960116
   28   1   0       1.87468595
   28   2   1       4.09642236
   28   3   2       0.04697112
   29   1   0       1.87785221
   29   2   1       4.08697620
   29   3   2       0.05160306
   30   1   0       1.87264671
   30   2   1       4.11998234
   30   3   2       0.04187750
   31   1   0       1.87328372
   31   2   1       4.05931326
   31   3   2       0.04895381
   32   1   0       1.87340918
   32   2   1       4.11508537
   32   3   2       0.04997502
   33   1   0       1.87092852
   33   2   1       4.08106687
   33   3   2       0.05262938
   34   1   0       1.87368600
   34   2   1       4.14295750
   34   3   2       0.04425722
   35   1   0       1.86837018
   35   2   1       4.14857798
   35   3   2       0.04483440
   36   1   0       1.87418204
   36   2   1       4.07180597
   36   3   2       0.05241375
   37   1   0       1.87961185
   37   2   1       4.12080548
   37   3   2       0.04817978
   38   1   0       1.88331371
   38   2   1       4.11786576
   38   3   2       0.05103430
   39   1   0       1.88489029
   39   2   1       4.11209231
   39   3   2       0.05297461
   40   1   0       1.87704482
   40   2   1       4.06603862
   40   3   2       0.04549194
   41   1   0       1.94781301
   41   2   1       5.20104506
   41   3   2      -0.00417560
   42   1   0       1.95031384
   42   2   1       5.22160211
   42   3   2      -0.00643938
   43   1   0       1.94973270
   43   2   1       5.21331625
   43   3   2      -0.00517953
   44   1   0       1.95048888
   44   2   1       5.20456566
   44   3   2      -0.00276731
   45   1   0       1.95164709
   45   2   1       5.21401946
   45   3   2      -0.00055621
   46   1   0       1.95028365
   46   2   1       5.22038454
   46   3   2      -0.00250010
   47   1   0       1.94751973
   47   2   1       5.20187746
   47   3   2      -0.00829072
   48   1   0       1.94811152
   48   2   1       5.21310538
   48   3   2      -0.00410390

Orbital populations (up)
 Atom Sh.   l   m       Population  Label
    1   1   0   0       0.36191470  s
    1   2   1  -1       0.21163106  p_y
    1   2   1   0       0.20969344  p_z
    1   2   1   1       0.21878494  p_x
    2   1   0   0       0.36341463  s
    2   2   1  -1       0.17311700  p_y
    2   2   1   0       0.24153267  p_z
    2   2   1   1       0.21203440  p_x
    3   1   0   0       0.33724397  s
    3   2   1  -1       0.20882998  p_y
    3   2   1   0       0.19717827  p_z
    3   2   1   1       0.20191758  p_x
    4   1   0   0       0.35190664  s
    4   2   1  -1       0.22343555  p_y
    4   2   1   0       0.17551881  p_z
    4   2   1   1       0.20919849  p_x
    5   1   0   0       0.34926905  s
    5   2   1  -1       0.20459603  p_y
    5   2   1   0       0.20198540  p_z
    5   2   1   1       0.21553523  p_x
    6   1   0   0       0.34750120  s
    6   2   1  -1       0.18901848  p_y
    6   2   1   0       0.23178143  p_z
    6   2   1   1       0.19594772  p_x
    7   1   0   0       0.34587393  s
    7   2   1  -1       0.21607643  p_y
    7   2   1   0       0.22883234  p_z
    7   2   1   1       0.15915095  p_x
    8   1   0   0       0.32968011  s
    8   2   1  -1       0.17349743  p_y
    8   2   1   0       0.21265917  p_z
    8   2   1   1       0.20513920  p_x
    9   1   0   0       0.35719462  s
    9   2   1  -1       0.21833165  p_y
    9   2   1   0       0.18845142  p_z
    9   2   1   1       0.21600739  p_x
   10   1   0   0       0.32305074  s
   10   2   1  -1       0.21041058  p_y
   10   2   1   0       0.17959400  p_z
   10   2   1   1       0.18660799  p_x
   11   1   0   0       0.36068967  s
   11   2   1  -1       0.21665558  p_y
   11   2   1   0       0.19297301  p_z
   11   2   1   1       0.19827735  p_x
   12   1   0   0       0.36793047  s
   12   2   1  -1       0.21875004  p_y
   12   2   1   0       0.21315890  p_z
   12   2   1   1       0.20504545  p_x
   13   1   0   0       0.37857894  s
   13   2   1  -1       0.16855085  p_y
   13   2   1   0       0.22199741  p_z
   13   2   1   1       0.24503568  p_x
   14   1   0   0       0.33530072  s
   14   2   1  -1       0.18720398  p_y
   14   2   1   0       0.21484745  p_z
   14   2   1   1       0.21041388  p_x
   15   1   0   0       0.34473734  s
   15   2   1  -1       0.18894393  p_y
   15   2   1   0       0.20490491  p_z
   15   2   1   1       0.19674571  p_x
   16   1   0   0       0.32961238  s
   16   2   1  -1       0.19666798  p_y
   16   2   1   0       0.19899081  p_z
   16   2   1   1       0.19849974  p_x
   17   1   0   0       0.34083691  s
   17   2   1  -1       0.18398058  p_y
   17   2   1   0       0.21031375  p_z
   17   2   1   1       0.20398085  p_x
   18   1   0   0       0.34807402  s
   18   2   1  -1       0.22091655  p_y
   18   2   1   0       0.16917006  p_z
   18   2   1   1       0.21920537  p_x
   19   1   0   0       0.35764511  s
   19   2   1  -1       0.22337119  p_y
   19   2   1   0       0.19527056  p_z
   19   2   1   1       0.20981822  p_x
   20   1   0   0       0.35366921  s
   20   2   1  -1       0.22999789  p_y
   20   2   1   0       0.20597008  p_z
   20   2   1   1       0.16827128  p_x
   21   1   0   0       1.55108852  s
   21   2   1  -1       0.96201510  p_y
   21   2   1   0       0.97999856  p_z
   21   2   1   1       0.95648312  p_x
   21   3   2  -2       0.07741570  d_xy
   21   3   2  -1       0.06535349  d_yz
   21   3   2   0       0.06977566  d_z2
   21   3   2   1       0.06937576  d_xz
   21   3   2   2       0.06651261  d_x2-y2
   22   1   0   0       1.54849324  s
   22   2   1  -1       0.95560637  p_y
   22   2   1   0       0.96565998  p_z
   22   2   1   1       0.97097790  p_x
   22   3   2  -2       0.07277141  d_xy
   22   3   2  -1       0.07576705  d_yz
   22   3   2   0       0.06899277  d_z2
   22   3   2   1       0.06618595  d_xz
   22   3   2   2       0.06984996  d_x2-y2
   23   1   0   0       1.54642157  s
   23   2   1  -1       0.97354155  p_y
   23   2   1   0       0.95987862  p_z
   23   2   1   1       0.95371216  p_x
   23   3   2  -2       0.06845308  d_xy
   23   3   2  -1       0.06764029  d_yz
   23   3   2   0       0.06522806  d_z2
   23   3   2   1       0.08265938  d_xz
   23   3   2   2       0.07484154  d_x2-y2
   24   1   0   0       1.54809772  s
   24   2   1  -1       0.97526718  p_y
   24   2   1   0       0.95991192  p_z
   24   2   1   1       0.96270653  p_x
   24   3   2  -2       0.06734793  d_xy
   24   3   2  -1       0.07555898  d_yz
   24   3   2   0       0.06821153  d_z2
   24   3   2   1       0.07456598  d_xz
   24   3   2   2       0.07248052  d_x2-y2
   25   1   0   0       1.87745188  s
   25   2   1  -1       1.33799084  p_y
   25   2   1   0       1.43157530  p_z
   25   2   1   1       1.31550390  p_x
   25   3   2  -2       0.00629630  d_xy
   25   3   2  -1       0.01041484  d_yz
   25   3   2   0       0.01247215  d_z2
   25   3   2   1       0.00909459  d_xz
   25   3   2   2       0.01032437  d_x2-y2
   26   1   0   0       1.87477580  s
   26   2   1  -1       1.38116254  p_y
   26   2   1   0       1.37818437  p_z
   26   2   1   1       1.31603291  p_x
   26   3   2  -2       0.01048180  d_xy
   26   3   2  -1       0.00720215  d_yz
   26   3   2   0       0.01079572  d_z2
   26   3   2   1       0.01020017  d_xz
   26   3   2   2       0.01240339  d_x2-y2
   27   1   0   0       1.87234253  s
   27   2   1  -1       1.33886567  p_y
   27   2   1   0       1.36436200  p_z
   27   2   1   1       1.34916485  p_x
   27   3   2  -2       0.00964208  d_xy
   27   3   2  -1       0.00948625  d_yz
   27   3   2   0       0.01133855  d_z2
   27   3   2   1       0.00725950  d_xz
   27   3   2   2       0.01187478  d_x2-y2
   28   1   0   0       1.87468595  s
   28   2   1  -1       1.35873499  p_y
   28   2   1   0       1.43204889  p_z
   28   2   1   1       1.30563847  p_x
   28   3   2  -2       0.00814019  d_xy
   28   3   2  -1       0.00930175  d_yz
   28   3   2   0       0.01071180  d_z2
   28   3   2   1       0.00667734  d_xz
   28   3   2   2       0.01214003  d_x2-y2
   29   1   0   0       1.87785221  s
   29   2   1  -1       1.28999214  p_y
   29   2   1   0       1.44468445  p_z
   29   2   1   1       1.35229961  p_x
   29   3   2  -2       0.00606886  d_xy
   29   3   2  -1       0.01108799  d_yz
   29   3   2   0       0.01204557  d_z2
   29   3   2   1       0.01111698  d_xz
   29   3   2   2       0.01128366  d_x2-y2
   30   1   0   0       1.87264671  s
   30   2   1  -1       1.31652211  p_y
   30   2   1   0       1.40630755  p_z
   30   2   1   1       1.39715268  p_x
   30   3   2  -2       0.00480265  d_xy
   30   3   2  -1       0.00734024  d_yz
   30   3   2   0       0.01131790  d_z2
   30   3   2   1       0.00904351  d_xz
   30   3   2   2       0.00937319  d_x2-y2
   31   1   0   0       1.87328372  s
   31   2   1  -1       1.35314192  p_y
   31   2   1   0       1.36599907  p_z
   31   2   1   1       1.34017226  p_x
   31   3   2  -2       0.00884240  d_xy
   31   3   2  -1       0.00747531  d_yz
   31   3   2   0       0.01128370  d_z2
   31   3   2   1       0.00950640  d_xz
   31   3   2   2       0.01184599  d_x2-y2
   32   1   0   0       1.87340918  s
   32   2   1  -1       1.39505328  p_y
   32   2   1   0       1.32847972  p_z
   32   2   1   1       1.39155237  p_x
   32   3   2  -2       0.01404543  d_xy
   32   3   2  -1       0.00680964  d_yz
   32   3   2   0       0.01056448  d_z2
   32   3   2   1       0.00639211  d_xz
   32   3   2   2       0.01216337  d_x2-y2
   33   1   0   0       1.87092852  s
   33   2   1  -1       1.51034350  p_y
   33   2   1   0       1.23894853  p_z
   33   2   1   1       1.33177484  p_x
   33   3   2  -2       0.00916675  d_xy
   33   3   2  -1       0.00926412  d_yz
   33   3   2   0       0.01308407  d_z2
   33   3   2   1       0.00914545  d_xz
   33   3   2   2       0.01196898  d_x2-y2
   34   1   0   0       1.87368600  s
   34   2   1  -1       1.33203925  p_y
   34   2   1   0       1.31260795  p_z
   34   2   1   1       1.49831029  p_x
   34   3   2  -2       0.01173017  d_xy
   34   3   2  -1       0.00668839  d_yz
   34   3   2   0       0.01083962  d_z2
   34   3   2   1       0.00486289  d_xz
   34   3   2   2       0.01013615  d_x2-y2
   35   1   0   0       1.86837018  s
   35   2   1  -1       1.47641056  p_y
   35   2   1   0       1.33601772  p_z
   35   2   1   1       1.33614971  p_x
   35   3   2  -2       0.01049151  d_xy
   35   3   2  -1       0.00913724  d_yz
   35   3   2   0       0.00952451  d_z2
   35   3   2   1       0.00381879  d_xz
   35   3   2   2       0.01186234  d_x2-y2
   36   1   0   0       1.87418204  s
   36   2   1  -1       1.32251008  p_y
   36   2   1   0       1.46377705  p_z
   36   2   1   1       1.28551884  p_x
   36   3   2  -2       0.00699694  d_xy
   36   3   2  -1       0.00797773  d_yz
   36   3   2   0       0.01134670  d_z2
   36   3   2   1       0.01411956  d_xz
   36   3   2   2       0.01197282  d_x2-y2
   37   1   0   0       1.87961185  s
   37   2   1  -1       1.25475915  p_y
   37   2   1   0       1.43593062  p_z
   37   2   1   1       1.43011571  p_x
   37   3   2  -2       0.00729230  d_xy
   37   3   2  -1       0.00651673  d_yz
   37   3   2   0       0.01085413  d_z2
   37   3   2   1       0.01181526  d_xz
   37   3   2   2       0.01170136  d_x2-y2
   38   1   0   0       1.88331371  s
   38   2   1  -1       1.40249006  p_y
   38   2   1   0       1.33939845  p_z
   38   2   1   1       1.37597725  p_x
   38   3   2  -2       0.01127260  d_xy
   38   3   2  -1       0.00826290  d_yz
   38   3   2   0       0.01200997  d_z2
   38   3   2   1       0.00794469  d_xz
   38   3   2   2       0.01154414  d_x2-y2
   39   1   0   0       1.88489029  s
   39   2   1  -1       1.37771262  p_y
   39   2   1   0       1.30076400  p_z
   39   2   1   1       1.43361568  p_x
   39   3   2  -2       0.01033585  d_xy
   39   3   2  -1       0.01024090  d_yz
   39   3   2   0       0.01309032  d_z2
   39   3   2   1       0.00787933  d_xz
   39   3   2   2       0.01142821  d_x2-y2
   40   1   0   0       1.87704482  s
   40   2   1  -1       1.44083491  p_y
   40   2   1   0       1.34204144  p_z
   40   2   1   1       1.28316227  p_x
   40   3   2  -2       0.00981915  d_xy
   40   3   2  -1       0.00694459  d_yz
   40   3   2   0       0.01168885  d_z2
   40   3   2   1       0.00680060  d_xz
   40   3   2   2       0.01023875  d_x2-y2
   41   1   0   0       1.94781301  s
   41   2   1  -1       1.73843161  p_y
   41   2   1   0       1.72981172  p_z
   41   2   1   1       1.73280173  p_x
   41   3   2  -2       0.00125011  d_xy
   41   3   2  -1      -0.00028726  d_yz
   41   3   2   0      -0.00356157  d_z2
   41   3   2   1       0.00104015  d_xz
   41   3   2   2      -0.00261702  d_x2-y2
   42   1   0   0       1.95031384  s
   42   2   1  -1       1.76762667  p_y
   42   2   1   0       1.72620485  p_z
   42   2   1   1       1.72777059  p_x
   42   3   2  -2       0.00095637  d_xy
   42   3   2  -1       0.00327227  d_yz
   42   3   2   0      -0.00761369  d_z2
   42   3   2   1      -0.00122460  d_xz
   42   3   2   2      -0.00182973  d_x2-y2
   43   1   0   0       1.94973270  s
   43   2   1  -1       1.76687561  p_y
   43   2   1   0       1.75027268  p_z
   43   2   1   1       1.69616797  p_x
   43   3   2  -2      -0.00594537  d_xy
   43   3   2  -1       0.00414284  d_yz
   43   3   2   0       0.00056102  d_z2
   43   3   2   1      -0.00317043  d_xz
   43   3   2   2      -0.00076759  d_x2-y2
   44   1   0   0       1.95048888  s
   44   2   1  -1       1.71098256  p_y
   44   2   1   0       1.73444082  p_z
   44   2   1   1       1.75914227  p_x
   44   3   2  -2      -0.00154183  d_xy
   44   3   2  -1      -0.00205474  d_yz
   44   3   2   0      -0.00152341  d_z2
   44   3   2   1       0.00161938  d_xz
   44   3   2   2       0.00073330  d_x2-y2
   45   1   0   0       1.95164709  s
   45   2   1  -1       1.75311652  p_y
   45   2   1   0       1.75972680  p_z
   45   2   1   1       1.70117614  p_x
   45   3   2  -2      -0.00193637  d_xy
   45   3   2  -1       0.00248124  d_yz
   45   3   2   0      -0.00004158  d_z2
   45   3   2   1      -0.00147107  d_xz
   45   3   2   2       0.00041156  d_x2-y2
   46   1   0   0       1.95028365  s
   46   2   1  -1       1.74184074  p_y
   46   2   1   0       1.73044790  p_z
   46   2   1   1       1.74809590  p_x
   46   3   2  -2       0.00304911  d_xy
   46   3   2  -1      -0.00407613  d_yz
   46   3   2   0      -0.00037839  d_z2
   46   3   2   1      -0.00080397  d_xz
   46   3   2   2      -0.00029073  d_x2-y2
   47   1   0   0       1.94751973  s
   47   2   1  -1       1.73867045  p_y
   47   2   1   0       1.73257523  p_z
   47   2   1   1       1.73063179  p_x
   47   3   2  -2       0.00055343  d_xy
   47   3   2  -1      -0.00111693  d_yz
   47   3   2   0      -0.00518794  d_z2
   47   3   2   1       0.00060116  d_xz
   47   3   2   2      -0.00314043  d_x2-y2
   48   1   0   0       1.94811152  s
   48   2   1  -1       1.75487768  p_y
   48   2   1   0       1.71717400  p_z
   48   2   1   1       1.74105371  p_x
   48   3   2  -2       0.00226305  d_xy
   48   3   2  -1      -0.00042294  d_yz
   48   3   2   0      -0.00793407  d_z2
   48   3   2   1       0.00064702  d_xz
   48   3   2   2       0.00134305  d_x2-y2

Fermi level:                        -0.1361224856 H           -3.7041 eV
Band energy:                       -71.5819163683 H        -1947.8430 eV
TS:                                  0.0000000000 H            0.0000 eV
Band free energy (E-TS):           -71.5819163683 H        -1947.8430 eV
Extrapolated E(0K):                -71.5819163683 H        -1947.8430 eV
Input / Output electrons (q):    192.0000000000    192.0000000000

Energy H0:                         -73.2020985767 H        -1991.9305 eV
Energy SCC:                          0.0299474229 H            0.8149 eV
Total Electronic energy:           -73.1721511538 H        -1991.1155 eV
Repulsive energy:                    0.0000000000 H            0.0000 eV
Total energy:                      -73.1721511538 H        -1991.1155 eV
Extrapolated to 0:                 -73.1721511538 H        -1991.1155 eV
Total Mermin free energy:          -73.1721511538 H        -1991.1155 eV
Force related energy:              -73.1721511538 H        -1991.1155 eV

Atom resolved electronic energies 
    1     -0.29769429 H       -8.100674 eV
    2     -0.28554539 H       -7.770086 eV
    3     -0.27485494 H       -7.479184 eV
    4     -0.27870470 H       -7.583941 eV
    5     -0.28518072 H       -7.760162 eV
    6     -0.28027368 H       -7.626635 eV
    7     -0.27310212 H       -7.431487 eV
    8     -0.26214066 H       -7.133210 eV
    9     -0.28335189 H       -7.710397 eV
   10     -0.25452491 H       -6.925975 eV
   11     -0.28191086 H       -7.671185 eV
   12     -0.29288585 H       -7.969829 eV
   13     -0.29540082 H       -8.038265 eV
   14     -0.27563266 H       -7.500346 eV
   15     -0.26901922 H       -7.320385 eV
   16     -0.26580372 H       -7.232887 eV
   17     -0.26963594 H       -7.337167 eV
   18     -0.27547883 H       -7.496160 eV
   19     -0.28758698 H       -7.825640 eV
   20     -0.27755376 H       -7.552622 eV
   21     -1.86684355 H      -50.799398 eV
   22     -1.86723447 H      -50.810035 eV
   23     -1.86692538 H      -50.801624 eV
   24     -1.86927045 H      -50.865437 eV
   25     -2.15848522 H      -58.735371 eV
   26     -2.16070692 H      -58.795827 eV
   27     -2.15634960 H      -58.677258 eV
   28     -2.15848488 H      -58.735362 eV
   29     -2.16054662 H      -58.791465 eV
   30     -2.15852070 H      -58.736337 eV
   31     -2.15802614 H      -58.722879 eV
   32     -2.15927118 H      -58.756758 eV
   33     -2.15704260 H      -58.696115 eV
   34     -2.16291783 H      -58.855989 eV
   35     -2.15808440 H      -58.724464 eV
   36     -2.15847314 H      -58.735043 eV
   37     -2.16283082 H      -58.853621 eV
   38     -2.16429212 H      -58.893385 eV
   39     -2.16482563 H      -58.907903 eV
   40     -2.15717031 H      -58.699591 eV
   41     -3.19481074 H      -86.935223 eV
   42     -3.20064505 H      -87.093983 eV
   43     -3.19717239 H      -86.999487 eV
   44     -3.19670189 H      -86.986684 eV
   45     -3.19879724 H      -87.043702 eV
   46     -3.19991127 H      -87.074016 eV
   47     -3.19382184 H      -86.908314 eV
   48     -3.19770685 H      -87.014030 eV

Atom resolved repulsive energies 
    1      0.00000000 H        0.000000 eV
    2      0.00000000 H        0.000000 eV
    3      0.00000000 H        0.000000 eV
    4      0.00000000 H        0.000000 eV
    5      0.00000000 H        0.000000 eV
    6      0.00000000 H        0.000000 eV
    7      0.00000000 H        0.000000 eV
    8      0.00000000 H        0.000000 eV
    9      0.00000000 H        0.000000 eV
   10      0.00000000 H        0.000000 eV
   11      0.00000000 H        0.000000 eV
   12      0.00000000 H        0.000000 eV
   13      0.00000000 H        0.000000 eV
   14      0.00000000 H        0.000000 eV
   15      0.00000000 H        0.000000 eV
   16      0.00000000 H        0.000000 eV
   17      0.00000000 H        0.000000 eV
   18      0.00000000 H        0.000000 eV
   19      0.00000000 H        0.000000 eV
   20      0.00000000 H        0.000000 eV
   21      0.00000000 H        0.000000 eV
   22      0.00000000 H        0.000000 eV
   23      0.00000000 H        0.000000 eV
   24      0.00000000 H        0.000000 eV
   25      0.00000000 H        0.000000 eV
   26      0.00000000 H        0.000000 eV
   27      0.00000000 H        0.000000 eV
   28      0.00000000 H        0.000000 eV
   29      0.00000000 H        0.000000 eV
   30      0.00000000 H        0.000000 eV
   31      0.00000000 H        0.000000 eV
   32      0.00000000 H        0.000000 eV
   33      0.00000000 H        0.000000 eV
   34      0.00000000 H        0.000000 eV
   35      0.00000000 H        0.000000 eV
   36      0.00000000 H        0.000000 eV
   37      0.00000000 H        0.000000 eV
   38      0.00000000 H        0.000000 eV
   39      0.00000000 H        0.000000 eV
   40      0.00000000 H        0.000000 eV
   41      0.00000000 H        0.000000 eV
   42      0.00000000 H        0.000000 eV
   43      0.00000000 H        0.000000 eV
   44      0.00000000 H        0.000000 eV
   45      0.00000000 H        0.000000 eV
   46      0.00000000 H        0.000000 eV
   47      0.00000000 H        0.000000 eV
   48      0.00000000 H        0.000000 eV

Atom resolved total energies 
    1     -0.29769429 H       -8.100674 eV
    2     -0.28554539 H       -7.770086 eV
    3     -0.27485494 H       -7.479184 eV
    4     -0.27870470 H       -7.583941 eV
    5     -0.28518072 H       -7.760162 eV
    6     -0.28027368 H       -7.626635 eV
    7     -0.27310212 H       -7.431487 eV
    8     -0.26214066 H       -7.133210 eV
    9     -0.28335189 H       -7.710397 eV
   10     -0.25452491 H       -6.925975 eV
   11     -0.28191086 H       -7.671185 eV
   12     -0.29288585 H       -7.969829 eV
   13     -0.29540082 H       -8.038265 eV
   14     -0.27563266 H       -7.500346 eV
   15     -0.26901922 H       -7.320385 eV
   16     -0.26580372 H       -7.232887 eV
   17     -0.26963594 H       -7.337167 eV
   18     -0.27547883 H       -7.496160 eV
   19     -0.28758698 H       -7.825640 eV
   20     -0.27755376 H       -7.552622 eV
   21     -1.86684355 H      -50.799398 eV
   22     -1.86723447 H      -50.810035 eV
   23     -1.86692538 H      -50.801624 eV
   24     -1.86927045 H      -50.865437 eV
   25     -2.15848522 H      -58.735371 eV
   26     -2.16070692 H      -58.795827 eV
   27     -2.15634960 H      -58.677258 eV
   28     -2.15848488 H      -58.735362 eV
   29     -2.16054662 H      -58.791465 eV
   30     -2.15852070 H      -58.736337 eV
   31     -2.15802614 H      -58.722879 eV
   32     -2.15927118 H      -58.756758 eV
   33     -2.15704260 H      -58.696115 eV
   34     -2.16291783 H      -58.855989 eV
   35     -2.15808440 H      -58.724464 eV
   36     -2.15847314 H      -58.735043 eV
   37     -2.16283082 H      -58.853621 eV
   38     -2.16429212 H      -58.893385 eV
   39     -2.16482563 H      -58.907903 eV
   40     -2.15717031 H      -58.699591 eV
   41     -3.19481074 H      -86.935223 eV
   42     -3.20064505 H      -87.093983 eV
   43     -3.19717239 H      -86.999487 eV
   44     -3.19670189 H      -86.986684 eV
   45     -3.19879724 H      -87.043702 eV
   46     -3.19991127 H      -87.074016 eV
   47     -3.19382184 H      -86.908314 eV
   48     -3.19770685 H      -87.014030 eV

SCC converged

Total Forces
    1     -0.002636058393     -0.005782350808      0.005943392877
    2     -0.005311398103      0.007512852007     -0.000952183168
    3      0.009904311002     -0.006425296141     -0.008989047828
    4     -0.002855665927      0.006297309581      0.007951950412
    5     -0.004744251458      0.011247781955     -0.009540313592
    6      0.007545130134      0.003122283776      0.006649407225
    7     -0.009117792892     -0.003897795757      0.006156951881
    8     -0.002354065393     -0.010029066271      0.003446273194
    9      0.000689721755     -0.008254080210     -0.007893614197
   10      0.007569033341      0.008039649800      0.008228740755
   11     -0.008283453908     -0.003066642621      0.004176992158
   12      0.004562309791      0.000701959957      0.010310170507
   13     -0.001419665307     -0.006442057682      0.003928994745
   14     -0.006451720118      0.005223404406     -0.006859422333
   15      0.001391804180      0.001728056821     -0.003817597815
   16      0.009911838484     -0.004945340144     -0.006502188749
   17      0.001342667680      0.010834449141     -0.005496995315
   18     -0.000676081140     -0.003712899509     -0.008822954034
   19      0.007118676680      0.005209808470      0.007469877898
   20     -0.007063631616      0.002182662827     -0.000863615924
   21      0.005939111835     -0.000170848509     -0.001979287735
   22      0.001526263059      0.001478146591      0.007406724217
   23     -0.002850407671     -0.000105364102     -0.009092813183
   24      0.005509535055      0.002143629393     -0.003077780645
   25     -0.004572845859      0.011017050374     -0.015092210296
   26      0.011194380340     -0.004018556187     -0.000613831598
   27      0.006505874980      0.006594949933      0.006847194457
   28     -0.013103199446     -0.010029849666     -0.000792403400
   29     -0.006771651975     -0.005160289967      0.016799764727
   30      0.002679729684      0.011860490621     -0.012821086628
   31      0.006385988729      0.005946337814      0.005080540885
   32      0.006643972805     -0.021212818387     -0.006646365708
   33      0.007967956794     -0.008039357501     -0.007743098701
   34     -0.017795399626     -0.006378992884      0.010901038035
   35      0.012860205339      0.011532333345      0.009322570084
   36     -0.013212796676      0.000146827530     -0.015465295893
   37     -0.001644575348     -0.018908637582      0.021187289906
   38     -0.024971593597     -0.000541044806     -0.014099064199
   39     -0.001889541435      0.023779969976      0.015184474047
   40      0.013634234831      0.005355006895     -0.013882656606
   41      0.010062502218     -0.013663049152      0.007036774851
   42      0.011352170780      0.006090394916     -0.004711357043
   43     -0.003045134949      0.004306849585     -0.000409275411
   44     -0.004283738514      0.003060267720      0.006446638653
   45      0.000123348702     -0.007656518426     -0.005160762476
   46     -0.002107503181     -0.000337648777      0.005079057576
   47      0.001792302149      0.002824664550     -0.009006849734
   48     -0.007050897822     -0.009458632895      0.004777253121

Total stress tensor
     -0.000330525031      0.000002456557     -0.000000765900
      0.000002456858     -0.000315734279      0.000003088217
     -0.000000765806      0.000003088393     -0.000318634730

Total lattice derivs
      0.122679318361     -0.000911787919      0.000284275164
     -0.000911899601      0.117189509081     -0.001146237936
      0.000284240430     -0.001146303415      0.118266054775

Maximal derivative component:        0.249716E-01 au

Volume:                              0.715073E+04 au^3
Pressure:                           -0.321631E-03 au    -0.946272E+10 Pa


