 Fermi distribution function

Calculation with static geometry


********************************************************************************
 iSCC Total electronic   Diff electronic      SCC error    
    1   -0.20167594E+00    0.00000000E+00    0.44408921E-15
********************************************************************************

 Total charge:    -0.00000000

 Atomic gross charges (e)
 Atom           Charge
    1      -0.00000000

Nr. of electrons (up):      1.00000000
Atom populations (up)
 Atom       Population
    1       1.00000000

l-shell populations (up)
 Atom Sh.   l       Population
    1   1   0       0.58662510
    1   2   1       0.41337490

Orbital populations (up)
 Atom Sh.   l   m       Population  Label
    1   1   0   0       0.58662510  s
    1   2   1  -1       0.13755251  p_y
    1   2   1   0       0.13731339  p_z
    1   2   1   1       0.13850900  p_x

Fermi level:                        -0.1582772705 H           -4.3069 eV
Band energy:                        -0.2016759386 H           -5.4879 eV
TS:                                  0.0001843531 H            0.0050 eV
Band free energy (E-TS):            -0.2018602916 H           -5.4929 eV
Extrapolated E(0K):                 -0.2017681151 H           -5.4904 eV
Input / Output electrons (q):      1.0000000000      1.0000000000

Energy H0:                          -0.2016759386 H           -5.4879 eV
Energy SCC:                         -0.0000000000 H           -0.0000 eV
Total Electronic energy:            -0.2016759386 H           -5.4879 eV
Repulsive energy:                    0.0000000000 H            0.0000 eV
Total energy:                       -0.2016759386 H           -5.4879 eV
Extrapolated to 0:                  -0.2017681151 H           -5.4904 eV
Total Mermin free energy:           -0.2018602916 H           -5.4929 eV
Force related energy:               -0.2018602916 H           -5.4929 eV

Atom resolved electronic energies 
    1     -0.20167594 H       -5.487882 eV

Atom resolved repulsive energies 
    1      0.00000000 H        0.000000 eV

Atom resolved total energies 
    1     -0.20167594 H       -5.487882 eV

SCC converged

Total Forces
    1     -0.000000000000     -0.000000000000     -0.000000000000

Total stress tensor
     -0.000375211181      0.000002716069      0.000001920527
      0.000002716174     -0.000378349618      0.000001108817
      0.000001920625      0.000001140530     -0.000379155682

Total lattice derivs
      0.009074668202     -0.005304260444     -0.003751113985
     -0.000056536517      0.010511533696     -0.003751113985
     -0.000056536517     -0.000033573246      0.011161022906

Maximal derivative component:        0.000000E+00 au

Volume:                              0.140126E+03 au^3
Pressure:                           -0.377572E-03 au    -0.111086E+11 Pa


