 Fermi distribution function

Calculation with static geometry


********************************************************************************
 iSCC Total electronic   Diff electronic      SCC error    
   21   -0.73545148E+02    0.28421709E-13    0.62291505E-10
********************************************************************************

 Total charge:     0.00000000

 Atomic gross charges (e)
 Atom           Charge
    1      -0.12189103
    2      -0.09606497
    3      -0.07103759
    4      -0.07622216
    5      -0.09100345
    6      -0.10032787
    7      -0.07499526
    8      -0.06232147
    9      -0.12407078
   10      -0.03587013
   11      -0.09967673
   12      -0.09271211
   13      -0.15473316
   14      -0.07518019
   15      -0.03915721
   16      -0.03411612
   17      -0.06276852
   18      -0.10928089
   19      -0.12161744
   20      -0.06899505
   21       0.26357196
   22       0.26758546
   23       0.26990095
   24       0.26582995
   25       0.06330257
   26       0.08335596
   27       0.11345204
   28       0.04725400
   29       0.05541302
   30       0.03985065
   31       0.09977275
   32       0.03129897
   33       0.07459842
   34       0.00956564
   35       0.00732771
   36       0.07089053
   37       0.01415360
   38       0.00168725
   39       0.00639466
   40       0.08796337
   41      -0.01010665
   42      -0.02490646
   43      -0.01922319
   44      -0.02192530
   45      -0.02213587
   46      -0.03018302
   47      -0.00857404
   48      -0.02407279

Nr. of electrons (up):    192.00000000
Atom populations (up)
 Atom       Population
    1       1.12189103
    2       1.09606497
    3       1.07103759
    4       1.07622216
    5       1.09100345
    6       1.10032787
    7       1.07499526
    8       1.06232147
    9       1.12407078
   10       1.03587013
   11       1.09967673
   12       1.09271211
   13       1.15473316
   14       1.07518019
   15       1.03915721
   16       1.03411612
   17       1.06276852
   18       1.10928089
   19       1.12161744
   20       1.06899505
   21       4.73642804
   22       4.73241454
   23       4.73009905
   24       4.73417005
   25       5.93669743
   26       5.91664404
   27       5.88654796
   28       5.95274600
   29       5.94458698
   30       5.96014935
   31       5.90022725
   32       5.96870103
   33       5.92540158
   34       5.99043436
   35       5.99267229
   36       5.92910947
   37       5.98584640
   38       5.99831275
   39       5.99360534
   40       5.91203663
   41       7.01010665
   42       7.02490646
   43       7.01922319
   44       7.02192530
   45       7.02213587
   46       7.03018302
   47       7.00857404
   48       7.02407279

l-shell populations (up)
 Atom Sh.   l       Population
    1   1   0       0.41921715
    1   2   1       0.70267388
    2   1   0       0.41328488
    2   2   1       0.68278009
    3   1   0       0.40313453
    3   2   1       0.66790307
    4   1   0       0.41397932
    4   2   1       0.66224284
    5   1   0       0.41399059
    5   2   1       0.67701286
    6   1   0       0.41753712
    6   2   1       0.68279075
    7   1   0       0.41919785
    7   2   1       0.65579741
    8   1   0       0.39449956
    8   2   1       0.66782191
    9   1   0       0.44776040
    9   2   1       0.67631038
   10   1   0       0.40200029
   10   2   1       0.63386984
   11   1   0       0.45776159
   11   2   1       0.64191514
   12   1   0       0.40519297
   12   2   1       0.68751914
   13   1   0       0.47385021
   13   2   1       0.68088295
   14   1   0       0.39375275
   14   2   1       0.68142744
   15   1   0       0.40853235
   15   2   1       0.63062486
   16   1   0       0.38943662
   16   2   1       0.64467950
   17   1   0       0.42393171
   17   2   1       0.63883681
   18   1   0       0.43693568
   18   2   1       0.67234521
   19   1   0       0.44036933
   19   2   1       0.68124811
   20   1   0       0.40648107
   20   2   1       0.66251397
   21   1   0       1.42569123
   21   2   1       2.84311227
   21   3   2       0.46762454
   22   1   0       1.42291085
   22   2   1       2.83585593
   22   3   2       0.47364776
   23   1   0       1.42051921
   23   2   1       2.82955201
   23   3   2       0.48002783
   24   1   0       1.42660854
   24   2   1       2.83693152
   24   3   2       0.47062999
   25   1   0       1.82334071
   25   2   1       4.06663135
   25   3   2       0.04672537
   26   1   0       1.82292720
   26   2   1       4.03885059
   26   3   2       0.05486625
   27   1   0       1.82137407
   27   2   1       4.01315849
   27   3   2       0.05201540
   28   1   0       1.81952826
   28   2   1       4.08565488
   28   3   2       0.04756286
   29   1   0       1.82471544
   29   2   1       4.06636238
   29   3   2       0.05350917
   30   1   0       1.81765235
   30   2   1       4.09638448
   30   3   2       0.04611252
   31   1   0       1.82200098
   31   2   1       4.02608685
   31   3   2       0.05213942
   32   1   0       1.82019315
   32   2   1       4.08986431
   32   3   2       0.05864357
   33   1   0       1.81940897
   33   2   1       4.05229429
   33   3   2       0.05369832
   34   1   0       1.81902425
   34   2   1       4.12127697
   34   3   2       0.05013314
   35   1   0       1.81136408
   35   2   1       4.13435445
   35   3   2       0.04695375
   36   1   0       1.82229236
   36   2   1       4.05030223
   36   3   2       0.05651488
   37   1   0       1.82649319
   37   2   1       4.10395273
   37   3   2       0.05540049
   38   1   0       1.83083245
   38   2   1       4.10866528
   38   3   2       0.05881502
   39   1   0       1.83369450
   39   2   1       4.09332173
   39   3   2       0.06658910
   40   1   0       1.82751777
   40   2   1       4.03627168
   40   3   2       0.04824718
   41   1   0       1.92987512
   41   2   1       5.10872053
   41   3   2      -0.02848900
   42   1   0       1.93181147
   42   2   1       5.12577107
   42   3   2      -0.03267608
   43   1   0       1.93037099
   43   2   1       5.11442390
   43   3   2      -0.02557171
   44   1   0       1.93145313
   44   2   1       5.10481025
   44   3   2      -0.01433809
   45   1   0       1.93210768
   45   2   1       5.10207416
   45   3   2      -0.01204597
   46   1   0       1.93124508
   46   2   1       5.12505514
   46   3   2      -0.02611720
   47   1   0       1.92917499
   47   2   1       5.11707607
   47   3   2      -0.03767702
   48   1   0       1.92900836
   48   2   1       5.11880443
   48   3   2      -0.02374000

Orbital populations (up)
 Atom Sh.   l   m       Population  Label
    1   1   0   0       0.41921715  s
    1   2   1  -1       0.22797423  p_y
    1   2   1   0       0.22820356  p_z
    1   2   1   1       0.24649609  p_x
    2   1   0   0       0.41328488  s
    2   2   1  -1       0.18832394  p_y
    2   2   1   0       0.25533026  p_z
    2   2   1   1       0.23912589  p_x
    3   1   0   0       0.40313453  s
    3   2   1  -1       0.22928094  p_y
    3   2   1   0       0.21537242  p_z
    3   2   1   1       0.22324971  p_x
    4   1   0   0       0.41397932  s
    4   2   1  -1       0.23951205  p_y
    4   2   1   0       0.18990198  p_z
    4   2   1   1       0.23282882  p_x
    5   1   0   0       0.41399059  s
    5   2   1  -1       0.22144069  p_y
    5   2   1   0       0.22490414  p_z
    5   2   1   1       0.23066803  p_x
    6   1   0   0       0.41753712  s
    6   2   1  -1       0.21433446  p_y
    6   2   1   0       0.25208808  p_z
    6   2   1   1       0.21636821  p_x
    7   1   0   0       0.41919785  s
    7   2   1  -1       0.23365757  p_y
    7   2   1   0       0.25055817  p_z
    7   2   1   1       0.17158167  p_x
    8   1   0   0       0.39449956  s
    8   2   1  -1       0.19672811  p_y
    8   2   1   0       0.23490217  p_z
    8   2   1   1       0.23619163  p_x
    9   1   0   0       0.44776040  s
    9   2   1  -1       0.24072526  p_y
    9   2   1   0       0.19908023  p_z
    9   2   1   1       0.23650488  p_x
   10   1   0   0       0.40200029  s
   10   2   1  -1       0.22427525  p_y
   10   2   1   0       0.19756816  p_z
   10   2   1   1       0.21202644  p_x
   11   1   0   0       0.45776159  s
   11   2   1  -1       0.22771493  p_y
   11   2   1   0       0.19864659  p_z
   11   2   1   1       0.21555362  p_x
   12   1   0   0       0.40519297  s
   12   2   1  -1       0.24160357  p_y
   12   2   1   0       0.22895463  p_z
   12   2   1   1       0.21696093  p_x
   13   1   0   0       0.47385021  s
   13   2   1  -1       0.17337933  p_y
   13   2   1   0       0.24257469  p_z
   13   2   1   1       0.26492893  p_x
   14   1   0   0       0.39375275  s
   14   2   1  -1       0.20695951  p_y
   14   2   1   0       0.23375591  p_z
   14   2   1   1       0.24071203  p_x
   15   1   0   0       0.40853235  s
   15   2   1  -1       0.21223852  p_y
   15   2   1   0       0.22335433  p_z
   15   2   1   1       0.19503201  p_x
   16   1   0   0       0.38943662  s
   16   2   1  -1       0.21926074  p_y
   16   2   1   0       0.21402571  p_z
   16   2   1   1       0.21139305  p_x
   17   1   0   0       0.42393171  s
   17   2   1  -1       0.18881536  p_y
   17   2   1   0       0.23556452  p_z
   17   2   1   1       0.21445693  p_x
   18   1   0   0       0.43693568  s
   18   2   1  -1       0.24512211  p_y
   18   2   1   0       0.18092777  p_z
   18   2   1   1       0.24629533  p_x
   19   1   0   0       0.44036933  s
   19   2   1  -1       0.24949433  p_y
   19   2   1   0       0.20127834  p_z
   19   2   1   1       0.23047544  p_x
   20   1   0   0       0.40648107  s
   20   2   1  -1       0.25024282  p_y
   20   2   1   0       0.22754418  p_z
   20   2   1   1       0.18472697  p_x
   21   1   0   0       1.42569123  s
   21   2   1  -1       0.94340121  p_y
   21   2   1   0       0.96166137  p_z
   21   2   1   1       0.93804969  p_x
   21   3   2  -2       0.10477822  d_xy
   21   3   2  -1       0.08819744  d_yz
   21   3   2   0       0.09410355  d_z2
   21   3   2   1       0.09354428  d_xz
   21   3   2   2       0.08700105  d_x2-y2
   22   1   0   0       1.42291085  s
   22   2   1  -1       0.93565479  p_y
   22   2   1   0       0.94700043  p_z
   22   2   1   1       0.95320071  p_x
   22   3   2  -2       0.09795399  d_xy
   22   3   2  -1       0.10214353  d_yz
   22   3   2   0       0.09194936  d_z2
   22   3   2   1       0.08885642  d_xz
   22   3   2   2       0.09274446  d_x2-y2
   23   1   0   0       1.42051921  s
   23   2   1  -1       0.95406273  p_y
   23   2   1   0       0.94108247  p_z
   23   2   1   1       0.93440681  p_x
   23   3   2  -2       0.09148893  d_xy
   23   3   2  -1       0.09092838  d_yz
   23   3   2   0       0.08545902  d_z2
   23   3   2   1       0.11127286  d_xz
   23   3   2   2       0.10087865  d_x2-y2
   24   1   0   0       1.42660854  s
   24   2   1  -1       0.95410436  p_y
   24   2   1   0       0.93799781  p_z
   24   2   1   1       0.94482936  p_x
   24   3   2  -2       0.08872977  d_xy
   24   3   2  -1       0.10065225  d_yz
   24   3   2   0       0.08799126  d_z2
   24   3   2   1       0.09887814  d_xz
   24   3   2   2       0.09437858  d_x2-y2
   25   1   0   0       1.82334071  s
   25   2   1  -1       1.33689018  p_y
   25   2   1   0       1.42412999  p_z
   25   2   1   1       1.30561119  p_x
   25   3   2  -2       0.00196255  d_xy
   25   3   2  -1       0.01145419  d_yz
   25   3   2   0       0.01398032  d_z2
   25   3   2   1       0.01038214  d_xz
   25   3   2   2       0.00894617  d_x2-y2
   26   1   0   0       1.82292720  s
   26   2   1  -1       1.36186811  p_y
   26   2   1   0       1.36183186  p_z
   26   2   1   1       1.31515062  p_x
   26   3   2  -2       0.01341266  d_xy
   26   3   2  -1       0.00695132  d_yz
   26   3   2   0       0.01040100  d_z2
   26   3   2   1       0.01212012  d_xz
   26   3   2   2       0.01198116  d_x2-y2
   27   1   0   0       1.82137407  s
   27   2   1  -1       1.32988304  p_y
   27   2   1   0       1.34582909  p_z
   27   2   1   1       1.33744636  p_x
   27   3   2  -2       0.01110054  d_xy
   27   3   2  -1       0.01140567  d_yz
   27   3   2   0       0.01096255  d_z2
   27   3   2   1       0.00610203  d_xz
   27   3   2   2       0.01244462  d_x2-y2
   28   1   0   0       1.81952826  s
   28   2   1  -1       1.36020597  p_y
   28   2   1   0       1.41080928  p_z
   28   2   1   1       1.31463963  p_x
   28   3   2  -2       0.00981334  d_xy
   28   3   2  -1       0.00915629  d_yz
   28   3   2   0       0.01113375  d_z2
   28   3   2   1       0.00617713  d_xz
   28   3   2   2       0.01128235  d_x2-y2
   29   1   0   0       1.82471544  s
   29   2   1  -1       1.28930988  p_y
   29   2   1   0       1.43275134  p_z
   29   2   1   1       1.34430116  p_x
   29   3   2  -2       0.00395930  d_xy
   29   3   2  -1       0.01150000  d_yz
   29   3   2   0       0.01429661  d_z2
   29   3   2   1       0.01400872  d_xz
   29   3   2   2       0.00974454  d_x2-y2
   30   1   0   0       1.81765235  s
   30   2   1  -1       1.30778015  p_y
   30   2   1   0       1.42282458  p_z
   30   2   1   1       1.36577976  p_x
   30   3   2  -2       0.00395166  d_xy
   30   3   2  -1       0.01178479  d_yz
   30   3   2   0       0.01295806  d_z2
   30   3   2   1       0.00936855  d_xz
   30   3   2   2       0.00804947  d_x2-y2
   31   1   0   0       1.82200098  s
   31   2   1  -1       1.33848868  p_y
   31   2   1   0       1.35323772  p_z
   31   2   1   1       1.33436045  p_x
   31   3   2  -2       0.01179130  d_xy
   31   3   2  -1       0.00683066  d_yz
   31   3   2   0       0.01194598  d_z2
   31   3   2   1       0.01023774  d_xz
   31   3   2   2       0.01133374  d_x2-y2
   32   1   0   0       1.82019315  s
   32   2   1  -1       1.41309714  p_y
   32   2   1   0       1.31190008  p_z
   32   2   1   1       1.36486708  p_x
   32   3   2  -2       0.01777158  d_xy
   32   3   2  -1       0.00992606  d_yz
   32   3   2   0       0.01007383  d_z2
   32   3   2   1       0.00678928  d_xz
   32   3   2   2       0.01408282  d_x2-y2
   33   1   0   0       1.81940897  s
   33   2   1  -1       1.47924979  p_y
   33   2   1   0       1.24328382  p_z
   33   2   1   1       1.32976068  p_x
   33   3   2  -2       0.01098250  d_xy
   33   3   2  -1       0.00870456  d_yz
   33   3   2   0       0.01302804  d_z2
   33   3   2   1       0.00619452  d_xz
   33   3   2   2       0.01478870  d_x2-y2
   34   1   0   0       1.81902425  s
   34   2   1  -1       1.31424860  p_y
   34   2   1   0       1.30833086  p_z
   34   2   1   1       1.49869751  p_x
   34   3   2  -2       0.01438054  d_xy
   34   3   2  -1       0.00774256  d_yz
   34   3   2   0       0.00975877  d_z2
   34   3   2   1       0.00662540  d_xz
   34   3   2   2       0.01162588  d_x2-y2
   35   1   0   0       1.81136408  s
   35   2   1  -1       1.46587231  p_y
   35   2   1   0       1.32900705  p_z
   35   2   1   1       1.33947509  p_x
   35   3   2  -2       0.01200035  d_xy
   35   3   2  -1       0.00986817  d_yz
   35   3   2   0       0.00739883  d_z2
   35   3   2   1       0.00521593  d_xz
   35   3   2   2       0.01247047  d_x2-y2
   36   1   0   0       1.82229236  s
   36   2   1  -1       1.31965703  p_y
   36   2   1   0       1.44467143  p_z
   36   2   1   1       1.28597377  p_x
   36   3   2  -2       0.00579376  d_xy
   36   3   2  -1       0.00850592  d_yz
   36   3   2   0       0.01377760  d_z2
   36   3   2   1       0.01788507  d_xz
   36   3   2   2       0.01055254  d_x2-y2
   37   1   0   0       1.82649319  s
   37   2   1  -1       1.26250217  p_y
   37   2   1   0       1.43873279  p_z
   37   2   1   1       1.40271777  p_x
   37   3   2  -2       0.00564144  d_xy
   37   3   2  -1       0.01034127  d_yz
   37   3   2   0       0.01286867  d_z2
   37   3   2   1       0.01470974  d_xz
   37   3   2   2       0.01183937  d_x2-y2
   38   1   0   0       1.83083245  s
   38   2   1  -1       1.37443374  p_y
   38   2   1   0       1.34450595  p_z
   38   2   1   1       1.38972559  p_x
   38   3   2  -2       0.01416102  d_xy
   38   3   2  -1       0.00907499  d_yz
   38   3   2   0       0.01208427  d_z2
   38   3   2   1       0.01046562  d_xz
   38   3   2   2       0.01302914  d_x2-y2
   39   1   0   0       1.83369450  s
   39   2   1  -1       1.39032645  p_y
   39   2   1   0       1.29994351  p_z
   39   2   1   1       1.40305178  p_x
   39   3   2  -2       0.01292928  d_xy
   39   3   2  -1       0.01605558  d_yz
   39   3   2   0       0.01465816  d_z2
   39   3   2   1       0.00879808  d_xz
   39   3   2   2       0.01414800  d_x2-y2
   40   1   0   0       1.82751777  s
   40   2   1  -1       1.39893944  p_y
   40   2   1   0       1.33464343  p_z
   40   2   1   1       1.30268881  p_x
   40   3   2  -2       0.00781685  d_xy
   40   3   2  -1       0.00658241  d_yz
   40   3   2   0       0.01197066  d_z2
   40   3   2   1       0.00990667  d_xz
   40   3   2   2       0.01197059  d_x2-y2
   41   1   0   0       1.92987512  s
   41   2   1  -1       1.70012561  p_y
   41   2   1   0       1.70557277  p_z
   41   2   1   1       1.70302215  p_x
   41   3   2  -2      -0.00073594  d_xy
   41   3   2  -1      -0.00301291  d_yz
   41   3   2   0      -0.01400590  d_z2
   41   3   2   1      -0.00012393  d_xz
   41   3   2   2      -0.01061032  d_x2-y2
   42   1   0   0       1.93181147  s
   42   2   1  -1       1.72606435  p_y
   42   2   1   0       1.70165734  p_z
   42   2   1   1       1.69804938  p_x
   42   3   2  -2      -0.00164246  d_xy
   42   3   2  -1       0.00535900  d_yz
   42   3   2   0      -0.02836253  d_z2
   42   3   2   1      -0.00409521  d_xz
   42   3   2   2      -0.00393488  d_x2-y2
   43   1   0   0       1.93037099  s
   43   2   1  -1       1.73710010  p_y
   43   2   1   0       1.70482917  p_z
   43   2   1   1       1.67249462  p_x
   43   3   2  -2      -0.02200673  d_xy
   43   3   2  -1       0.00758452  d_yz
   43   3   2   0      -0.00252279  d_z2
   43   3   2   1      -0.00238432  d_xz
   43   3   2   2      -0.00624239  d_x2-y2
   44   1   0   0       1.93145313  s
   44   2   1  -1       1.68268337  p_y
   44   2   1   0       1.70168866  p_z
   44   2   1   1       1.72043823  p_x
   44   3   2  -2      -0.00460633  d_xy
   44   3   2  -1      -0.00698342  d_yz
   44   3   2   0      -0.00520907  d_z2
   44   3   2   1       0.00365845  d_xz
   44   3   2   2      -0.00119772  d_x2-y2
   45   1   0   0       1.93210768  s
   45   2   1  -1       1.71228611  p_y
   45   2   1   0       1.72143856  p_z
   45   2   1   1       1.66834949  p_x
   45   3   2  -2      -0.00501582  d_xy
   45   3   2  -1       0.00180167  d_yz
   45   3   2   0      -0.00326584  d_z2
   45   3   2   1      -0.00216149  d_xz
   45   3   2   2      -0.00340448  d_x2-y2
   46   1   0   0       1.93124508  s
   46   2   1  -1       1.70897667  p_y
   46   2   1   0       1.69826748  p_z
   46   2   1   1       1.71781099  p_x
   46   3   2  -2       0.00599914  d_xy
   46   3   2  -1      -0.01493415  d_yz
   46   3   2   0      -0.00629954  d_z2
   46   3   2   1      -0.00260104  d_xz
   46   3   2   2      -0.00828161  d_x2-y2
   47   1   0   0       1.92917499  s
   47   2   1  -1       1.71575600  p_y
   47   2   1   0       1.70627963  p_z
   47   2   1   1       1.69504045  p_x
   47   3   2  -2       0.00037811  d_xy
   47   3   2  -1      -0.00817398  d_yz
   47   3   2   0      -0.01440238  d_z2
   47   3   2   1      -0.00437211  d_xz
   47   3   2   2      -0.01110665  d_x2-y2
   48   1   0   0       1.92900836  s
   48   2   1  -1       1.71934381  p_y
   48   2   1   0       1.69538214  p_z
   48   2   1   1       1.70407848  p_x
   48   3   2  -2       0.00033260  d_xy
   48   3   2  -1      -0.00481719  d_yz
   48   3   2   0      -0.02379403  d_z2
   48   3   2   1       0.00150491  d_xz
   48   3   2   2       0.00303371  d_x2-y2

Fermi level:                        -0.1795082554 H           -4.8847 eV
Band energy:                       -78.1822686040 H        -2127.4478 eV
TS:                                  0.0000068229 H            0.0002 eV
Band free energy (E-TS):           -78.1822754269 H        -2127.4480 eV
Extrapolated E(0K):                -78.1822720155 H        -2127.4479 eV
Input / Output electrons (q):    192.0000000000    192.0000000000

Energy H0:                         -73.5758606369 H        -2002.1010 eV
Energy SCC:                          0.0307126098 H            0.8357 eV
Total Electronic energy:           -73.5451480271 H        -2001.2653 eV
Repulsive energy:                    0.0000000000 H            0.0000 eV
Total energy:                      -73.5451480271 H        -2001.2653 eV
Extrapolated to 0:                 -73.5451514385 H        -2001.2654 eV
Total Mermin free energy:          -73.5451548500 H        -2001.2655 eV
Force related energy:              -73.5451548500 H        -2001.2655 eV

Atom resolved electronic energies 
    1     -0.34745746 H       -9.454799 eV
    2     -0.32735489 H       -8.907780 eV
    3     -0.32373637 H       -8.809315 eV
    4     -0.32334682 H       -8.798715 eV
    5     -0.33132864 H       -9.015911 eV
    6     -0.33347015 H       -9.074184 eV
    7     -0.31864753 H       -8.670840 eV
    8     -0.31564813 H       -8.589223 eV
    9     -0.33762274 H       -9.187182 eV
   10     -0.30284193 H       -8.240748 eV
   11     -0.32748397 H       -8.911292 eV
   12     -0.32893529 H       -8.950785 eV
   13     -0.34723104 H       -9.448637 eV
   14     -0.32607720 H       -8.873012 eV
   15     -0.30643338 H       -8.338476 eV
   16     -0.30876944 H       -8.402044 eV
   17     -0.31478044 H       -8.565611 eV
   18     -0.33234321 H       -9.043519 eV
   19     -0.33825725 H       -9.204448 eV
   20     -0.31995027 H       -8.706290 eV
   21     -1.89835751 H      -51.656936 eV
   22     -1.89913992 H      -51.678227 eV
   23     -1.89899403 H      -51.674257 eV
   24     -1.90202807 H      -51.756817 eV
   25     -2.13591867 H      -58.121304 eV
   26     -2.13738287 H      -58.161147 eV
   27     -2.13129869 H      -57.995588 eV
   28     -2.13896321 H      -58.204150 eV
   29     -2.13893648 H      -58.203423 eV
   30     -2.13817354 H      -58.182662 eV
   31     -2.13486118 H      -58.092528 eV
   32     -2.13837160 H      -58.188052 eV
   33     -2.13306084 H      -58.043539 eV
   34     -2.14420436 H      -58.346769 eV
   35     -2.13790152 H      -58.175260 eV
   36     -2.13698471 H      -58.150313 eV
   37     -2.14494357 H      -58.366884 eV
   38     -2.14704858 H      -58.424164 eV
   39     -2.14878824 H      -58.471503 eV
   40     -2.13536318 H      -58.106188 eV
   41     -3.14873239 H      -85.681368 eV
   42     -3.15512102 H      -85.855211 eV
   43     -3.15067958 H      -85.734353 eV
   44     -3.15124372 H      -85.749705 eV
   45     -3.15178619 H      -85.764466 eV
   46     -3.15370801 H      -85.816761 eV
   47     -3.14802913 H      -85.662231 eV
   48     -3.15341111 H      -85.808682 eV

Atom resolved repulsive energies 
    1      0.00000000 H        0.000000 eV
    2      0.00000000 H        0.000000 eV
    3      0.00000000 H        0.000000 eV
    4      0.00000000 H        0.000000 eV
    5      0.00000000 H        0.000000 eV
    6      0.00000000 H        0.000000 eV
    7      0.00000000 H        0.000000 eV
    8      0.00000000 H        0.000000 eV
    9      0.00000000 H        0.000000 eV
   10      0.00000000 H        0.000000 eV
   11      0.00000000 H        0.000000 eV
   12      0.00000000 H        0.000000 eV
   13      0.00000000 H        0.000000 eV
   14      0.00000000 H        0.000000 eV
   15      0.00000000 H        0.000000 eV
   16      0.00000000 H        0.000000 eV
   17      0.00000000 H        0.000000 eV
   18      0.00000000 H        0.000000 eV
   19      0.00000000 H        0.000000 eV
   20      0.00000000 H        0.000000 eV
   21      0.00000000 H        0.000000 eV
   22      0.00000000 H        0.000000 eV
   23      0.00000000 H        0.000000 eV
   24      0.00000000 H        0.000000 eV
   25      0.00000000 H        0.000000 eV
   26      0.00000000 H        0.000000 eV
   27      0.00000000 H        0.000000 eV
   28      0.00000000 H        0.000000 eV
   29      0.00000000 H        0.000000 eV
   30      0.00000000 H        0.000000 eV
   31      0.00000000 H        0.000000 eV
   32      0.00000000 H        0.000000 eV
   33      0.00000000 H        0.000000 eV
   34      0.00000000 H        0.000000 eV
   35      0.00000000 H        0.000000 eV
   36      0.00000000 H        0.000000 eV
   37      0.00000000 H        0.000000 eV
   38      0.00000000 H        0.000000 eV
   39      0.00000000 H        0.000000 eV
   40      0.00000000 H        0.000000 eV
   41      0.00000000 H        0.000000 eV
   42      0.00000000 H        0.000000 eV
   43      0.00000000 H        0.000000 eV
   44      0.00000000 H        0.000000 eV
   45      0.00000000 H        0.000000 eV
   46      0.00000000 H        0.000000 eV
   47      0.00000000 H        0.000000 eV
   48      0.00000000 H        0.000000 eV

Atom resolved total energies 
    1     -0.34745746 H       -9.454799 eV
    2     -0.32735489 H       -8.907780 eV
    3     -0.32373637 H       -8.809315 eV
    4     -0.32334682 H       -8.798715 eV
    5     -0.33132864 H       -9.015911 eV
    6     -0.33347015 H       -9.074184 eV
    7     -0.31864753 H       -8.670840 eV
    8     -0.31564813 H       -8.589223 eV
    9     -0.33762274 H       -9.187182 eV
   10     -0.30284193 H       -8.240748 eV
   11     -0.32748397 H       -8.911292 eV
   12     -0.32893529 H       -8.950785 eV
   13     -0.34723104 H       -9.448637 eV
   14     -0.32607720 H       -8.873012 eV
   15     -0.30643338 H       -8.338476 eV
   16     -0.30876944 H       -8.402044 eV
   17     -0.31478044 H       -8.565611 eV
   18     -0.33234321 H       -9.043519 eV
   19     -0.33825725 H       -9.204448 eV
   20     -0.31995027 H       -8.706290 eV
   21     -1.89835751 H      -51.656936 eV
   22     -1.89913992 H      -51.678227 eV
   23     -1.89899403 H      -51.674257 eV
   24     -1.90202807 H      -51.756817 eV
   25     -2.13591867 H      -58.121304 eV
   26     -2.13738287 H      -58.161147 eV
   27     -2.13129869 H      -57.995588 eV
   28     -2.13896321 H      -58.204150 eV
   29     -2.13893648 H      -58.203423 eV
   30     -2.13817354 H      -58.182662 eV
   31     -2.13486118 H      -58.092528 eV
   32     -2.13837160 H      -58.188052 eV
   33     -2.13306084 H      -58.043539 eV
   34     -2.14420436 H      -58.346769 eV
   35     -2.13790152 H      -58.175260 eV
   36     -2.13698471 H      -58.150313 eV
   37     -2.14494357 H      -58.366884 eV
   38     -2.14704858 H      -58.424164 eV
   39     -2.14878824 H      -58.471503 eV
   40     -2.13536318 H      -58.106188 eV
   41     -3.14873239 H      -85.681368 eV
   42     -3.15512102 H      -85.855211 eV
   43     -3.15067958 H      -85.734353 eV
   44     -3.15124372 H      -85.749705 eV
   45     -3.15178619 H      -85.764466 eV
   46     -3.15370801 H      -85.816761 eV
   47     -3.14802913 H      -85.662231 eV
   48     -3.15341111 H      -85.808682 eV

SCC converged

Total Forces
    1     -0.000831355269     -0.004319494152      0.005755789440
    2     -0.005725971657      0.007026324483      0.002242772104
    3      0.010621634817     -0.005567609495     -0.005841377154
    4     -0.003590153701      0.007375872686      0.004401645710
    5     -0.002454099323      0.009036345342     -0.007890576169
    6      0.005890384319      0.004685439131      0.005180005497
    7     -0.006224890908     -0.001319787669      0.003948120501
    8     -0.003357080112     -0.006737962497      0.001407523059
    9     -0.000832853506     -0.006956790205     -0.002589296210
   10      0.005747591589      0.002272799372      0.004338653792
   11     -0.007343165703      0.000842150184     -0.003885681251
   12      0.002768081811      0.001662952095      0.011877532666
   13      0.000222794947      0.002586546479      0.005760891410
   14     -0.005604296204      0.003854998765     -0.006846505107
   15      0.000892591948      0.000856839772      0.001890246037
   16      0.006954692217     -0.007576093547     -0.005627748513
   17      0.003591480214      0.003444429183     -0.008595110091
   18     -0.000460818123     -0.005800700813     -0.001855900143
   19      0.008122039877      0.003602597438      0.000123962321
   20     -0.005761855757      0.001545102280      0.000708867138
   21      0.007891419922     -0.000218937238     -0.001854359758
   22      0.002183877740      0.001949031313      0.010104766283
   23     -0.003564264062     -0.000440518190     -0.011606391307
   24      0.005602398505      0.001363030596     -0.003662599961
   25     -0.004568317712      0.009663697273     -0.011268817763
   26      0.010675795901     -0.000933576319      0.003784637789
   27      0.004109667386      0.004752381837      0.002928547874
   28     -0.011760855176     -0.008113960141     -0.005834228965
   29     -0.004672200909     -0.005336528844      0.014440893318
   30      0.004239935028      0.008577023382     -0.006921125184
   31      0.003752733967      0.002454581277      0.002840747496
   32      0.008519646697     -0.019388547189     -0.003273858664
   33      0.006755106228     -0.004284659125     -0.008644647468
   34     -0.014395151951     -0.006694492599      0.008347487923
   35      0.011046079595      0.010108336889      0.004810722408
   36     -0.011353113917     -0.000023659547     -0.014178185140
   37     -0.003248623697     -0.017346314582      0.019207650377
   38     -0.023276463563      0.001212663726     -0.009899453429
   39     -0.001702176011      0.019989257276      0.013149684247
   40      0.009684379110      0.012033082449     -0.011239081777
   41      0.006868044551     -0.008379270719      0.012213036444
   42      0.011469875492      0.001301492567     -0.007833252272
   43      0.000914178274      0.004506755894     -0.002332346337
   44     -0.007353937084      0.002710535047      0.009632578402
   45     -0.000385208832     -0.011816468041     -0.007441713520
   46     -0.004407590882     -0.001727267055      0.003072584048
   47      0.000069901842      0.000792774608     -0.008702856678
   48     -0.005719887917     -0.007224403376      0.005655766579

Total stress tensor
     -0.000151727058     -0.000000353119     -0.000000352259
     -0.000000352719     -0.000136096575      0.000008107438
     -0.000000352049      0.000008107528     -0.000145525142

Total lattice derivs
      0.047907421540      0.000111496409      0.000111224813
      0.000111370214      0.042972137448     -0.002559902213
      0.000111158565     -0.002559930764      0.045949182716

Maximal derivative component:        0.232765E-01 au

Volume:                              0.561060E+04 au^3
Pressure:                           -0.144450E-03 au    -0.424985E+10 Pa


