 Fermi distribution function

Calculation with static geometry


********************************************************************************
 iSCC Total electronic   Diff electronic      SCC error    
   22   -0.74836513E+02    0.00000000E+00    0.76597284E-10
********************************************************************************

 Total charge:    -0.00000000

 Atomic gross charges (e)
 Atom           Charge
    1      -0.02125803
    2       0.00361232
    3       0.02140130
    4       0.02796415
    5       0.02452351
    6       0.03283549
    7       0.03764008
    8       0.10429790
    9       0.03195183
   10       0.16807968
   11       0.03685879
   12       0.00978874
   13      -0.01321310
   14       0.01833251
   15       0.09728235
   16       0.30644822
   17       0.05671971
   18       0.03746882
   19       0.02470215
   20       0.04543879
   21       0.34093375
   22       0.35458199
   23       0.34898136
   24       0.28724591
   25      -0.06052935
   26      -0.05000223
   27      -0.03024581
   28      -0.09019614
   29      -0.12773683
   30      -0.10101448
   31      -0.03071052
   32      -0.10212042
   33      -0.05598156
   34      -0.11015059
   35      -0.09995452
   36      -0.06265660
   37      -0.09353879
   38      -0.13693573
   39      -0.07777277
   40      -0.04645032
   41      -0.17855304
   42      -0.12641090
   43      -0.13326917
   44      -0.16357904
   45      -0.12171077
   46      -0.13343863
   47      -0.12116311
   48      -0.12849688

Nr. of electrons (up):    192.00000000
Atom populations (up)
 Atom       Population
    1       1.02125803
    2       0.99638768
    3       0.97859870
    4       0.97203585
    5       0.97547649
    6       0.96716451
    7       0.96235992
    8       0.89570210
    9       0.96804817
   10       0.83192032
   11       0.96314121
   12       0.99021126
   13       1.01321310
   14       0.98166749
   15       0.90271765
   16       0.69355178
   17       0.94328029
   18       0.96253118
   19       0.97529785
   20       0.95456121
   21       4.65906625
   22       4.64541801
   23       4.65101864
   24       4.71275409
   25       6.06052935
   26       6.05000223
   27       6.03024581
   28       6.09019614
   29       6.12773683
   30       6.10101448
   31       6.03071052
   32       6.10212042
   33       6.05598156
   34       6.11015059
   35       6.09995452
   36       6.06265660
   37       6.09353879
   38       6.13693573
   39       6.07777277
   40       6.04645032
   41       7.17855304
   42       7.12641090
   43       7.13326917
   44       7.16357904
   45       7.12171077
   46       7.13343863
   47       7.12116311
   48       7.12849688

l-shell populations (up)
 Atom Sh.   l       Population
    1   1   0       0.38044159
    1   2   1       0.64081644
    2   1   0       0.37493005
    2   2   1       0.62145763
    3   1   0       0.36209653
    3   2   1       0.61650217
    4   1   0       0.36127411
    4   2   1       0.61076174
    5   1   0       0.36196813
    5   2   1       0.61350836
    6   1   0       0.35853192
    6   2   1       0.60863259
    7   1   0       0.35454117
    7   2   1       0.60781875
    8   1   0       0.32023158
    8   2   1       0.57547052
    9   1   0       0.36426025
    9   2   1       0.60378792
   10   1   0       0.29532518
   10   2   1       0.53659514
   11   1   0       0.37041409
   11   2   1       0.59272712
   12   1   0       0.36983415
   12   2   1       0.62037711
   13   1   0       0.39093138
   13   2   1       0.62228171
   14   1   0       0.36087137
   14   2   1       0.62079612
   15   1   0       0.33043383
   15   2   1       0.57228382
   16   1   0       0.20428649
   16   2   1       0.48926529
   17   1   0       0.35060339
   17   2   1       0.59267689
   18   1   0       0.36059751
   18   2   1       0.60193367
   19   1   0       0.36414823
   19   2   1       0.61114961
   20   1   0       0.35829869
   20   2   1       0.59626253
   21   1   0       1.49813802
   21   2   1       2.78768396
   21   3   2       0.37324427
   22   1   0       1.49311336
   22   2   1       2.77300354
   22   3   2       0.37930110
   23   1   0       1.49283844
   23   2   1       2.77456961
   23   3   2       0.38361059
   24   1   0       1.51988600
   24   2   1       2.82762089
   24   3   2       0.36524720
   25   1   0       1.85215845
   25   2   1       4.16692999
   25   3   2       0.04144091
   26   1   0       1.85067864
   26   2   1       4.15145979
   26   3   2       0.04786379
   27   1   0       1.84894591
   27   2   1       4.13619958
   27   3   2       0.04510031
   28   1   0       1.85007966
   28   2   1       4.19707327
   28   3   2       0.04304321
   29   1   0       1.86442708
   29   2   1       4.22184475
   29   3   2       0.04146500
   30   1   0       1.84658520
   30   2   1       4.21488853
   30   3   2       0.03954074
   31   1   0       1.84892913
   31   2   1       4.13715650
   31   3   2       0.04462489
   32   1   0       1.84825371
   32   2   1       4.20649923
   32   3   2       0.04736748
   33   1   0       1.84624963
   33   2   1       4.16341213
   33   3   2       0.04631980
   34   1   0       1.84778231
   34   2   1       4.22190129
   34   3   2       0.04046698
   35   1   0       1.84115875
   35   2   1       4.22089571
   35   3   2       0.03790006
   36   1   0       1.85007984
   36   2   1       4.16432479
   36   3   2       0.04825197
   37   1   0       1.85519587
   37   2   1       4.18829636
   37   3   2       0.05004656
   38   1   0       1.86578855
   38   2   1       4.19644932
   38   3   2       0.07469786
   39   1   0       1.84064326
   39   2   1       4.14907536
   39   3   2       0.08805415
   40   1   0       1.85486948
   40   2   1       4.15003922
   40   3   2       0.04154162
   41   1   0       1.94246887
   41   2   1       5.22856840
   41   3   2       0.00751577
   42   1   0       1.94423339
   42   2   1       5.19108429
   42   3   2      -0.00890678
   43   1   0       1.94560994
   43   2   1       5.19344566
   43   3   2      -0.00578642
   44   1   0       1.94501591
   44   2   1       5.20800296
   44   3   2       0.01056017
   45   1   0       1.94522396
   45   2   1       5.17646372
   45   3   2       0.00002309
   46   1   0       1.94425001
   46   2   1       5.19355954
   46   3   2      -0.00437092
   47   1   0       1.94289165
   47   2   1       5.18920478
   47   3   2      -0.01093333
   48   1   0       1.94245376
   48   2   1       5.18905502
   48   3   2      -0.00301189

Orbital populations (up)
 Atom Sh.   l   m       Population  Label
    1   1   0   0       0.38044159  s
    1   2   1  -1       0.22143902  p_y
    1   2   1   0       0.20497930  p_z
    1   2   1   1       0.21439812  p_x
    2   1   0   0       0.37493005  s
    2   2   1  -1       0.17592296  p_y
    2   2   1   0       0.23686131  p_z
    2   2   1   1       0.20867336  p_x
    3   1   0   0       0.36209653  s
    3   2   1  -1       0.21014017  p_y
    3   2   1   0       0.19902757  p_z
    3   2   1   1       0.20733442  p_x
    4   1   0   0       0.36127411  s
    4   2   1  -1       0.22382141  p_y
    4   2   1   0       0.17295145  p_z
    4   2   1   1       0.21398888  p_x
    5   1   0   0       0.36196813  s
    5   2   1  -1       0.19842350  p_y
    5   2   1   0       0.20046857  p_z
    5   2   1   1       0.21461629  p_x
    6   1   0   0       0.35853192  s
    6   2   1  -1       0.18541392  p_y
    6   2   1   0       0.22458342  p_z
    6   2   1   1       0.19863525  p_x
    7   1   0   0       0.35454117  s
    7   2   1  -1       0.20846718  p_y
    7   2   1   0       0.22273809  p_z
    7   2   1   1       0.17661349  p_x
    8   1   0   0       0.32023158  s
    8   2   1  -1       0.17133573  p_y
    8   2   1   0       0.19701771  p_z
    8   2   1   1       0.20711708  p_x
    9   1   0   0       0.36426025  s
    9   2   1  -1       0.20533554  p_y
    9   2   1   0       0.19038314  p_z
    9   2   1   1       0.20806923  p_x
   10   1   0   0       0.29532518  s
   10   2   1  -1       0.19911079  p_y
   10   2   1   0       0.16254210  p_z
   10   2   1   1       0.17494224  p_x
   11   1   0   0       0.37041409  s
   11   2   1  -1       0.20853454  p_y
   11   2   1   0       0.19166986  p_z
   11   2   1   1       0.19252272  p_x
   12   1   0   0       0.36983415  s
   12   2   1  -1       0.21399388  p_y
   12   2   1   0       0.20529063  p_z
   12   2   1   1       0.20109260  p_x
   13   1   0   0       0.39093138  s
   13   2   1  -1       0.16387023  p_y
   13   2   1   0       0.21558896  p_z
   13   2   1   1       0.24282253  p_x
   14   1   0   0       0.36087137  s
   14   2   1  -1       0.19000778  p_y
   14   2   1   0       0.20926373  p_z
   14   2   1   1       0.22152461  p_x
   15   1   0   0       0.33043383  s
   15   2   1  -1       0.18653214  p_y
   15   2   1   0       0.20624270  p_z
   15   2   1   1       0.17950898  p_x
   16   1   0   0       0.20428649  s
   16   2   1  -1       0.02157001  p_y
   16   2   1   0       0.27094384  p_z
   16   2   1   1       0.19675144  p_x
   17   1   0   0       0.35060339  s
   17   2   1  -1       0.18129766  p_y
   17   2   1   0       0.21435894  p_z
   17   2   1   1       0.19702029  p_x
   18   1   0   0       0.36059751  s
   18   2   1  -1       0.21702701  p_y
   18   2   1   0       0.16713684  p_z
   18   2   1   1       0.21776983  p_x
   19   1   0   0       0.36414823  s
   19   2   1  -1       0.21349518  p_y
   19   2   1   0       0.19127457  p_z
   19   2   1   1       0.20637986  p_x
   20   1   0   0       0.35829869  s
   20   2   1  -1       0.23451345  p_y
   20   2   1   0       0.19578137  p_z
   20   2   1   1       0.16596771  p_x
   21   1   0   0       1.49813802  s
   21   2   1  -1       0.92558032  p_y
   21   2   1   0       0.94166928  p_z
   21   2   1   1       0.92043436  p_x
   21   3   2  -2       0.08252323  d_xy
   21   3   2  -1       0.07015870  d_yz
   21   3   2   0       0.07481327  d_z2
   21   3   2   1       0.07467244  d_xz
   21   3   2   2       0.07107663  d_x2-y2
   22   1   0   0       1.49311336  s
   22   2   1  -1       0.91502261  p_y
   22   2   1   0       0.92501130  p_z
   22   2   1   1       0.93296964  p_x
   22   3   2  -2       0.07668114  d_xy
   22   3   2  -1       0.08246683  d_yz
   22   3   2   0       0.07336749  d_z2
   22   3   2   1       0.07023156  d_xz
   22   3   2   2       0.07655408  d_x2-y2
   23   1   0   0       1.49283844  s
   23   2   1  -1       0.93596109  p_y
   23   2   1   0       0.92271352  p_z
   23   2   1   1       0.91589501  p_x
   23   3   2  -2       0.07329267  d_xy
   23   3   2  -1       0.07218911  d_yz
   23   3   2   0       0.06974546  d_z2
   23   3   2   1       0.08808305  d_xz
   23   3   2   2       0.08030030  d_x2-y2
   24   1   0   0       1.51988600  s
   24   2   1  -1       0.96348614  p_y
   24   2   1   0       0.92716361  p_z
   24   2   1   1       0.93697114  p_x
   24   3   2  -2       0.06863875  d_xy
   24   3   2  -1       0.06968733  d_yz
   24   3   2   0       0.07777300  d_z2
   24   3   2   1       0.07879305  d_xz
   24   3   2   2       0.07035506  d_x2-y2
   25   1   0   0       1.85215845  s
   25   2   1  -1       1.36655381  p_y
   25   2   1   0       1.45559953  p_z
   25   2   1   1       1.34477665  p_x
   25   3   2  -2       0.00284201  d_xy
   25   3   2  -1       0.00913787  d_yz
   25   3   2   0       0.01230012  d_z2
   25   3   2   1       0.00819374  d_xz
   25   3   2   2       0.00896717  d_x2-y2
   26   1   0   0       1.85067864  s
   26   2   1  -1       1.41314750  p_y
   26   2   1   0       1.40036375  p_z
   26   2   1   1       1.33794855  p_x
   26   3   2  -2       0.01005981  d_xy
   26   3   2  -1       0.00642710  d_yz
   26   3   2   0       0.01032302  d_z2
   26   3   2   1       0.00935923  d_xz
   26   3   2   2       0.01169463  d_x2-y2
   27   1   0   0       1.84894591  s
   27   2   1  -1       1.36931666  p_y
   27   2   1   0       1.39244773  p_z
   27   2   1   1       1.37443520  p_x
   27   3   2  -2       0.00782365  d_xy
   27   3   2  -1       0.00920346  d_yz
   27   3   2   0       0.01056864  d_z2
   27   3   2   1       0.00607130  d_xz
   27   3   2   2       0.01143326  d_x2-y2
   28   1   0   0       1.85007966  s
   28   2   1  -1       1.39484025  p_y
   28   2   1   0       1.45750282  p_z
   28   2   1   1       1.34473020  p_x
   28   3   2  -2       0.00593136  d_xy
   28   3   2  -1       0.00884767  d_yz
   28   3   2   0       0.01066911  d_z2
   28   3   2   1       0.00620790  d_xz
   28   3   2   2       0.01138717  d_x2-y2
   29   1   0   0       1.86442708  s
   29   2   1  -1       1.35401084  p_y
   29   2   1   0       1.46521944  p_z
   29   2   1   1       1.40261448  p_x
   29   3   2  -2       0.00376302  d_xy
   29   3   2  -1       0.00801368  d_yz
   29   3   2   0       0.01004796  d_z2
   29   3   2   1       0.00981097  d_xz
   29   3   2   2       0.00982936  d_x2-y2
   30   1   0   0       1.84658520  s
   30   2   1  -1       1.35179585  p_y
   30   2   1   0       1.45156223  p_z
   30   2   1   1       1.41153045  p_x
   30   3   2  -2       0.00306159  d_xy
   30   3   2  -1       0.00882008  d_yz
   30   3   2   0       0.01113954  d_z2
   30   3   2   1       0.00802622  d_xz
   30   3   2   2       0.00849331  d_x2-y2
   31   1   0   0       1.84892913  s
   31   2   1  -1       1.37869174  p_y
   31   2   1   0       1.38656578  p_z
   31   2   1   1       1.37189898  p_x
   31   3   2  -2       0.00940569  d_xy
   31   3   2  -1       0.00539699  d_yz
   31   3   2   0       0.01111813  d_z2
   31   3   2   1       0.00792532  d_xz
   31   3   2   2       0.01077877  d_x2-y2
   32   1   0   0       1.84825371  s
   32   2   1  -1       1.43263604  p_y
   32   2   1   0       1.35352417  p_z
   32   2   1   1       1.42033902  p_x
   32   3   2  -2       0.01369761  d_xy
   32   3   2  -1       0.00507835  d_yz
   32   3   2   0       0.00945554  d_z2
   32   3   2   1       0.00644639  d_xz
   32   3   2   2       0.01268960  d_x2-y2
   33   1   0   0       1.84624963  s
   33   2   1  -1       1.52572126  p_y
   33   2   1   0       1.27293543  p_z
   33   2   1   1       1.36475545  p_x
   33   3   2  -2       0.00880922  d_xy
   33   3   2  -1       0.00772780  d_yz
   33   3   2   0       0.01181208  d_z2
   33   3   2   1       0.00576610  d_xz
   33   3   2   2       0.01220460  d_x2-y2
   34   1   0   0       1.84778231  s
   34   2   1  -1       1.35634358  p_y
   34   2   1   0       1.34199876  p_z
   34   2   1   1       1.52355896  p_x
   34   3   2  -2       0.01162287  d_xy
   34   3   2  -1       0.00531518  d_yz
   34   3   2   0       0.00965618  d_z2
   34   3   2   1       0.00409375  d_xz
   34   3   2   2       0.00977899  d_x2-y2
   35   1   0   0       1.84115875  s
   35   2   1  -1       1.49255960  p_y
   35   2   1   0       1.36097713  p_z
   35   2   1   1       1.36735899  p_x
   35   3   2  -2       0.00977690  d_xy
   35   3   2  -1       0.00769441  d_yz
   35   3   2   0       0.00782434  d_z2
   35   3   2   1       0.00149960  d_xz
   35   3   2   2       0.01110480  d_x2-y2
   36   1   0   0       1.85007984  s
   36   2   1  -1       1.35677215  p_y
   36   2   1   0       1.48805058  p_z
   36   2   1   1       1.31950206  p_x
   36   3   2  -2       0.00554059  d_xy
   36   3   2  -1       0.00759882  d_yz
   36   3   2   0       0.01158839  d_z2
   36   3   2   1       0.01296566  d_xz
   36   3   2   2       0.01055851  d_x2-y2
   37   1   0   0       1.85519587  s
   37   2   1  -1       1.26737422  p_y
   37   2   1   0       1.47193359  p_z
   37   2   1   1       1.44898856  p_x
   37   3   2  -2       0.00557052  d_xy
   37   3   2  -1       0.00856529  d_yz
   37   3   2   0       0.01153271  d_z2
   37   3   2   1       0.01260319  d_xz
   37   3   2   2       0.01177485  d_x2-y2
   38   1   0   0       1.86578855  s
   38   2   1  -1       1.34049727  p_y
   38   2   1   0       1.47544963  p_z
   38   2   1   1       1.38050242  p_x
   38   3   2  -2       0.01082986  d_xy
   38   3   2  -1       0.00997687  d_yz
   38   3   2   0       0.00981424  d_z2
   38   3   2   1       0.02546935  d_xz
   38   3   2   2       0.01860753  d_x2-y2
   39   1   0   0       1.84064326  s
   39   2   1  -1       1.31935698  p_y
   39   2   1   0       1.37134713  p_z
   39   2   1   1       1.45837125  p_x
   39   3   2  -2       0.01205130  d_xy
   39   3   2  -1       0.01115574  d_yz
   39   3   2   0       0.02255867  d_z2
   39   3   2   1       0.02658786  d_xz
   39   3   2   2       0.01570057  d_x2-y2
   40   1   0   0       1.85486948  s
   40   2   1  -1       1.45658529  p_y
   40   2   1   0       1.37553645  p_z
   40   2   1   1       1.31791749  p_x
   40   3   2  -2       0.00909308  d_xy
   40   3   2  -1       0.00535797  d_yz
   40   3   2   0       0.01105482  d_z2
   40   3   2   1       0.00664701  d_xz
   40   3   2   2       0.00938875  d_x2-y2
   41   1   0   0       1.94246887  s
   41   2   1  -1       1.73680528  p_y
   41   2   1   0       1.70199446  p_z
   41   2   1   1       1.78976867  p_x
   41   3   2  -2       0.00463786  d_xy
   41   3   2  -1      -0.00137623  d_yz
   41   3   2   0      -0.00232416  d_z2
   41   3   2   1       0.00215413  d_xz
   41   3   2   2       0.00442417  d_x2-y2
   42   1   0   0       1.94423339  s
   42   2   1  -1       1.75697407  p_y
   42   2   1   0       1.71631999  p_z
   42   2   1   1       1.71779023  p_x
   42   3   2  -2       0.00178389  d_xy
   42   3   2  -1       0.00379608  d_yz
   42   3   2   0      -0.01103546  d_z2
   42   3   2   1      -0.00112700  d_xz
   42   3   2   2      -0.00232430  d_x2-y2
   43   1   0   0       1.94560994  s
   43   2   1  -1       1.74727973  p_y
   43   2   1   0       1.74713692  p_z
   43   2   1   1       1.69902900  p_x
   43   3   2  -2      -0.00879149  d_xy
   43   3   2  -1       0.00476305  d_yz
   43   3   2   0       0.00150109  d_z2
   43   3   2   1      -0.00137810  d_xz
   43   3   2   2      -0.00188098  d_x2-y2
   44   1   0   0       1.94501591  s
   44   2   1  -1       1.73150634  p_y
   44   2   1   0       1.74734418  p_z
   44   2   1   1       1.72915244  p_x
   44   3   2  -2      -0.00195692  d_xy
   44   3   2  -1       0.00295372  d_yz
   44   3   2   0       0.00336480  d_z2
   44   3   2   1       0.00346204  d_xz
   44   3   2   2       0.00273652  d_x2-y2
   45   1   0   0       1.94522396  s
   45   2   1  -1       1.73834302  p_y
   45   2   1   0       1.74633199  p_z
   45   2   1   1       1.69178871  p_x
   45   3   2  -2      -0.00186046  d_xy
   45   3   2  -1       0.00269285  d_yz
   45   3   2   0       0.00032231  d_z2
   45   3   2   1      -0.00172681  d_xz
   45   3   2   2       0.00059520  d_x2-y2
   46   1   0   0       1.94425001  s
   46   2   1  -1       1.73475100  p_y
   46   2   1   0       1.72555594  p_z
   46   2   1   1       1.73325260  p_x
   46   3   2  -2       0.00399355  d_xy
   46   3   2  -1      -0.00599354  d_yz
   46   3   2   0      -0.00034332  d_z2
   46   3   2   1      -0.00089556  d_xz
   46   3   2   2      -0.00113206  d_x2-y2
   47   1   0   0       1.94289165  s
   47   2   1  -1       1.73660233  p_y
   47   2   1   0       1.72973629  p_z
   47   2   1   1       1.72286616  p_x
   47   3   2  -2       0.00112576  d_xy
   47   3   2  -1      -0.00190410  d_yz
   47   3   2   0      -0.00697854  d_z2
   47   3   2   1       0.00199045  d_xz
   47   3   2   2      -0.00516689  d_x2-y2
   48   1   0   0       1.94245376  s
   48   2   1  -1       1.74437954  p_y
   48   2   1   0       1.71416715  p_z
   48   2   1   1       1.73050833  p_x
   48   3   2  -2       0.00306300  d_xy
   48   3   2  -1      -0.00032446  d_yz
   48   3   2   0      -0.01082847  d_z2
   48   3   2   1       0.00214434  d_xz
   48   3   2   2       0.00293370  d_x2-y2

Fermi level:                        -0.1454995742 H           -3.9592 eV
Band energy:                       -72.6688643596 H        -1977.4204 eV
TS:                                  0.0000000000 H            0.0000 eV
Band free energy (E-TS):           -72.6688643596 H        -1977.4204 eV
Extrapolated E(0K):                -72.6688643596 H        -1977.4204 eV
Input / Output electrons (q):    192.0000000000    192.0000000000

Energy H0:                         -74.8761489143 H        -2037.4837 eV
Energy SCC:                          0.0396356353 H            1.0785 eV
Total Electronic energy:           -74.8365132791 H        -2036.4051 eV
Repulsive energy:                    0.4492158369 H           12.2238 eV
Total energy:                      -74.3872974422 H        -2024.1814 eV
Extrapolated to 0:                 -74.3872974422 H        -2024.1814 eV
Total Mermin free energy:          -74.3872974422 H        -2024.1814 eV
Force related energy:              -74.3872974422 H        -2024.1814 eV

Atom resolved electronic energies 
    1     -0.31889230 H       -8.677501 eV
    2     -0.30268508 H       -8.236480 eV
    3     -0.30004599 H       -8.164667 eV
    4     -0.29956938 H       -8.151697 eV
    5     -0.30188999 H       -8.214845 eV
    6     -0.29778970 H       -8.103270 eV
    7     -0.29404058 H       -8.001251 eV
    8     -0.27823599 H       -7.571187 eV
    9     -0.29859798 H       -8.125264 eV
   10     -0.25229707 H       -6.865353 eV
   11     -0.29613348 H       -8.058202 eV
   12     -0.30604229 H       -8.327835 eV
   13     -0.31192091 H       -8.487800 eV
   14     -0.29776663 H       -8.102642 eV
   15     -0.27967690 H       -7.610396 eV
   16     -0.17203874 H       -4.681412 eV
   17     -0.28633596 H       -7.791598 eV
   18     -0.29335198 H       -7.982513 eV
   19     -0.30330690 H       -8.253401 eV
   20     -0.29618258 H       -8.059538 eV
   21     -1.87403711 H      -50.995144 eV
   22     -1.87465081 H      -51.011844 eV
   23     -1.87525288 H      -51.028227 eV
   24     -1.89914770 H      -51.678438 eV
   25     -2.24614369 H      -61.120680 eV
   26     -2.24840314 H      -61.182162 eV
   27     -2.24504851 H      -61.090878 eV
   28     -2.25123757 H      -61.259291 eV
   29     -2.25314460 H      -61.311184 eV
   30     -2.24935677 H      -61.208112 eV
   31     -2.24632080 H      -61.125499 eV
   32     -2.25060282 H      -61.242019 eV
   33     -2.24484449 H      -61.085326 eV
   34     -2.25142444 H      -61.264376 eV
   35     -2.24432012 H      -61.071058 eV
   36     -2.24893816 H      -61.196721 eV
   37     -2.25099146 H      -61.252594 eV
   38     -2.26366336 H      -61.597414 eV
   39     -2.26865567 H      -61.733262 eV
   40     -2.24659269 H      -61.132898 eV
   41     -3.19574362 H      -86.960608 eV
   42     -3.18859112 H      -86.765979 eV
   43     -3.18953339 H      -86.791620 eV
   44     -3.19366479 H      -86.904041 eV
   45     -3.18572262 H      -86.687923 eV
   46     -3.18884379 H      -86.772855 eV
   47     -3.18641687 H      -86.706815 eV
   48     -3.18841984 H      -86.761318 eV

Atom resolved repulsive energies 
    1      0.00000000 H        0.000000 eV
    2      0.00000000 H        0.000000 eV
    3      0.00000000 H        0.000000 eV
    4      0.00000000 H        0.000000 eV
    5      0.00000000 H        0.000000 eV
    6      0.00000000 H        0.000000 eV
    7      0.00000000 H        0.000000 eV
    8      0.00000000 H        0.000000 eV
    9      0.00000000 H        0.000000 eV
   10      0.00000000 H        0.000000 eV
   11      0.00000000 H        0.000000 eV
   12      0.00000000 H        0.000000 eV
   13      0.00000000 H        0.000000 eV
   14      0.00000000 H        0.000000 eV
   15      0.00000000 H        0.000000 eV
   16      0.00000000 H        0.000000 eV
   17      0.00000000 H        0.000000 eV
   18      0.00000000 H        0.000000 eV
   19      0.00000000 H        0.000000 eV
   20      0.00000000 H        0.000000 eV
   21      0.05548015 H        1.509692 eV
   22      0.05604526 H        1.525069 eV
   23      0.05636483 H        1.533765 eV
   24      0.05671768 H        1.543367 eV
   25      0.01383472 H        0.376462 eV
   26      0.01372270 H        0.373414 eV
   27      0.01361067 H        0.370365 eV
   28      0.01431205 H        0.389451 eV
   29      0.01341192 H        0.364957 eV
   30      0.01455184 H        0.395976 eV
   31      0.01327452 H        0.361218 eV
   32      0.01480698 H        0.402918 eV
   33      0.01319737 H        0.359119 eV
   34      0.01505606 H        0.409696 eV
   35      0.01466000 H        0.398919 eV
   36      0.01345140 H        0.366031 eV
   37      0.01493007 H        0.406268 eV
   38      0.01448165 H        0.394066 eV
   39      0.01446212 H        0.393534 eV
   40      0.01284382 H        0.349498 eV
   41      0.00000000 H        0.000000 eV
   42      0.00000000 H        0.000000 eV
   43      0.00000000 H        0.000000 eV
   44      0.00000000 H        0.000000 eV
   45      0.00000000 H        0.000000 eV
   46      0.00000000 H        0.000000 eV
   47      0.00000000 H        0.000000 eV
   48      0.00000000 H        0.000000 eV

Atom resolved total energies 
    1     -0.31889230 H       -8.677501 eV
    2     -0.30268508 H       -8.236480 eV
    3     -0.30004599 H       -8.164667 eV
    4     -0.29956938 H       -8.151697 eV
    5     -0.30188999 H       -8.214845 eV
    6     -0.29778970 H       -8.103270 eV
    7     -0.29404058 H       -8.001251 eV
    8     -0.27823599 H       -7.571187 eV
    9     -0.29859798 H       -8.125264 eV
   10     -0.25229707 H       -6.865353 eV
   11     -0.29613348 H       -8.058202 eV
   12     -0.30604229 H       -8.327835 eV
   13     -0.31192091 H       -8.487800 eV
   14     -0.29776663 H       -8.102642 eV
   15     -0.27967690 H       -7.610396 eV
   16     -0.17203874 H       -4.681412 eV
   17     -0.28633596 H       -7.791598 eV
   18     -0.29335198 H       -7.982513 eV
   19     -0.30330690 H       -8.253401 eV
   20     -0.29618258 H       -8.059538 eV
   21     -1.81855697 H      -49.485453 eV
   22     -1.81860554 H      -49.486775 eV
   23     -1.81888805 H      -49.494462 eV
   24     -1.84243002 H      -50.135072 eV
   25     -2.23230896 H      -60.744218 eV
   26     -2.23468044 H      -60.808749 eV
   27     -2.23143784 H      -60.720513 eV
   28     -2.23692551 H      -60.869840 eV
   29     -2.23973268 H      -60.946227 eV
   30     -2.23480492 H      -60.812136 eV
   31     -2.23304628 H      -60.764281 eV
   32     -2.23579584 H      -60.839100 eV
   33     -2.23164712 H      -60.726208 eV
   34     -2.23636838 H      -60.854680 eV
   35     -2.22966012 H      -60.672139 eV
   36     -2.23548676 H      -60.830690 eV
   37     -2.23606138 H      -60.846326 eV
   38     -2.24918171 H      -61.203348 eV
   39     -2.25419355 H      -61.339727 eV
   40     -2.23374887 H      -60.783399 eV
   41     -3.19574362 H      -86.960608 eV
   42     -3.18859112 H      -86.765979 eV
   43     -3.18953339 H      -86.791620 eV
   44     -3.19366479 H      -86.904041 eV
   45     -3.18572262 H      -86.687923 eV
   46     -3.18884379 H      -86.772855 eV
   47     -3.18641687 H      -86.706815 eV
   48     -3.18841984 H      -86.761318 eV

SCC converged

Total Forces
    1     -0.003274732951     -0.002367353616      0.008079539700
    2     -0.005234162094      0.007399646280     -0.001733734640
    3      0.003083826390     -0.004869566375     -0.013971449799
    4     -0.008277046039      0.003566475973      0.009160841563
    5     -0.003991315602      0.010609139125     -0.009392049912
    6      0.006262729580      0.003317048190      0.006830575887
    7     -0.004520107675     -0.006641938102      0.007650051641
    8     -0.000037447342     -0.007499309438     -0.003537289679
    9      0.001924829879     -0.007713946601     -0.004684247201
   10      0.014501839608      0.004656727931      0.005882065895
   11     -0.009090198963     -0.003172174831      0.002789587494
   12      0.004078299245      0.000746836316      0.009396327145
   13     -0.001330887132     -0.005697759379      0.002908199254
   14     -0.009435979677      0.005789987832     -0.003786954805
   15     -0.006225616248      0.003810819317      0.004567467223
   16      0.002920464136      0.026215338604     -0.031876512213
   17      0.001656012194      0.008380563799     -0.004859556796
   18     -0.001038834263     -0.003079393353     -0.008358093257
   19      0.008406431768      0.005936675270      0.003846734378
   20     -0.006663545194     -0.002084179825      0.003187669950
   21      0.005860180265     -0.000941415415     -0.001287684362
   22      0.011506835835      0.003674729473     -0.004252259520
   23     -0.004060325852     -0.000869824936     -0.004525197417
   24      0.003651876796     -0.000429157829      0.007919876396
   25      0.020212090685     -0.017123619855      0.011813029750
   26     -0.018727997718      0.021205404209      0.023478343699
   27     -0.019713570930     -0.019826476282     -0.020168868789
   28      0.017103018311      0.019965598394     -0.025677669435
   29      0.023577705537      0.012848323359     -0.006659673007
   30      0.029348508281     -0.020101829452      0.020320805744
   31     -0.020663175643     -0.019736770167     -0.020214820771
   32     -0.023276640865      0.009723719252      0.022814175785
   33     -0.016877726323      0.012803728866      0.021150388962
   34      0.009319986916      0.027127802185     -0.019256424154
   35     -0.015649397696     -0.018042554454     -0.018797407455
   36      0.017219399263     -0.022873250424      0.009209762557
   37      0.020669609801      0.014329300869     -0.010001908035
   38     -0.009966459626     -0.029658498706     -0.008698993189
   39     -0.000926890753     -0.021109478386      0.034278918060
   40     -0.015668270905      0.021242439493      0.006721391383
   41     -0.004331889198     -0.014625346016     -0.000256742765
   42      0.012921049600      0.005378474022     -0.007693851558
   43     -0.000957332145      0.006769532552     -0.001162099108
   44      0.002073586218      0.009913420702      0.012485963382
   45      0.000563371004     -0.009370332255     -0.005792109704
   46     -0.001543671385     -0.000253846726      0.003423437433
   47      0.000338298709      0.002794230820     -0.006305125627
   48     -0.005716727801     -0.010117940411      0.005035569917

Total stress tensor
     -0.000157796222      0.000001825605     -0.000015380927
      0.000001826001     -0.000145453090      0.000007653066
     -0.000015380760      0.000007653213     -0.000170082955

Total lattice derivs
      0.055206364688     -0.000638703577      0.005381149428
     -0.000638842039      0.050888014082     -0.002677491063
      0.005381091249     -0.002677542394      0.059504984075

Maximal derivative component:        0.342789E-01 au

Volume:                              0.654393E+04 au^3
Pressure:                           -0.157777E-03 au    -0.464197E+10 Pa

Warning: dipole moment is not defined absolutely!
Dipole moment:   -5.79149234   -0.18816013   -1.29022458 au
Dipole moment:  -14.72050639   -0.47825538   -3.27942404 Debye


