 Fermi distribution function

Calculation with static geometry


********************************************************************************
 iSCC Total electronic   Diff electronic      SCC error    
   21   -0.74865172E+02    0.42632564E-13    0.43629989E-10
********************************************************************************

 Total charge:    -0.00000000

 Atomic gross charges (e)
 Atom           Charge
    1      -0.00578721
    2       0.01800708
    3       0.05087070
    4       0.04132336
    5       0.03004795
    6       0.03119826
    7       0.05695400
    8       0.07660646
    9       0.01985428
   10       0.10854981
   11       0.04333562
   12       0.00670340
   13      -0.00952642
   14       0.04397264
   15       0.07616740
   16       0.08304297
   17       0.06926357
   18       0.03934064
   19       0.01516114
   20       0.04892765
   21       0.33959257
   22       0.34524861
   23       0.34598418
   24       0.33351159
   25      -0.06606081
   26      -0.05458087
   27      -0.02664055
   28      -0.07718607
   29      -0.07585125
   30      -0.09023792
   31      -0.03407959
   32      -0.09300571
   33      -0.05799772
   34      -0.11397013
   35      -0.11668543
   36      -0.05321785
   37      -0.10469685
   38      -0.09845142
   39      -0.10907958
   40      -0.04613046
   41      -0.10884490
   42      -0.13173810
   43      -0.12277105
   44      -0.12843670
   45      -0.12758199
   46      -0.13296933
   47      -0.11154588
   48      -0.12659009

Nr. of electrons (up):    192.00000000
Atom populations (up)
 Atom       Population
    1       1.00578721
    2       0.98199292
    3       0.94912930
    4       0.95867664
    5       0.96995205
    6       0.96880174
    7       0.94304600
    8       0.92339354
    9       0.98014572
   10       0.89145019
   11       0.95666438
   12       0.99329660
   13       1.00952642
   14       0.95602736
   15       0.92383260
   16       0.91695703
   17       0.93073643
   18       0.96065936
   19       0.98483886
   20       0.95107235
   21       4.66040743
   22       4.65475139
   23       4.65401582
   24       4.66648841
   25       6.06606081
   26       6.05458087
   27       6.02664055
   28       6.07718607
   29       6.07585125
   30       6.09023792
   31       6.03407959
   32       6.09300571
   33       6.05799772
   34       6.11397013
   35       6.11668543
   36       6.05321785
   37       6.10469685
   38       6.09845142
   39       6.10907958
   40       6.04613046
   41       7.10884490
   42       7.13173810
   43       7.12277105
   44       7.12843670
   45       7.12758199
   46       7.13296933
   47       7.11154588
   48       7.12659009

l-shell populations (up)
 Atom Sh.   l       Population
    1   1   0       0.37480054
    1   2   1       0.63098667
    2   1   0       0.36773820
    2   2   1       0.61425472
    3   1   0       0.34836245
    3   2   1       0.60076685
    4   1   0       0.35851722
    4   2   1       0.60015942
    5   1   0       0.35974401
    5   2   1       0.61020804
    6   1   0       0.35889208
    6   2   1       0.60990966
    7   1   0       0.35111762
    7   2   1       0.59192838
    8   1   0       0.33716520
    8   2   1       0.58622834
    9   1   0       0.36883119
    9   2   1       0.61131453
   10   1   0       0.32729977
   10   2   1       0.56415042
   11   1   0       0.36645754
   11   2   1       0.59020683
   12   1   0       0.37148380
   12   2   1       0.62181280
   13   1   0       0.38829370
   13   2   1       0.62123272
   14   1   0       0.34812075
   14   2   1       0.60790661
   15   1   0       0.34831415
   15   2   1       0.57551844
   16   1   0       0.34068302
   16   2   1       0.57627401
   17   1   0       0.34751281
   17   2   1       0.58322362
   18   1   0       0.35952128
   18   2   1       0.60113808
   19   1   0       0.36975004
   19   2   1       0.61508882
   20   1   0       0.35743257
   20   2   1       0.59363979
   21   1   0       1.49834939
   21   2   1       2.78845024
   21   3   2       0.37360780
   22   1   0       1.49515956
   22   2   1       2.78078272
   22   3   2       0.37880910
   23   1   0       1.49321268
   23   2   1       2.77691296
   23   3   2       0.38389018
   24   1   0       1.49744831
   24   2   1       2.78749125
   24   3   2       0.38154884
   25   1   0       1.85223864
   25   2   1       4.17194978
   25   3   2       0.04187239
   26   1   0       1.85041943
   26   2   1       4.15745722
   26   3   2       0.04670422
   27   1   0       1.84856717
   27   2   1       4.13313848
   27   3   2       0.04493490
   28   1   0       1.84934947
   28   2   1       4.18598073
   28   3   2       0.04185587
   29   1   0       1.85462401
   29   2   1       4.17554487
   29   3   2       0.04568237
   30   1   0       1.84687696
   30   2   1       4.20533053
   30   3   2       0.03803042
   31   1   0       1.84940755
   31   2   1       4.13980951
   31   3   2       0.04486253
   32   1   0       1.84795817
   32   2   1       4.19769013
   32   3   2       0.04735741
   33   1   0       1.84640676
   33   2   1       4.16465403
   33   3   2       0.04693694
   34   1   0       1.84798374
   34   2   1       4.22513405
   34   3   2       0.04085234
   35   1   0       1.84187344
   35   2   1       4.23495571
   35   3   2       0.03985629
   36   1   0       1.84997539
   36   2   1       4.15524372
   36   3   2       0.04799874
   37   1   0       1.85478144
   37   2   1       4.20393558
   37   3   2       0.04597983
   38   1   0       1.85585854
   38   2   1       4.19360607
   38   3   2       0.04898681
   39   1   0       1.86104158
   39   2   1       4.19607855
   39   3   2       0.05195945
   40   1   0       1.85418390
   40   2   1       4.15174311
   40   3   2       0.04020345
   41   1   0       1.94180031
   41   2   1       5.17222876
   41   3   2      -0.00518417
   42   1   0       1.94459758
   42   2   1       5.19492771
   42   3   2      -0.00778719
   43   1   0       1.94369323
   43   2   1       5.18451790
   43   3   2      -0.00544009
   44   1   0       1.94561561
   44   2   1       5.18237570
   44   3   2       0.00044540
   45   1   0       1.94559096
   45   2   1       5.18150090
   45   3   2       0.00049013
   46   1   0       1.94433231
   46   2   1       5.19216720
   46   3   2      -0.00353018
   47   1   0       1.94196077
   47   2   1       5.17936559
   47   3   2      -0.00978048
   48   1   0       1.94229128
   48   2   1       5.18806238
   48   3   2      -0.00376356

Orbital populations (up)
 Atom Sh.   l   m       Population  Label
    1   1   0   0       0.37480054  s
    1   2   1  -1       0.21047318  p_y
    1   2   1   0       0.20446105  p_z
    1   2   1   1       0.21605244  p_x
    2   1   0   0       0.36773820  s
    2   2   1  -1       0.17338183  p_y
    2   2   1   0       0.23297004  p_z
    2   2   1   1       0.20790284  p_x
    3   1   0   0       0.34836245  s
    3   2   1  -1       0.20438309  p_y
    3   2   1   0       0.19786064  p_z
    3   2   1   1       0.19852312  p_x
    4   1   0   0       0.35851722  s
    4   2   1  -1       0.21815127  p_y
    4   2   1   0       0.17450474  p_z
    4   2   1   1       0.20750340  p_x
    5   1   0   0       0.35974401  s
    5   2   1  -1       0.19782818  p_y
    5   2   1   0       0.19811172  p_z
    5   2   1   1       0.21426814  p_x
    6   1   0   0       0.35889208  s
    6   2   1  -1       0.18702441  p_y
    6   2   1   0       0.22529211  p_z
    6   2   1   1       0.19759313  p_x
    7   1   0   0       0.35111762  s
    7   2   1  -1       0.20915284  p_y
    7   2   1   0       0.22348180  p_z
    7   2   1   1       0.15929374  p_x
    8   1   0   0       0.33716520  s
    8   2   1  -1       0.17464809  p_y
    8   2   1   0       0.20849158  p_z
    8   2   1   1       0.20308868  p_x
    9   1   0   0       0.36883119  s
    9   2   1  -1       0.21151209  p_y
    9   2   1   0       0.18825511  p_z
    9   2   1   1       0.21154733  p_x
   10   1   0   0       0.32729977  s
   10   2   1  -1       0.20168660  p_y
   10   2   1   0       0.17769700  p_z
   10   2   1   1       0.18476683  p_x
   11   1   0   0       0.36645754  s
   11   2   1  -1       0.20716286  p_y
   11   2   1   0       0.19012161  p_z
   11   2   1   1       0.19292236  p_x
   12   1   0   0       0.37148380  s
   12   2   1  -1       0.21323569  p_y
   12   2   1   0       0.20553147  p_z
   12   2   1   1       0.20304563  p_x
   13   1   0   0       0.38829370  s
   13   2   1  -1       0.16588381  p_y
   13   2   1   0       0.21586527  p_z
   13   2   1   1       0.23948364  p_x
   14   1   0   0       0.34812075  s
   14   2   1  -1       0.18831872  p_y
   14   2   1   0       0.20960961  p_z
   14   2   1   1       0.20997827  p_x
   15   1   0   0       0.34831415  s
   15   2   1  -1       0.18671529  p_y
   15   2   1   0       0.19890278  p_z
   15   2   1   1       0.18990038  p_x
   16   1   0   0       0.34068302  s
   16   2   1  -1       0.18316318  p_y
   16   2   1   0       0.18238264  p_z
   16   2   1   1       0.21072818  p_x
   17   1   0   0       0.34751281  s
   17   2   1  -1       0.17985687  p_y
   17   2   1   0       0.20682510  p_z
   17   2   1   1       0.19654164  p_x
   18   1   0   0       0.35952128  s
   18   2   1  -1       0.21638855  p_y
   18   2   1   0       0.16876625  p_z
   18   2   1   1       0.21598328  p_x
   19   1   0   0       0.36975004  s
   19   2   1  -1       0.21666650  p_y
   19   2   1   0       0.19179284  p_z
   19   2   1   1       0.20662948  p_x
   20   1   0   0       0.35743257  s
   20   2   1  -1       0.22549879  p_y
   20   2   1   0       0.20027735  p_z
   20   2   1   1       0.16786365  p_x
   21   1   0   0       1.49834939  s
   21   2   1  -1       0.92555990  p_y
   21   2   1   0       0.94240117  p_z
   21   2   1   1       0.92048917  p_x
   21   3   2  -2       0.08280071  d_xy
   21   3   2  -1       0.07027891  d_yz
   21   3   2   0       0.07507971  d_z2
   21   3   2   1       0.07440675  d_xz
   21   3   2   2       0.07104173  d_x2-y2
   22   1   0   0       1.49515956  s
   22   2   1  -1       0.91863461  p_y
   22   2   1   0       0.92794997  p_z
   22   2   1   1       0.93419815  p_x
   22   3   2  -2       0.07763889  d_xy
   22   3   2  -1       0.08129917  d_yz
   22   3   2   0       0.07383547  d_z2
   22   3   2   1       0.07087113  d_xz
   22   3   2   2       0.07516444  d_x2-y2
   23   1   0   0       1.49321268  s
   23   2   1  -1       0.93643799  p_y
   23   2   1   0       0.92327740  p_z
   23   2   1   1       0.91719757  p_x
   23   3   2  -2       0.07320485  d_xy
   23   3   2  -1       0.07241609  d_yz
   23   3   2   0       0.06973581  d_z2
   23   3   2   1       0.08811000  d_xz
   23   3   2   2       0.08042343  d_x2-y2
   24   1   0   0       1.49744831  s
   24   2   1  -1       0.93876596  p_y
   24   2   1   0       0.92296755  p_z
   24   2   1   1       0.92575775  p_x
   24   3   2  -2       0.07206100  d_xy
   24   3   2  -1       0.07992968  d_yz
   24   3   2   0       0.07236837  d_z2
   24   3   2   1       0.07976885  d_xz
   24   3   2   2       0.07742094  d_x2-y2
   25   1   0   0       1.85223864  s
   25   2   1  -1       1.36766535  p_y
   25   2   1   0       1.45820835  p_z
   25   2   1   1       1.34607608  p_x
   25   3   2  -2       0.00306898  d_xy
   25   3   2  -1       0.00928554  d_yz
   25   3   2   0       0.01240016  d_z2
   25   3   2   1       0.00813631  d_xz
   25   3   2   2       0.00898140  d_x2-y2
   26   1   0   0       1.85041943  s
   26   2   1  -1       1.40585594  p_y
   26   2   1   0       1.40309411  p_z
   26   2   1   1       1.34850717  p_x
   26   3   2  -2       0.01001499  d_xy
   26   3   2  -1       0.00606198  d_yz
   26   3   2   0       0.01000800  d_z2
   26   3   2   1       0.00922242  d_xz
   26   3   2   2       0.01139683  d_x2-y2
   27   1   0   0       1.84856717  s
   27   2   1  -1       1.36795519  p_y
   27   2   1   0       1.38991709  p_z
   27   2   1   1       1.37526619  p_x
   27   3   2  -2       0.00845647  d_xy
   27   3   2  -1       0.00891014  d_yz
   27   3   2   0       0.01061011  d_z2
   27   3   2   1       0.00569451  d_xz
   27   3   2   2       0.01126366  d_x2-y2
   28   1   0   0       1.84934947  s
   28   2   1  -1       1.39193372  p_y
   28   2   1   0       1.45298956  p_z
   28   2   1   1       1.34105745  p_x
   28   3   2  -2       0.00676279  d_xy
   28   3   2  -1       0.00820758  d_yz
   28   3   2   0       0.01032816  d_z2
   28   3   2   1       0.00552639  d_xz
   28   3   2   2       0.01103095  d_x2-y2
   29   1   0   0       1.85462401  s
   29   2   1  -1       1.32917041  p_y
   29   2   1   0       1.46504502  p_z
   29   2   1   1       1.38132944  p_x
   29   3   2  -2       0.00400213  d_xy
   29   3   2  -1       0.00912441  d_yz
   29   3   2   0       0.01204973  d_z2
   29   3   2   1       0.01065142  d_xz
   29   3   2   2       0.00985470  d_x2-y2
   30   1   0   0       1.84687696  s
   30   2   1  -1       1.34655705  p_y
   30   2   1   0       1.44258233  p_z
   30   2   1   1       1.41619115  p_x
   30   3   2  -2       0.00331948  d_xy
   30   3   2  -1       0.00733544  d_yz
   30   3   2   0       0.01112625  d_z2
   30   3   2   1       0.00807750  d_xz
   30   3   2   2       0.00817174  d_x2-y2
   31   1   0   0       1.84940755  s
   31   2   1  -1       1.37866642  p_y
   31   2   1   0       1.39058559  p_z
   31   2   1   1       1.37055750  p_x
   31   3   2  -2       0.00855078  d_xy
   31   3   2  -1       0.00608486  d_yz
   31   3   2   0       0.01089788  d_z2
   31   3   2   1       0.00839870  d_xz
   31   3   2   2       0.01093031  d_x2-y2
   32   1   0   0       1.84795817  s
   32   2   1  -1       1.43006735  p_y
   32   2   1   0       1.35467784  p_z
   32   2   1   1       1.41294494  p_x
   32   3   2  -2       0.01354731  d_xy
   32   3   2  -1       0.00680959  d_yz
   32   3   2   0       0.00959950  d_z2
   32   3   2   1       0.00524136  d_xz
   32   3   2   2       0.01215965  d_x2-y2
   33   1   0   0       1.84640676  s
   33   2   1  -1       1.52797656  p_y
   33   2   1   0       1.27349592  p_z
   33   2   1   1       1.36318154  p_x
   33   3   2  -2       0.00881725  d_xy
   33   3   2  -1       0.00776075  d_yz
   33   3   2   0       0.01180479  d_z2
   33   3   2   1       0.00620590  d_xz
   33   3   2   2       0.01234825  d_x2-y2
   34   1   0   0       1.84798374  s
   34   2   1  -1       1.35651261  p_y
   34   2   1   0       1.34413784  p_z
   34   2   1   1       1.52448360  p_x
   34   3   2  -2       0.01128447  d_xy
   34   3   2  -1       0.00562639  d_yz
   34   3   2   0       0.00960480  d_z2
   34   3   2   1       0.00438469  d_xz
   34   3   2   2       0.00995199  d_x2-y2
   35   1   0   0       1.84187344  s
   35   2   1  -1       1.49701774  p_y
   35   2   1   0       1.36681191  p_z
   35   2   1   1       1.37112606  p_x
   35   3   2  -2       0.00971623  d_xy
   35   3   2  -1       0.00811411  d_yz
   35   3   2   0       0.00817345  d_z2
   35   3   2   1       0.00231605  d_xz
   35   3   2   2       0.01153645  d_x2-y2
   36   1   0   0       1.84997539  s
   36   2   1  -1       1.35413741  p_y
   36   2   1   0       1.48265988  p_z
   36   2   1   1       1.31844642  p_x
   36   3   2  -2       0.00513092  d_xy
   36   3   2  -1       0.00723233  d_yz
   36   3   2   0       0.01163019  d_z2
   36   3   2   1       0.01358563  d_xz
   36   3   2   2       0.01041966  d_x2-y2
   37   1   0   0       1.85478144  s
   37   2   1  -1       1.28834057  p_y
   37   2   1   0       1.46558470  p_z
   37   2   1   1       1.45001031  p_x
   37   3   2  -2       0.00588713  d_xy
   37   3   2  -1       0.00622086  d_yz
   37   3   2   0       0.01103812  d_z2
   37   3   2   1       0.01197386  d_xz
   37   3   2   2       0.01085985  d_x2-y2
   38   1   0   0       1.85585854  s
   38   2   1  -1       1.42216721  p_y
   38   2   1   0       1.36490650  p_z
   38   2   1   1       1.40653235  p_x
   38   3   2  -2       0.01067167  d_xy
   38   3   2  -1       0.00799527  d_yz
   38   3   2   0       0.01139773  d_z2
   38   3   2   1       0.00686771  d_xz
   38   3   2   2       0.01205444  d_x2-y2
   39   1   0   0       1.86104158  s
   39   2   1  -1       1.41452488  p_y
   39   2   1   0       1.33166459  p_z
   39   2   1   1       1.44988908  p_x
   39   3   2  -2       0.01001814  d_xy
   39   3   2  -1       0.01063455  d_yz
   39   3   2   0       0.01251514  d_z2
   39   3   2   1       0.00699990  d_xz
   39   3   2   2       0.01179172  d_x2-y2
   40   1   0   0       1.85418390  s
   40   2   1  -1       1.45711213  p_y
   40   2   1   0       1.37077934  p_z
   40   2   1   1       1.32385164  p_x
   40   3   2  -2       0.00741107  d_xy
   40   3   2  -1       0.00609145  d_yz
   40   3   2   0       0.01084121  d_z2
   40   3   2   1       0.00587519  d_xz
   40   3   2   2       0.00998454  d_x2-y2
   41   1   0   0       1.94180031  s
   41   2   1  -1       1.72633566  p_y
   41   2   1   0       1.72716618  p_z
   41   2   1   1       1.71872692  p_x
   41   3   2  -2       0.00162269  d_xy
   41   3   2  -1       0.00039790  d_yz
   41   3   2   0      -0.00537419  d_z2
   41   3   2   1       0.00163669  d_xz
   41   3   2   2      -0.00346726  d_x2-y2
   42   1   0   0       1.94459758  s
   42   2   1  -1       1.75559649  p_y
   42   2   1   0       1.71977011  p_z
   42   2   1   1       1.71956111  p_x
   42   3   2  -2       0.00152846  d_xy
   42   3   2  -1       0.00445004  d_yz
   42   3   2   0      -0.01119666  d_z2
   42   3   2   1      -0.00096211  d_xz
   42   3   2   2      -0.00160692  d_x2-y2
   43   1   0   0       1.94369323  s
   43   2   1  -1       1.75760737  p_y
   43   2   1   0       1.73689702  p_z
   43   2   1   1       1.69001351  p_x
   43   3   2  -2      -0.00881408  d_xy
   43   3   2  -1       0.00535962  d_yz
   43   3   2   0       0.00106117  d_z2
   43   3   2   1      -0.00229325  d_xz
   43   3   2   2      -0.00075354  d_x2-y2
   44   1   0   0       1.94561561  s
   44   2   1  -1       1.71125933  p_y
   44   2   1   0       1.72783828  p_z
   44   2   1   1       1.74327808  p_x
   44   3   2  -2      -0.00153618  d_xy
   44   3   2  -1      -0.00180868  d_yz
   44   3   2   0      -0.00077167  d_z2
   44   3   2   1       0.00245728  d_xz
   44   3   2   2       0.00210464  d_x2-y2
   45   1   0   0       1.94559096  s
   45   2   1  -1       1.74060605  p_y
   45   2   1   0       1.74854870  p_z
   45   2   1   1       1.69234615  p_x
   45   3   2  -2      -0.00211300  d_xy
   45   3   2  -1       0.00282395  d_yz
   45   3   2   0       0.00044283  d_z2
   45   3   2   1      -0.00141235  d_xz
   45   3   2   2       0.00074871  d_x2-y2
   46   1   0   0       1.94433231  s
   46   2   1  -1       1.73218355  p_y
   46   2   1   0       1.72115836  p_z
   46   2   1   1       1.73882529  p_x
   46   3   2  -2       0.00407129  d_xy
   46   3   2  -1      -0.00601622  d_yz
   46   3   2   0      -0.00031635  d_z2
   46   3   2   1      -0.00055407  d_xz
   46   3   2   2      -0.00071484  d_x2-y2
   47   1   0   0       1.94196077  s
   47   2   1  -1       1.73266264  p_y
   47   2   1   0       1.72624248  p_z
   47   2   1   1       1.72046047  p_x
   47   3   2  -2       0.00159374  d_xy
   47   3   2  -1      -0.00150400  d_yz
   47   3   2   0      -0.00602618  d_z2
   47   3   2   1       0.00092860  d_xz
   47   3   2   2      -0.00477263  d_x2-y2
   48   1   0   0       1.94229128  s
   48   2   1  -1       1.74552168  p_y
   48   2   1   0       1.71222379  p_z
   48   2   1   1       1.73031690  p_x
   48   3   2  -2       0.00293353  d_xy
   48   3   2  -1      -0.00011379  d_yz
   48   3   2   0      -0.01104598  d_z2
   48   3   2   1       0.00176380  d_xz
   48   3   2   2       0.00269888  d_x2-y2

Fermi level:                        -0.1376127904 H           -3.7446 eV
Band energy:                       -73.1503844007 H        -1990.5232 eV
TS:                                  0.0000000000 H            0.0000 eV
Band free energy (E-TS):           -73.1503844007 H        -1990.5232 eV
Extrapolated E(0K):                -73.1503844007 H        -1990.5232 eV
Input / Output electrons (q):    192.0000000000    192.0000000000

Energy H0:                         -74.8994339713 H        -2038.1173 eV
Energy SCC:                          0.0342624152 H            0.9323 eV
Total Electronic energy:           -74.8651715561 H        -2037.1850 eV
Repulsive energy:                    0.4492158369 H           12.2238 eV
Total energy:                      -74.4159557192 H        -2024.9612 eV
Extrapolated to 0:                 -74.4159557192 H        -2024.9612 eV
Total Mermin free energy:          -74.4159557192 H        -2024.9612 eV
Force related energy:              -74.4159557192 H        -2024.9612 eV

Atom resolved electronic energies 
    1     -0.31493823 H       -8.569905 eV
    2     -0.30034255 H       -8.172737 eV
    3     -0.29293422 H       -7.971146 eV
    4     -0.29549302 H       -8.040774 eV
    5     -0.30094794 H       -8.189210 eV
    6     -0.29820615 H       -8.114602 eV
    7     -0.28813331 H       -7.840506 eV
    8     -0.28007706 H       -7.621285 eV
    9     -0.30075492 H       -8.183958 eV
   10     -0.26870268 H       -7.311772 eV
   11     -0.29522671 H       -8.033527 eV
   12     -0.30645125 H       -8.338963 eV
   13     -0.31162430 H       -8.479729 eV
   14     -0.29389213 H       -7.997212 eV
   15     -0.28112837 H       -7.649892 eV
   16     -0.27885589 H       -7.588055 eV
   17     -0.28377734 H       -7.721974 eV
   18     -0.29336250 H       -7.982800 eV
   19     -0.30386600 H       -8.268615 eV
   20     -0.29304132 H       -7.974060 eV
   21     -1.87436544 H      -51.004079 eV
   22     -1.87509248 H      -51.023862 eV
   23     -1.87520620 H      -51.026957 eV
   24     -1.87796034 H      -51.101901 eV
   25     -2.24736295 H      -61.153857 eV
   26     -2.24946455 H      -61.211045 eV
   27     -2.24435268 H      -61.071944 eV
   28     -2.24864054 H      -61.188622 eV
   29     -2.25046536 H      -61.238278 eV
   30     -2.24805718 H      -61.172748 eV
   31     -2.24634931 H      -61.126275 eV
   32     -2.24844749 H      -61.183369 eV
   33     -2.24520070 H      -61.095019 eV
   34     -2.25233105 H      -61.289046 eV
   35     -2.24783387 H      -61.166672 eV
   36     -2.24706427 H      -61.145730 eV
   37     -2.25316831 H      -61.311829 eV
   38     -2.25340210 H      -61.318191 eV
   39     -2.25586343 H      -61.385167 eV
   40     -2.24660262 H      -61.133168 eV
   41     -3.18324310 H      -86.620452 eV
   42     -3.19027633 H      -86.811836 eV
   43     -3.18605098 H      -86.696858 eV
   44     -3.18819023 H      -86.755070 eV
   45     -3.18758296 H      -86.738546 eV
   46     -3.18898318 H      -86.776647 eV
   47     -3.18387676 H      -86.637695 eV
   48     -3.18798124 H      -86.749383 eV

Atom resolved repulsive energies 
    1      0.00000000 H        0.000000 eV
    2      0.00000000 H        0.000000 eV
    3      0.00000000 H        0.000000 eV
    4      0.00000000 H        0.000000 eV
    5      0.00000000 H        0.000000 eV
    6      0.00000000 H        0.000000 eV
    7      0.00000000 H        0.000000 eV
    8      0.00000000 H        0.000000 eV
    9      0.00000000 H        0.000000 eV
   10      0.00000000 H        0.000000 eV
   11      0.00000000 H        0.000000 eV
   12      0.00000000 H        0.000000 eV
   13      0.00000000 H        0.000000 eV
   14      0.00000000 H        0.000000 eV
   15      0.00000000 H        0.000000 eV
   16      0.00000000 H        0.000000 eV
   17      0.00000000 H        0.000000 eV
   18      0.00000000 H        0.000000 eV
   19      0.00000000 H        0.000000 eV
   20      0.00000000 H        0.000000 eV
   21      0.05548015 H        1.509692 eV
   22      0.05604526 H        1.525069 eV
   23      0.05636483 H        1.533765 eV
   24      0.05671768 H        1.543367 eV
   25      0.01383472 H        0.376462 eV
   26      0.01372270 H        0.373414 eV
   27      0.01361067 H        0.370365 eV
   28      0.01431205 H        0.389451 eV
   29      0.01341192 H        0.364957 eV
   30      0.01455184 H        0.395976 eV
   31      0.01327452 H        0.361218 eV
   32      0.01480698 H        0.402918 eV
   33      0.01319737 H        0.359119 eV
   34      0.01505606 H        0.409696 eV
   35      0.01466000 H        0.398919 eV
   36      0.01345140 H        0.366031 eV
   37      0.01493007 H        0.406268 eV
   38      0.01448165 H        0.394066 eV
   39      0.01446212 H        0.393534 eV
   40      0.01284382 H        0.349498 eV
   41      0.00000000 H        0.000000 eV
   42      0.00000000 H        0.000000 eV
   43      0.00000000 H        0.000000 eV
   44      0.00000000 H        0.000000 eV
   45      0.00000000 H        0.000000 eV
   46      0.00000000 H        0.000000 eV
   47      0.00000000 H        0.000000 eV
   48      0.00000000 H        0.000000 eV

Atom resolved total energies 
    1     -0.31493823 H       -8.569905 eV
    2     -0.30034255 H       -8.172737 eV
    3     -0.29293422 H       -7.971146 eV
    4     -0.29549302 H       -8.040774 eV
    5     -0.30094794 H       -8.189210 eV
    6     -0.29820615 H       -8.114602 eV
    7     -0.28813331 H       -7.840506 eV
    8     -0.28007706 H       -7.621285 eV
    9     -0.30075492 H       -8.183958 eV
   10     -0.26870268 H       -7.311772 eV
   11     -0.29522671 H       -8.033527 eV
   12     -0.30645125 H       -8.338963 eV
   13     -0.31162430 H       -8.479729 eV
   14     -0.29389213 H       -7.997212 eV
   15     -0.28112837 H       -7.649892 eV
   16     -0.27885589 H       -7.588055 eV
   17     -0.28377734 H       -7.721974 eV
   18     -0.29336250 H       -7.982800 eV
   19     -0.30386600 H       -8.268615 eV
   20     -0.29304132 H       -7.974060 eV
   21     -1.81888529 H      -49.494387 eV
   22     -1.81904722 H      -49.498793 eV
   23     -1.81884137 H      -49.493192 eV
   24     -1.82124266 H      -49.558534 eV
   25     -2.23352823 H      -60.777395 eV
   26     -2.23574185 H      -60.837631 eV
   27     -2.23074201 H      -60.701579 eV
   28     -2.23432849 H      -60.799172 eV
   29     -2.23705344 H      -60.873321 eV
   30     -2.23350534 H      -60.776773 eV
   31     -2.23307479 H      -60.765057 eV
   32     -2.23364052 H      -60.780451 eV
   33     -2.23200333 H      -60.735901 eV
   34     -2.23727499 H      -60.879350 eV
   35     -2.23317387 H      -60.767753 eV
   36     -2.23361287 H      -60.779699 eV
   37     -2.23823824 H      -60.905561 eV
   38     -2.23892044 H      -60.924125 eV
   39     -2.24140130 H      -60.991633 eV
   40     -2.23375880 H      -60.783670 eV
   41     -3.18324310 H      -86.620452 eV
   42     -3.19027633 H      -86.811836 eV
   43     -3.18605098 H      -86.696858 eV
   44     -3.18819023 H      -86.755070 eV
   45     -3.18758296 H      -86.738546 eV
   46     -3.18898318 H      -86.776647 eV
   47     -3.18387676 H      -86.637695 eV
   48     -3.18798124 H      -86.749383 eV

SCC converged

Total Forces
    1     -0.001779039424     -0.004965586385      0.005813724246
    2     -0.004781480888      0.007546503196     -0.000196936014
    3      0.007840712859     -0.005615087407     -0.009019697380
    4     -0.004441417860      0.005623262301      0.007674531690
    5     -0.003671407154      0.010710490378     -0.008950573234
    6      0.006737566670      0.003114027968      0.005972020358
    7     -0.009096430516     -0.003217759521      0.005185927835
    8     -0.001405353765     -0.008723321269      0.002167758926
    9      0.000289459380     -0.007683629632     -0.006504751338
   10      0.007083721579      0.006178914752      0.006736523736
   11     -0.008145614569     -0.002365445758      0.002536104971
   12      0.003787711246      0.001010511181      0.010439447133
   13     -0.001081143032     -0.005129229573      0.004104793711
   14     -0.006254862998      0.004652974341     -0.006182317834
   15      0.000495399225      0.000916326104     -0.003640204188
   16      0.007755566454     -0.007072165507     -0.001925796973
   17      0.001979127191      0.009469050539     -0.006087310772
   18     -0.000994018206     -0.003528776461     -0.007473270156
   19      0.007127524835      0.004928315200      0.005899126949
   20     -0.006700778194      0.001053666873      0.000484700228
   21      0.005849782379     -0.000286520917     -0.002193169522
   22      0.004637843535     -0.000019299987      0.000910455668
   23     -0.003397801726     -0.000632501103     -0.003088687006
   24      0.000240784109      0.006892582685     -0.000029793547
   25      0.020196407562     -0.017311507375      0.012207247625
   26     -0.017905027505      0.021400988770      0.024944330537
   27     -0.019849141196     -0.019768958412     -0.020132692744
   28      0.017021411902      0.019852542175     -0.025408443175
   29      0.019354563149      0.020247684961     -0.009291493064
   30      0.029358022824     -0.018423498499      0.017649640019
   31     -0.019839095500     -0.019541933771     -0.020298297326
   32     -0.022236770967      0.010378047929      0.021615699107
   33     -0.017503655988      0.012806796072      0.020000542990
   34      0.009338351136      0.026971317925     -0.019496000245
   35     -0.016082956190     -0.018160598771     -0.019215844216
   36      0.016470030818     -0.023111781081      0.008195705726
   37      0.023192956442      0.016263047109     -0.007547094255
   38      0.006736033566     -0.025680711599      0.014990902153
   39     -0.024374805367     -0.008347810199     -0.015674385199
   40     -0.015331837695      0.023464661554      0.011202325611
   41      0.010315910436     -0.013256562793      0.007295853170
   42      0.012472982241      0.005272919822     -0.005768718615
   43     -0.001636322877      0.005742801203     -0.000266303061
   44     -0.003390301586      0.004583491696      0.009184652042
   45      0.000512376071     -0.009302884951     -0.006851879059
   46     -0.002832423035     -0.000228065854      0.004702361299
   47      0.000259785226      0.003329257259     -0.008634149474
   48     -0.006322344596     -0.010036545165      0.003963432667

Total stress tensor
     -0.000152569952      0.000006686017     -0.000000011742
      0.000006686392     -0.000134936367     -0.000000771884
     -0.000000011634     -0.000000771645     -0.000139732525

Total lattice derivs
      0.053377909218     -0.002339160426      0.000004107964
     -0.002339291811      0.047208648115      0.000270050170
      0.000004070385      0.000269966730      0.048886625044

Maximal derivative component:        0.293580E-01 au

Volume:                              0.654393E+04 au^3
Pressure:                           -0.142413E-03 au    -0.418993E+10 Pa

Warning: dipole moment is not defined absolutely!
Dipole moment:   -5.54898333    0.36253259   -0.14509887 au
Dipole moment:  -14.10410993    0.92146601   -0.36880458 Debye


