 Fermi distribution function

Calculation with static geometry


********************************************************************************
 iSCC Total electronic   Diff electronic      SCC error    
   21   -0.73103044E+02    0.00000000E+00    0.63391070E-10
********************************************************************************

 Total charge:     0.00000000

 Atomic gross charges (e)
 Atom           Charge
    1       0.01324783
    2       0.02311635
    3       0.06959358
    4       0.05337937
    5       0.04234140
    6       0.05206033
    7       0.06367804
    8       0.09622667
    9       0.03554748
   10       0.11501894
   11       0.04364084
   12       0.00663714
   13      -0.00023824
   14       0.06817189
   15       0.07691419
   16       0.08959002
   17       0.07398988
   18       0.05907427
   19       0.02797705
   20       0.05562096
   21       0.19244141
   22       0.19588536
   23       0.19787981
   24       0.18525353
   25      -0.01905055
   26      -0.00991426
   27       0.01668959
   28      -0.02506259
   29      -0.02434343
   30      -0.04096557
   31       0.00950457
   32      -0.04493877
   33      -0.01288078
   34      -0.06735629
   35      -0.06869733
   36      -0.00620407
   37      -0.05434833
   38      -0.05751268
   39      -0.05542289
   40       0.00381884
   41      -0.16051365
   42      -0.18193448
   43      -0.17411487
   44      -0.16828871
   45      -0.18186169
   46      -0.18427593
   47      -0.15662473
   48      -0.17274952

Nr. of electrons (up):    192.00000000
Atom populations (up)
 Atom       Population
    1       0.98675217
    2       0.97688365
    3       0.93040642
    4       0.94662063
    5       0.95765860
    6       0.94793967
    7       0.93632196
    8       0.90377333
    9       0.96445252
   10       0.88498106
   11       0.95635916
   12       0.99336286
   13       1.00023824
   14       0.93182811
   15       0.92308581
   16       0.91040998
   17       0.92601012
   18       0.94092573
   19       0.97202295
   20       0.94437904
   21       4.80755859
   22       4.80411464
   23       4.80212019
   24       4.81474647
   25       6.01905055
   26       6.00991426
   27       5.98331041
   28       6.02506259
   29       6.02434343
   30       6.04096557
   31       5.99049543
   32       6.04493877
   33       6.01288078
   34       6.06735629
   35       6.06869733
   36       6.00620407
   37       6.05434833
   38       6.05751268
   39       6.05542289
   40       5.99618116
   41       7.16051365
   42       7.18193448
   43       7.17411487
   44       7.16828871
   45       7.18186169
   46       7.18427593
   47       7.15662473
   48       7.17274952

l-shell populations (up)
 Atom Sh.   l       Population
    1   1   0       0.35501236
    1   2   1       0.63173981
    2   1   0       0.35819299
    2   2   1       0.61869066
    3   1   0       0.33079626
    3   2   1       0.59961016
    4   1   0       0.34627302
    4   2   1       0.60034761
    5   1   0       0.34330558
    5   2   1       0.61435302
    6   1   0       0.34033332
    6   2   1       0.60760635
    7   1   0       0.34028123
    7   2   1       0.59604073
    8   1   0       0.32267057
    8   2   1       0.58110276
    9   1   0       0.34975209
    9   2   1       0.61470043
   10   1   0       0.31663420
   10   2   1       0.56834686
   11   1   0       0.35455350
   11   2   1       0.60180566
   12   1   0       0.36354524
   12   2   1       0.62981761
   13   1   0       0.37194971
   13   2   1       0.62828852
   14   1   0       0.32865251
   14   2   1       0.60317560
   15   1   0       0.33918486
   15   2   1       0.58390094
   16   1   0       0.32383213
   16   2   1       0.58657785
   17   1   0       0.33450233
   17   2   1       0.59150780
   18   1   0       0.34047552
   18   2   1       0.60045021
   19   1   0       0.35100324
   19   2   1       0.62101971
   20   1   0       0.34815141
   20   2   1       0.59622763
   21   1   0       1.56595715
   21   2   1       2.90679304
   21   3   2       0.33480840
   22   1   0       1.56343740
   22   2   1       2.90089174
   22   3   2       0.33978550
   23   1   0       1.56141502
   23   2   1       2.89581698
   23   3   2       0.34488820
   24   1   0       1.56271066
   24   2   1       2.90710808
   24   3   2       0.34492773
   25   1   0       1.88367194
   25   2   1       4.08691419
   25   3   2       0.04846441
   26   1   0       1.88083175
   26   2   1       4.07861412
   26   3   2       0.05046839
   27   1   0       1.87832912
   27   2   1       4.05583025
   27   3   2       0.04915105
   28   1   0       1.88102068
   28   2   1       4.09747012
   28   3   2       0.04657178
   29   1   0       1.88395440
   29   2   1       4.08922619
   29   3   2       0.05116284
   30   1   0       1.87905759
   30   2   1       4.12052422
   30   3   2       0.04138377
   31   1   0       1.87925835
   31   2   1       4.06282919
   31   3   2       0.04840788
   32   1   0       1.87964809
   32   2   1       4.11620877
   32   3   2       0.04908192
   33   1   0       1.87700140
   33   2   1       4.08368203
   33   3   2       0.05219734
   34   1   0       1.88002206
   34   2   1       4.14364592
   34   3   2       0.04368831
   35   1   0       1.87497485
   35   2   1       4.14931958
   35   3   2       0.04440289
   36   1   0       1.88019007
   36   2   1       4.07418395
   36   3   2       0.05183005
   37   1   0       1.88573097
   37   2   1       4.12125700
   37   3   2       0.04736036
   38   1   0       1.88929962
   38   2   1       4.11807574
   38   3   2       0.05013732
   39   1   0       1.89075877
   39   2   1       4.11301408
   39   3   2       0.05165004
   40   1   0       1.88291146
   40   2   1       4.06816271
   40   3   2       0.04510700
   41   1   0       1.94986210
   41   2   1       5.21340323
   41   3   2      -0.00275168
   42   1   0       1.95240023
   42   2   1       5.23452603
   42   3   2      -0.00499178
   43   1   0       1.95187057
   43   2   1       5.22627638
   43   3   2      -0.00403207
   44   1   0       1.95255740
   44   2   1       5.21793133
   44   3   2      -0.00220002
   45   1   0       1.95377961
   45   2   1       5.22816427
   45   3   2      -0.00008220
   46   1   0       1.95239658
   46   2   1       5.23323495
   46   3   2      -0.00135559
   47   1   0       1.94956849
   47   2   1       5.21338724
   47   3   2      -0.00633099
   48   1   0       1.95023363
   48   2   1       5.22541550
   48   3   2      -0.00289961

Orbital populations (up)
 Atom Sh.   l   m       Population  Label
    1   1   0   0       0.35501236  s
    1   2   1  -1       0.20945744  p_y
    1   2   1   0       0.20718966  p_z
    1   2   1   1       0.21509271  p_x
    2   1   0   0       0.35819299  s
    2   2   1  -1       0.17067571  p_y
    2   2   1   0       0.23951185  p_z
    2   2   1   1       0.20850310  p_x
    3   1   0   0       0.33079626  s
    3   2   1  -1       0.20587288  p_y
    3   2   1   0       0.19465439  p_z
    3   2   1   1       0.19908290  p_x
    4   1   0   0       0.34627302  s
    4   2   1  -1       0.22101626  p_y
    4   2   1   0       0.17314753  p_z
    4   2   1   1       0.20618381  p_x
    5   1   0   0       0.34330558  s
    5   2   1  -1       0.20211335  p_y
    5   2   1   0       0.19875532  p_z
    5   2   1   1       0.21348434  p_x
    6   1   0   0       0.34033332  s
    6   2   1  -1       0.18567459  p_y
    6   2   1   0       0.22885890  p_z
    6   2   1   1       0.19307286  p_x
    7   1   0   0       0.34028123  s
    7   2   1  -1       0.21352298  p_y
    7   2   1   0       0.22577501  p_z
    7   2   1   1       0.15674274  p_x
    8   1   0   0       0.32267057  s
    8   2   1  -1       0.17030750  p_y
    8   2   1   0       0.20954792  p_z
    8   2   1   1       0.20124734  p_x
    9   1   0   0       0.34975209  s
    9   2   1  -1       0.21511222  p_y
    9   2   1   0       0.18647291  p_z
    9   2   1   1       0.21311529  p_x
   10   1   0   0       0.31663420  s
   10   2   1  -1       0.20826164  p_y
   10   2   1   0       0.17682859  p_z
   10   2   1   1       0.18325663  p_x
   11   1   0   0       0.35455350  s
   11   2   1  -1       0.21470106  p_y
   11   2   1   0       0.19145892  p_z
   11   2   1   1       0.19564568  p_x
   12   1   0   0       0.36354524  s
   12   2   1  -1       0.21560822  p_y
   12   2   1   0       0.21086954  p_z
   12   2   1   1       0.20333985  p_x
   13   1   0   0       0.37194971  s
   13   2   1  -1       0.16699468  p_y
   13   2   1   0       0.21915309  p_z
   13   2   1   1       0.24214075  p_x
   14   1   0   0       0.32865251  s
   14   2   1  -1       0.18450989  p_y
   14   2   1   0       0.21208880  p_z
   14   2   1   1       0.20657691  p_x
   15   1   0   0       0.33918486  s
   15   2   1  -1       0.18572570  p_y
   15   2   1   0       0.20201208  p_z
   15   2   1   1       0.19616317  p_x
   16   1   0   0       0.32383213  s
   16   2   1  -1       0.19360673  p_y
   16   2   1   0       0.19667148  p_z
   16   2   1   1       0.19629964  p_x
   17   1   0   0       0.33450233  s
   17   2   1  -1       0.18252892  p_y
   17   2   1   0       0.20683821  p_z
   17   2   1   1       0.20214066  p_x
   18   1   0   0       0.34047552  s
   18   2   1  -1       0.21787336  p_y
   18   2   1   0       0.16703518  p_z
   18   2   1   1       0.21554166  p_x
   19   1   0   0       0.35100324  s
   19   2   1  -1       0.22007551  p_y
   19   2   1   0       0.19414192  p_z
   19   2   1   1       0.20680228  p_x
   20   1   0   0       0.34815141  s
   20   2   1  -1       0.22728929  p_y
   20   2   1   0       0.20315730  p_z
   20   2   1   1       0.16578104  p_x
   21   1   0   0       1.56595715  s
   21   2   1  -1       0.96481078  p_y
   21   2   1   0       0.98274994  p_z
   21   2   1   1       0.95923232  p_x
   21   3   2  -2       0.07437005  d_xy
   21   3   2  -1       0.06279079  d_yz
   21   3   2   0       0.06692916  d_z2
   21   3   2   1       0.06666986  d_xz
   21   3   2   2       0.06404854  d_x2-y2
   22   1   0   0       1.56343740  s
   22   2   1  -1       0.95856786  p_y
   22   2   1   0       0.96854433  p_z
   22   2   1   1       0.97377955  p_x
   22   3   2  -2       0.06995733  d_xy
   22   3   2  -1       0.07277795  d_yz
   22   3   2   0       0.06628250  d_z2
   22   3   2   1       0.06363051  d_xz
   22   3   2   2       0.06713720  d_x2-y2
   23   1   0   0       1.56141502  s
   23   2   1  -1       0.97650297  p_y
   23   2   1   0       0.96270153  p_z
   23   2   1   1       0.95661247  p_x
   23   3   2  -2       0.06583988  d_xy
   23   3   2  -1       0.06503035  d_yz
   23   3   2   0       0.06277009  d_z2
   23   3   2   1       0.07941872  d_xz
   23   3   2   2       0.07182917  d_x2-y2
   24   1   0   0       1.56271066  s
   24   2   1  -1       0.97840684  p_y
   24   2   1   0       0.96314154  p_z
   24   2   1   1       0.96555970  p_x
   24   3   2  -2       0.06489776  d_xy
   24   3   2  -1       0.07265609  d_yz
   24   3   2   0       0.06578668  d_z2
   24   3   2   1       0.07176615  d_xz
   24   3   2   2       0.06982105  d_x2-y2
   25   1   0   0       1.88367194  s
   25   2   1  -1       1.33852077  p_y
   25   2   1   0       1.43175737  p_z
   25   2   1   1       1.31663605  p_x
   25   3   2  -2       0.00657220  d_xy
   25   3   2  -1       0.01029450  d_yz
   25   3   2   0       0.01224148  d_z2
   25   3   2   1       0.00899203  d_xz
   25   3   2   2       0.01036419  d_x2-y2
   26   1   0   0       1.88083175  s
   26   2   1  -1       1.38277729  p_y
   26   2   1   0       1.38019313  p_z
   26   2   1   1       1.31564370  p_x
   26   3   2  -2       0.01022136  d_xy
   26   3   2  -1       0.00719122  d_yz
   26   3   2   0       0.01073320  d_z2
   26   3   2   1       0.01002322  d_xz
   26   3   2   2       0.01229939  d_x2-y2
   27   1   0   0       1.87832912  s
   27   2   1  -1       1.33954184  p_y
   27   2   1   0       1.36589634  p_z
   27   2   1   1       1.35039206  p_x
   27   3   2  -2       0.00951134  d_xy
   27   3   2  -1       0.00931620  d_yz
   27   3   2   0       0.01125071  d_z2
   27   3   2   1       0.00732392  d_xz
   27   3   2   2       0.01174887  d_x2-y2
   28   1   0   0       1.88102068  s
   28   2   1  -1       1.35820040  p_y
   28   2   1   0       1.43485322  p_z
   28   2   1   1       1.30441649  p_x
   28   3   2  -2       0.00800049  d_xy
   28   3   2  -1       0.00922397  d_yz
   28   3   2   0       0.01055856  d_z2
   28   3   2   1       0.00669956  d_xz
   28   3   2   2       0.01208921  d_x2-y2
   29   1   0   0       1.88395440  s
   29   2   1  -1       1.29062603  p_y
   29   2   1   0       1.44519336  p_z
   29   2   1   1       1.35340680  p_x
   29   3   2  -2       0.00623682  d_xy
   29   3   2  -1       0.01098218  d_yz
   29   3   2   0       0.01176703  d_z2
   29   3   2   1       0.01085097  d_xz
   29   3   2   2       0.01132585  d_x2-y2
   30   1   0   0       1.87905759  s
   30   2   1  -1       1.31669209  p_y
   30   2   1   0       1.40367963  p_z
   30   2   1   1       1.40015250  p_x
   30   3   2  -2       0.00489059  d_xy
   30   3   2  -1       0.00701859  d_yz
   30   3   2   0       0.01112978  d_z2
   30   3   2   1       0.00893867  d_xz
   30   3   2   2       0.00940614  d_x2-y2
   31   1   0   0       1.87925835  s
   31   2   1  -1       1.35451885  p_y
   31   2   1   0       1.36759825  p_z
   31   2   1   1       1.34071209  p_x
   31   3   2  -2       0.00860477  d_xy
   31   3   2  -1       0.00747123  d_yz
   31   3   2   0       0.01114554  d_z2
   31   3   2   1       0.00942088  d_xz
   31   3   2   2       0.01176547  d_x2-y2
   32   1   0   0       1.87964809  s
   32   2   1  -1       1.39253177  p_y
   32   2   1   0       1.33005558  p_z
   32   2   1   1       1.39362141  p_x
   32   3   2  -2       0.01365647  d_xy
   32   3   2  -1       0.00656682  d_yz
   32   3   2   0       0.01053317  d_z2
   32   3   2   1       0.00638536  d_xz
   32   3   2   2       0.01194009  d_x2-y2
   33   1   0   0       1.87700140  s
   33   2   1  -1       1.51299427  p_y
   33   2   1   0       1.23883660  p_z
   33   2   1   1       1.33185116  p_x
   33   3   2  -2       0.00898014  d_xy
   33   3   2  -1       0.00923955  d_yz
   33   3   2   0       0.01302820  d_z2
   33   3   2   1       0.00930363  d_xz
   33   3   2   2       0.01164581  d_x2-y2
   34   1   0   0       1.88002206  s
   34   2   1  -1       1.33366057  p_y
   34   2   1   0       1.31256628  p_z
   34   2   1   1       1.49741906  p_x
   34   3   2  -2       0.01147257  d_xy
   34   3   2  -1       0.00663555  d_yz
   34   3   2   0       0.01084881  d_z2
   34   3   2   1       0.00475006  d_xz
   34   3   2   2       0.00998131  d_x2-y2
   35   1   0   0       1.87497485  s
   35   2   1  -1       1.47745402  p_y
   35   2   1   0       1.33662379  p_z
   35   2   1   1       1.33524177  p_x
   35   3   2  -2       0.01029042  d_xy
   35   3   2  -1       0.00902007  d_yz
   35   3   2   0       0.00958681  d_z2
   35   3   2   1       0.00381712  d_xz
   35   3   2   2       0.01168848  d_x2-y2
   36   1   0   0       1.88019007  s
   36   2   1  -1       1.32329233  p_y
   36   2   1   0       1.46558299  p_z
   36   2   1   1       1.28530863  p_x
   36   3   2  -2       0.00711140  d_xy
   36   3   2  -1       0.00790893  d_yz
   36   3   2   0       0.01107155  d_z2
   36   3   2   1       0.01374601  d_xz
   36   3   2   2       0.01199215  d_x2-y2
   37   1   0   0       1.88573097  s
   37   2   1  -1       1.25379824  p_y
   37   2   1   0       1.43465371  p_z
   37   2   1   1       1.43280505  p_x
   37   3   2  -2       0.00737621  d_xy
   37   3   2  -1       0.00628091  d_yz
   37   3   2   0       0.01062589  d_z2
   37   3   2   1       0.01147440  d_xz
   37   3   2   2       0.01160295  d_x2-y2
   38   1   0   0       1.88929962  s
   38   2   1  -1       1.40534641  p_y
   38   2   1   0       1.33914198  p_z
   38   2   1   1       1.37358735  p_x
   38   3   2  -2       0.01099450  d_xy
   38   3   2  -1       0.00814059  d_yz
   38   3   2   0       0.01192414  d_z2
   38   3   2   1       0.00775886  d_xz
   38   3   2   2       0.01131924  d_x2-y2
   39   1   0   0       1.89075877  s
   39   2   1  -1       1.37528795  p_y
   39   2   1   0       1.30084874  p_z
   39   2   1   1       1.43687739  p_x
   39   3   2  -2       0.01006012  d_xy
   39   3   2  -1       0.00976321  d_yz
   39   3   2   0       0.01288623  d_z2
   39   3   2   1       0.00779390  d_xz
   39   3   2   2       0.01114658  d_x2-y2
   40   1   0   0       1.88291146  s
   40   2   1  -1       1.44504322  p_y
   40   2   1   0       1.34263300  p_z
   40   2   1   1       1.28048649  p_x
   40   3   2  -2       0.00988912  d_xy
   40   3   2  -1       0.00694988  d_yz
   40   3   2   0       0.01156854  d_z2
   40   3   2   1       0.00665422  d_xz
   40   3   2   2       0.01004524  d_x2-y2
   41   1   0   0       1.94986210  s
   41   2   1  -1       1.74338751  p_y
   41   2   1   0       1.73320832  p_z
   41   2   1   1       1.73680740  p_x
   41   3   2  -2       0.00125486  d_xy
   41   3   2  -1      -0.00014442  d_yz
   41   3   2   0      -0.00272464  d_z2
   41   3   2   1       0.00105187  d_xz
   41   3   2   2      -0.00218935  d_x2-y2
   42   1   0   0       1.95240023  s
   42   2   1  -1       1.77283208  p_y
   42   2   1   0       1.72976441  p_z
   42   2   1   1       1.73192954  p_x
   42   3   2  -2       0.00097334  d_xy
   42   3   2  -1       0.00304667  d_yz
   42   3   2   0      -0.00626275  d_z2
   42   3   2   1      -0.00107035  d_xz
   42   3   2   2      -0.00167869  d_x2-y2
   43   1   0   0       1.95187057  s
   43   2   1  -1       1.77079292  p_y
   43   2   1   0       1.75589233  p_z
   43   2   1   1       1.69959113  p_x
   43   3   2  -2      -0.00482090  d_xy
   43   3   2  -1       0.00374840  d_yz
   43   3   2   0       0.00072364  d_z2
   43   3   2   1      -0.00320505  d_xz
   43   3   2   2      -0.00047815  d_x2-y2
   44   1   0   0       1.95255740  s
   44   2   1  -1       1.71503003  p_y
   44   2   1   0       1.73884658  p_z
   44   2   1   1       1.76405472  p_x
   44   3   2  -2      -0.00131905  d_xy
   44   3   2  -1      -0.00169666  d_yz
   44   3   2   0      -0.00131333  d_z2
   44   3   2   1       0.00137877  d_xz
   44   3   2   2       0.00075025  d_x2-y2
   45   1   0   0       1.95377961  s
   45   2   1  -1       1.75820437  p_y
   45   2   1   0       1.76446283  p_z
   45   2   1   1       1.70549708  p_x
   45   3   2  -2      -0.00173698  d_xy
   45   3   2  -1       0.00236613  d_yz
   45   3   2   0       0.00004395  d_z2
   45   3   2   1      -0.00135314  d_xz
   45   3   2   2       0.00059784  d_x2-y2
   46   1   0   0       1.95239658  s
   46   2   1  -1       1.74617047  p_y
   46   2   1   0       1.73479368  p_z
   46   2   1   1       1.75227079  p_x
   46   3   2  -2       0.00275793  d_xy
   46   3   2  -1      -0.00334911  d_yz
   46   3   2   0      -0.00010556  d_z2
   46   3   2   1      -0.00076601  d_xz
   46   3   2   2       0.00010718  d_x2-y2
   47   1   0   0       1.94956849  s
   47   2   1  -1       1.74190154  p_y
   47   2   1   0       1.73617294  p_z
   47   2   1   1       1.73531276  p_x
   47   3   2  -2       0.00045495  d_xy
   47   3   2  -1      -0.00060921  d_yz
   47   3   2   0      -0.00453813  d_z2
   47   3   2   1       0.00073584  d_xz
   47   3   2   2      -0.00237444  d_x2-y2
   48   1   0   0       1.95023363  s
   48   2   1  -1       1.75934966  p_y
   48   2   1   0       1.72019349  p_z
   48   2   1   1       1.74587235  p_x
   48   3   2  -2       0.00223285  d_xy
   48   3   2  -1      -0.00027336  d_yz
   48   3   2   0      -0.00664939  d_z2
   48   3   2   1       0.00062110  d_xz
   48   3   2   2       0.00116919  d_x2-y2

Fermi level:                        -0.1359665237 H           -3.6998 eV
Band energy:                       -70.9132245598 H        -1929.6470 eV
TS:                                  0.0000000000 H            0.0000 eV
Band free energy (E-TS):           -70.9132245598 H        -1929.6470 eV
Extrapolated E(0K):                -70.9132245598 H        -1929.6470 eV
Input / Output electrons (q):    192.0000000000    192.0000000000

Energy H0:                         -73.1342802198 H        -1990.0850 eV
Energy SCC:                          0.0312364220 H            0.8500 eV
Total Electronic energy:           -73.1030437978 H        -1989.2350 eV
Repulsive energy:                    0.0000000000 H            0.0000 eV
Total energy:                      -73.1030437978 H        -1989.2350 eV
Extrapolated to 0:                 -73.1030437978 H        -1989.2350 eV
Total Mermin free energy:          -73.1030437978 H        -1989.2350 eV
Force related energy:              -73.1030437978 H        -1989.2350 eV

Atom resolved electronic energies 
    1     -0.29132464 H       -7.927347 eV
    2     -0.28002546 H       -7.619880 eV
    3     -0.26886170 H       -7.316099 eV
    4     -0.27314373 H       -7.432619 eV
    5     -0.27949581 H       -7.605468 eV
    6     -0.27376379 H       -7.449492 eV
    7     -0.26759198 H       -7.281548 eV
    8     -0.25559456 H       -6.955082 eV
    9     -0.27708458 H       -7.539855 eV
   10     -0.24886697 H       -6.772015 eV
   11     -0.27682919 H       -7.532906 eV
   12     -0.28784404 H       -7.832635 eV
   13     -0.28960687 H       -7.880604 eV
   14     -0.26927448 H       -7.327331 eV
   15     -0.26409023 H       -7.186261 eV
   16     -0.26031777 H       -7.083607 eV
   17     -0.26426811 H       -7.191101 eV
   18     -0.26901356 H       -7.320231 eV
   19     -0.28177836 H       -7.667579 eV
   20     -0.27206811 H       -7.403350 eV
   21     -1.86434779 H      -50.731485 eV
   22     -1.86472978 H      -50.741879 eV
   23     -1.86439778 H      -50.732845 eV
   24     -1.86680185 H      -50.798263 eV
   25     -2.15990414 H      -58.773982 eV
   26     -2.16216384 H      -58.835472 eV
   27     -2.15799452 H      -58.722019 eV
   28     -2.15958253 H      -58.765231 eV
   29     -2.16192363 H      -58.828935 eV
   30     -2.15950358 H      -58.763082 eV
   31     -2.15958755 H      -58.765367 eV
   32     -2.16040418 H      -58.787589 eV
   33     -2.15863980 H      -58.739578 eV
   34     -2.16384065 H      -58.881100 eV
   35     -2.15921677 H      -58.755278 eV
   36     -2.15990591 H      -58.774030 eV
   37     -2.16363804 H      -58.875587 eV
   38     -2.16511809 H      -58.915861 eV
   39     -2.16552079 H      -58.926819 eV
   40     -2.15852585 H      -58.736477 eV
   41     -3.19946221 H      -87.061796 eV
   42     -3.20520261 H      -87.218001 eV
   43     -3.20184210 H      -87.126556 eV
   44     -3.20140835 H      -87.114753 eV
   45     -3.20346287 H      -87.170660 eV
   46     -3.20452870 H      -87.199663 eV
   47     -3.19839886 H      -87.032861 eV
   48     -3.20214710 H      -87.134856 eV

Atom resolved repulsive energies 
    1      0.00000000 H        0.000000 eV
    2      0.00000000 H        0.000000 eV
    3      0.00000000 H        0.000000 eV
    4      0.00000000 H        0.000000 eV
    5      0.00000000 H        0.000000 eV
    6      0.00000000 H        0.000000 eV
    7      0.00000000 H        0.000000 eV
    8      0.00000000 H        0.000000 eV
    9      0.00000000 H        0.000000 eV
   10      0.00000000 H        0.000000 eV
   11      0.00000000 H        0.000000 eV
   12      0.00000000 H        0.000000 eV
   13      0.00000000 H        0.000000 eV
   14      0.00000000 H        0.000000 eV
   15      0.00000000 H        0.000000 eV
   16      0.00000000 H        0.000000 eV
   17      0.00000000 H        0.000000 eV
   18      0.00000000 H        0.000000 eV
   19      0.00000000 H        0.000000 eV
   20      0.00000000 H        0.000000 eV
   21      0.00000000 H        0.000000 eV
   22      0.00000000 H        0.000000 eV
   23      0.00000000 H        0.000000 eV
   24      0.00000000 H        0.000000 eV
   25      0.00000000 H        0.000000 eV
   26      0.00000000 H        0.000000 eV
   27      0.00000000 H        0.000000 eV
   28      0.00000000 H        0.000000 eV
   29      0.00000000 H        0.000000 eV
   30      0.00000000 H        0.000000 eV
   31      0.00000000 H        0.000000 eV
   32      0.00000000 H        0.000000 eV
   33      0.00000000 H        0.000000 eV
   34      0.00000000 H        0.000000 eV
   35      0.00000000 H        0.000000 eV
   36      0.00000000 H        0.000000 eV
   37      0.00000000 H        0.000000 eV
   38      0.00000000 H        0.000000 eV
   39      0.00000000 H        0.000000 eV
   40      0.00000000 H        0.000000 eV
   41      0.00000000 H        0.000000 eV
   42      0.00000000 H        0.000000 eV
   43      0.00000000 H        0.000000 eV
   44      0.00000000 H        0.000000 eV
   45      0.00000000 H        0.000000 eV
   46      0.00000000 H        0.000000 eV
   47      0.00000000 H        0.000000 eV
   48      0.00000000 H        0.000000 eV

Atom resolved total energies 
    1     -0.29132464 H       -7.927347 eV
    2     -0.28002546 H       -7.619880 eV
    3     -0.26886170 H       -7.316099 eV
    4     -0.27314373 H       -7.432619 eV
    5     -0.27949581 H       -7.605468 eV
    6     -0.27376379 H       -7.449492 eV
    7     -0.26759198 H       -7.281548 eV
    8     -0.25559456 H       -6.955082 eV
    9     -0.27708458 H       -7.539855 eV
   10     -0.24886697 H       -6.772015 eV
   11     -0.27682919 H       -7.532906 eV
   12     -0.28784404 H       -7.832635 eV
   13     -0.28960687 H       -7.880604 eV
   14     -0.26927448 H       -7.327331 eV
   15     -0.26409023 H       -7.186261 eV
   16     -0.26031777 H       -7.083607 eV
   17     -0.26426811 H       -7.191101 eV
   18     -0.26901356 H       -7.320231 eV
   19     -0.28177836 H       -7.667579 eV
   20     -0.27206811 H       -7.403350 eV
   21     -1.86434779 H      -50.731485 eV
   22     -1.86472978 H      -50.741879 eV
   23     -1.86439778 H      -50.732845 eV
   24     -1.86680185 H      -50.798263 eV
   25     -2.15990414 H      -58.773982 eV
   26     -2.16216384 H      -58.835472 eV
   27     -2.15799452 H      -58.722019 eV
   28     -2.15958253 H      -58.765231 eV
   29     -2.16192363 H      -58.828935 eV
   30     -2.15950358 H      -58.763082 eV
   31     -2.15958755 H      -58.765367 eV
   32     -2.16040418 H      -58.787589 eV
   33     -2.15863980 H      -58.739578 eV
   34     -2.16384065 H      -58.881100 eV
   35     -2.15921677 H      -58.755278 eV
   36     -2.15990591 H      -58.774030 eV
   37     -2.16363804 H      -58.875587 eV
   38     -2.16511809 H      -58.915861 eV
   39     -2.16552079 H      -58.926819 eV
   40     -2.15852585 H      -58.736477 eV
   41     -3.19946221 H      -87.061796 eV
   42     -3.20520261 H      -87.218001 eV
   43     -3.20184210 H      -87.126556 eV
   44     -3.20140835 H      -87.114753 eV
   45     -3.20346287 H      -87.170660 eV
   46     -3.20452870 H      -87.199663 eV
   47     -3.19839886 H      -87.032861 eV
   48     -3.20214710 H      -87.134856 eV

SCC converged

Total Forces
    1     -0.002809743996     -0.005958931803      0.005862332677
    2     -0.005353521638      0.007416511279     -0.001164830139
    3      0.009854051624     -0.006434869038     -0.009211471010
    4     -0.002807146264      0.006211748243      0.007972499876
    5     -0.004873369444      0.011260745916     -0.009523409676
    6      0.007684274644      0.003094367913      0.006776542146
    7     -0.009017830115     -0.004019205611      0.006189412269
    8     -0.002389174436     -0.010339364586      0.003661610041
    9      0.000774136433     -0.008268277676     -0.008117939315
   10      0.007690085338      0.008455660745      0.008396176379
   11     -0.008200172385     -0.003108832382      0.004462055781
   12      0.004591384922      0.000577805256      0.009977391570
   13     -0.001462757352     -0.006603677077      0.003699364328
   14     -0.006553517072      0.005343581836     -0.006875544948
   15      0.001639145354      0.001838503176     -0.003905416654
   16      0.010105211072     -0.004754532959     -0.006580647792
   17      0.001065594155      0.011118767531     -0.005371364252
   18     -0.000577039024     -0.003687323456     -0.009104782654
   19      0.006994157757      0.005250945518      0.007852725970
   20     -0.006976271982      0.002192915736     -0.000917341760
   21      0.005713522173     -0.000229179899     -0.001963657725
   22      0.001410979562      0.001447382511      0.007000868525
   23     -0.002837243331     -0.000147625426     -0.008695037229
   24      0.005390580502      0.002102684723     -0.002976956015
   25     -0.004628127111      0.011435527887     -0.015745337387
   26      0.011596938602     -0.004546207603     -0.001233083019
   27      0.007001654779      0.007021926984      0.007420399671
   28     -0.013499424797     -0.010583537909     -0.000345394221
   29     -0.007176773464     -0.005278843286      0.017456656112
   30      0.002529978727      0.012450060648     -0.013730108718
   31      0.006795820851      0.006526811645      0.005543958016
   32      0.006606726439     -0.021807329140     -0.007171186284
   33      0.008396897139     -0.008562347599     -0.007833419354
   34     -0.018438622537     -0.006535562665      0.011403102567
   35      0.013313527240      0.011784805416      0.009968612359
   36     -0.013750556474      0.000194596679     -0.015927561047
   37     -0.001613653920     -0.019505608722      0.021883976968
   38     -0.025694883826     -0.000555836079     -0.014857736769
   39     -0.001826209567      0.024643444968      0.015741633384
   40      0.014497494755      0.004626145974     -0.014545151186
   41      0.009857334097     -0.013566918049      0.006561356261
   42      0.010913421895      0.006330325226     -0.004381863606
   43     -0.003525489403      0.003732805035     -0.000461571984
   44     -0.003706532292      0.003092009241      0.005824678347
   45      0.000061714808     -0.006948561348     -0.004489129639
   46     -0.001828228843     -0.000386232358      0.005139845988
   47      0.002321871647      0.002700517361     -0.008798573370
   48     -0.007260215241     -0.009021792777      0.005133316519

Total stress tensor
     -0.000343818221      0.000002661893     -0.000000745661
      0.000002662222     -0.000329497726      0.000003083324
     -0.000000745559      0.000003083446     -0.000332222243

Total lattice derivs
      0.130103241348     -0.001007279036      0.000282163222
     -0.001007403454      0.124684265051     -0.001166751511
      0.000282124787     -0.001166797905      0.125715241619

Maximal derivative component:        0.256949E-01 au

Volume:                              0.736103E+04 au^3
Pressure:                           -0.335179E-03 au    -0.986131E+10 Pa


