 Fermi distribution function

Calculation with static geometry


********************************************************************************
 iSCC Total electronic   Diff electronic      SCC error    
   21   -0.73401962E+02    0.00000000E+00    0.74164674E-10
********************************************************************************

 Total charge:     0.00000000

 Atomic gross charges (e)
 Atom           Charge
    1      -0.06261507
    2      -0.04197934
    3      -0.00535507
    4      -0.01459913
    5      -0.02726713
    6      -0.03061359
    7      -0.00590777
    8       0.00936389
    9      -0.04500805
   10       0.03970766
   11      -0.02117764
   12      -0.04914834
   13      -0.07336259
   14      -0.01176385
   15       0.01651868
   16       0.02328245
   17       0.00725367
   18      -0.02649500
   19      -0.04534794
   20      -0.01216018
   21       0.23687425
   22       0.24143790
   23       0.24319625
   24       0.23502752
   25       0.02188897
   26       0.03522919
   27       0.06354146
   28       0.01061717
   29       0.01607426
   30      -0.00581386
   31       0.05562389
   32      -0.01063478
   33       0.02968946
   34      -0.03246436
   35      -0.03247123
   36       0.03332145
   37      -0.02362375
   38      -0.03022076
   39      -0.02695833
   40       0.04302991
   41      -0.08004465
   42      -0.09787309
   43      -0.09146479
   44      -0.08794735
   45      -0.09654231
   46      -0.10241861
   47      -0.07744596
   48      -0.09295347

Nr. of electrons (up):    192.00000000
Atom populations (up)
 Atom       Population
    1       1.06261507
    2       1.04197934
    3       1.00535507
    4       1.01459913
    5       1.02726713
    6       1.03061359
    7       1.00590777
    8       0.99063611
    9       1.04500805
   10       0.96029234
   11       1.02117764
   12       1.04914834
   13       1.07336259
   14       1.01176385
   15       0.98348132
   16       0.97671755
   17       0.99274633
   18       1.02649500
   19       1.04534794
   20       1.01216018
   21       4.76312575
   22       4.75856210
   23       4.75680375
   24       4.76497248
   25       5.97811103
   26       5.96477081
   27       5.93645854
   28       5.98938283
   29       5.98392574
   30       6.00581386
   31       5.94437611
   32       6.01063478
   33       5.97031054
   34       6.03246436
   35       6.03247123
   36       5.96667855
   37       6.02362375
   38       6.03022076
   39       6.02695833
   40       5.95697009
   41       7.08004465
   42       7.09787309
   43       7.09146479
   44       7.08794735
   45       7.09654231
   46       7.10241861
   47       7.07744596
   48       7.09295347

l-shell populations (up)
 Atom Sh.   l       Population
    1   1   0       0.39019108
    1   2   1       0.67242399
    2   1   0       0.38494979
    2   2   1       0.65702955
    3   1   0       0.36521326
    3   2   1       0.64014181
    4   1   0       0.37694060
    4   2   1       0.63765853
    5   1   0       0.37557072
    5   2   1       0.65169640
    6   1   0       0.37862456
    6   2   1       0.65198903
    7   1   0       0.37172180
    7   2   1       0.63418597
    8   1   0       0.35962480
    8   2   1       0.63101132
    9   1   0       0.39177057
    9   2   1       0.65323748
   10   1   0       0.35280072
   10   2   1       0.60749162
   11   1   0       0.39133597
   11   2   1       0.62984167
   12   1   0       0.38499275
   12   2   1       0.66415559
   13   1   0       0.41069672
   13   2   1       0.66266587
   14   1   0       0.36330422
   14   2   1       0.64845963
   15   1   0       0.36909516
   15   2   1       0.61438615
   16   1   0       0.35475062
   16   2   1       0.62196693
   17   1   0       0.37052709
   17   2   1       0.62221924
   18   1   0       0.38327607
   18   2   1       0.64321893
   19   1   0       0.38858669
   19   2   1       0.65676125
   20   1   0       0.37683295
   20   2   1       0.63532723
   21   1   0       1.48941891
   21   2   1       2.86779951
   21   3   2       0.40590733
   22   1   0       1.48657242
   22   2   1       2.86038576
   22   3   2       0.41160392
   23   1   0       1.48433876
   23   2   1       2.85502056
   23   3   2       0.41744444
   24   1   0       1.48786712
   24   2   1       2.86385977
   24   3   2       0.41324560
   25   1   0       1.85103789
   25   2   1       4.07864501
   25   3   2       0.04842813
   26   1   0       1.84925320
   26   2   1       4.06212187
   26   3   2       0.05339575
   27   1   0       1.84720430
   27   2   1       4.03806820
   27   3   2       0.05118604
   28   1   0       1.84781426
   28   2   1       4.09362083
   28   3   2       0.04794775
   29   1   0       1.85193867
   29   2   1       4.07898159
   29   3   2       0.05300549
   30   1   0       1.84547998
   30   2   1       4.11646663
   30   3   2       0.04386725
   31   1   0       1.84814951
   31   2   1       4.04527023
   31   3   2       0.05095637
   32   1   0       1.84705991
   32   2   1       4.10977861
   32   3   2       0.05379625
   33   1   0       1.84544076
   33   2   1       4.07095443
   33   3   2       0.05391535
   34   1   0       1.84679192
   34   2   1       4.13880013
   34   3   2       0.04687231
   35   1   0       1.84040325
   35   2   1       4.14588358
   35   3   2       0.04618440
   36   1   0       1.84881537
   36   2   1       4.06310952
   36   3   2       0.05475366
   37   1   0       1.85360614
   37   2   1       4.11824355
   37   3   2       0.05177406
   38   1   0       1.85775349
   38   2   1       4.11760227
   38   3   2       0.05486501
   39   1   0       1.85990157
   39   2   1       4.10808362
   39   3   2       0.05897314
   40   1   0       1.85239504
   40   2   1       4.05760137
   40   3   2       0.04697369
   41   1   0       1.93922154
   41   2   1       5.15398434
   41   3   2      -0.01316122
   42   1   0       1.94146271
   42   2   1       5.17197191
   42   3   2      -0.01556153
   43   1   0       1.94061460
   43   2   1       5.16341584
   43   3   2      -0.01256564
   44   1   0       1.94157540
   44   2   1       5.15294487
   44   3   2      -0.00657293
   45   1   0       1.94248165
   45   2   1       5.15826835
   45   3   2      -0.00420769
   46   1   0       1.94129271
   46   2   1       5.17140664
   46   3   2      -0.01028075
   47   1   0       1.93888623
   47   2   1       5.15901766
   47   3   2      -0.02045794
   48   1   0       1.93911379
   48   2   1       5.16584718
   48   3   2      -0.01200751

Orbital populations (up)
 Atom Sh.   l   m       Population  Label
    1   1   0   0       0.39019108  s
    1   2   1  -1       0.21999587  p_y
    1   2   1   0       0.21936141  p_z
    1   2   1   1       0.23306670  p_x
    2   1   0   0       0.38494979  s
    2   2   1  -1       0.18211022  p_y
    2   2   1   0       0.24892242  p_z
    2   2   1   1       0.22599692  p_x
    3   1   0   0       0.36521326  s
    3   2   1  -1       0.22005710  p_y
    3   2   1   0       0.20694625  p_z
    3   2   1   1       0.21313846  p_x
    4   1   0   0       0.37694060  s
    4   2   1  -1       0.23244320  p_y
    4   2   1   0       0.18408714  p_z
    4   2   1   1       0.22112819  p_x
    5   1   0   0       0.37557072  s
    5   2   1  -1       0.21376965  p_y
    5   2   1   0       0.21447494  p_z
    5   2   1   1       0.22345181  p_x
    6   1   0   0       0.37862456  s
    6   2   1  -1       0.20216198  p_y
    6   2   1   0       0.24282990  p_z
    6   2   1   1       0.20699715  p_x
    7   1   0   0       0.37172180  s
    7   2   1  -1       0.22576825  p_y
    7   2   1   0       0.24080921  p_z
    7   2   1   1       0.16760851  p_x
    8   1   0   0       0.35962480  s
    8   2   1  -1       0.18572620  p_y
    8   2   1   0       0.22453366  p_z
    8   2   1   1       0.22075146  p_x
    9   1   0   0       0.39177057  s
    9   2   1  -1       0.23081720  p_y
    9   2   1   0       0.19549158  p_z
    9   2   1   1       0.22692871  p_x
   10   1   0   0       0.35280072  s
   10   2   1  -1       0.21822755  p_y
   10   2   1   0       0.18966495  p_z
   10   2   1   1       0.19959912  p_x
   11   1   0   0       0.39133597  s
   11   2   1  -1       0.22379046  p_y
   11   2   1   0       0.19798219  p_z
   11   2   1   1       0.20806902  p_x
   12   1   0   0       0.38499275  s
   12   2   1  -1       0.23083935  p_y
   12   2   1   0       0.22174571  p_z
   12   2   1   1       0.21157053  p_x
   13   1   0   0       0.41069672  s
   13   2   1  -1       0.17351854  p_y
   13   2   1   0       0.23306486  p_z
   13   2   1   1       0.25608248  p_x
   14   1   0   0       0.36330422  s
   14   2   1  -1       0.19751055  p_y
   14   2   1   0       0.22518344  p_z
   14   2   1   1       0.22576565  p_x
   15   1   0   0       0.36909516  s
   15   2   1  -1       0.20129791  p_y
   15   2   1   0       0.21549049  p_z
   15   2   1   1       0.19759775  p_x
   16   1   0   0       0.35475062  s
   16   2   1  -1       0.20849232  p_y
   16   2   1   0       0.20729697  p_z
   16   2   1   1       0.20617764  p_x
   17   1   0   0       0.37052709  s
   17   2   1  -1       0.18822478  p_y
   17   2   1   0       0.22369633  p_z
   17   2   1   1       0.21029813  p_x
   18   1   0   0       0.38327607  s
   18   2   1  -1       0.23307490  p_y
   18   2   1   0       0.17665241  p_z
   18   2   1   1       0.23349161  p_x
   19   1   0   0       0.38858669  s
   19   2   1  -1       0.23629930  p_y
   19   2   1   0       0.19913389  p_z
   19   2   1   1       0.22132806  p_x
   20   1   0   0       0.37683295  s
   20   2   1  -1       0.24068167  p_y
   20   2   1   0       0.21714943  p_z
   20   2   1   1       0.17749613  p_x
   21   1   0   0       1.48941891  s
   21   2   1  -1       0.95170389  p_y
   21   2   1   0       0.96979578  p_z
   21   2   1   1       0.94629983  p_x
   21   3   2  -2       0.09041972  d_xy
   21   3   2  -1       0.07626465  d_yz
   21   3   2   0       0.08167740  d_z2
   21   3   2   1       0.08091138  d_xz
   21   3   2   2       0.07663419  d_x2-y2
   22   1   0   0       1.48657242  s
   22   2   1  -1       0.94448445  p_y
   22   2   1   0       0.95510977  p_z
   22   2   1   1       0.96079155  p_x
   22   3   2  -2       0.08475211  d_xy
   22   3   2  -1       0.08850238  d_yz
   22   3   2   0       0.08023762  d_z2
   22   3   2   1       0.07701438  d_xz
   22   3   2   2       0.08109743  d_x2-y2
   23   1   0   0       1.48433876  s
   23   2   1  -1       0.96260676  p_y
   23   2   1   0       0.94944400  p_z
   23   2   1   1       0.94296980  p_x
   23   3   2  -2       0.07953703  d_xy
   23   3   2  -1       0.07873495  d_yz
   23   3   2   0       0.07528333  d_z2
   23   3   2   1       0.09641999  d_xz
   23   3   2   2       0.08746913  d_x2-y2
   24   1   0   0       1.48786712  s
   24   2   1  -1       0.96357605  p_y
   24   2   1   0       0.94788505  p_z
   24   2   1   1       0.95239867  p_x
   24   3   2  -2       0.07763849  d_xy
   24   3   2  -1       0.08779163  d_yz
   24   3   2   0       0.07806105  d_z2
   24   3   2   1       0.08637085  d_xz
   24   3   2   2       0.08338358  d_x2-y2
   25   1   0   0       1.85103789  s
   25   2   1  -1       1.33699617  p_y
   25   2   1   0       1.42996075  p_z
   25   2   1   1       1.31168808  p_x
   25   3   2  -2       0.00477309  d_xy
   25   3   2  -1       0.01091187  d_yz
   25   3   2   0       0.01331241  d_z2
   25   3   2   1       0.00954988  d_xz
   25   3   2   2       0.00988088  d_x2-y2
   26   1   0   0       1.84925320  s
   26   2   1  -1       1.37419492  p_y
   26   2   1   0       1.37049246  p_z
   26   2   1   1       1.31743449  p_x
   26   3   2  -2       0.01172960  d_xy
   26   3   2  -1       0.00723518  d_yz
   26   3   2   0       0.01081284  d_z2
   26   3   2   1       0.01104058  d_xz
   26   3   2   2       0.01257755  d_x2-y2
   27   1   0   0       1.84720430  s
   27   2   1  -1       1.33598630  p_y
   27   2   1   0       1.35778726  p_z
   27   2   1   1       1.34429465  p_x
   27   3   2  -2       0.01025026  d_xy
   27   3   2  -1       0.01030513  d_yz
   27   3   2   0       0.01146022  d_z2
   27   3   2   1       0.00689255  d_xz
   27   3   2   2       0.01227787  d_x2-y2
   28   1   0   0       1.84781426  s
   28   2   1  -1       1.36102584  p_y
   28   2   1   0       1.42167004  p_z
   28   2   1   1       1.31092495  p_x
   28   3   2  -2       0.00883307  d_xy
   28   3   2  -1       0.00944711  d_yz
   28   3   2   0       0.01114201  d_z2
   28   3   2   1       0.00650020  d_xz
   28   3   2   2       0.01202536  d_x2-y2
   29   1   0   0       1.85193867  s
   29   2   1  -1       1.28878986  p_y
   29   2   1   0       1.44180028  p_z
   29   2   1   1       1.34839145  p_x
   29   3   2  -2       0.00517469  d_xy
   29   3   2  -1       0.01147217  d_yz
   29   3   2   0       0.01317124  d_z2
   29   3   2   1       0.01237811  d_xz
   29   3   2   2       0.01080928  d_x2-y2
   30   1   0   0       1.84547998  s
   30   2   1  -1       1.31510209  p_y
   30   2   1   0       1.41615300  p_z
   30   2   1   1       1.38521154  p_x
   30   3   2  -2       0.00437772  d_xy
   30   3   2  -1       0.00910103  d_yz
   30   3   2   0       0.01205953  d_z2
   30   3   2   1       0.00936320  d_xz
   30   3   2   2       0.00896577  d_x2-y2
   31   1   0   0       1.84814951  s
   31   2   1  -1       1.34742298  p_y
   31   2   1   0       1.35986470  p_z
   31   2   1   1       1.33798254  p_x
   31   3   2  -2       0.01001796  d_xy
   31   3   2  -1       0.00743292  d_yz
   31   3   2   0       0.01171330  d_z2
   31   3   2   1       0.00987738  d_xz
   31   3   2   2       0.01191482  d_x2-y2
   32   1   0   0       1.84705991  s
   32   2   1  -1       1.40493070  p_y
   32   2   1   0       1.32185921  p_z
   32   2   1   1       1.38298869  p_x
   32   3   2  -2       0.01575135  d_xy
   32   3   2  -1       0.00804477  d_yz
   32   3   2   0       0.01045411  d_z2
   32   3   2   1       0.00649312  d_xz
   32   3   2   2       0.01305290  d_x2-y2
   33   1   0   0       1.84544076  s
   33   2   1  -1       1.49852064  p_y
   33   2   1   0       1.24053995  p_z
   33   2   1   1       1.33189384  p_x
   33   3   2  -2       0.01002517  d_xy
   33   3   2  -1       0.00921548  d_yz
   33   3   2   0       0.01313981  d_z2
   33   3   2   1       0.00824753  d_xz
   33   3   2   2       0.01328736  d_x2-y2
   34   1   0   0       1.84679192  s
   34   2   1  -1       1.32537014  p_y
   34   2   1   0       1.31246119  p_z
   34   2   1   1       1.50096880  p_x
   34   3   2  -2       0.01288351  d_xy
   34   3   2  -1       0.00705900  d_yz
   34   3   2   0       0.01053960  d_z2
   34   3   2   1       0.00558688  d_xz
   34   3   2   2       0.01080332  d_x2-y2
   35   1   0   0       1.84040325  s
   35   2   1  -1       1.47234241  p_y
   35   2   1   0       1.33389358  p_z
   35   2   1   1       1.33964759  p_x
   35   3   2  -2       0.01126808  d_xy
   35   3   2  -1       0.00958261  d_yz
   35   3   2   0       0.00887772  d_z2
   35   3   2   1       0.00406920  d_xz
   35   3   2   2       0.01238678  d_x2-y2
   36   1   0   0       1.84881537  s
   36   2   1  -1       1.32042871  p_y
   36   2   1   0       1.45590607  p_z
   36   2   1   1       1.28677474  p_x
   36   3   2  -2       0.00648074  d_xy
   36   3   2  -1       0.00830068  d_yz
   36   3   2   0       0.01252087  d_z2
   36   3   2   1       0.01584476  d_xz
   36   3   2   2       0.01160660  d_x2-y2
   37   1   0   0       1.85360614  s
   37   2   1  -1       1.25908597  p_y
   37   2   1   0       1.44024776  p_z
   37   2   1   1       1.41890982  p_x
   37   3   2  -2       0.00679352  d_xy
   37   3   2  -1       0.00796428  d_yz
   37   3   2   0       0.01180868  d_z2
   37   3   2   1       0.01325021  d_xz
   37   3   2   2       0.01195738  d_x2-y2
   38   1   0   0       1.85775349  s
   38   2   1  -1       1.39034122  p_y
   38   2   1   0       1.34164068  p_z
   38   2   1   1       1.38562037  p_x
   38   3   2  -2       0.01258705  d_xy
   38   3   2  -1       0.00875973  d_yz
   38   3   2   0       0.01220263  d_z2
   38   3   2   1       0.00895660  d_xz
   38   3   2   2       0.01235900  d_x2-y2
   39   1   0   0       1.85990157  s
   39   2   1  -1       1.38698140  p_y
   39   2   1   0       1.30092788  p_z
   39   2   1   1       1.42017434  p_x
   39   3   2  -2       0.01150687  d_xy
   39   3   2  -1       0.01269365  d_yz
   39   3   2   0       0.01386180  d_z2
   39   3   2   1       0.00829008  d_xz
   39   3   2   2       0.01262075  d_x2-y2
   40   1   0   0       1.85239504  s
   40   2   1  -1       1.42389081  p_y
   40   2   1   0       1.34000582  p_z
   40   2   1   1       1.29370474  p_x
   40   3   2  -2       0.00924374  d_xy
   40   3   2  -1       0.00681214  d_yz
   40   3   2   0       0.01200489  d_z2
   40   3   2   1       0.00788938  d_xz
   40   3   2   2       0.01102354  d_x2-y2
   41   1   0   0       1.93922154  s
   41   2   1  -1       1.71908023  p_y
   41   2   1   0       1.71719995  p_z
   41   2   1   1       1.71770416  p_x
   41   3   2  -2       0.00090209  d_xy
   41   3   2  -1      -0.00125507  d_yz
   41   3   2   0      -0.00828792  d_z2
   41   3   2   1       0.00069719  d_xz
   41   3   2   2      -0.00521751  d_x2-y2
   42   1   0   0       1.94146271  s
   42   2   1  -1       1.74683548  p_y
   42   2   1   0       1.71303391  p_z
   42   2   1   1       1.71210251  p_x
   42   3   2  -2       0.00037505  d_xy
   42   3   2  -1       0.00414272  d_yz
   42   3   2   0      -0.01527873  d_z2
   42   3   2   1      -0.00223019  d_xz
   42   3   2   2      -0.00257038  d_x2-y2
   43   1   0   0       1.94061460  s
   43   2   1  -1       1.75174561  p_y
   43   2   1   0       1.72791191  p_z
   43   2   1   1       1.68375832  p_x
   43   3   2  -2      -0.01234193  d_xy
   43   3   2  -1       0.00590278  d_yz
   43   3   2   0      -0.00061081  d_z2
   43   3   2   1      -0.00286427  d_xz
   43   3   2   2      -0.00265142  d_x2-y2
   44   1   0   0       1.94157540  s
   44   2   1  -1       1.69586642  p_y
   44   2   1   0       1.71745732  p_z
   44   2   1   1       1.73962112  p_x
   44   3   2  -2      -0.00277359  d_xy
   44   3   2  -1      -0.00406438  d_yz
   44   3   2   0      -0.00278476  d_z2
   44   3   2   1       0.00269386  d_xz
   44   3   2   2       0.00035593  d_x2-y2
   45   1   0   0       1.94248165  s
   45   2   1  -1       1.73274785  p_y
   45   2   1   0       1.74088513  p_z
   45   2   1   1       1.68463536  p_x
   45   3   2  -2      -0.00311900  d_xy
   45   3   2  -1       0.00274873  d_yz
   45   3   2   0      -0.00082809  d_z2
   45   3   2   1      -0.00212685  d_xz
   45   3   2   2      -0.00088249  d_x2-y2
   46   1   0   0       1.94129271  s
   46   2   1  -1       1.72519704  p_y
   46   2   1   0       1.71385194  p_z
   46   2   1   1       1.73235766  p_x
   46   3   2  -2       0.00427912  d_xy
   46   3   2  -1      -0.00818599  d_yz
   46   3   2   0      -0.00221095  d_z2
   46   3   2   1      -0.00119593  d_xz
   46   3   2   2      -0.00296700  d_x2-y2
   47   1   0   0       1.93888623  s
   47   2   1  -1       1.72694746  p_y
   47   2   1   0       1.71935003  p_z
   47   2   1   1       1.71272018  p_x
   47   3   2  -2       0.00084810  d_xy
   47   3   2  -1      -0.00428882  d_yz
   47   3   2   0      -0.00884767  d_z2
   47   3   2   1      -0.00077269  d_xz
   47   3   2   2      -0.00739686  d_x2-y2
   48   1   0   0       1.93911379  s
   48   2   1  -1       1.73748086  p_y
   48   2   1   0       1.70609555  p_z
   48   2   1   1       1.72227078  p_x
   48   3   2  -2       0.00187763  d_xy
   48   3   2  -1      -0.00164835  d_yz
   48   3   2   0      -0.01498930  d_z2
   48   3   2   1       0.00059098  d_xz
   48   3   2   2       0.00216154  d_x2-y2

Fermi level:                        -0.1388843191 H           -3.7792 eV
Band energy:                       -74.4753523621 H        -2026.5774 eV
TS:                                  0.0000000000 H            0.0000 eV
Band free energy (E-TS):           -74.4753523621 H        -2026.5774 eV
Extrapolated E(0K):                -74.4753523621 H        -2026.5774 eV
Input / Output electrons (q):    192.0000000000    192.0000000000

Energy H0:                         -73.4297307891 H        -1998.1246 eV
Energy SCC:                          0.0277688468 H            0.7556 eV
Total Electronic energy:           -73.4019619423 H        -1997.3690 eV
Repulsive energy:                    0.0000000000 H            0.0000 eV
Total energy:                      -73.4019619423 H        -1997.3690 eV
Extrapolated to 0:                 -73.4019619423 H        -1997.3690 eV
Total Mermin free energy:          -73.4019619423 H        -1997.3690 eV
Force related energy:              -73.4019619423 H        -1997.3690 eV

Atom resolved electronic energies 
    1     -0.32295404 H       -8.788026 eV
    2     -0.30691172 H       -8.351493 eV
    3     -0.29891467 H       -8.133882 eV
    4     -0.30073327 H       -8.183369 eV
    5     -0.30780546 H       -8.375813 eV
    6     -0.30658936 H       -8.342721 eV
    7     -0.29503088 H       -8.028199 eV
    8     -0.28864971 H       -7.854558 eV
    9     -0.30902220 H       -8.408922 eV
   10     -0.27734977 H       -7.547071 eV
   11     -0.30246030 H       -8.230364 eV
   12     -0.31194768 H       -8.488528 eV
   13     -0.31910689 H       -8.683340 eV
   14     -0.30109261 H       -8.193147 eV
   15     -0.28781611 H       -7.831875 eV
   16     -0.28725880 H       -7.816710 eV
   17     -0.29091885 H       -7.916305 eV
   18     -0.30221950 H       -8.223811 eV
   19     -0.31126660 H       -8.469995 eV
   20     -0.29905803 H       -8.137783 eV
   21     -1.87963330 H      -51.147425 eV
   22     -1.88012075 H      -51.160689 eV
   23     -1.87991058 H      -51.154970 eV
   24     -1.88229775 H      -51.219928 eV
   25     -2.15018710 H      -58.509568 eV
   26     -2.15223309 H      -58.565242 eV
   27     -2.14712682 H      -58.426293 eV
   28     -2.15160882 H      -58.548255 eV
   29     -2.15255124 H      -58.573899 eV
   30     -2.15194542 H      -58.557414 eV
   31     -2.14927048 H      -58.484625 eV
   32     -2.15213884 H      -58.562677 eV
   33     -2.14812287 H      -58.453397 eV
   34     -2.15671836 H      -58.687292 eV
   35     -2.15102763 H      -58.532440 eV
   36     -2.15035690 H      -58.514188 eV
   37     -2.15710758 H      -58.697884 eV
   38     -2.15861986 H      -58.739035 eV
   39     -2.15972605 H      -58.769136 eV
   40     -2.14942433 H      -58.488812 eV
   41     -3.17408949 H      -86.371370 eV
   42     -3.18017983 H      -86.537096 eV
   43     -3.17629155 H      -86.431291 eV
   44     -3.17590564 H      -86.420789 eV
   45     -3.17781858 H      -86.472843 eV
   46     -3.17925758 H      -86.512000 eV
   47     -3.17336362 H      -86.351618 eV
   48     -3.17782145 H      -86.472921 eV

Atom resolved repulsive energies 
    1      0.00000000 H        0.000000 eV
    2      0.00000000 H        0.000000 eV
    3      0.00000000 H        0.000000 eV
    4      0.00000000 H        0.000000 eV
    5      0.00000000 H        0.000000 eV
    6      0.00000000 H        0.000000 eV
    7      0.00000000 H        0.000000 eV
    8      0.00000000 H        0.000000 eV
    9      0.00000000 H        0.000000 eV
   10      0.00000000 H        0.000000 eV
   11      0.00000000 H        0.000000 eV
   12      0.00000000 H        0.000000 eV
   13      0.00000000 H        0.000000 eV
   14      0.00000000 H        0.000000 eV
   15      0.00000000 H        0.000000 eV
   16      0.00000000 H        0.000000 eV
   17      0.00000000 H        0.000000 eV
   18      0.00000000 H        0.000000 eV
   19      0.00000000 H        0.000000 eV
   20      0.00000000 H        0.000000 eV
   21      0.00000000 H        0.000000 eV
   22      0.00000000 H        0.000000 eV
   23      0.00000000 H        0.000000 eV
   24      0.00000000 H        0.000000 eV
   25      0.00000000 H        0.000000 eV
   26      0.00000000 H        0.000000 eV
   27      0.00000000 H        0.000000 eV
   28      0.00000000 H        0.000000 eV
   29      0.00000000 H        0.000000 eV
   30      0.00000000 H        0.000000 eV
   31      0.00000000 H        0.000000 eV
   32      0.00000000 H        0.000000 eV
   33      0.00000000 H        0.000000 eV
   34      0.00000000 H        0.000000 eV
   35      0.00000000 H        0.000000 eV
   36      0.00000000 H        0.000000 eV
   37      0.00000000 H        0.000000 eV
   38      0.00000000 H        0.000000 eV
   39      0.00000000 H        0.000000 eV
   40      0.00000000 H        0.000000 eV
   41      0.00000000 H        0.000000 eV
   42      0.00000000 H        0.000000 eV
   43      0.00000000 H        0.000000 eV
   44      0.00000000 H        0.000000 eV
   45      0.00000000 H        0.000000 eV
   46      0.00000000 H        0.000000 eV
   47      0.00000000 H        0.000000 eV
   48      0.00000000 H        0.000000 eV

Atom resolved total energies 
    1     -0.32295404 H       -8.788026 eV
    2     -0.30691172 H       -8.351493 eV
    3     -0.29891467 H       -8.133882 eV
    4     -0.30073327 H       -8.183369 eV
    5     -0.30780546 H       -8.375813 eV
    6     -0.30658936 H       -8.342721 eV
    7     -0.29503088 H       -8.028199 eV
    8     -0.28864971 H       -7.854558 eV
    9     -0.30902220 H       -8.408922 eV
   10     -0.27734977 H       -7.547071 eV
   11     -0.30246030 H       -8.230364 eV
   12     -0.31194768 H       -8.488528 eV
   13     -0.31910689 H       -8.683340 eV
   14     -0.30109261 H       -8.193147 eV
   15     -0.28781611 H       -7.831875 eV
   16     -0.28725880 H       -7.816710 eV
   17     -0.29091885 H       -7.916305 eV
   18     -0.30221950 H       -8.223811 eV
   19     -0.31126660 H       -8.469995 eV
   20     -0.29905803 H       -8.137783 eV
   21     -1.87963330 H      -51.147425 eV
   22     -1.88012075 H      -51.160689 eV
   23     -1.87991058 H      -51.154970 eV
   24     -1.88229775 H      -51.219928 eV
   25     -2.15018710 H      -58.509568 eV
   26     -2.15223309 H      -58.565242 eV
   27     -2.14712682 H      -58.426293 eV
   28     -2.15160882 H      -58.548255 eV
   29     -2.15255124 H      -58.573899 eV
   30     -2.15194542 H      -58.557414 eV
   31     -2.14927048 H      -58.484625 eV
   32     -2.15213884 H      -58.562677 eV
   33     -2.14812287 H      -58.453397 eV
   34     -2.15671836 H      -58.687292 eV
   35     -2.15102763 H      -58.532440 eV
   36     -2.15035690 H      -58.514188 eV
   37     -2.15710758 H      -58.697884 eV
   38     -2.15861986 H      -58.739035 eV
   39     -2.15972605 H      -58.769136 eV
   40     -2.14942433 H      -58.488812 eV
   41     -3.17408949 H      -86.371370 eV
   42     -3.18017983 H      -86.537096 eV
   43     -3.17629155 H      -86.431291 eV
   44     -3.17590564 H      -86.420789 eV
   45     -3.17781858 H      -86.472843 eV
   46     -3.17925758 H      -86.512000 eV
   47     -3.17336362 H      -86.351618 eV
   48     -3.17782145 H      -86.472921 eV

SCC converged

Total Forces
    1     -0.001894667170     -0.005139923879      0.006146878824
    2     -0.005484821657      0.007871281609      0.000214875754
    3      0.010061156759     -0.006259874030     -0.008002343463
    4     -0.003358275220      0.006928821013      0.007414441969
    5     -0.004174549801      0.010948817990     -0.009371098490
    6      0.007010259585      0.003711469350      0.005940296326
    7     -0.009067713490     -0.003197773611      0.005836377371
    8     -0.002642552682     -0.008787269532      0.002346994604
    9      0.000273237857     -0.008051663255     -0.006531546305
   10      0.007171519296      0.006096047226      0.007296281999
   11     -0.008708023438     -0.002440788505      0.002353724759
   12      0.004323948262      0.001243579825      0.011431117043
   13     -0.000988807037     -0.004806409460      0.004941355449
   14     -0.006101765197      0.004651449743     -0.006821549895
   15      0.000837304603      0.001452372316     -0.002744355284
   16      0.009177972063     -0.006080212783     -0.006033142042
   17      0.002445158614      0.009275135260     -0.006417566864
   18     -0.000930545335     -0.004152336094     -0.007034982109
   19      0.007590977509      0.004984289388      0.005506345025
   20     -0.007098877442      0.001995782207     -0.000340923589
   21      0.006819155741     -0.000095185257     -0.001937568575
   22      0.001930278985      0.001680194079      0.009002799149
   23     -0.003044700720     -0.000032600756     -0.010658267605
   24      0.005784535143      0.002088223156     -0.003450342580
   25     -0.004552710835      0.009780899895     -0.012639111506
   26      0.010537845716     -0.002195027138      0.001689488348
   27      0.004785497730      0.005097199666      0.004628513824
   28     -0.011919459297     -0.008485419590     -0.002889710845
   29     -0.005437371731     -0.004870575657      0.014793565999
   30      0.003455802304      0.009879567391     -0.009428750460
   31      0.004850890500      0.003785035425      0.003478547504
   32      0.007246571471     -0.019607031284     -0.004701679293
   33      0.006733286543     -0.006011337454     -0.007766775397
   34     -0.015568859939     -0.006003039649      0.009190411433
   35      0.011483754356      0.010713089677      0.006813740362
   36     -0.011544973914     -0.000028743959     -0.014093403096
   37     -0.002109449983     -0.017286801263      0.019279477700
   38     -0.022993050246      0.000022017804     -0.011450842517
   39     -0.001952342580      0.020898374599      0.013414829193
   40      0.010914902276      0.008506379903     -0.011809123751
   41      0.010457486958     -0.013383863765      0.009360323737
   42      0.012806850518      0.004585158825     -0.006154943650
   43     -0.000911322905      0.006362141158     -0.000407523691
   44     -0.006594864787      0.002880083116      0.008824769916
   45      0.000277874834     -0.010658596505     -0.007758123425
   46     -0.003408775766     -0.000251138130      0.004607393122
   47     -0.000273799796      0.003062902723     -0.009682007101
   48     -0.006213986652     -0.010674701787      0.003613132125

Total stress tensor
     -0.000254611582      0.000002080499     -0.000000157643
      0.000002080866     -0.000237762848      0.000004424195
     -0.000000157488      0.000004424319     -0.000241651826

Total lattice derivs
      0.087305397536     -0.000713395686      0.000054055062
     -0.000713521426      0.081528027245     -0.001517040617
      0.000054002160     -0.001517083169      0.082861543806

Maximal derivative component:        0.229931E-01 au

Volume:                              0.634957E+04 au^3
Pressure:                           -0.244675E-03 au    -0.719860E+10 Pa


