 Fermi distribution function

Calculation with static geometry


********************************************************************************
 iSCC Total electronic   Diff electronic      SCC error    
   22   -0.74834475E+02    0.28421709E-13    0.59490746E-10
********************************************************************************

 Total charge:    -0.00000000

 Atomic gross charges (e)
 Atom           Charge
    1      -0.00706482
    2       0.05190338
    3       0.02210027
    4       0.03174693
    5       0.02576183
    6       0.03753302
    7       0.04343914
    8       0.10884277
    9       0.03591115
   10       0.10059963
   11       0.02913013
   12       0.01213386
   13      -0.01339684
   14       0.01970286
   15       0.09089608
   16       0.10407598
   17       0.06084404
   18       0.03598087
   19       0.02785076
   20       0.04785536
   21       0.33821297
   22       0.35032478
   23       0.34890204
   24       0.32959194
   25      -0.06270541
   26      -0.02508803
   27      -0.02854062
   28      -0.08917658
   29      -0.11069185
   30      -0.10496880
   31      -0.03171547
   32      -0.09374147
   33      -0.05532780
   34      -0.10936354
   35      -0.09330518
   36      -0.06459811
   37      -0.10679875
   38      -0.15990865
   39      -0.01401665
   40      -0.03802311
   41      -0.17693609
   42      -0.12632783
   43      -0.07499264
   44      -0.15969497
   45      -0.12444788
   46      -0.13299303
   47      -0.11700566
   48      -0.13251002

Nr. of electrons (up):    192.00000000
Atom populations (up)
 Atom       Population
    1       1.00706482
    2       0.94809662
    3       0.97789973
    4       0.96825307
    5       0.97423817
    6       0.96246698
    7       0.95656086
    8       0.89115723
    9       0.96408885
   10       0.89940037
   11       0.97086987
   12       0.98786614
   13       1.01339684
   14       0.98029714
   15       0.90910392
   16       0.89592402
   17       0.93915596
   18       0.96401913
   19       0.97214924
   20       0.95214464
   21       4.66178703
   22       4.64967522
   23       4.65109796
   24       4.67040806
   25       6.06270541
   26       6.02508803
   27       6.02854062
   28       6.08917658
   29       6.11069185
   30       6.10496880
   31       6.03171547
   32       6.09374147
   33       6.05532780
   34       6.10936354
   35       6.09330518
   36       6.06459811
   37       6.10679875
   38       6.15990865
   39       6.01401665
   40       6.03802311
   41       7.17693609
   42       7.12632783
   43       7.07499264
   44       7.15969497
   45       7.12444788
   46       7.13299303
   47       7.11700566
   48       7.13251002

l-shell populations (up)
 Atom Sh.   l       Population
    1   1   0       0.37593828
    1   2   1       0.63112654
    2   1   0       0.35586738
    2   2   1       0.59222923
    3   1   0       0.36189220
    3   2   1       0.61600753
    4   1   0       0.35965186
    4   2   1       0.60860121
    5   1   0       0.36127820
    5   2   1       0.61295997
    6   1   0       0.35682963
    6   2   1       0.60563735
    7   1   0       0.35150121
    7   2   1       0.60505965
    8   1   0       0.32184900
    8   2   1       0.56930823
    9   1   0       0.36316308
    9   2   1       0.60092576
   10   1   0       0.33857647
   10   2   1       0.56082390
   11   1   0       0.37630389
   11   2   1       0.59456598
   12   1   0       0.36932353
   12   2   1       0.61854261
   13   1   0       0.39037266
   13   2   1       0.62302418
   14   1   0       0.36011111
   14   2   1       0.62018604
   15   1   0       0.33736466
   15   2   1       0.57173927
   16   1   0       0.48276651
   16   2   1       0.41315751
   17   1   0       0.34827611
   17   2   1       0.59087985
   18   1   0       0.36161945
   18   2   1       0.60239968
   19   1   0       0.36142009
   19   2   1       0.61072916
   20   1   0       0.35761535
   20   2   1       0.59452929
   21   1   0       1.49868938
   21   2   1       2.78987528
   21   3   2       0.37322237
   22   1   0       1.49388384
   22   2   1       2.77665136
   22   3   2       0.37914002
   23   1   0       1.49290418
   23   2   1       2.77434129
   23   3   2       0.38385249
   24   1   0       1.49710415
   24   2   1       2.78833743
   24   3   2       0.38496648
   25   1   0       1.85266765
   25   2   1       4.16778940
   25   3   2       0.04224836
   26   1   0       1.85041438
   26   2   1       4.12703413
   26   3   2       0.04763952
   27   1   0       1.84897137
   27   2   1       4.13431980
   27   3   2       0.04524945
   28   1   0       1.85032780
   28   2   1       4.19414117
   28   3   2       0.04470762
   29   1   0       1.86403938
   29   2   1       4.20479098
   29   3   2       0.04186148
   30   1   0       1.84714066
   30   2   1       4.21714744
   30   3   2       0.04068070
   31   1   0       1.84939518
   31   2   1       4.13789776
   31   3   2       0.04442253
   32   1   0       1.84985504
   32   2   1       4.19178524
   32   3   2       0.05210119
   33   1   0       1.84634443
   33   2   1       4.16265657
   33   3   2       0.04632680
   34   1   0       1.84766207
   34   2   1       4.22119983
   34   3   2       0.04050163
   35   1   0       1.84131618
   35   2   1       4.21446795
   35   3   2       0.03752105
   36   1   0       1.85005938
   36   2   1       4.16544168
   36   3   2       0.04909704
   37   1   0       1.85528955
   37   2   1       4.20359585
   37   3   2       0.04791335
   38   1   0       1.86907595
   38   2   1       4.24343062
   38   3   2       0.04740207
   39   1   0       1.84471793
   39   2   1       4.09472436
   39   3   2       0.07457437
   40   1   0       1.85430113
   40   2   1       4.14315434
   40   3   2       0.04056764
   41   1   0       1.94103768
   41   2   1       5.22603399
   41   3   2       0.00986442
   42   1   0       1.94415382
   42   2   1       5.18998925
   42   3   2      -0.00781524
   43   1   0       1.91897375
   43   2   1       5.12161102
   43   3   2       0.03440786
   44   1   0       1.94473826
   44   2   1       5.20374916
   44   3   2       0.01120755
   45   1   0       1.94537288
   45   2   1       5.17848672
   45   3   2       0.00058828
   46   1   0       1.94416238
   46   2   1       5.19075471
   46   3   2      -0.00192406
   47   1   0       1.94259269
   47   2   1       5.18453158
   47   3   2      -0.01011861
   48   1   0       1.94282633
   48   2   1       5.19374754
   48   3   2      -0.00406385

Orbital populations (up)
 Atom Sh.   l   m       Population  Label
    1   1   0   0       0.37593828  s
    1   2   1  -1       0.22602129  p_y
    1   2   1   0       0.19769642  p_z
    1   2   1   1       0.20740884  p_x
    2   1   0   0       0.35586738  s
    2   2   1  -1       0.16716931  p_y
    2   2   1   0       0.23363687  p_z
    2   2   1   1       0.19142305  p_x
    3   1   0   0       0.36189220  s
    3   2   1  -1       0.20920857  p_y
    3   2   1   0       0.19948259  p_z
    3   2   1   1       0.20731637  p_x
    4   1   0   0       0.35965186  s
    4   2   1  -1       0.22207016  p_y
    4   2   1   0       0.17257186  p_z
    4   2   1   1       0.21395919  p_x
    5   1   0   0       0.36127820  s
    5   2   1  -1       0.19903757  p_y
    5   2   1   0       0.20158547  p_z
    5   2   1   1       0.21233694  p_x
    6   1   0   0       0.35682963  s
    6   2   1  -1       0.18425994  p_y
    6   2   1   0       0.22408551  p_z
    6   2   1   1       0.19729190  p_x
    7   1   0   0       0.35150121  s
    7   2   1  -1       0.20682638  p_y
    7   2   1   0       0.22095364  p_z
    7   2   1   1       0.17727964  p_x
    8   1   0   0       0.32184900  s
    8   2   1  -1       0.16934845  p_y
    8   2   1   0       0.19079071  p_z
    8   2   1   1       0.20916907  p_x
    9   1   0   0       0.36316308  s
    9   2   1  -1       0.20670764  p_y
    9   2   1   0       0.19161241  p_z
    9   2   1   1       0.20260572  p_x
   10   1   0   0       0.33857647  s
   10   2   1  -1       0.18298957  p_y
   10   2   1   0       0.17600084  p_z
   10   2   1   1       0.20183350  p_x
   11   1   0   0       0.37630389  s
   11   2   1  -1       0.21265632  p_y
   11   2   1   0       0.19052006  p_z
   11   2   1   1       0.19138960  p_x
   12   1   0   0       0.36932353  s
   12   2   1  -1       0.21294374  p_y
   12   2   1   0       0.20369481  p_z
   12   2   1   1       0.20190406  p_x
   13   1   0   0       0.39037266  s
   13   2   1  -1       0.16557343  p_y
   13   2   1   0       0.21550601  p_z
   13   2   1   1       0.24194474  p_x
   14   1   0   0       0.36011111  s
   14   2   1  -1       0.19051576  p_y
   14   2   1   0       0.20921969  p_z
   14   2   1   1       0.22045059  p_x
   15   1   0   0       0.33736466  s
   15   2   1  -1       0.18592772  p_y
   15   2   1   0       0.20060378  p_z
   15   2   1   1       0.18520777  p_x
   16   1   0   0       0.48276651  s
   16   2   1  -1       0.24223975  p_y
   16   2   1   0       0.10939393  p_z
   16   2   1   1       0.06152383  p_x
   17   1   0   0       0.34827611  s
   17   2   1  -1       0.17990247  p_y
   17   2   1   0       0.21565270  p_z
   17   2   1   1       0.19532468  p_x
   18   1   0   0       0.36161945  s
   18   2   1  -1       0.21872956  p_y
   18   2   1   0       0.16572874  p_z
   18   2   1   1       0.21794137  p_x
   19   1   0   0       0.36142009  s
   19   2   1  -1       0.21186285  p_y
   19   2   1   0       0.19662109  p_z
   19   2   1   1       0.20224521  p_x
   20   1   0   0       0.35761535  s
   20   2   1  -1       0.23289758  p_y
   20   2   1   0       0.19673906  p_z
   20   2   1   1       0.16489264  p_x
   21   1   0   0       1.49868938  s
   21   2   1  -1       0.92599775  p_y
   21   2   1   0       0.94254905  p_z
   21   2   1   1       0.92132848  p_x
   21   3   2  -2       0.08203326  d_xy
   21   3   2  -1       0.07022394  d_yz
   21   3   2   0       0.07481998  d_z2
   21   3   2   1       0.07485382  d_xz
   21   3   2   2       0.07129137  d_x2-y2
   22   1   0   0       1.49388384  s
   22   2   1  -1       0.91624943  p_y
   22   2   1   0       0.92647267  p_z
   22   2   1   1       0.93392925  p_x
   22   3   2  -2       0.07627586  d_xy
   22   3   2  -1       0.08255082  d_yz
   22   3   2   0       0.07330186  d_z2
   22   3   2   1       0.07040844  d_xz
   22   3   2   2       0.07660304  d_x2-y2
   23   1   0   0       1.49290418  s
   23   2   1  -1       0.93608748  p_y
   23   2   1   0       0.92270526  p_z
   23   2   1   1       0.91554855  p_x
   23   3   2  -2       0.07330545  d_xy
   23   3   2  -1       0.07225239  d_yz
   23   3   2   0       0.06980411  d_z2
   23   3   2   1       0.08812992  d_xz
   23   3   2   2       0.08036061  d_x2-y2
   24   1   0   0       1.49710415  s
   24   2   1  -1       0.93733445  p_y
   24   2   1   0       0.91863337  p_z
   24   2   1   1       0.93236961  p_x
   24   3   2  -2       0.07321782  d_xy
   24   3   2  -1       0.08188283  d_yz
   24   3   2   0       0.07570139  d_z2
   24   3   2   1       0.07721099  d_xz
   24   3   2   2       0.07695346  d_x2-y2
   25   1   0   0       1.85266765  s
   25   2   1  -1       1.36731942  p_y
   25   2   1   0       1.45479827  p_z
   25   2   1   1       1.34567172  p_x
   25   3   2  -2       0.00321921  d_xy
   25   3   2  -1       0.00924949  d_yz
   25   3   2   0       0.01247172  d_z2
   25   3   2   1       0.00821317  d_xz
   25   3   2   2       0.00909476  d_x2-y2
   26   1   0   0       1.85041438  s
   26   2   1  -1       1.41248615  p_y
   26   2   1   0       1.38873064  p_z
   26   2   1   1       1.32581734  p_x
   26   3   2  -2       0.01028224  d_xy
   26   3   2  -1       0.00617538  d_yz
   26   3   2   0       0.01033345  d_z2
   26   3   2   1       0.00893144  d_xz
   26   3   2   2       0.01191701  d_x2-y2
   27   1   0   0       1.84897137  s
   27   2   1  -1       1.36993617  p_y
   27   2   1   0       1.39125635  p_z
   27   2   1   1       1.37312727  p_x
   27   3   2  -2       0.00783012  d_xy
   27   3   2  -1       0.00933652  d_yz
   27   3   2   0       0.01055906  d_z2
   27   3   2   1       0.00599778  d_xz
   27   3   2   2       0.01152598  d_x2-y2
   28   1   0   0       1.85032780  s
   28   2   1  -1       1.39450457  p_y
   28   2   1   0       1.45760361  p_z
   28   2   1   1       1.34203299  p_x
   28   3   2  -2       0.00599183  d_xy
   28   3   2  -1       0.00902902  d_yz
   28   3   2   0       0.01093987  d_z2
   28   3   2   1       0.00622136  d_xz
   28   3   2   2       0.01252554  d_x2-y2
   29   1   0   0       1.86403938  s
   29   2   1  -1       1.35098666  p_y
   29   2   1   0       1.45590696  p_z
   29   2   1   1       1.39789735  p_x
   29   3   2  -2       0.00361439  d_xy
   29   3   2  -1       0.00935208  d_yz
   29   3   2   0       0.00999274  d_z2
   29   3   2   1       0.00906464  d_xz
   29   3   2   2       0.00983763  d_x2-y2
   30   1   0   0       1.84714066  s
   30   2   1  -1       1.35448712  p_y
   30   2   1   0       1.45010717  p_z
   30   2   1   1       1.41255315  p_x
   30   3   2  -2       0.00293642  d_xy
   30   3   2  -1       0.00975064  d_yz
   30   3   2   0       0.01119417  d_z2
   30   3   2   1       0.00810729  d_xz
   30   3   2   2       0.00869218  d_x2-y2
   31   1   0   0       1.84939518  s
   31   2   1  -1       1.38080711  p_y
   31   2   1   0       1.38498739  p_z
   31   2   1   1       1.37210326  p_x
   31   3   2  -2       0.00978204  d_xy
   31   3   2  -1       0.00512260  d_yz
   31   3   2   0       0.01098956  d_z2
   31   3   2   1       0.00785180  d_xz
   31   3   2   2       0.01067653  d_x2-y2
   32   1   0   0       1.84985504  s
   32   2   1  -1       1.43288678  p_y
   32   2   1   0       1.33590715  p_z
   32   2   1   1       1.42299131  p_x
   32   3   2  -2       0.01425355  d_xy
   32   3   2  -1       0.00578733  d_yz
   32   3   2   0       0.01062156  d_z2
   32   3   2   1       0.00771730  d_xz
   32   3   2   2       0.01372145  d_x2-y2
   33   1   0   0       1.84634443  s
   33   2   1  -1       1.52587896  p_y
   33   2   1   0       1.27330656  p_z
   33   2   1   1       1.36347105  p_x
   33   3   2  -2       0.00867843  d_xy
   33   3   2  -1       0.00780489  d_yz
   33   3   2   0       0.01178039  d_z2
   33   3   2   1       0.00583204  d_xz
   33   3   2   2       0.01223104  d_x2-y2
   34   1   0   0       1.84766207  s
   34   2   1  -1       1.35447770  p_y
   34   2   1   0       1.34225529  p_z
   34   2   1   1       1.52446685  p_x
   34   3   2  -2       0.01165010  d_xy
   34   3   2  -1       0.00512812  d_yz
   34   3   2   0       0.00970931  d_z2
   34   3   2   1       0.00424930  d_xz
   34   3   2   2       0.00976480  d_x2-y2
   35   1   0   0       1.84131618  s
   35   2   1  -1       1.48912880  p_y
   35   2   1   0       1.36059438  p_z
   35   2   1   1       1.36474477  p_x
   35   3   2  -2       0.00963493  d_xy
   35   3   2  -1       0.00760796  d_yz
   35   3   2   0       0.00785004  d_z2
   35   3   2   1       0.00150594  d_xz
   35   3   2   2       0.01092218  d_x2-y2
   36   1   0   0       1.85005938  s
   36   2   1  -1       1.35718555  p_y
   36   2   1   0       1.48896124  p_z
   36   2   1   1       1.31929489  p_x
   36   3   2  -2       0.00542360  d_xy
   36   3   2  -1       0.00770191  d_yz
   36   3   2   0       0.01172031  d_z2
   36   3   2   1       0.01353627  d_xz
   36   3   2   2       0.01071496  d_x2-y2
   37   1   0   0       1.85528955  s
   37   2   1  -1       1.29221058  p_y
   37   2   1   0       1.46621811  p_z
   37   2   1   1       1.44516717  p_x
   37   3   2  -2       0.00414047  d_xy
   37   3   2  -1       0.00929693  d_yz
   37   3   2   0       0.01058249  d_z2
   37   3   2   1       0.01226884  d_xz
   37   3   2   2       0.01162463  d_x2-y2
   38   1   0   0       1.86907595  s
   38   2   1  -1       1.37679511  p_y
   38   2   1   0       1.44711720  p_z
   38   2   1   1       1.41951832  p_x
   38   3   2  -2       0.01010404  d_xy
   38   3   2  -1       0.00950560  d_yz
   38   3   2   0       0.00988878  d_z2
   38   3   2   1       0.00833078  d_xz
   38   3   2   2       0.00957287  d_x2-y2
   39   1   0   0       1.84471793  s
   39   2   1  -1       1.26374982  p_y
   39   2   1   0       1.37947142  p_z
   39   2   1   1       1.45150312  p_x
   39   3   2  -2       0.01477954  d_xy
   39   3   2  -1       0.01691655  d_yz
   39   3   2   0       0.01425369  d_z2
   39   3   2   1       0.01654407  d_xz
   39   3   2   2       0.01208051  d_x2-y2
   40   1   0   0       1.85430113  s
   40   2   1  -1       1.44945368  p_y
   40   2   1   0       1.37020932  p_z
   40   2   1   1       1.32349134  p_x
   40   3   2  -2       0.01044657  d_xy
   40   3   2  -1       0.00358060  d_yz
   40   3   2   0       0.01091975  d_z2
   40   3   2   1       0.00578790  d_xz
   40   3   2   2       0.00983282  d_x2-y2
   41   1   0   0       1.94103768  s
   41   2   1  -1       1.72937330  p_y
   41   2   1   0       1.69878962  p_z
   41   2   1   1       1.79787107  p_x
   41   3   2  -2       0.00476416  d_xy
   41   3   2  -1      -0.00149248  d_yz
   41   3   2   0      -0.00189799  d_z2
   41   3   2   1       0.00397393  d_xz
   41   3   2   2       0.00451679  d_x2-y2
   42   1   0   0       1.94415382  s
   42   2   1  -1       1.75689315  p_y
   42   2   1   0       1.71490953  p_z
   42   2   1   1       1.71818656  p_x
   42   3   2  -2       0.00186897  d_xy
   42   3   2  -1       0.00410383  d_yz
   42   3   2   0      -0.01107356  d_z2
   42   3   2   1      -0.00104255  d_xz
   42   3   2   2      -0.00167193  d_x2-y2
   43   1   0   0       1.91897375  s
   43   2   1  -1       1.67975894  p_y
   43   2   1   0       1.72510095  p_z
   43   2   1   1       1.71675112  p_x
   43   3   2  -2      -0.01079403  d_xy
   43   3   2  -1       0.02602420  d_yz
   43   3   2   0       0.00150830  d_z2
   43   3   2   1      -0.00100571  d_xz
   43   3   2   2       0.01867510  d_x2-y2
   44   1   0   0       1.94473826  s
   44   2   1  -1       1.73031560  p_y
   44   2   1   0       1.74606984  p_z
   44   2   1   1       1.72736372  p_x
   44   3   2  -2      -0.00204432  d_xy
   44   3   2  -1       0.00347308  d_yz
   44   3   2   0       0.00372616  d_z2
   44   3   2   1       0.00339067  d_xz
   44   3   2   2       0.00266195  d_x2-y2
   45   1   0   0       1.94537288  s
   45   2   1  -1       1.73892066  p_y
   45   2   1   0       1.74736895  p_z
   45   2   1   1       1.69219711  p_x
   45   3   2  -2      -0.00166885  d_xy
   45   3   2  -1       0.00275754  d_yz
   45   3   2   0       0.00046097  d_z2
   45   3   2   1      -0.00173649  d_xz
   45   3   2   2       0.00077511  d_x2-y2
   46   1   0   0       1.94416238  s
   46   2   1  -1       1.73210317  p_y
   46   2   1   0       1.72214108  p_z
   46   2   1   1       1.73651046  p_x
   46   3   2  -2       0.00449516  d_xy
   46   3   2  -1      -0.00611174  d_yz
   46   3   2   0      -0.00010033  d_z2
   46   3   2   1       0.00005871  d_xz
   46   3   2   2      -0.00026587  d_x2-y2
   47   1   0   0       1.94259269  s
   47   2   1  -1       1.73402904  p_y
   47   2   1   0       1.73067158  p_z
   47   2   1   1       1.71983096  p_x
   47   3   2  -2       0.00117409  d_xy
   47   3   2  -1      -0.00026153  d_yz
   47   3   2   0      -0.00816019  d_z2
   47   3   2   1       0.00289486  d_xz
   47   3   2   2      -0.00576583  d_x2-y2
   48   1   0   0       1.94282633  s
   48   2   1  -1       1.74356117  p_y
   48   2   1   0       1.71545837  p_z
   48   2   1   1       1.73472800  p_x
   48   3   2  -2       0.00311892  d_xy
   48   3   2  -1      -0.00033662  d_yz
   48   3   2   0      -0.01199221  d_z2
   48   3   2   1       0.00241043  d_xz
   48   3   2   2       0.00273563  d_x2-y2

Fermi level:                        -0.1670586790 H           -4.5459 eV
Band energy:                       -73.0736161385 H        -1988.4343 eV
TS:                                  0.0000002051 H            0.0000 eV
Band free energy (E-TS):           -73.0736163436 H        -1988.4343 eV
Extrapolated E(0K):                -73.0736162410 H        -1988.4343 eV
Input / Output electrons (q):    192.0000000000    192.0000000000

Energy H0:                         -74.8735592504 H        -2037.4132 eV
Energy SCC:                          0.0390843683 H            1.0635 eV
Total Electronic energy:           -74.8344748821 H        -2036.3497 eV
Repulsive energy:                    0.4492158369 H           12.2238 eV
Total energy:                      -74.3852590452 H        -2024.1259 eV
Extrapolated to 0:                 -74.3852591478 H        -2024.1259 eV
Total Mermin free energy:          -74.3852592503 H        -2024.1259 eV
Force related energy:              -74.3852592503 H        -2024.1259 eV

Atom resolved electronic energies 
    1     -0.31339408 H       -8.527887 eV
    2     -0.28313112 H       -7.704390 eV
    3     -0.30012151 H       -8.166722 eV
    4     -0.29895685 H       -8.135030 eV
    5     -0.30154791 H       -8.205536 eV
    6     -0.29703753 H       -8.082802 eV
    7     -0.29328632 H       -7.980727 eV
    8     -0.27544117 H       -7.495135 eV
    9     -0.29587831 H       -8.051258 eV
   10     -0.25313979 H       -6.888284 eV
   11     -0.29653117 H       -8.069024 eV
   12     -0.30579266 H       -8.321042 eV
   13     -0.31248701 H       -8.503204 eV
   14     -0.29749584 H       -8.095274 eV
   15     -0.28161428 H       -7.663115 eV
   16     -0.29480825 H       -8.022141 eV
   17     -0.28502160 H       -7.755832 eV
   18     -0.29319700 H       -7.978296 eV
   19     -0.30371668 H       -8.264551 eV
   20     -0.29573449 H       -8.047345 eV
   21     -1.87397454 H      -50.993442 eV
   22     -1.87458960 H      -51.010178 eV
   23     -1.87492755 H      -51.019375 eV
   24     -1.87744022 H      -51.087748 eV
   25     -2.24678061 H      -61.138011 eV
   26     -2.24337609 H      -61.045369 eV
   27     -2.24476829 H      -61.083253 eV
   28     -2.25145072 H      -61.265091 eV
   29     -2.24989777 H      -61.222833 eV
   30     -2.25002938 H      -61.226414 eV
   31     -2.24644780 H      -61.128955 eV
   32     -2.25057496 H      -61.241260 eV
   33     -2.24470310 H      -61.081479 eV
   34     -2.25139376 H      -61.263541 eV
   35     -2.24309424 H      -61.037700 eV
   36     -2.24950459 H      -61.212134 eV
   37     -2.25268124 H      -61.298575 eV
   38     -2.25091697 H      -61.250567 eV
   39     -2.24497102 H      -61.088770 eV
   40     -2.24422618 H      -61.068502 eV
   41     -3.19433856 H      -86.922375 eV
   42     -3.18856752 H      -86.765337 eV
   43     -3.16458492 H      -86.112737 eV
   44     -3.19270758 H      -86.877993 eV
   45     -3.18660522 H      -86.711940 eV
   46     -3.18848236 H      -86.763019 eV
   47     -3.18547589 H      -86.681209 eV
   48     -3.18963062 H      -86.794265 eV

Atom resolved repulsive energies 
    1      0.00000000 H        0.000000 eV
    2      0.00000000 H        0.000000 eV
    3      0.00000000 H        0.000000 eV
    4      0.00000000 H        0.000000 eV
    5      0.00000000 H        0.000000 eV
    6      0.00000000 H        0.000000 eV
    7      0.00000000 H        0.000000 eV
    8      0.00000000 H        0.000000 eV
    9      0.00000000 H        0.000000 eV
   10      0.00000000 H        0.000000 eV
   11      0.00000000 H        0.000000 eV
   12      0.00000000 H        0.000000 eV
   13      0.00000000 H        0.000000 eV
   14      0.00000000 H        0.000000 eV
   15      0.00000000 H        0.000000 eV
   16      0.00000000 H        0.000000 eV
   17      0.00000000 H        0.000000 eV
   18      0.00000000 H        0.000000 eV
   19      0.00000000 H        0.000000 eV
   20      0.00000000 H        0.000000 eV
   21      0.05548015 H        1.509692 eV
   22      0.05604526 H        1.525069 eV
   23      0.05636483 H        1.533765 eV
   24      0.05671768 H        1.543367 eV
   25      0.01383472 H        0.376462 eV
   26      0.01372270 H        0.373414 eV
   27      0.01361067 H        0.370365 eV
   28      0.01431205 H        0.389451 eV
   29      0.01341192 H        0.364957 eV
   30      0.01455184 H        0.395976 eV
   31      0.01327452 H        0.361218 eV
   32      0.01480698 H        0.402918 eV
   33      0.01319737 H        0.359119 eV
   34      0.01505606 H        0.409696 eV
   35      0.01466000 H        0.398919 eV
   36      0.01345140 H        0.366031 eV
   37      0.01493007 H        0.406268 eV
   38      0.01448165 H        0.394066 eV
   39      0.01446212 H        0.393534 eV
   40      0.01284382 H        0.349498 eV
   41      0.00000000 H        0.000000 eV
   42      0.00000000 H        0.000000 eV
   43      0.00000000 H        0.000000 eV
   44      0.00000000 H        0.000000 eV
   45      0.00000000 H        0.000000 eV
   46      0.00000000 H        0.000000 eV
   47      0.00000000 H        0.000000 eV
   48      0.00000000 H        0.000000 eV

Atom resolved total energies 
    1     -0.31339408 H       -8.527887 eV
    2     -0.28313112 H       -7.704390 eV
    3     -0.30012151 H       -8.166722 eV
    4     -0.29895685 H       -8.135030 eV
    5     -0.30154791 H       -8.205536 eV
    6     -0.29703753 H       -8.082802 eV
    7     -0.29328632 H       -7.980727 eV
    8     -0.27544117 H       -7.495135 eV
    9     -0.29587831 H       -8.051258 eV
   10     -0.25313979 H       -6.888284 eV
   11     -0.29653117 H       -8.069024 eV
   12     -0.30579266 H       -8.321042 eV
   13     -0.31248701 H       -8.503204 eV
   14     -0.29749584 H       -8.095274 eV
   15     -0.28161428 H       -7.663115 eV
   16     -0.29480825 H       -8.022141 eV
   17     -0.28502160 H       -7.755832 eV
   18     -0.29319700 H       -7.978296 eV
   19     -0.30371668 H       -8.264551 eV
   20     -0.29573449 H       -8.047345 eV
   21     -1.81849439 H      -49.483750 eV
   22     -1.81854434 H      -49.485109 eV
   23     -1.81856272 H      -49.485609 eV
   24     -1.82072254 H      -49.544381 eV
   25     -2.23294588 H      -60.761549 eV
   26     -2.22965340 H      -60.671956 eV
   27     -2.23115762 H      -60.712888 eV
   28     -2.23713867 H      -60.875641 eV
   29     -2.23648585 H      -60.857876 eV
   30     -2.23547753 H      -60.830439 eV
   31     -2.23317328 H      -60.767737 eV
   32     -2.23576798 H      -60.838342 eV
   33     -2.23150573 H      -60.722360 eV
   34     -2.23633770 H      -60.853845 eV
   35     -2.22843424 H      -60.638781 eV
   36     -2.23605319 H      -60.846103 eV
   37     -2.23775116 H      -60.892307 eV
   38     -2.23643531 H      -60.856501 eV
   39     -2.23050889 H      -60.695235 eV
   40     -2.23138236 H      -60.719003 eV
   41     -3.19433856 H      -86.922375 eV
   42     -3.18856752 H      -86.765337 eV
   43     -3.16458492 H      -86.112737 eV
   44     -3.19270758 H      -86.877993 eV
   45     -3.18660522 H      -86.711940 eV
   46     -3.18848236 H      -86.763019 eV
   47     -3.18547589 H      -86.681209 eV
   48     -3.18963062 H      -86.794265 eV

SCC converged

Total Forces
    1     -0.005160228592     -0.000829667066      0.008915342875
    2     -0.011732285180      0.003097726319     -0.006297640542
    3      0.003394498393     -0.004722097169     -0.013538099128
    4     -0.008191767156      0.003057554710      0.009008994712
    5     -0.004658515176      0.009827526528     -0.008947296167
    6      0.006056068741      0.002592718087      0.006457339285
    7     -0.003569648779     -0.006380897820      0.007551505347
    8      0.001039946874     -0.006142177140     -0.006553800313
    9      0.001880324622     -0.008278376628     -0.005004640122
   10     -0.030404343526      0.003920579483     -0.005960405264
   11     -0.009543153731     -0.003852316340      0.003202627508
   12      0.003399319251      0.001156654284      0.009176515984
   13     -0.001413528620     -0.004991904126      0.003229025559
   14     -0.009542941106      0.005630487098     -0.003883535722
   15     -0.002203906420      0.001689133820      0.004798137728
   16      0.042258213869     -0.007907002065      0.026904302935
   17      0.001172379593      0.008005719127     -0.003301819879
   18     -0.001572061870     -0.003375356276     -0.009006608054
   19      0.007585182634      0.006921941352      0.002161328945
   20     -0.006540420542     -0.002859203433      0.002737569815
   21      0.005154975874     -0.001074509874     -0.001152371128
   22      0.013349856686      0.002773131043     -0.005752145341
   23     -0.004912968961     -0.000766430699     -0.004894287640
   24      0.015724790644      0.004160291400      0.020760557814
   25      0.020563417898     -0.016753064918      0.011719089021
   26     -0.017814066270      0.020932843688      0.024436023891
   27     -0.019849581710     -0.019737071281     -0.020139668988
   28      0.017960715858      0.019233969980     -0.025807525077
   29      0.022799977771      0.013068550291     -0.006925738508
   30      0.028690675293     -0.019888180425      0.020821707096
   31     -0.020864040919     -0.019258877394     -0.019833044551
   32     -0.022288228825      0.009528270956      0.024228785764
   33     -0.016610767043      0.012997484094      0.020951425691
   34      0.009602119579      0.027459758580     -0.019042973929
   35     -0.015501092468     -0.017777780233     -0.018429737104
   36      0.017743944838     -0.023282828984      0.009806828649
   37      0.019431633858      0.017987429023     -0.010612218676
   38      0.012335750257     -0.025181271348     -0.002628258314
   39     -0.027901404939     -0.021303416355     -0.015361122068
   40     -0.016837597652      0.022645895274      0.007111843493
   41     -0.005493146753     -0.016210172286      0.001385487483
   42      0.012858183722      0.005715085378     -0.007846140553
   43      0.001861297823      0.033810816499     -0.014053215204
   44      0.001976103794      0.010006476016      0.012727067358
   45      0.000813038236     -0.009557669018     -0.005838350110
   46     -0.001778918289      0.000627807099      0.003493912575
   47      0.001334647658      0.001651987737     -0.006650412021
   48     -0.004602449239     -0.008369566985      0.005875634871

Total stress tensor
     -0.000163645956      0.000008373761     -0.000005698942
      0.000008374235     -0.000158549851      0.000010801527
     -0.000005698938      0.000010801808     -0.000151455223

Total lattice derivs
      0.057252944462     -0.002929632337      0.001993823870
     -0.002929798010      0.055470028538     -0.003779007018
      0.001993822335     -0.003779105328      0.052987911690

Maximal derivative component:        0.422582E-01 au

Volume:                              0.654393E+04 au^3
Pressure:                           -0.157884E-03 au    -0.464510E+10 Pa

Warning: dipole moment is not defined absolutely!
Dipole moment:   -5.85887317    0.10480625   -1.51339746 au
Dipole moment:  -14.89177139    0.26639095   -3.84667296 Debye


