 Fermi distribution function

Calculation with static geometry


********************************************************************************
 iSCC Total electronic   Diff electronic      SCC error    
   21   -0.73236916E+02   -0.42632564E-13    0.72517103E-10
********************************************************************************

 Total charge:     0.00000000

 Atomic gross charges (e)
 Atom           Charge
    1      -0.01727399
    2      -0.00318673
    3       0.03996951
    4       0.02647340
    5       0.01481902
    6       0.01934285
    7       0.03635037
    8       0.06174681
    9       0.00424972
   10       0.08554208
   11       0.01896183
   12      -0.01624908
   13      -0.02834449
   14       0.03623595
   15       0.05254789
   16       0.06297503
   17       0.04776360
   18       0.02591252
   19      -0.00039805
   20       0.02854215
   21       0.21125635
   22       0.21522049
   23       0.21708501
   24       0.20618950
   25      -0.00311780
   26       0.00756235
   27       0.03478370
   28      -0.01105461
   29      -0.00846637
   30      -0.02784460
   31       0.02751083
   32      -0.03186868
   33       0.00371188
   34      -0.05424292
   35      -0.05473963
   36       0.00942241
   37      -0.04271971
   38      -0.04689695
   39      -0.04443829
   40       0.01908019
   41      -0.12875699
   42      -0.14886799
   43      -0.14151232
   44      -0.13626698
   45      -0.14822614
   46      -0.15196453
   47      -0.12546751
   48      -0.14135110

Nr. of electrons (up):    192.00000000
Atom populations (up)
 Atom       Population
    1       1.01727399
    2       1.00318673
    3       0.96003049
    4       0.97352660
    5       0.98518098
    6       0.98065715
    7       0.96364963
    8       0.93825319
    9       0.99575028
   10       0.91445792
   11       0.98103817
   12       1.01624908
   13       1.02834449
   14       0.96376405
   15       0.94745211
   16       0.93702497
   17       0.95223640
   18       0.97408748
   19       1.00039805
   20       0.97145785
   21       4.78874365
   22       4.78477951
   23       4.78291499
   24       4.79381050
   25       6.00311780
   26       5.99243765
   27       5.96521630
   28       6.01105461
   29       6.00846637
   30       6.02784460
   31       5.97248917
   32       6.03186868
   33       5.99628812
   34       6.05424292
   35       6.05473963
   36       5.99057759
   37       6.04271971
   38       6.04689695
   39       6.04443829
   40       5.98091981
   41       7.12875699
   42       7.14886799
   43       7.14151232
   44       7.13626698
   45       7.14822614
   46       7.15196453
   47       7.12546751
   48       7.14135110

l-shell populations (up)
 Atom Sh.   l       Population
    1   1   0       0.36889198
    1   2   1       0.64838201
    2   1   0       0.36868098
    2   2   1       0.63450575
    3   1   0       0.34386591
    3   2   1       0.61616458
    4   1   0       0.35773398
    4   2   1       0.61579261
    5   1   0       0.35541842
    5   2   1       0.62976256
    6   1   0       0.35488805
    6   2   1       0.62576910
    7   1   0       0.35172416
    7   2   1       0.61192546
    8   1   0       0.33686771
    8   2   1       0.60138548
    9   1   0       0.36501532
    9   2   1       0.63073496
   10   1   0       0.32979125
   10   2   1       0.58466667
   11   1   0       0.36726233
   11   2   1       0.61377584
   12   1   0       0.37227282
   12   2   1       0.64397626
   13   1   0       0.38563357
   13   2   1       0.64271092
   14   1   0       0.34209834
   14   2   1       0.62166571
   15   1   0       0.35043099
   15   2   1       0.59702112
   16   1   0       0.33554687
   16   2   1       0.60147809
   17   1   0       0.34750294
   17   2   1       0.60473346
   18   1   0       0.35606844
   18   2   1       0.61801904
   19   1   0       0.36462881
   19   2   1       0.63576924
   20   1   0       0.35928501
   20   2   1       0.61217284
   21   1   0       1.53597348
   21   2   1       2.89040112
   21   3   2       0.36236905
   22   1   0       1.53330728
   22   2   1       2.88382067
   22   3   2       0.36765156
   23   1   0       1.53119039
   23   2   1       2.87866694
   23   3   2       0.37305766
   24   1   0       1.53327751
   24   2   1       2.88889852
   24   3   2       0.37163446
   25   1   0       1.87106053
   25   2   1       4.08338753
   25   3   2       0.04866974
   26   1   0       1.86857342
   26   2   1       4.07216799
   26   3   2       0.05169624
   27   1   0       1.86622118
   27   2   1       4.04896987
   27   3   2       0.05002525
   28   1   0       1.86818108
   28   2   1       4.09555610
   28   3   2       0.04731743
   29   1   0       1.87158446
   29   2   1       4.08487042
   29   3   2       0.05201148
   30   1   0       1.86606307
   30   2   1       4.11940682
   30   3   2       0.04237472
   31   1   0       1.86717223
   31   2   1       4.05583745
   31   3   2       0.04947949
   32   1   0       1.86701140
   32   2   1       4.11396844
   32   3   2       0.05088885
   33   1   0       1.86471958
   33   2   1       4.07854684
   33   3   2       0.05302170
   34   1   0       1.86717765
   34   2   1       4.14221102
   34   3   2       0.04485425
   35   1   0       1.86159301
   35   2   1       4.14791344
   35   3   2       0.04523318
   36   1   0       1.86802535
   36   2   1       4.06955379
   36   3   2       0.05299845
   37   1   0       1.87332198
   37   2   1       4.12036633
   37   3   2       0.04903140
   38   1   0       1.87715024
   38   2   1       4.11778756
   38   3   2       0.05195915
   39   1   0       1.87885448
   39   2   1       4.11122245
   39   3   2       0.05436136
   40   1   0       1.87104117
   40   2   1       4.06400012
   40   3   2       0.04587853
   41   1   0       1.94572270
   41   2   1       5.18890887
   41   3   2      -0.00587458
   42   1   0       1.94817593
   42   2   1       5.20885547
   42   3   2      -0.00816341
   43   1   0       1.94753776
   43   2   1       5.20053482
   43   3   2      -0.00656026
   44   1   0       1.94835778
   44   2   1       5.19136774
   44   3   2      -0.00345855
   45   1   0       1.94945080
   45   2   1       5.19995264
   45   3   2      -0.00117730
   46   1   0       1.94811639
   46   2   1       5.20775047
   46   3   2      -0.00390233
   47   1   0       1.94542626
   47   2   1       5.19066592
   47   3   2      -0.01062467
   48   1   0       1.94593802
   48   2   1       5.20098698
   48   3   2      -0.00557390

Orbital populations (up)
 Atom Sh.   l   m       Population  Label
    1   1   0   0       0.36889198  s
    1   2   1  -1       0.21377892  p_y
    1   2   1   0       0.21216188  p_z
    1   2   1   1       0.22244121  p_x
    2   1   0   0       0.36868098  s
    2   2   1  -1       0.17548899  p_y
    2   2   1   0       0.24347217  p_z
    2   2   1   1       0.21554459  p_x
    3   1   0   0       0.34386591  s
    3   2   1  -1       0.21173458  p_y
    3   2   1   0       0.19968207  p_z
    3   2   1   1       0.20474794  p_x
    4   1   0   0       0.35773398  s
    4   2   1  -1       0.22578188  p_y
    4   2   1   0       0.17781142  p_z
    4   2   1   1       0.21219932  p_x
    5   1   0   0       0.35541842  s
    5   2   1  -1       0.20701182  p_y
    5   2   1   0       0.20519104  p_z
    5   2   1   1       0.21755969  p_x
    6   1   0   0       0.35488805  s
    6   2   1  -1       0.19233543  p_y
    6   2   1   0       0.23464396  p_z
    6   2   1   1       0.19878970  p_x
    7   1   0   0       0.35172416  s
    7   2   1  -1       0.21858162  p_y
    7   2   1   0       0.23187766  p_z
    7   2   1   1       0.16146618  p_x
    8   1   0   0       0.33686771  s
    8   2   1  -1       0.17664105  p_y
    8   2   1   0       0.21571637  p_z
    8   2   1   1       0.20902806  p_x
    9   1   0   0       0.36501532  s
    9   2   1  -1       0.22153198  p_y
    9   2   1   0       0.19036004  p_z
    9   2   1   1       0.21884294  p_x
   10   1   0   0       0.32979125  s
   10   2   1  -1       0.21247965  p_y
   10   2   1   0       0.18227723  p_z
   10   2   1   1       0.18990979  p_x
   11   1   0   0       0.36726233  s
   11   2   1  -1       0.21854443  p_y
   11   2   1   0       0.19439608  p_z
   11   2   1   1       0.20083533  p_x
   12   1   0   0       0.37227282  s
   12   2   1  -1       0.22184973  p_y
   12   2   1   0       0.21540412  p_z
   12   2   1   1       0.20672242  p_x
   13   1   0   0       0.38563357  s
   13   2   1  -1       0.17000673  p_y
   13   2   1   0       0.22481622  p_z
   13   2   1   1       0.24788797  p_x
   14   1   0   0       0.34209834  s
   14   2   1  -1       0.18985661  p_y
   14   2   1   0       0.21754599  p_z
   14   2   1   1       0.21426311  p_x
   15   1   0   0       0.35043099  s
   15   2   1  -1       0.19211193  p_y
   15   2   1   0       0.20771368  p_z
   15   2   1   1       0.19719552  p_x
   16   1   0   0       0.33554687  s
   16   2   1  -1       0.19967142  p_y
   16   2   1   0       0.20120715  p_z
   16   2   1   1       0.20059952  p_x
   17   1   0   0       0.34750294  s
   17   2   1  -1       0.18529056  p_y
   17   2   1   0       0.21373035  p_z
   17   2   1   1       0.20571255  p_x
   18   1   0   0       0.35606844  s
   18   2   1  -1       0.22395564  p_y
   18   2   1   0       0.17121865  p_z
   18   2   1   1       0.22284476  p_x
   19   1   0   0       0.36462881  s
   19   2   1  -1       0.22663788  p_y
   19   2   1   0       0.19633691  p_z
   19   2   1   1       0.21279445  p_x
   20   1   0   0       0.35928501  s
   20   2   1  -1       0.23269271  p_y
   20   2   1   0       0.20877973  p_z
   20   2   1   1       0.17070041  p_x
   21   1   0   0       1.53597348  s
   21   2   1  -1       0.95929259  p_y
   21   2   1   0       0.97730583  p_z
   21   2   1   1       0.95380270  p_x
   21   3   2  -2       0.08054356  d_xy
   21   3   2  -1       0.06798427  d_yz
   21   3   2   0       0.07267913  d_z2
   21   3   2   1       0.07215353  d_xz
   21   3   2   2       0.06900856  d_x2-y2
   22   1   0   0       1.53330728  s
   22   2   1  -1       0.95270326  p_y
   22   2   1   0       0.96285719  p_z
   22   2   1   1       0.96826023  p_x
   22   3   2  -2       0.07565675  d_xy
   22   3   2  -1       0.07883402  d_yz
   22   3   2   0       0.07174836  d_z2
   22   3   2   1       0.06880361  d_xz
   22   3   2   2       0.07260882  d_x2-y2
   23   1   0   0       1.53119039  s
   23   2   1  -1       0.97064688  p_y
   23   2   1   0       0.95713141  p_z
   23   2   1   1       0.95088865  p_x
   23   3   2  -2       0.07112915  d_xy
   23   3   2  -1       0.07031589  d_yz
   23   3   2   0       0.06771636  d_z2
   23   3   2   1       0.08598088  d_xz
   23   3   2   2       0.07791538  d_x2-y2
   24   1   0   0       1.53327751  s
   24   2   1  -1       0.97219717  p_y
   24   2   1   0       0.95675684  p_z
   24   2   1   1       0.95994452  p_x
   24   3   2  -2       0.06984709  d_xy
   24   3   2  -1       0.07852652  d_yz
   24   3   2   0       0.07065761  d_z2
   24   3   2   1       0.07742988  d_xz
   24   3   2   2       0.07517335  d_x2-y2
   25   1   0   0       1.87106053  s
   25   2   1  -1       1.33758323  p_y
   25   2   1   0       1.43132742  p_z
   25   2   1   1       1.31447688  p_x
   25   3   2  -2       0.00598880  d_xy
   25   3   2  -1       0.01053252  d_yz
   25   3   2   0       0.01269533  d_z2
   25   3   2   1       0.00919654  d_xz
   25   3   2   2       0.01025655  d_x2-y2
   26   1   0   0       1.86857342  s
   26   2   1  -1       1.37951953  p_y
   26   2   1   0       1.37621368  p_z
   26   2   1   1       1.31643478  p_x
   26   3   2  -2       0.01076477  d_xy
   26   3   2  -1       0.00721138  d_yz
   26   3   2   0       0.01083856  d_z2
   26   3   2   1       0.01039364  d_xz
   26   3   2   2       0.01248789  d_x2-y2
   27   1   0   0       1.86622118  s
   27   2   1  -1       1.33819740  p_y
   27   2   1   0       1.36281537  p_z
   27   2   1   1       1.34795710  p_x
   27   3   2  -2       0.00977942  d_xy
   27   3   2  -1       0.00966624  d_yz
   27   3   2   0       0.01140628  d_z2
   27   3   2   1       0.00718473  d_xz
   27   3   2   2       0.01198858  d_x2-y2
   28   1   0   0       1.86818108  s
   28   2   1  -1       1.35930431  p_y
   28   2   1   0       1.42933033  p_z
   28   2   1   1       1.30692147  p_x
   28   3   2  -2       0.00829216  d_xy
   28   3   2  -1       0.00936845  d_yz
   28   3   2   0       0.01084841  d_z2
   28   3   2   1       0.00664575  d_xz
   28   3   2   2       0.01216267  d_x2-y2
   29   1   0   0       1.87158446  s
   29   2   1  -1       1.28950009  p_y
   29   2   1   0       1.44411887  p_z
   29   2   1   1       1.35125146  p_x
   29   3   2  -2       0.00587755  d_xy
   29   3   2  -1       0.01119291  d_yz
   29   3   2   0       0.01232514  d_z2
   29   3   2   1       0.01140253  d_xz
   29   3   2   2       0.01121334  d_x2-y2
   30   1   0   0       1.86606307  s
   30   2   1  -1       1.31632326  p_y
   30   2   1   0       1.40888914  p_z
   30   2   1   1       1.39419442  p_x
   30   3   2  -2       0.00470668  d_xy
   30   3   2  -1       0.00771030  d_yz
   30   3   2   0       0.01150308  d_z2
   30   3   2   1       0.00913947  d_xz
   30   3   2   2       0.00931519  d_x2-y2
   31   1   0   0       1.86717223  s
   31   2   1  -1       1.35176021  p_y
   31   2   1   0       1.36443593  p_z
   31   2   1   1       1.33964130  p_x
   31   3   2  -2       0.00909779  d_xy
   31   3   2  -1       0.00747682  d_yz
   31   3   2   0       0.01140946  d_z2
   31   3   2   1       0.00959237  d_xz
   31   3   2   2       0.01190306  d_x2-y2
   32   1   0   0       1.86701140  s
   32   2   1  -1       1.39758117  p_y
   32   2   1   0       1.32689150  p_z
   32   2   1   1       1.38949576  p_x
   32   3   2  -2       0.01445283  d_xy
   32   3   2  -1       0.00707410  d_yz
   32   3   2   0       0.01057446  d_z2
   32   3   2   1       0.00640364  d_xz
   32   3   2   2       0.01238382  d_x2-y2
   33   1   0   0       1.86471958  s
   33   2   1  -1       1.50759769  p_y
   33   2   1   0       1.23918983  p_z
   33   2   1   1       1.33175932  p_x
   33   3   2  -2       0.00936589  d_xy
   33   3   2  -1       0.00927309  d_yz
   33   3   2   0       0.01312252  d_z2
   33   3   2   1       0.00896605  d_xz
   33   3   2   2       0.01229415  d_x2-y2
   34   1   0   0       1.86717765  s
   34   2   1  -1       1.33042252  p_y
   34   2   1   0       1.31264412  p_z
   34   2   1   1       1.49914438  p_x
   34   3   2  -2       0.01199576  d_xy
   34   3   2  -1       0.00675527  d_yz
   34   3   2   0       0.01080466  d_z2
   34   3   2   1       0.00500319  d_xz
   34   3   2   2       0.01029538  d_x2-y2
   35   1   0   0       1.86159301  s
   35   2   1  -1       1.47538737  p_y
   35   2   1   0       1.33545298  p_z
   35   2   1   1       1.33707309  p_x
   35   3   2  -2       0.01068899  d_xy
   35   3   2  -1       0.00925176  d_yz
   35   3   2   0       0.00942430  d_z2
   35   3   2   1       0.00384542  d_xz
   35   3   2   2       0.01202270  d_x2-y2
   36   1   0   0       1.86802535  s
   36   2   1  -1       1.32183864  p_y
   36   2   1   0       1.46192600  p_z
   36   2   1   1       1.28578915  p_x
   36   3   2  -2       0.00687631  d_xy
   36   3   2  -1       0.00805064  d_yz
   36   3   2   0       0.01162840  d_z2
   36   3   2   1       0.01451600  d_xz
   36   3   2   2       0.01192709  d_x2-y2
   37   1   0   0       1.87332198  s
   37   2   1  -1       1.25578890  p_y
   37   2   1   0       1.43716836  p_z
   37   2   1   1       1.42740907  p_x
   37   3   2  -2       0.00719540  d_xy
   37   3   2  -1       0.00680015  d_yz
   37   3   2   0       0.01108617  d_z2
   37   3   2   1       0.01216284  d_xz
   37   3   2   2       0.01178685  d_x2-y2
   38   1   0   0       1.87715024  s
   38   2   1  -1       1.39958195  p_y
   38   2   1   0       1.33978873  p_z
   38   2   1   1       1.37841689  p_x
   38   3   2  -2       0.01157264  d_xy
   38   3   2  -1       0.00838827  d_yz
   38   3   2   0       0.01208169  d_z2
   38   3   2   1       0.00815449  d_xz
   38   3   2   2       0.01176205  d_x2-y2
   39   1   0   0       1.87885448  s
   39   2   1  -1       1.38014690  p_y
   39   2   1   0       1.30074632  p_z
   39   2   1   1       1.43032923  p_x
   39   3   2  -2       0.01061809  d_xy
   39   3   2  -1       0.01076921  d_yz
   39   3   2   0       0.01328766  d_z2
   39   3   2   1       0.00797137  d_xz
   39   3   2   2       0.01171504  d_x2-y2
   40   1   0   0       1.87104117  s
   40   2   1  -1       1.43665877  p_y
   40   2   1   0       1.34150236  p_z
   40   2   1   1       1.28583899  p_x
   40   3   2  -2       0.00972509  d_xy
   40   3   2  -1       0.00692990  d_yz
   40   3   2   0       0.01179402  d_z2
   40   3   2   1       0.00699563  d_xz
   40   3   2   2       0.01043389  d_x2-y2
   41   1   0   0       1.94572270  s
   41   2   1  -1       1.73350814  p_y
   41   2   1   0       1.72651262  p_z
   41   2   1   1       1.72888811  p_x
   41   3   2  -2       0.00121929  d_xy
   41   3   2  -1      -0.00046393  d_yz
   41   3   2   0      -0.00451693  d_z2
   41   3   2   1       0.00100391  d_xz
   41   3   2   2      -0.00311691  d_x2-y2
   42   1   0   0       1.94817593  s
   42   2   1  -1       1.76241439  p_y
   42   2   1   0       1.72274631  p_z
   42   2   1   1       1.72369477  p_x
   42   3   2  -2       0.00089926  d_xy
   42   3   2  -1       0.00349494  d_yz
   42   3   2   0      -0.00915564  d_z2
   42   3   2   1      -0.00141244  d_xz
   42   3   2   2      -0.00198952  d_x2-y2
   43   1   0   0       1.94753776  s
   43   2   1  -1       1.76300147  p_y
   43   2   1   0       1.74465678  p_z
   43   2   1   1       1.69287657  p_x
   43   3   2  -2      -0.00723367  d_xy
   43   3   2  -1       0.00455771  d_yz
   43   3   2   0       0.00035273  d_z2
   43   3   2   1      -0.00311957  d_xz
   43   3   2   2      -0.00111747  d_x2-y2
   44   1   0   0       1.94835778  s
   44   2   1  -1       1.70704195  p_y
   44   2   1   0       1.73009102  p_z
   44   2   1   1       1.75423478  p_x
   44   3   2  -2      -0.00179439  d_xy
   44   3   2  -1      -0.00246618  d_yz
   44   3   2   0      -0.00176859  d_z2
   44   3   2   1       0.00187489  d_xz
   44   3   2   2       0.00069572  d_x2-y2
   45   1   0   0       1.94945080  s
   45   2   1  -1       1.74802175  p_y
   45   2   1   0       1.75500058  p_z
   45   2   1   1       1.69693032  p_x
   45   3   2  -2      -0.00216882  d_xy
   45   3   2  -1       0.00258452  d_yz
   45   3   2   0      -0.00016265  d_z2
   45   3   2   1      -0.00160694  d_xz
   45   3   2   2       0.00017658  d_x2-y2
   46   1   0   0       1.94811639  s
   46   2   1  -1       1.73757490  p_y
   46   2   1   0       1.72617074  p_z
   46   2   1   1       1.74400483  p_x
   46   3   2  -2       0.00334807  d_xy
   46   3   2  -1      -0.00490380  d_yz
   46   3   2   0      -0.00071165  d_z2
   46   3   2   1      -0.00085579  d_xz
   46   3   2   2      -0.00077916  d_x2-y2
   47   1   0   0       1.94542626  s
   47   2   1  -1       1.73555523  p_y
   47   2   1   0       1.72908836  p_z
   47   2   1   1       1.72602234  p_x
   47   3   2  -2       0.00064622  d_xy
   47   3   2  -1      -0.00172698  d_yz
   47   3   2   0      -0.00592584  d_z2
   47   3   2   1       0.00039767  d_xz
   47   3   2   2      -0.00401575  d_x2-y2
   48   1   0   0       1.94593802  s
   48   2   1  -1       1.75046121  p_y
   48   2   1   0       1.71425527  p_z
   48   2   1   1       1.73627050  p_x
   48   3   2  -2       0.00225086  d_xy
   48   3   2  -1      -0.00062344  d_yz
   48   3   2   0      -0.00938858  d_z2
   48   3   2   1       0.00065707  d_xz
   48   3   2   2       0.00153019  d_x2-y2

Fermi level:                        -0.1362741811 H           -3.7082 eV
Band energy:                       -72.2690019477 H        -1966.5396 eV
TS:                                  0.0000000000 H            0.0000 eV
Band free energy (E-TS):           -72.2690019477 H        -1966.5396 eV
Extrapolated E(0K):                -72.2690019477 H        -1966.5396 eV
Input / Output electrons (q):    192.0000000000    192.0000000000

Energy H0:                         -73.2658930167 H        -1993.6664 eV
Energy SCC:                          0.0289773360 H            0.7885 eV
Total Electronic energy:           -73.2369156807 H        -1992.8779 eV
Repulsive energy:                    0.0000000000 H            0.0000 eV
Total energy:                      -73.2369156807 H        -1992.8779 eV
Extrapolated to 0:                 -73.2369156807 H        -1992.8779 eV
Total Mermin free energy:          -73.2369156807 H        -1992.8779 eV
Force related energy:              -73.2369156807 H        -1992.8779 eV

Atom resolved electronic energies 
    1     -0.30405570 H       -8.273777 eV
    2     -0.29100233 H       -7.918576 eV
    3     -0.28086096 H       -7.642616 eV
    4     -0.28424377 H       -7.734667 eV
    5     -0.29085527 H       -7.914575 eV
    6     -0.28681681 H       -7.804683 eV
    7     -0.27860104 H       -7.581120 eV
    8     -0.26872420 H       -7.312357 eV
    9     -0.28967244 H       -7.882388 eV
   10     -0.26019404 H       -7.080240 eV
   11     -0.28699051 H       -7.809409 eV
   12     -0.29783561 H       -8.104519 eV
   13     -0.30123308 H       -8.196969 eV
   14     -0.28200853 H       -7.673843 eV
   15     -0.27386134 H       -7.452146 eV
   16     -0.27124016 H       -7.380820 eV
   17     -0.27497333 H       -7.482405 eV
   18     -0.28202365 H       -7.674254 eV
   19     -0.29342887 H       -7.984606 eV
   20     -0.28300708 H       -7.701014 eV
   21     -1.86958749 H      -50.874064 eV
   22     -1.86999445 H      -50.885138 eV
   23     -1.86971053 H      -50.877412 eV
   24     -1.87201919 H      -50.940234 eV
   25     -2.15682244 H      -58.690125 eV
   26     -2.15900541 H      -58.749526 eV
   27     -2.15446310 H      -58.625924 eV
   28     -2.15715604 H      -58.699202 eV
   29     -2.15893722 H      -58.747671 eV
   30     -2.15729990 H      -58.703117 eV
   31     -2.15623247 H      -58.674071 eV
   32     -2.15790081 H      -58.719469 eV
   33     -2.15521224 H      -58.646309 eV
   34     -2.16176729 H      -58.824681 eV
   35     -2.15671962 H      -58.687327 eV
   36     -2.15681668 H      -58.689968 eV
   37     -2.16179894 H      -58.825542 eV
   38     -2.16325003 H      -58.865028 eV
   39     -2.16392184 H      -58.883309 eV
   40     -2.15560305 H      -58.656944 eV
   41     -3.18996281 H      -86.803305 eV
   42     -3.19587812 H      -86.964268 eV
   43     -3.19229651 H      -86.866808 eV
   44     -3.19180871 H      -86.853534 eV
   45     -3.19391423 H      -86.910828 eV
   46     -3.19509068 H      -86.942841 eV
   47     -3.18904658 H      -86.778373 eV
   48     -3.19307055 H      -86.887870 eV

Atom resolved repulsive energies 
    1      0.00000000 H        0.000000 eV
    2      0.00000000 H        0.000000 eV
    3      0.00000000 H        0.000000 eV
    4      0.00000000 H        0.000000 eV
    5      0.00000000 H        0.000000 eV
    6      0.00000000 H        0.000000 eV
    7      0.00000000 H        0.000000 eV
    8      0.00000000 H        0.000000 eV
    9      0.00000000 H        0.000000 eV
   10      0.00000000 H        0.000000 eV
   11      0.00000000 H        0.000000 eV
   12      0.00000000 H        0.000000 eV
   13      0.00000000 H        0.000000 eV
   14      0.00000000 H        0.000000 eV
   15      0.00000000 H        0.000000 eV
   16      0.00000000 H        0.000000 eV
   17      0.00000000 H        0.000000 eV
   18      0.00000000 H        0.000000 eV
   19      0.00000000 H        0.000000 eV
   20      0.00000000 H        0.000000 eV
   21      0.00000000 H        0.000000 eV
   22      0.00000000 H        0.000000 eV
   23      0.00000000 H        0.000000 eV
   24      0.00000000 H        0.000000 eV
   25      0.00000000 H        0.000000 eV
   26      0.00000000 H        0.000000 eV
   27      0.00000000 H        0.000000 eV
   28      0.00000000 H        0.000000 eV
   29      0.00000000 H        0.000000 eV
   30      0.00000000 H        0.000000 eV
   31      0.00000000 H        0.000000 eV
   32      0.00000000 H        0.000000 eV
   33      0.00000000 H        0.000000 eV
   34      0.00000000 H        0.000000 eV
   35      0.00000000 H        0.000000 eV
   36      0.00000000 H        0.000000 eV
   37      0.00000000 H        0.000000 eV
   38      0.00000000 H        0.000000 eV
   39      0.00000000 H        0.000000 eV
   40      0.00000000 H        0.000000 eV
   41      0.00000000 H        0.000000 eV
   42      0.00000000 H        0.000000 eV
   43      0.00000000 H        0.000000 eV
   44      0.00000000 H        0.000000 eV
   45      0.00000000 H        0.000000 eV
   46      0.00000000 H        0.000000 eV
   47      0.00000000 H        0.000000 eV
   48      0.00000000 H        0.000000 eV

Atom resolved total energies 
    1     -0.30405570 H       -8.273777 eV
    2     -0.29100233 H       -7.918576 eV
    3     -0.28086096 H       -7.642616 eV
    4     -0.28424377 H       -7.734667 eV
    5     -0.29085527 H       -7.914575 eV
    6     -0.28681681 H       -7.804683 eV
    7     -0.27860104 H       -7.581120 eV
    8     -0.26872420 H       -7.312357 eV
    9     -0.28967244 H       -7.882388 eV
   10     -0.26019404 H       -7.080240 eV
   11     -0.28699051 H       -7.809409 eV
   12     -0.29783561 H       -8.104519 eV
   13     -0.30123308 H       -8.196969 eV
   14     -0.28200853 H       -7.673843 eV
   15     -0.27386134 H       -7.452146 eV
   16     -0.27124016 H       -7.380820 eV
   17     -0.27497333 H       -7.482405 eV
   18     -0.28202365 H       -7.674254 eV
   19     -0.29342887 H       -7.984606 eV
   20     -0.28300708 H       -7.701014 eV
   21     -1.86958749 H      -50.874064 eV
   22     -1.86999445 H      -50.885138 eV
   23     -1.86971053 H      -50.877412 eV
   24     -1.87201919 H      -50.940234 eV
   25     -2.15682244 H      -58.690125 eV
   26     -2.15900541 H      -58.749526 eV
   27     -2.15446310 H      -58.625924 eV
   28     -2.15715604 H      -58.699202 eV
   29     -2.15893722 H      -58.747671 eV
   30     -2.15729990 H      -58.703117 eV
   31     -2.15623247 H      -58.674071 eV
   32     -2.15790081 H      -58.719469 eV
   33     -2.15521224 H      -58.646309 eV
   34     -2.16176729 H      -58.824681 eV
   35     -2.15671962 H      -58.687327 eV
   36     -2.15681668 H      -58.689968 eV
   37     -2.16179894 H      -58.825542 eV
   38     -2.16325003 H      -58.865028 eV
   39     -2.16392184 H      -58.883309 eV
   40     -2.15560305 H      -58.656944 eV
   41     -3.18996281 H      -86.803305 eV
   42     -3.19587812 H      -86.964268 eV
   43     -3.19229651 H      -86.866808 eV
   44     -3.19180871 H      -86.853534 eV
   45     -3.19391423 H      -86.910828 eV
   46     -3.19509068 H      -86.942841 eV
   47     -3.18904658 H      -86.778373 eV
   48     -3.19307055 H      -86.887870 eV

SCC converged

Total Forces
    1     -0.002454525931     -0.005609010888      0.006021175350
    2     -0.005304930189      0.007612440167     -0.000704836981
    3      0.009943061755     -0.006414577791     -0.008764504040
    4     -0.002956667913      0.006436516024      0.007898992359
    5     -0.004610780225      0.011214668562     -0.009553108363
    6      0.007413180305      0.003218202972      0.006483673954
    7     -0.009194068388     -0.003761043076      0.006127062910
    8     -0.002381200418     -0.009725930278      0.003188692928
    9      0.000608216242     -0.008226741265     -0.007637787413
   10      0.007450252414      0.007617200828      0.008037241656
   11     -0.008386320267     -0.002984654285      0.003834416589
   12      0.004527545978      0.000824196936      0.010634043402
   13     -0.001351226000     -0.006201878425      0.004178779274
   14     -0.006349164784      0.005093863233     -0.006848942132
   15      0.001185883413      0.001636731210     -0.003674625248
   16      0.009722495621     -0.005201424638     -0.006374694944
   17      0.001610403006      0.010525093430     -0.005655308149
   18     -0.000768938182     -0.003773323261     -0.008491876611
   19      0.007254490971      0.005156331723      0.007057014701
   20     -0.007133261207      0.002161376002     -0.000780737228
   21      0.006158492640     -0.000124437708     -0.001984451920
   22      0.001635034591      0.001515819212      0.007814051960
   23     -0.002875143848     -0.000069899253     -0.009491846243
   24      0.005608857730      0.002166270734     -0.003177279293
   25     -0.004527097181      0.010628973325     -0.014452165148
   26      0.010884749726     -0.003508668887     -0.000002832644
   27      0.006028404213      0.006182796047      0.006271405885
   28     -0.012755605926     -0.009551915302     -0.001254328540
   29     -0.006386873110     -0.005061074590      0.016189273975
   30      0.002839329557      0.011325908233     -0.011938465296
   31      0.005993223957      0.005382134061      0.004643035649
   32      0.006731278650     -0.020711369839     -0.006138064619
   33      0.007573269185     -0.007522951706     -0.007685271022
   34     -0.017173959815     -0.006234158151      0.010411993460
   35      0.012469242937      0.011315406458      0.008693000312
   36     -0.012707677187      0.000084903561     -0.015029359720
   37     -0.001703399305     -0.018374174549      0.020559837598
   38     -0.024312484011     -0.000482887813     -0.013370560052
   39     -0.001935511354      0.022971159227      0.014664992851
   40      0.012836683878      0.006100509358     -0.013282827610
   41      0.010238909312     -0.013714725054      0.007552511889
   42      0.011778834330      0.005799436904     -0.005051793565
   43     -0.002545148327      0.004872220042     -0.000371784142
   44     -0.004873445619      0.003025285419      0.007066814312
   45      0.000178165857     -0.008388309623     -0.005835714557
   46     -0.002404299018     -0.000296213399      0.004997421104
   47      0.001261543627      0.002932911786     -0.009204881660
   48     -0.006839821690     -0.009860985672      0.004432615022

Total stress tensor
     -0.000315083709      0.000002252911     -0.000000733985
      0.000002253258     -0.000299836832      0.000003164742
     -0.000000733903      0.000003164924     -0.000302857373

Total lattice derivs
      0.114688228043     -0.000820043499      0.000267165333
     -0.000820170027      0.109138473296     -0.001151943593
      0.000267135566     -0.001152009986      0.110237928474

Maximal derivative component:        0.243125E-01 au

Volume:                              0.694447E+04 au^3
Pressure:                           -0.305926E-03 au    -0.900065E+10 Pa


