 Fermi distribution function

Calculation with static geometry


********************************************************************************
 iSCC Total electronic   Diff electronic      SCC error    
   21   -0.74833141E+02    0.00000000E+00    0.95215391E-10
********************************************************************************

 Total charge:    -0.00000000

 Atomic gross charges (e)
 Atom           Charge
    1      -0.01203837
    2       0.09082397
    3       0.01948777
    4       0.03731631
    5       0.02709077
    6       0.03982062
    7       0.04224320
    8       0.08330184
    9       0.03086020
   10       0.09240622
   11       0.02391520
   12       0.01230610
   13      -0.01125250
   14       0.01970411
   15       0.08735458
   16       0.17760583
   17       0.05878994
   18       0.02956239
   19       0.05015737
   20       0.05450651
   21       0.33962398
   22       0.34053743
   23       0.34833703
   24       0.34115635
   25      -0.06514963
   26      -0.03602634
   27      -0.03143218
   28      -0.09817381
   29      -0.10679941
   30      -0.10729632
   31      -0.02777253
   32      -0.05978103
   33      -0.05636609
   34      -0.10854823
   35      -0.09597848
   36      -0.06945132
   37      -0.11476166
   38      -0.17915523
   39      -0.05393802
   40      -0.03845980
   41      -0.17737451
   42      -0.12550405
   43      -0.10672041
   44      -0.16082781
   45      -0.12889511
   46      -0.13086612
   47      -0.11112284
   48      -0.13321591

Nr. of electrons (up):    192.00000000
Atom populations (up)
 Atom       Population
    1       1.01203837
    2       0.90917603
    3       0.98051223
    4       0.96268369
    5       0.97290923
    6       0.96017938
    7       0.95775680
    8       0.91669816
    9       0.96913980
   10       0.90759378
   11       0.97608480
   12       0.98769390
   13       1.01125250
   14       0.98029589
   15       0.91264542
   16       0.82239417
   17       0.94121006
   18       0.97043761
   19       0.94984263
   20       0.94549349
   21       4.66037602
   22       4.65946257
   23       4.65166297
   24       4.65884365
   25       6.06514963
   26       6.03602634
   27       6.03143218
   28       6.09817381
   29       6.10679941
   30       6.10729632
   31       6.02777253
   32       6.05978103
   33       6.05636609
   34       6.10854823
   35       6.09597848
   36       6.06945132
   37       6.11476166
   38       6.17915523
   39       6.05393802
   40       6.03845980
   41       7.17737451
   42       7.12550405
   43       7.10672041
   44       7.16082781
   45       7.12889511
   46       7.13086612
   47       7.11112284
   48       7.13321591

l-shell populations (up)
 Atom Sh.   l       Population
    1   1   0       0.37853140
    1   2   1       0.63350697
    2   1   0       0.33940731
    2   2   1       0.56976872
    3   1   0       0.36268615
    3   2   1       0.61782609
    4   1   0       0.35714873
    4   2   1       0.60553496
    5   1   0       0.36057505
    5   2   1       0.61233417
    6   1   0       0.35567136
    6   2   1       0.60450802
    7   1   0       0.35194659
    7   2   1       0.60581021
    8   1   0       0.33211874
    8   2   1       0.58457942
    9   1   0       0.36494392
    9   2   1       0.60419588
   10   1   0       0.34569810
   10   2   1       0.56189568
   11   1   0       0.37901490
   11   2   1       0.59706990
   12   1   0       0.37088601
   12   2   1       0.61680789
   13   1   0       0.38851083
   13   2   1       0.62274167
   14   1   0       0.36056616
   14   2   1       0.61972972
   15   1   0       0.33728767
   15   2   1       0.57535775
   16   1   0       0.30916306
   16   2   1       0.51323111
   17   1   0       0.34966426
   17   2   1       0.59154580
   18   1   0       0.36423947
   18   2   1       0.60619815
   19   1   0       0.35057782
   19   2   1       0.59926481
   20   1   0       0.35447617
   20   2   1       0.59101732
   21   1   0       1.49834254
   21   2   1       2.78866179
   21   3   2       0.37337168
   22   1   0       1.49618738
   22   2   1       2.78479943
   22   3   2       0.37847577
   23   1   0       1.49295271
   23   2   1       2.77490950
   23   3   2       0.38380077
   24   1   0       1.49527293
   24   2   1       2.77853511
   24   3   2       0.38503561
   25   1   0       1.85246037
   25   2   1       4.17079166
   25   3   2       0.04189760
   26   1   0       1.84962608
   26   2   1       4.14103306
   26   3   2       0.04536719
   27   1   0       1.84881075
   27   2   1       4.13690501
   27   3   2       0.04571643
   28   1   0       1.85031522
   28   2   1       4.20204571
   28   3   2       0.04581288
   29   1   0       1.86376310
   29   2   1       4.20201354
   29   3   2       0.04102277
   30   1   0       1.84732486
   30   2   1       4.21869282
   30   3   2       0.04127863
   31   1   0       1.84945795
   31   2   1       4.13647070
   31   3   2       0.04184387
   32   1   0       1.83933106
   32   2   1       4.16548407
   32   3   2       0.05496589
   33   1   0       1.84637218
   33   2   1       4.16358837
   33   3   2       0.04640554
   34   1   0       1.84751690
   34   2   1       4.22062561
   34   3   2       0.04040572
   35   1   0       1.84099366
   35   2   1       4.21752957
   35   3   2       0.03745525
   36   1   0       1.85042695
   36   2   1       4.16915315
   36   3   2       0.04987122
   37   1   0       1.85496338
   37   2   1       4.21220321
   37   3   2       0.04759507
   38   1   0       1.86776299
   38   2   1       4.26789003
   38   3   2       0.04350221
   39   1   0       1.83620615
   39   2   1       4.15925746
   39   3   2       0.05847441
   40   1   0       1.85388709
   40   2   1       4.14432984
   40   3   2       0.04024287
   41   1   0       1.94089469
   41   2   1       5.22593422
   41   3   2       0.01054561
   42   1   0       1.94403496
   42   2   1       5.18889118
   42   3   2      -0.00742209
   43   1   0       1.94595592
   43   2   1       5.16904769
   43   3   2      -0.00828320
   44   1   0       1.94476687
   44   2   1       5.20463602
   44   3   2       0.01142493
   45   1   0       1.94554516
   45   2   1       5.18193881
   45   3   2       0.00141114
   46   1   0       1.94401746
   46   2   1       5.18847463
   46   3   2      -0.00162596
   47   1   0       1.94340746
   47   2   1       5.18737397
   47   3   2      -0.01965859
   48   1   0       1.94295408
   48   2   1       5.19386655
   48   3   2      -0.00360472

Orbital populations (up)
 Atom Sh.   l   m       Population  Label
    1   1   0   0       0.37853140  s
    1   2   1  -1       0.22341523  p_y
    1   2   1   0       0.19938691  p_z
    1   2   1   1       0.21070484  p_x
    2   1   0   0       0.33940731  s
    2   2   1  -1       0.14992338  p_y
    2   2   1   0       0.22843277  p_z
    2   2   1   1       0.19141257  p_x
    3   1   0   0       0.36268615  s
    3   2   1  -1       0.20988031  p_y
    3   2   1   0       0.19849358  p_z
    3   2   1   1       0.20945220  p_x
    4   1   0   0       0.35714873  s
    4   2   1  -1       0.21878605  p_y
    4   2   1   0       0.17312799  p_z
    4   2   1   1       0.21362092  p_x
    5   1   0   0       0.36057505  s
    5   2   1  -1       0.19958392  p_y
    5   2   1   0       0.20148559  p_z
    5   2   1   1       0.21126466  p_x
    6   1   0   0       0.35567136  s
    6   2   1  -1       0.18434249  p_y
    6   2   1   0       0.22323040  p_z
    6   2   1   1       0.19693513  p_x
    7   1   0   0       0.35194659  s
    7   2   1  -1       0.20796889  p_y
    7   2   1   0       0.22061270  p_z
    7   2   1   1       0.17722862  p_x
    8   1   0   0       0.33211874  s
    8   2   1  -1       0.17073980  p_y
    8   2   1   0       0.20468859  p_z
    8   2   1   1       0.20915104  p_x
    9   1   0   0       0.36494392  s
    9   2   1  -1       0.20793568  p_y
    9   2   1   0       0.19104251  p_z
    9   2   1   1       0.20521769  p_x
   10   1   0   0       0.34569810  s
   10   2   1  -1       0.20893675  p_y
   10   2   1   0       0.17947086  p_z
   10   2   1   1       0.17348808  p_x
   11   1   0   0       0.37901490  s
   11   2   1  -1       0.21365147  p_y
   11   2   1   0       0.18972920  p_z
   11   2   1   1       0.19368922  p_x
   12   1   0   0       0.37088601  s
   12   2   1  -1       0.21401679  p_y
   12   2   1   0       0.20487101  p_z
   12   2   1   1       0.19792009  p_x
   13   1   0   0       0.38851083  s
   13   2   1  -1       0.16537016  p_y
   13   2   1   0       0.21698953  p_z
   13   2   1   1       0.24038198  p_x
   14   1   0   0       0.36056616  s
   14   2   1  -1       0.19061700  p_y
   14   2   1   0       0.20999138  p_z
   14   2   1   1       0.21912135  p_x
   15   1   0   0       0.33728767  s
   15   2   1  -1       0.18674213  p_y
   15   2   1   0       0.20085537  p_z
   15   2   1   1       0.18776026  p_x
   16   1   0   0       0.30916306  s
   16   2   1  -1       0.21013573  p_y
   16   2   1   0       0.22403736  p_z
   16   2   1   1       0.07905801  p_x
   17   1   0   0       0.34966426  s
   17   2   1  -1       0.17894264  p_y
   17   2   1   0       0.21567739  p_z
   17   2   1   1       0.19692578  p_x
   18   1   0   0       0.36423947  s
   18   2   1  -1       0.22009396  p_y
   18   2   1   0       0.16753210  p_z
   18   2   1   1       0.21857209  p_x
   19   1   0   0       0.35057782  s
   19   2   1  -1       0.20731946  p_y
   19   2   1   0       0.19889244  p_z
   19   2   1   1       0.19305291  p_x
   20   1   0   0       0.35447617  s
   20   2   1  -1       0.22984512  p_y
   20   2   1   0       0.19687681  p_z
   20   2   1   1       0.16429538  p_x
   21   1   0   0       1.49834254  s
   21   2   1  -1       0.92528389  p_y
   21   2   1   0       0.94247793  p_z
   21   2   1   1       0.92089996  p_x
   21   3   2  -2       0.08266102  d_xy
   21   3   2  -1       0.07030325  d_yz
   21   3   2   0       0.07501905  d_z2
   21   3   2   1       0.07439999  d_xz
   21   3   2   2       0.07098836  d_x2-y2
   22   1   0   0       1.49618738  s
   22   2   1  -1       0.91985265  p_y
   22   2   1   0       0.93027695  p_z
   22   2   1   1       0.93466982  p_x
   22   3   2  -2       0.07767400  d_xy
   22   3   2  -1       0.08051954  d_yz
   22   3   2   0       0.07351690  d_z2
   22   3   2   1       0.07158149  d_xz
   22   3   2   2       0.07518383  d_x2-y2
   23   1   0   0       1.49295271  s
   23   2   1  -1       0.93638738  p_y
   23   2   1   0       0.92282565  p_z
   23   2   1   1       0.91569647  p_x
   23   3   2  -2       0.07323362  d_xy
   23   3   2  -1       0.07234389  d_yz
   23   3   2   0       0.06970528  d_z2
   23   3   2   1       0.08811743  d_xz
   23   3   2   2       0.08040055  d_x2-y2
   24   1   0   0       1.49527293  s
   24   2   1  -1       0.93559105  p_y
   24   2   1   0       0.91553064  p_z
   24   2   1   1       0.92741342  p_x
   24   3   2  -2       0.07351712  d_xy
   24   3   2  -1       0.08273391  d_yz
   24   3   2   0       0.07581029  d_z2
   24   3   2   1       0.07694599  d_xz
   24   3   2   2       0.07602830  d_x2-y2
   25   1   0   0       1.85246037  s
   25   2   1  -1       1.36901530  p_y
   25   2   1   0       1.45508910  p_z
   25   2   1   1       1.34668725  p_x
   25   3   2  -2       0.00357394  d_xy
   25   3   2  -1       0.00898799  d_yz
   25   3   2   0       0.01247735  d_z2
   25   3   2   1       0.00790412  d_xz
   25   3   2   2       0.00895421  d_x2-y2
   26   1   0   0       1.84962608  s
   26   2   1  -1       1.40753246  p_y
   26   2   1   0       1.39669530  p_z
   26   2   1   1       1.33680530  p_x
   26   3   2  -2       0.01009622  d_xy
   26   3   2  -1       0.00580580  d_yz
   26   3   2   0       0.00984928  d_z2
   26   3   2   1       0.00827280  d_xz
   26   3   2   2       0.01134310  d_x2-y2
   27   1   0   0       1.84881075  s
   27   2   1  -1       1.36891594  p_y
   27   2   1   0       1.39196957  p_z
   27   2   1   1       1.37601950  p_x
   27   3   2  -2       0.00797563  d_xy
   27   3   2  -1       0.00957728  d_yz
   27   3   2   0       0.01060675  d_z2
   27   3   2   1       0.00595593  d_xz
   27   3   2   2       0.01160083  d_x2-y2
   28   1   0   0       1.85031522  s
   28   2   1  -1       1.39632599  p_y
   28   2   1   0       1.46132057  p_z
   28   2   1   1       1.34439915  p_x
   28   3   2  -2       0.00614638  d_xy
   28   3   2  -1       0.00912357  d_yz
   28   3   2   0       0.01125805  d_z2
   28   3   2   1       0.00687167  d_xz
   28   3   2   2       0.01241321  d_x2-y2
   29   1   0   0       1.86376310  s
   29   2   1  -1       1.34945171  p_y
   29   2   1   0       1.45564673  p_z
   29   2   1   1       1.39691509  p_x
   29   3   2  -2       0.00368116  d_xy
   29   3   2  -1       0.00975827  d_yz
   29   3   2   0       0.00970639  d_z2
   29   3   2   1       0.00827072  d_xz
   29   3   2   2       0.00960624  d_x2-y2
   30   1   0   0       1.84732486  s
   30   2   1  -1       1.35475189  p_y
   30   2   1   0       1.45094235  p_z
   30   2   1   1       1.41299858  p_x
   30   3   2  -2       0.00234130  d_xy
   30   3   2  -1       0.01070992  d_yz
   30   3   2   0       0.01108164  d_z2
   30   3   2   1       0.00836805  d_xz
   30   3   2   2       0.00877772  d_x2-y2
   31   1   0   0       1.84945795  s
   31   2   1  -1       1.38018441  p_y
   31   2   1   0       1.38319598  p_z
   31   2   1   1       1.37309031  p_x
   31   3   2  -2       0.00987209  d_xy
   31   3   2  -1       0.00305512  d_yz
   31   3   2   0       0.01092668  d_z2
   31   3   2   1       0.00795037  d_xz
   31   3   2   2       0.01003961  d_x2-y2
   32   1   0   0       1.83933106  s
   32   2   1  -1       1.43271171  p_y
   32   2   1   0       1.33273293  p_z
   32   2   1   1       1.40003944  p_x
   32   3   2  -2       0.01600338  d_xy
   32   3   2  -1       0.00704559  d_yz
   32   3   2   0       0.00924033  d_z2
   32   3   2   1       0.00667733  d_xz
   32   3   2   2       0.01599927  d_x2-y2
   33   1   0   0       1.84637218  s
   33   2   1  -1       1.52737766  p_y
   33   2   1   0       1.27378096  p_z
   33   2   1   1       1.36242975  p_x
   33   3   2  -2       0.00844919  d_xy
   33   3   2  -1       0.00791413  d_yz
   33   3   2   0       0.01168631  d_z2
   33   3   2   1       0.00607532  d_xz
   33   3   2   2       0.01228058  d_x2-y2
   34   1   0   0       1.84751690  s
   34   2   1  -1       1.35247859  p_y
   34   2   1   0       1.34226316  p_z
   34   2   1   1       1.52588386  p_x
   34   3   2  -2       0.01155391  d_xy
   34   3   2  -1       0.00501279  d_yz
   34   3   2   0       0.00971035  d_z2
   34   3   2   1       0.00438370  d_xz
   34   3   2   2       0.00974497  d_x2-y2
   35   1   0   0       1.84099366  s
   35   2   1  -1       1.49106164  p_y
   35   2   1   0       1.36173132  p_z
   35   2   1   1       1.36473662  p_x
   35   3   2  -2       0.00945665  d_xy
   35   3   2  -1       0.00759988  d_yz
   35   3   2   0       0.00784297  d_z2
   35   3   2   1       0.00165149  d_xz
   35   3   2   2       0.01090427  d_x2-y2
   36   1   0   0       1.85042695  s
   36   2   1  -1       1.35717047  p_y
   36   2   1   0       1.48901937  p_z
   36   2   1   1       1.32296330  p_x
   36   3   2  -2       0.00520845  d_xy
   36   3   2  -1       0.00778702  d_yz
   36   3   2   0       0.01181932  d_z2
   36   3   2   1       0.01418395  d_xz
   36   3   2   2       0.01087249  d_x2-y2
   37   1   0   0       1.85496338  s
   37   2   1  -1       1.29352073  p_y
   37   2   1   0       1.47353458  p_z
   37   2   1   1       1.44514790  p_x
   37   3   2  -2       0.00414606  d_xy
   37   3   2  -1       0.00924727  d_yz
   37   3   2   0       0.01040051  d_z2
   37   3   2   1       0.01216546  d_xz
   37   3   2   2       0.01163576  d_x2-y2
   38   1   0   0       1.86776299  s
   38   2   1  -1       1.38323518  p_y
   38   2   1   0       1.44269641  p_z
   38   2   1   1       1.44195843  p_x
   38   3   2  -2       0.01012242  d_xy
   38   3   2  -1       0.00653657  d_yz
   38   3   2   0       0.00936895  d_z2
   38   3   2   1       0.00807802  d_xz
   38   3   2   2       0.00939626  d_x2-y2
   39   1   0   0       1.83620615  s
   39   2   1  -1       1.32153334  p_y
   39   2   1   0       1.37568367  p_z
   39   2   1   1       1.46204045  p_x
   39   3   2  -2       0.01085701  d_xy
   39   3   2  -1       0.00704595  d_yz
   39   3   2   0       0.01458218  d_z2
   39   3   2   1       0.01375504  d_xz
   39   3   2   2       0.01223424  d_x2-y2
   40   1   0   0       1.85388709  s
   40   2   1  -1       1.44867431  p_y
   40   2   1   0       1.36951288  p_z
   40   2   1   1       1.32614265  p_x
   40   3   2  -2       0.01096321  d_xy
   40   3   2  -1       0.00290064  d_yz
   40   3   2   0       0.01093077  d_z2
   40   3   2   1       0.00573285  d_xz
   40   3   2   2       0.00971540  d_x2-y2
   41   1   0   0       1.94089469  s
   41   2   1  -1       1.73126781  p_y
   41   2   1   0       1.69542784  p_z
   41   2   1   1       1.79923858  p_x
   41   3   2  -2       0.00473121  d_xy
   41   3   2  -1      -0.00112531  d_yz
   41   3   2   0      -0.00116705  d_z2
   41   3   2   1       0.00353873  d_xz
   41   3   2   2       0.00456802  d_x2-y2
   42   1   0   0       1.94403496  s
   42   2   1  -1       1.75586546  p_y
   42   2   1   0       1.71504034  p_z
   42   2   1   1       1.71798539  p_x
   42   3   2  -2       0.00170691  d_xy
   42   3   2  -1       0.00417197  d_yz
   42   3   2   0      -0.01083202  d_z2
   42   3   2   1      -0.00111845  d_xz
   42   3   2   2      -0.00135050  d_x2-y2
   43   1   0   0       1.94595592  s
   43   2   1  -1       1.73664188  p_y
   43   2   1   0       1.72316813  p_z
   43   2   1   1       1.70923768  p_x
   43   3   2  -2      -0.00949974  d_xy
   43   3   2  -1       0.00430949  d_yz
   43   3   2   0       0.00106338  d_z2
   43   3   2   1      -0.00148575  d_xz
   43   3   2   2      -0.00267058  d_x2-y2
   44   1   0   0       1.94476687  s
   44   2   1  -1       1.72930394  p_y
   44   2   1   0       1.74803008  p_z
   44   2   1   1       1.72730201  p_x
   44   3   2  -2      -0.00223704  d_xy
   44   3   2  -1       0.00364222  d_yz
   44   3   2   0       0.00383559  d_z2
   44   3   2   1       0.00358552  d_xz
   44   3   2   2       0.00259863  d_x2-y2
   45   1   0   0       1.94554516  s
   45   2   1  -1       1.73927395  p_y
   45   2   1   0       1.75012996  p_z
   45   2   1   1       1.69253490  p_x
   45   3   2  -2      -0.00123872  d_xy
   45   3   2  -1       0.00293094  d_yz
   45   3   2   0       0.00065689  d_z2
   45   3   2   1      -0.00204603  d_xz
   45   3   2   2       0.00110805  d_x2-y2
   46   1   0   0       1.94401746  s
   46   2   1  -1       1.73115260  p_y
   46   2   1   0       1.72069734  p_z
   46   2   1   1       1.73662469  p_x
   46   3   2  -2       0.00472446  d_xy
   46   3   2  -1      -0.00619304  d_yz
   46   3   2   0      -0.00011135  d_z2
   46   3   2   1       0.00009777  d_xz
   46   3   2   2      -0.00014381  d_x2-y2
   47   1   0   0       1.94340746  s
   47   2   1  -1       1.73633494  p_y
   47   2   1   0       1.73718017  p_z
   47   2   1   1       1.71385887  p_x
   47   3   2  -2       0.00052581  d_xy
   47   3   2  -1      -0.00023813  d_yz
   47   3   2   0      -0.00794058  d_z2
   47   3   2   1       0.00060483  d_xz
   47   3   2   2      -0.01261052  d_x2-y2
   48   1   0   0       1.94295408  s
   48   2   1  -1       1.73890997  p_y
   48   2   1   0       1.71796984  p_z
   48   2   1   1       1.73698674  p_x
   48   3   2  -2       0.00337163  d_xy
   48   3   2  -1      -0.00077297  d_yz
   48   3   2   0      -0.01147716  d_z2
   48   3   2   1       0.00221195  d_xz
   48   3   2   2       0.00306183  d_x2-y2

Fermi level:                        -0.1337383142 H           -3.6392 eV
Band energy:                       -72.8734415609 H        -1982.9872 eV
TS:                                  0.0000000000 H            0.0000 eV
Band free energy (E-TS):           -72.8734415609 H        -1982.9872 eV
Extrapolated E(0K):                -72.8734415609 H        -1982.9872 eV
Input / Output electrons (q):    192.0000000000    192.0000000000

Energy H0:                         -74.8726229398 H        -2037.3877 eV
Energy SCC:                          0.0394823500 H            1.0744 eV
Total Electronic energy:           -74.8331405898 H        -2036.3134 eV
Repulsive energy:                    0.4492158369 H           12.2238 eV
Total energy:                      -74.3839247529 H        -2024.0896 eV
Extrapolated to 0:                 -74.3839247529 H        -2024.0896 eV
Total Mermin free energy:          -74.3839247529 H        -2024.0896 eV
Force related energy:              -74.3839247529 H        -2024.0896 eV

Atom resolved electronic energies 
    1     -0.31686179 H       -8.622248 eV
    2     -0.27459759 H       -7.472181 eV
    3     -0.30041699 H       -8.174762 eV
    4     -0.29822927 H       -8.115231 eV
    5     -0.30121140 H       -8.196379 eV
    6     -0.29673808 H       -8.074654 eV
    7     -0.29356148 H       -7.988214 eV
    8     -0.27970586 H       -7.611184 eV
    9     -0.29799719 H       -8.108916 eV
   10     -0.26694537 H       -7.263953 eV
   11     -0.29732927 H       -8.090741 eV
   12     -0.30481858 H       -8.294536 eV
   13     -0.31170109 H       -8.481818 eV
   14     -0.29754364 H       -8.096574 eV
   15     -0.28258351 H       -7.689489 eV
   16     -0.25305895 H       -6.886084 eV
   17     -0.28490531 H       -7.752668 eV
   18     -0.29448795 H       -8.013425 eV
   19     -0.30005326 H       -8.164865 eV
   20     -0.29460813 H       -8.016695 eV
   21     -1.87416314 H      -50.998574 eV
   22     -1.87548207 H      -51.034464 eV
   23     -1.87506604 H      -51.023143 eV
   24     -1.87624095 H      -51.055114 eV
   25     -2.24708313 H      -61.146243 eV
   26     -2.24519940 H      -61.094984 eV
   27     -2.24533579 H      -61.098696 eV
   28     -2.25350224 H      -61.320916 eV
   29     -2.24832761 H      -61.180107 eV
   30     -2.25005972 H      -61.227240 eV
   31     -2.24550274 H      -61.103238 eV
   32     -2.24922224 H      -61.204451 eV
   33     -2.24482319 H      -61.084747 eV
   34     -2.25117495 H      -61.257587 eV
   35     -2.24334023 H      -61.044393 eV
   36     -2.25047166 H      -61.238450 eV
   37     -2.25383395 H      -61.329942 eV
   38     -2.25324167 H      -61.313825 eV
   39     -2.24901285 H      -61.198753 eV
   40     -2.24489290 H      -61.086644 eV
   41     -3.19425490 H      -86.920098 eV
   42     -3.18817440 H      -86.754640 eV
   43     -3.18461261 H      -86.657718 eV
   44     -3.19290321 H      -86.883317 eV
   45     -3.18784226 H      -86.745601 eV
   46     -3.18771468 H      -86.742130 eV
   47     -3.18446612 H      -86.653732 eV
   48     -3.18984125 H      -86.799997 eV

Atom resolved repulsive energies 
    1      0.00000000 H        0.000000 eV
    2      0.00000000 H        0.000000 eV
    3      0.00000000 H        0.000000 eV
    4      0.00000000 H        0.000000 eV
    5      0.00000000 H        0.000000 eV
    6      0.00000000 H        0.000000 eV
    7      0.00000000 H        0.000000 eV
    8      0.00000000 H        0.000000 eV
    9      0.00000000 H        0.000000 eV
   10      0.00000000 H        0.000000 eV
   11      0.00000000 H        0.000000 eV
   12      0.00000000 H        0.000000 eV
   13      0.00000000 H        0.000000 eV
   14      0.00000000 H        0.000000 eV
   15      0.00000000 H        0.000000 eV
   16      0.00000000 H        0.000000 eV
   17      0.00000000 H        0.000000 eV
   18      0.00000000 H        0.000000 eV
   19      0.00000000 H        0.000000 eV
   20      0.00000000 H        0.000000 eV
   21      0.05548015 H        1.509692 eV
   22      0.05604526 H        1.525069 eV
   23      0.05636483 H        1.533765 eV
   24      0.05671768 H        1.543367 eV
   25      0.01383472 H        0.376462 eV
   26      0.01372270 H        0.373414 eV
   27      0.01361067 H        0.370365 eV
   28      0.01431205 H        0.389451 eV
   29      0.01341192 H        0.364957 eV
   30      0.01455184 H        0.395976 eV
   31      0.01327452 H        0.361218 eV
   32      0.01480698 H        0.402918 eV
   33      0.01319737 H        0.359119 eV
   34      0.01505606 H        0.409696 eV
   35      0.01466000 H        0.398919 eV
   36      0.01345140 H        0.366031 eV
   37      0.01493007 H        0.406268 eV
   38      0.01448165 H        0.394066 eV
   39      0.01446212 H        0.393534 eV
   40      0.01284382 H        0.349498 eV
   41      0.00000000 H        0.000000 eV
   42      0.00000000 H        0.000000 eV
   43      0.00000000 H        0.000000 eV
   44      0.00000000 H        0.000000 eV
   45      0.00000000 H        0.000000 eV
   46      0.00000000 H        0.000000 eV
   47      0.00000000 H        0.000000 eV
   48      0.00000000 H        0.000000 eV

Atom resolved total energies 
    1     -0.31686179 H       -8.622248 eV
    2     -0.27459759 H       -7.472181 eV
    3     -0.30041699 H       -8.174762 eV
    4     -0.29822927 H       -8.115231 eV
    5     -0.30121140 H       -8.196379 eV
    6     -0.29673808 H       -8.074654 eV
    7     -0.29356148 H       -7.988214 eV
    8     -0.27970586 H       -7.611184 eV
    9     -0.29799719 H       -8.108916 eV
   10     -0.26694537 H       -7.263953 eV
   11     -0.29732927 H       -8.090741 eV
   12     -0.30481858 H       -8.294536 eV
   13     -0.31170109 H       -8.481818 eV
   14     -0.29754364 H       -8.096574 eV
   15     -0.28258351 H       -7.689489 eV
   16     -0.25305895 H       -6.886084 eV
   17     -0.28490531 H       -7.752668 eV
   18     -0.29448795 H       -8.013425 eV
   19     -0.30005326 H       -8.164865 eV
   20     -0.29460813 H       -8.016695 eV
   21     -1.81868299 H      -49.488882 eV
   22     -1.81943681 H      -49.509395 eV
   23     -1.81870121 H      -49.489378 eV
   24     -1.81952328 H      -49.511747 eV
   25     -2.23324841 H      -60.769781 eV
   26     -2.23147670 H      -60.721570 eV
   27     -2.23172512 H      -60.728330 eV
   28     -2.23919019 H      -60.931465 eV
   29     -2.23491568 H      -60.815150 eV
   30     -2.23550787 H      -60.831264 eV
   31     -2.23222822 H      -60.742020 eV
   32     -2.23441526 H      -60.801533 eV
   33     -2.23162582 H      -60.725628 eV
   34     -2.23611889 H      -60.847891 eV
   35     -2.22868022 H      -60.645474 eV
   36     -2.23702026 H      -60.872418 eV
   37     -2.23890387 H      -60.923674 eV
   38     -2.23876002 H      -60.919760 eV
   39     -2.23455073 H      -60.805219 eV
   40     -2.23204907 H      -60.737146 eV
   41     -3.19425490 H      -86.920098 eV
   42     -3.18817440 H      -86.754640 eV
   43     -3.18461261 H      -86.657718 eV
   44     -3.19290321 H      -86.883317 eV
   45     -3.18784226 H      -86.745601 eV
   46     -3.18771468 H      -86.742130 eV
   47     -3.18446612 H      -86.653732 eV
   48     -3.18984125 H      -86.799997 eV

SCC converged

Total Forces
    1     -0.004564372323     -0.000054848417      0.008019205426
    2     -0.016341431995     -0.003591489996     -0.000658673317
    3      0.003838847175     -0.003784262146     -0.014608316382
    4     -0.007765898239      0.002448897846      0.008511737048
    5     -0.004996298910      0.009733666535     -0.008563244200
    6      0.005996151672      0.002592861859      0.006122054300
    7     -0.004058443488     -0.006623576875      0.006946765225
    8      0.001374685476     -0.007309106187     -0.003603609550
    9      0.002313667927     -0.009140247539     -0.005735004685
   10      0.015678916547      0.010756377090      0.016721412123
   11     -0.009318535256     -0.004977205164      0.004109459042
   12      0.004785156235      0.000607193847      0.009067424660
   13     -0.000777956611     -0.005523637060      0.003771093457
   14     -0.009396471744      0.005389429867     -0.005045830862
   15     -0.000866888342      0.001088258215      0.004082928629
   16     -0.003121214208      0.015346538696     -0.004198203630
   17      0.000622855978      0.008551618470     -0.002019024181
   18     -0.001657831234     -0.004012437975     -0.009111503877
   19      0.004645733077      0.009538656940      0.000499899163
   20     -0.006381674121     -0.003456353355      0.002150868275
   21      0.003927231268     -0.000725988400      0.000489987637
   22      0.018185080698     -0.001762259677     -0.011578275150
   23     -0.005606545626     -0.000668504874     -0.005163160315
   24      0.017146421187      0.001001431482      0.021278207037
   25      0.020957652879     -0.017200585147      0.011449782296
   26     -0.017968876213      0.020657493390      0.023546015610
   27     -0.019522682120     -0.019682354012     -0.020669539748
   28      0.018227367836      0.019257446329     -0.026814945775
   29      0.022006747072      0.013256919011     -0.006176821997
   30      0.027435916724     -0.018724304406      0.021620523310
   31     -0.021129543622     -0.017517264576     -0.017582525704
   32     -0.019640871029      0.007688152374      0.032362254452
   33     -0.016520133581      0.012927061032      0.020710211821
   34      0.009825697064      0.027643126204     -0.018752806451
   35     -0.015720447839     -0.017720301736     -0.018110860773
   36      0.017333102283     -0.023489649617      0.009435218135
   37      0.019842286187      0.018791024270     -0.010863020525
   38      0.013372996124     -0.023268588202     -0.002009645116
   39     -0.030651689250     -0.015282424242     -0.023497490741
   40     -0.016827055702      0.022817208375      0.006764568879
   41     -0.005326210239     -0.016691149183      0.002618029822
   42      0.012955525314      0.005666682443     -0.007042583531
   43     -0.000745081382      0.009242182774     -0.006285532796
   44      0.002159831567      0.009794972586      0.012817139354
   45      0.001655439188     -0.009343927688     -0.005634809200
   46     -0.002041269722      0.000893317566      0.003415118558
   47      0.001129753443      0.002029108773     -0.007746812934
   48     -0.004469640126     -0.007169159499      0.004962337180

Total stress tensor
     -0.000134743616      0.000011936855      0.000002826443
      0.000011937241     -0.000139194265      0.000003767336
      0.000002826533      0.000003767464     -0.000146807954

Total lattice derivs
      0.047141212249     -0.004176211180     -0.000988855525
     -0.004176346464      0.048698310334     -0.001318034769
     -0.000988886752     -0.001318079756      0.051362024644

Maximal derivative component:        0.323623E-01 au

Volume:                              0.654393E+04 au^3
Pressure:                           -0.140249E-03 au    -0.412626E+10 Pa

Warning: dipole moment is not defined absolutely!
Dipole moment:   -6.14147805   -0.99820251   -1.77515575 au
Dipole moment:  -15.61008142   -2.53717792   -4.51199623 Debye


