 Fermi distribution function

Calculation with static geometry


********************************************************************************
 iSCC Total electronic   Diff electronic      SCC error    
   22   -0.74828343E+02    0.00000000E+00    0.73683282E-10
********************************************************************************

 Total charge:    -0.00000000

 Atomic gross charges (e)
 Atom           Charge
    1      -0.01862745
    2       0.00600514
    3       0.02417001
    4       0.02784197
    5       0.02526800
    6       0.03246438
    7       0.03954357
    8       0.11167854
    9       0.02680592
   10       0.16097592
   11       0.04022160
   12       0.00965280
   13      -0.01186721
   14       0.01879457
   15       0.08503661
   16       0.30528299
   17       0.05971211
   18       0.03787811
   19       0.02595528
   20       0.04113424
   21       0.34064475
   22       0.35356737
   23       0.34805560
   24       0.29936842
   25      -0.06170026
   26      -0.05362478
   27      -0.02956802
   28      -0.08857322
   29      -0.13081731
   30      -0.09862645
   31      -0.03227258
   32      -0.10015810
   33      -0.05523459
   34      -0.11126892
   35      -0.10272057
   36      -0.06101275
   37      -0.09672443
   38      -0.13292302
   39      -0.09012123
   40      -0.05025119
   41      -0.16803568
   42      -0.12669092
   43      -0.13142960
   44      -0.16592659
   45      -0.12239852
   46      -0.13315050
   47      -0.11772036
   48      -0.12861364

Nr. of electrons (up):    192.00000000
Atom populations (up)
 Atom       Population
    1       1.01862745
    2       0.99399486
    3       0.97582999
    4       0.97215803
    5       0.97473200
    6       0.96753562
    7       0.96045643
    8       0.88832146
    9       0.97319408
   10       0.83902408
   11       0.95977840
   12       0.99034720
   13       1.01186721
   14       0.98120543
   15       0.91496339
   16       0.69471701
   17       0.94028789
   18       0.96212189
   19       0.97404472
   20       0.95886576
   21       4.65935525
   22       4.64643263
   23       4.65194440
   24       4.70063158
   25       6.06170026
   26       6.05362478
   27       6.02956802
   28       6.08857322
   29       6.13081731
   30       6.09862645
   31       6.03227258
   32       6.10015810
   33       6.05523459
   34       6.11126892
   35       6.10272057
   36       6.06101275
   37       6.09672443
   38       6.13292302
   39       6.09012123
   40       6.05025119
   41       7.16803568
   42       7.12669092
   43       7.13142960
   44       7.16592659
   45       7.12239852
   46       7.13315050
   47       7.11772036
   48       7.12861364

l-shell populations (up)
 Atom Sh.   l       Population
    1   1   0       0.37884237
    1   2   1       0.63978508
    2   1   0       0.37393308
    2   2   1       0.62006177
    3   1   0       0.36079996
    3   2   1       0.61503004
    4   1   0       0.36137382
    4   2   1       0.61078421
    5   1   0       0.36169734
    5   2   1       0.61303465
    6   1   0       0.35862915
    6   2   1       0.60890648
    7   1   0       0.35471907
    7   2   1       0.60573736
    8   1   0       0.31913844
    8   2   1       0.56918301
    9   1   0       0.36605022
    9   2   1       0.60714386
   10   1   0       0.30587339
   10   2   1       0.53315068
   11   1   0       0.36885913
   11   2   1       0.59091927
   12   1   0       0.36991465
   12   2   1       0.62043255
   13   1   0       0.39033009
   13   2   1       0.62153712
   14   1   0       0.36047909
   14   2   1       0.62072635
   15   1   0       0.34156431
   15   2   1       0.57339908
   16   1   0       0.25838458
   16   2   1       0.43633243
   17   1   0       0.34977073
   17   2   1       0.59051716
   18   1   0       0.36035235
   18   2   1       0.60176954
   19   1   0       0.36414376
   19   2   1       0.60990096
   20   1   0       0.36009859
   20   2   1       0.59876717
   21   1   0       1.49815372
   21   2   1       2.78776951
   21   3   2       0.37343203
   22   1   0       1.49327568
   22   2   1       2.77376407
   22   3   2       0.37939287
   23   1   0       1.49296308
   23   2   1       2.77528873
   23   3   2       0.38369259
   24   1   0       1.51424454
   24   2   1       2.82187252
   24   3   2       0.36451452
   25   1   0       1.85215044
   25   2   1       4.16789949
   25   3   2       0.04165033
   26   1   0       1.85075479
   26   2   1       4.15518638
   26   3   2       0.04768362
   27   1   0       1.84886160
   27   2   1       4.13564159
   27   3   2       0.04506482
   28   1   0       1.84994351
   28   2   1       4.19564493
   28   3   2       0.04298478
   29   1   0       1.86470107
   29   2   1       4.22416766
   29   3   2       0.04194858
   30   1   0       1.84653042
   30   2   1       4.21293731
   30   3   2       0.03915871
   31   1   0       1.84899489
   31   2   1       4.13832955
   31   3   2       0.04494814
   32   1   0       1.84802250
   32   2   1       4.20412179
   32   3   2       0.04801382
   33   1   0       1.84621637
   33   2   1       4.16280719
   33   3   2       0.04621103
   34   1   0       1.84783393
   34   2   1       4.22282266
   34   3   2       0.04061233
   35   1   0       1.84123473
   35   2   1       4.22322971
   35   3   2       0.03825613
   36   1   0       1.85008832
   36   2   1       4.16249120
   36   3   2       0.04843323
   37   1   0       1.85475566
   37   2   1       4.19363361
   37   3   2       0.04833515
   38   1   0       1.85696506
   38   2   1       4.21457056
   38   3   2       0.06138739
   39   1   0       1.85459080
   39   2   1       4.16436204
   39   3   2       0.07116838
   40   1   0       1.85522017
   40   2   1       4.15358298
   40   3   2       0.04144804
   41   1   0       1.94279261
   41   2   1       5.21942483
   41   3   2       0.00581824
   42   1   0       1.94423671
   42   2   1       5.19124028
   42   3   2      -0.00878608
   43   1   0       1.94554901
   43   2   1       5.19118853
   43   3   2      -0.00530795
   44   1   0       1.94515524
   44   2   1       5.21020593
   44   3   2       0.01056542
   45   1   0       1.94527500
   45   2   1       5.17698326
   45   3   2       0.00014027
   46   1   0       1.94429446
   46   2   1       5.19321799
   46   3   2      -0.00436196
   47   1   0       1.94256094
   47   2   1       5.18565024
   47   3   2      -0.01049082
   48   1   0       1.94242548
   48   2   1       5.18917216
   48   3   2      -0.00298400

Orbital populations (up)
 Atom Sh.   l   m       Population  Label
    1   1   0   0       0.37884237  s
    1   2   1  -1       0.21764096  p_y
    1   2   1   0       0.20614326  p_z
    1   2   1   1       0.21600086  p_x
    2   1   0   0       0.37393308  s
    2   2   1  -1       0.17567287  p_y
    2   2   1   0       0.23614184  p_z
    2   2   1   1       0.20824706  p_x
    3   1   0   0       0.36079996  s
    3   2   1  -1       0.20908171  p_y
    3   2   1   0       0.19914865  p_z
    3   2   1   1       0.20679968  p_x
    4   1   0   0       0.36137382  s
    4   2   1  -1       0.22379170  p_y
    4   2   1   0       0.17297064  p_z
    4   2   1   1       0.21402187  p_x
    5   1   0   0       0.36169734  s
    5   2   1  -1       0.19829245  p_y
    5   2   1   0       0.20012857  p_z
    5   2   1   1       0.21461363  p_x
    6   1   0   0       0.35862915  s
    6   2   1  -1       0.18553154  p_y
    6   2   1   0       0.22469394  p_z
    6   2   1   1       0.19868100  p_x
    7   1   0   0       0.35471907  s
    7   2   1  -1       0.20905670  p_y
    7   2   1   0       0.22317466  p_z
    7   2   1   1       0.17350600  p_x
    8   1   0   0       0.31913844  s
    8   2   1  -1       0.16787947  p_y
    8   2   1   0       0.19460742  p_z
    8   2   1   1       0.20669613  p_x
    9   1   0   0       0.36605022  s
    9   2   1  -1       0.20733606  p_y
    9   2   1   0       0.19087099  p_z
    9   2   1   1       0.20893680  p_x
   10   1   0   0       0.30587339  s
   10   2   1  -1       0.19502081  p_y
   10   2   1   0       0.16307860  p_z
   10   2   1   1       0.17505127  p_x
   11   1   0   0       0.36885913  s
   11   2   1  -1       0.20758023  p_y
   11   2   1   0       0.19130084  p_z
   11   2   1   1       0.19203820  p_x
   12   1   0   0       0.36991465  s
   12   2   1  -1       0.21381608  p_y
   12   2   1   0       0.20520024  p_z
   12   2   1   1       0.20141623  p_x
   13   1   0   0       0.39033009  s
   13   2   1  -1       0.16394126  p_y
   13   2   1   0       0.21532982  p_z
   13   2   1   1       0.24226605  p_x
   14   1   0   0       0.36047909  s
   14   2   1  -1       0.18998364  p_y
   14   2   1   0       0.20959367  p_z
   14   2   1   1       0.22114904  p_x
   15   1   0   0       0.34156431  s
   15   2   1  -1       0.18700040  p_y
   15   2   1   0       0.20537614  p_z
   15   2   1   1       0.18102255  p_x
   16   1   0   0       0.25838458  s
   16   2   1  -1       0.03395655  p_y
   16   2   1   0       0.21920405  p_z
   16   2   1   1       0.18317183  p_x
   17   1   0   0       0.34977073  s
   17   2   1  -1       0.18111295  p_y
   17   2   1   0       0.21244662  p_z
   17   2   1   1       0.19695759  p_x
   18   1   0   0       0.36035235  s
   18   2   1  -1       0.21692647  p_y
   18   2   1   0       0.16735370  p_z
   18   2   1   1       0.21748937  p_x
   19   1   0   0       0.36414376  s
   19   2   1  -1       0.21466356  p_y
   19   2   1   0       0.18789173  p_z
   19   2   1   1       0.20734567  p_x
   20   1   0   0       0.36009859  s
   20   2   1  -1       0.23481605  p_y
   20   2   1   0       0.19717318  p_z
   20   2   1   1       0.16677794  p_x
   21   1   0   0       1.49815372  s
   21   2   1  -1       0.92555247  p_y
   21   2   1   0       0.94180151  p_z
   21   2   1   1       0.92041552  p_x
   21   3   2  -2       0.08265093  d_xy
   21   3   2  -1       0.07020014  d_yz
   21   3   2   0       0.07491332  d_z2
   21   3   2   1       0.07460058  d_xz
   21   3   2   2       0.07106706  d_x2-y2
   22   1   0   0       1.49327568  s
   22   2   1  -1       0.91532551  p_y
   22   2   1   0       0.92522313  p_z
   22   2   1   1       0.93321543  p_x
   22   3   2  -2       0.07666694  d_xy
   22   3   2  -1       0.08246682  d_yz
   22   3   2   0       0.07333340  d_z2
   22   3   2   1       0.07030634  d_xz
   22   3   2   2       0.07661937  d_x2-y2
   23   1   0   0       1.49296308  s
   23   2   1  -1       0.93608879  p_y
   23   2   1   0       0.92298109  p_z
   23   2   1   1       0.91621884  p_x
   23   3   2  -2       0.07329134  d_xy
   23   3   2  -1       0.07224443  d_yz
   23   3   2   0       0.06975273  d_z2
   23   3   2   1       0.08806967  d_xz
   23   3   2   2       0.08033442  d_x2-y2
   24   1   0   0       1.51424454  s
   24   2   1  -1       0.95469643  p_y
   24   2   1   0       0.93014429  p_z
   24   2   1   1       0.93703180  p_x
   24   3   2  -2       0.06947396  d_xy
   24   3   2  -1       0.07156343  d_yz
   24   3   2   0       0.07351738  d_z2
   24   3   2   1       0.07942877  d_xz
   24   3   2   2       0.07053098  d_x2-y2
   25   1   0   0       1.85215044  s
   25   2   1  -1       1.36678109  p_y
   25   2   1   0       1.45634884  p_z
   25   2   1   1       1.34476956  p_x
   25   3   2  -2       0.00285607  d_xy
   25   3   2  -1       0.00920946  d_yz
   25   3   2   0       0.01234953  d_z2
   25   3   2   1       0.00823601  d_xz
   25   3   2   2       0.00899926  d_x2-y2
   26   1   0   0       1.85075479  s
   26   2   1  -1       1.41149128  p_y
   26   2   1   0       1.40233070  p_z
   26   2   1   1       1.34136439  p_x
   26   3   2  -2       0.00983046  d_xy
   26   3   2  -1       0.00632810  d_yz
   26   3   2   0       0.01025890  d_z2
   26   3   2   1       0.00948836  d_xz
   26   3   2   2       0.01177780  d_x2-y2
   27   1   0   0       1.84886160  s
   27   2   1  -1       1.36911763  p_y
   27   2   1   0       1.39206162  p_z
   27   2   1   1       1.37446235  p_x
   27   3   2  -2       0.00799899  d_xy
   27   3   2  -1       0.00915546  d_yz
   27   3   2   0       0.01058241  d_z2
   27   3   2   1       0.00595286  d_xz
   27   3   2   2       0.01137510  d_x2-y2
   28   1   0   0       1.84994351  s
   28   2   1  -1       1.39407582  p_y
   28   2   1   0       1.45685056  p_z
   28   2   1   1       1.34471856  p_x
   28   3   2  -2       0.00617956  d_xy
   28   3   2  -1       0.00869038  d_yz
   28   3   2   0       0.01064806  d_z2
   28   3   2   1       0.00611423  d_xz
   28   3   2   2       0.01135255  d_x2-y2
   29   1   0   0       1.86470107  s
   29   2   1  -1       1.35637979  p_y
   29   2   1   0       1.46448014  p_z
   29   2   1   1       1.40330773  p_x
   29   3   2  -2       0.00394603  d_xy
   29   3   2  -1       0.00786151  d_yz
   29   3   2   0       0.01026218  d_z2
   29   3   2   1       0.01003864  d_xz
   29   3   2   2       0.00984021  d_x2-y2
   30   1   0   0       1.84653042  s
   30   2   1  -1       1.35099677  p_y
   30   2   1   0       1.45035977  p_z
   30   2   1   1       1.41158078  p_x
   30   3   2  -2       0.00308006  d_xy
   30   3   2  -1       0.00859670  d_yz
   30   3   2   0       0.01110798  d_z2
   30   3   2   1       0.00796821  d_xz
   30   3   2   2       0.00840576  d_x2-y2
   31   1   0   0       1.84899489  s
   31   2   1  -1       1.37889814  p_y
   31   2   1   0       1.38688250  p_z
   31   2   1   1       1.37254891  p_x
   31   3   2  -2       0.00936151  d_xy
   31   3   2  -1       0.00553887  d_yz
   31   3   2   0       0.01112741  d_z2
   31   3   2   1       0.00804937  d_xz
   31   3   2   2       0.01087097  d_x2-y2
   32   1   0   0       1.84802250  s
   32   2   1  -1       1.43218984  p_y
   32   2   1   0       1.35316482  p_z
   32   2   1   1       1.41876712  p_x
   32   3   2  -2       0.01369752  d_xy
   32   3   2  -1       0.00583908  d_yz
   32   3   2   0       0.00952070  d_z2
   32   3   2   1       0.00632496  d_xz
   32   3   2   2       0.01263156  d_x2-y2
   33   1   0   0       1.84621637  s
   33   2   1  -1       1.52575429  p_y
   33   2   1   0       1.27264913  p_z
   33   2   1   1       1.36440377  p_x
   33   3   2  -2       0.00879412  d_xy
   33   3   2  -1       0.00768866  d_yz
   33   3   2   0       0.01177768  d_z2
   33   3   2   1       0.00576505  d_xz
   33   3   2   2       0.01218551  d_x2-y2
   34   1   0   0       1.84783393  s
   34   2   1  -1       1.35655260  p_y
   34   2   1   0       1.34242161  p_z
   34   2   1   1       1.52384846  p_x
   34   3   2  -2       0.01158820  d_xy
   34   3   2  -1       0.00537371  d_yz
   34   3   2   0       0.00966316  d_z2
   34   3   2   1       0.00416100  d_xz
   34   3   2   2       0.00982626  d_x2-y2
   35   1   0   0       1.84123473  s
   35   2   1  -1       1.49319625  p_y
   35   2   1   0       1.36159300  p_z
   35   2   1   1       1.36844046  p_x
   35   3   2  -2       0.00977427  d_xy
   35   3   2  -1       0.00777633  d_yz
   35   3   2   0       0.00787728  d_z2
   35   3   2   1       0.00167929  d_xz
   35   3   2   2       0.01114896  d_x2-y2
   36   1   0   0       1.85008832  s
   36   2   1  -1       1.35600068  p_y
   36   2   1   0       1.48685207  p_z
   36   2   1   1       1.31963846  p_x
   36   3   2  -2       0.00550247  d_xy
   36   3   2  -1       0.00752451  d_yz
   36   3   2   0       0.01167311  d_z2
   36   3   2   1       0.01316277  d_xz
   36   3   2   2       0.01057037  d_x2-y2
   37   1   0   0       1.85475566  s
   37   2   1  -1       1.27904035  p_y
   37   2   1   0       1.46508771  p_z
   37   2   1   1       1.44950555  p_x
   37   3   2  -2       0.00567644  d_xy
   37   3   2  -1       0.00764692  d_yz
   37   3   2   0       0.01123419  d_z2
   37   3   2   1       0.01230521  d_xz
   37   3   2   2       0.01147239  d_x2-y2
   38   1   0   0       1.85696506  s
   38   2   1  -1       1.35607784  p_y
   38   2   1   0       1.45689826  p_z
   38   2   1   1       1.40159447  p_x
   38   3   2  -2       0.00700240  d_xy
   38   3   2  -1       0.01040103  d_yz
   38   3   2   0       0.01208561  d_z2
   38   3   2   1       0.01549474  d_xz
   38   3   2   2       0.01640361  d_x2-y2
   39   1   0   0       1.85459080  s
   39   2   1  -1       1.35541215  p_y
   39   2   1   0       1.33298788  p_z
   39   2   1   1       1.47596202  p_x
   39   3   2  -2       0.01181817  d_xy
   39   3   2  -1       0.01189687  d_yz
   39   3   2   0       0.01682572  d_z2
   39   3   2   1       0.01514722  d_xz
   39   3   2   2       0.01548040  d_x2-y2
   40   1   0   0       1.85522017  s
   40   2   1  -1       1.45440453  p_y
   40   2   1   0       1.38026318  p_z
   40   2   1   1       1.31891526  p_x
   40   3   2  -2       0.00834974  d_xy
   40   3   2  -1       0.00597435  d_yz
   40   3   2   0       0.01063140  d_z2
   40   3   2   1       0.00658398  d_xz
   40   3   2   2       0.00990856  d_x2-y2
   41   1   0   0       1.94279261  s
   41   2   1  -1       1.73957918  p_y
   41   2   1   0       1.70820504  p_z
   41   2   1   1       1.77164062  p_x
   41   3   2  -2       0.00447101  d_xy
   41   3   2  -1      -0.00117192  d_yz
   41   3   2   0      -0.00247472  d_z2
   41   3   2   1       0.00112365  d_xz
   41   3   2   2       0.00387023  d_x2-y2
   42   1   0   0       1.94423671  s
   42   2   1  -1       1.75687388  p_y
   42   2   1   0       1.71676616  p_z
   42   2   1   1       1.71760024  p_x
   42   3   2  -2       0.00174616  d_xy
   42   3   2  -1       0.00389115  d_yz
   42   3   2   0      -0.01103020  d_z2
   42   3   2   1      -0.00113965  d_xz
   42   3   2   2      -0.00225353  d_x2-y2
   43   1   0   0       1.94554901  s
   43   2   1  -1       1.74795541  p_y
   43   2   1   0       1.74448399  p_z
   43   2   1   1       1.69874913  p_x
   43   3   2  -2      -0.00905400  d_xy
   43   3   2  -1       0.00505641  d_yz
   43   3   2   0       0.00163647  d_z2
   43   3   2   1      -0.00144545  d_xz
   43   3   2   2      -0.00150137  d_x2-y2
   44   1   0   0       1.94515524  s
   44   2   1  -1       1.73174290  p_y
   44   2   1   0       1.74827523  p_z
   44   2   1   1       1.73018781  p_x
   44   3   2  -2      -0.00191976  d_xy
   44   3   2  -1       0.00296467  d_yz
   44   3   2   0       0.00332539  d_z2
   44   3   2   1       0.00340282  d_xz
   44   3   2   2       0.00279230  d_x2-y2
   45   1   0   0       1.94527500  s
   45   2   1  -1       1.73826247  p_y
   45   2   1   0       1.74686862  p_z
   45   2   1   1       1.69185217  p_x
   45   3   2  -2      -0.00187281  d_xy
   45   3   2  -1       0.00274181  d_yz
   45   3   2   0       0.00032546  d_z2
   45   3   2   1      -0.00164736  d_xz
   45   3   2   2       0.00059316  d_x2-y2
   46   1   0   0       1.94429446  s
   46   2   1  -1       1.73443781  p_y
   46   2   1   0       1.72485931  p_z
   46   2   1   1       1.73392088  p_x
   46   3   2  -2       0.00386261  d_xy
   46   3   2  -1      -0.00600077  d_yz
   46   3   2   0      -0.00034057  d_z2
   46   3   2   1      -0.00081659  d_xz
   46   3   2   2      -0.00106663  d_x2-y2
   47   1   0   0       1.94256094  s
   47   2   1  -1       1.73543337  p_y
   47   2   1   0       1.72804896  p_z
   47   2   1   1       1.72216790  p_x
   47   3   2  -2       0.00147851  d_xy
   47   3   2  -1      -0.00171898  d_yz
   47   3   2   0      -0.00651372  d_z2
   47   3   2   1       0.00145361  d_xz
   47   3   2   2      -0.00519024  d_x2-y2
   48   1   0   0       1.94242548  s
   48   2   1  -1       1.74493307  p_y
   48   2   1   0       1.71364426  p_z
   48   2   1   1       1.73059483  p_x
   48   3   2  -2       0.00302712  d_xy
   48   3   2  -1      -0.00019377  d_yz
   48   3   2   0      -0.01088358  d_z2
   48   3   2   1       0.00214468  d_xz
   48   3   2   2       0.00292155  d_x2-y2

Fermi level:                        -0.1386676827 H           -3.7733 eV
Band energy:                       -72.6632536556 H        -1977.2677 eV
TS:                                  0.0000000000 H            0.0000 eV
Band free energy (E-TS):           -72.6632536556 H        -1977.2677 eV
Extrapolated E(0K):                -72.6632536556 H        -1977.2677 eV
Input / Output electrons (q):    192.0000000000    192.0000000000

Energy H0:                         -74.8671348545 H        -2037.2384 eV
Energy SCC:                          0.0387914836 H            1.0556 eV
Total Electronic energy:           -74.8283433709 H        -2036.1828 eV
Repulsive energy:                    0.4492158369 H           12.2238 eV
Total energy:                      -74.3791275340 H        -2023.9590 eV
Extrapolated to 0:                 -74.3791275340 H        -2023.9590 eV
Total Mermin free energy:          -74.3791275340 H        -2023.9590 eV
Force related energy:              -74.3791275340 H        -2023.9590 eV

Atom resolved electronic energies 
    1     -0.31788454 H       -8.650079 eV
    2     -0.30218877 H       -8.222975 eV
    3     -0.29963764 H       -8.153555 eV
    4     -0.29955136 H       -8.151207 eV
    5     -0.30173128 H       -8.210526 eV
    6     -0.29790231 H       -8.106334 eV
    7     -0.29338506 H       -7.983414 eV
    8     -0.27542115 H       -7.494591 eV
    9     -0.29953899 H       -8.150871 eV
   10     -0.25359852 H       -6.900767 eV
   11     -0.29541596 H       -8.038677 eV
   12     -0.30602599 H       -8.327391 eV
   13     -0.31161880 H       -8.479579 eV
   14     -0.29775492 H       -8.102324 eV
   15     -0.28128109 H       -7.654048 eV
   16     -0.18655922 H       -5.076535 eV
   17     -0.28579065 H       -7.776759 eV
   18     -0.29334404 H       -7.982298 eV
   19     -0.30240759 H       -8.228929 eV
   20     -0.29695102 H       -8.080448 eV
   21     -1.87416365 H      -50.998588 eV
   22     -1.87479547 H      -51.015780 eV
   23     -1.87542838 H      -51.033003 eV
   24     -1.88989423 H      -51.426639 eV
   25     -2.24643199 H      -61.128525 eV
   26     -2.24914515 H      -61.202353 eV
   27     -2.24488522 H      -61.086435 eV
   28     -2.25087587 H      -61.249449 eV
   29     -2.25407523 H      -61.336508 eV
   30     -2.24890054 H      -61.195697 eV
   31     -2.24658101 H      -61.132580 eV
   32     -2.25028801 H      -61.233452 eV
   33     -2.24466571 H      -61.080462 eV
   34     -2.25164703 H      -61.270433 eV
   35     -2.24486094 H      -61.085774 eV
   36     -2.24864011 H      -61.188611 eV
   37     -2.25146822 H      -61.265567 eV
   38     -2.26095213 H      -61.523638 eV
   39     -2.26093978 H      -61.523302 eV
   40     -2.24677857 H      -61.137956 eV
   41     -3.19434989 H      -86.922683 eV
   42     -3.18864004 H      -86.767310 eV
   43     -3.18906028 H      -86.778746 eV
   44     -3.19429370 H      -86.921154 eV
   45     -3.18592598 H      -86.693457 eV
   46     -3.18884305 H      -86.772834 eV
   47     -3.18541165 H      -86.679461 eV
   48     -3.18841264 H      -86.761122 eV

Atom resolved repulsive energies 
    1      0.00000000 H        0.000000 eV
    2      0.00000000 H        0.000000 eV
    3      0.00000000 H        0.000000 eV
    4      0.00000000 H        0.000000 eV
    5      0.00000000 H        0.000000 eV
    6      0.00000000 H        0.000000 eV
    7      0.00000000 H        0.000000 eV
    8      0.00000000 H        0.000000 eV
    9      0.00000000 H        0.000000 eV
   10      0.00000000 H        0.000000 eV
   11      0.00000000 H        0.000000 eV
   12      0.00000000 H        0.000000 eV
   13      0.00000000 H        0.000000 eV
   14      0.00000000 H        0.000000 eV
   15      0.00000000 H        0.000000 eV
   16      0.00000000 H        0.000000 eV
   17      0.00000000 H        0.000000 eV
   18      0.00000000 H        0.000000 eV
   19      0.00000000 H        0.000000 eV
   20      0.00000000 H        0.000000 eV
   21      0.05548015 H        1.509692 eV
   22      0.05604526 H        1.525069 eV
   23      0.05636483 H        1.533765 eV
   24      0.05671768 H        1.543367 eV
   25      0.01383472 H        0.376462 eV
   26      0.01372270 H        0.373414 eV
   27      0.01361067 H        0.370365 eV
   28      0.01431205 H        0.389451 eV
   29      0.01341192 H        0.364957 eV
   30      0.01455184 H        0.395976 eV
   31      0.01327452 H        0.361218 eV
   32      0.01480698 H        0.402918 eV
   33      0.01319737 H        0.359119 eV
   34      0.01505606 H        0.409696 eV
   35      0.01466000 H        0.398919 eV
   36      0.01345140 H        0.366031 eV
   37      0.01493007 H        0.406268 eV
   38      0.01448165 H        0.394066 eV
   39      0.01446212 H        0.393534 eV
   40      0.01284382 H        0.349498 eV
   41      0.00000000 H        0.000000 eV
   42      0.00000000 H        0.000000 eV
   43      0.00000000 H        0.000000 eV
   44      0.00000000 H        0.000000 eV
   45      0.00000000 H        0.000000 eV
   46      0.00000000 H        0.000000 eV
   47      0.00000000 H        0.000000 eV
   48      0.00000000 H        0.000000 eV

Atom resolved total energies 
    1     -0.31788454 H       -8.650079 eV
    2     -0.30218877 H       -8.222975 eV
    3     -0.29963764 H       -8.153555 eV
    4     -0.29955136 H       -8.151207 eV
    5     -0.30173128 H       -8.210526 eV
    6     -0.29790231 H       -8.106334 eV
    7     -0.29338506 H       -7.983414 eV
    8     -0.27542115 H       -7.494591 eV
    9     -0.29953899 H       -8.150871 eV
   10     -0.25359852 H       -6.900767 eV
   11     -0.29541596 H       -8.038677 eV
   12     -0.30602599 H       -8.327391 eV
   13     -0.31161880 H       -8.479579 eV
   14     -0.29775492 H       -8.102324 eV
   15     -0.28128109 H       -7.654048 eV
   16     -0.18655922 H       -5.076535 eV
   17     -0.28579065 H       -7.776759 eV
   18     -0.29334404 H       -7.982298 eV
   19     -0.30240759 H       -8.228929 eV
   20     -0.29695102 H       -8.080448 eV
   21     -1.81868351 H      -49.488896 eV
   22     -1.81875020 H      -49.490711 eV
   23     -1.81906355 H      -49.499238 eV
   24     -1.83317655 H      -49.883272 eV
   25     -2.23259727 H      -60.752063 eV
   26     -2.23542245 H      -60.828940 eV
   27     -2.23127455 H      -60.716070 eV
   28     -2.23656382 H      -60.859998 eV
   29     -2.24066331 H      -60.971551 eV
   30     -2.23434869 H      -60.799721 eV
   31     -2.23330649 H      -60.771362 eV
   32     -2.23548103 H      -60.830534 eV
   33     -2.23146834 H      -60.721343 eV
   34     -2.23659097 H      -60.860737 eV
   35     -2.23020094 H      -60.686855 eV
   36     -2.23518871 H      -60.822580 eV
   37     -2.23653814 H      -60.859299 eV
   38     -2.24647048 H      -61.129572 eV
   39     -2.24647766 H      -61.129767 eV
   40     -2.23393475 H      -60.788457 eV
   41     -3.19434989 H      -86.922683 eV
   42     -3.18864004 H      -86.767310 eV
   43     -3.18906028 H      -86.778746 eV
   44     -3.19429370 H      -86.921154 eV
   45     -3.18592598 H      -86.693457 eV
   46     -3.18884305 H      -86.772834 eV
   47     -3.18541165 H      -86.679461 eV
   48     -3.18841264 H      -86.761122 eV

SCC converged

Total Forces
    1     -0.003314661678     -0.003779753025      0.007881319542
    2     -0.005204319384      0.007539404863     -0.001622405609
    3      0.003193156095     -0.004785194981     -0.013671044567
    4     -0.008194604308      0.003617712774      0.009183696443
    5     -0.003977911568      0.010682898683     -0.009398884707
    6      0.006272121420      0.003301823622      0.006766490126
    7     -0.005462351791     -0.005946857763      0.006901084465
    8     -0.000219794550     -0.005186869394     -0.004512781340
    9      0.001664201534     -0.007969268663     -0.005065174509
   10      0.019839820664     -0.000428710774      0.000350345421
   11     -0.009093229259     -0.003085272844      0.002582872350
   12      0.004026650088      0.000762438865      0.009595868364
   13     -0.001362012991     -0.005667766957      0.003035646512
   14     -0.009260999690      0.005710606150     -0.003964808444
   15     -0.005300718042      0.003261945756      0.000973453592
   16      0.000059236198      0.003653935999      0.002829604057
   17      0.001734245047      0.008662890047     -0.005546952222
   18     -0.001043728315     -0.003121293776     -0.008215587868
   19      0.008594503405      0.005633337324      0.005048988456
   20     -0.006667538718     -0.002081387702      0.003096814024
   21      0.005686963303     -0.000721684075     -0.001669361235
   22      0.011142713178      0.003420285434     -0.003593332340
   23     -0.004039854464     -0.000824349047     -0.004193811124
   24      0.007819426697      0.014850004394      0.004514375746
   25      0.020365484745     -0.017068866608      0.011924150828
   26     -0.018720400021      0.021296432206      0.023716352105
   27     -0.019718172195     -0.019786181154     -0.020046671021
   28      0.017140186143      0.019927608079     -0.025502358875
   29      0.023216506318      0.012693163711     -0.006963992729
   30      0.029325990869     -0.019970202646      0.020082155988
   31     -0.020613538558     -0.019691388875     -0.020330016290
   32     -0.023180132581      0.010069446000      0.022917363524
   33     -0.016897391099      0.012778235133      0.021027254850
   34      0.009348642100      0.027107435140     -0.019335012422
   35     -0.015623601627     -0.018095093249     -0.019085349442
   36      0.017061484099     -0.022936267503      0.008955449134
   37      0.021522383123      0.014751367959     -0.008597465832
   38     -0.004794907935     -0.026122696330     -0.000785909558
   39     -0.016733065226     -0.015637057174      0.001979547648
   40     -0.015165882287      0.022259203168      0.009005948781
   41     -0.001300868459     -0.014583235240     -0.000600375198
   42      0.012912017611      0.005365149880     -0.007566094957
   43     -0.000662033250      0.006992101726     -0.000899916691
   44      0.002149892868      0.009918070476      0.012383914869
   45      0.000725246956     -0.009313210545     -0.006016840369
   46     -0.001364714911     -0.000492709647      0.003687014084
   47     -0.000074783400      0.003074500803     -0.006223094653
   48     -0.005809656153     -0.010034680221      0.004967531095

Total stress tensor
     -0.000151637153      0.000001830929     -0.000006749451
      0.000001831292     -0.000129538286      0.000003167595
     -0.000006749350      0.000003167816     -0.000151058800

Total lattice derivs
      0.053051561559     -0.000640566134      0.002361353506
     -0.000640693404      0.045320083089     -0.001108210236
      0.002361318279     -0.001108287785      0.052849219930

Maximal derivative component:        0.293260E-01 au

Volume:                              0.654393E+04 au^3
Pressure:                           -0.144078E-03 au    -0.423892E+10 Pa

Warning: dipole moment is not defined absolutely!
Dipole moment:   -5.81834938   -0.21903699   -1.17550847 au
Dipole moment:  -14.78877018   -0.55673653   -2.98784475 Debye


