 Fermi distribution function

Calculation with static geometry


********************************************************************************
 iSCC Total electronic   Diff electronic      SCC error    
   21   -0.73029911E+02    0.00000000E+00    0.60875305E-10
********************************************************************************

 Total charge:     0.00000000

 Atomic gross charges (e)
 Atom           Charge
    1       0.02851287
    2       0.03645974
    3       0.08427333
    4       0.06681527
    5       0.05599632
    6       0.06828147
    7       0.07720425
    8       0.11335126
    9       0.05088722
   10       0.12962472
   11       0.05574426
   12       0.01829179
   13       0.01348539
   14       0.08402095
   15       0.08930930
   16       0.10305180
   17       0.08712441
   18       0.07526795
   19       0.04189014
   20       0.06912846
   21       0.18268868
   22       0.18584922
   23       0.18790512
   24       0.17444988
   25      -0.02692183
   26      -0.01848477
   27       0.00782965
   28      -0.03202105
   29      -0.03221780
   30      -0.04727256
   31       0.00066125
   32      -0.05131161
   33      -0.02107881
   34      -0.07364563
   35      -0.07550656
   36      -0.01399673
   37      -0.06001482
   38      -0.06281890
   39      -0.06087264
   40      -0.00376270
   41      -0.17626556
   42      -0.19825896
   43      -0.19025782
   44      -0.18427385
   45      -0.19849402
   46      -0.20030151
   47      -0.17204524
   48      -0.18828134

Nr. of electrons (up):    192.00000000
Atom populations (up)
 Atom       Population
    1       0.97148713
    2       0.96354026
    3       0.91572667
    4       0.93318473
    5       0.94400368
    6       0.93171853
    7       0.92279575
    8       0.88664874
    9       0.94911278
   10       0.87037528
   11       0.94425574
   12       0.98170821
   13       0.98651461
   14       0.91597905
   15       0.91069070
   16       0.89694820
   17       0.91287559
   18       0.92473205
   19       0.95810986
   20       0.93087154
   21       4.81731132
   22       4.81415078
   23       4.81209488
   24       4.82555012
   25       6.02692183
   26       6.01848477
   27       5.99217035
   28       6.03202105
   29       6.03221780
   30       6.04727256
   31       5.99933875
   32       6.05131161
   33       6.02107881
   34       6.07364563
   35       6.07550656
   36       6.01399673
   37       6.06001482
   38       6.06281890
   39       6.06087264
   40       6.00376270
   41       7.17626556
   42       7.19825896
   43       7.19025782
   44       7.18427385
   45       7.19849402
   46       7.20030151
   47       7.17204524
   48       7.18828134

l-shell populations (up)
 Atom Sh.   l       Population
    1   1   0       0.34818951
    1   2   1       0.62329762
    2   1   0       0.35301252
    2   2   1       0.61052774
    3   1   0       0.32450271
    3   2   1       0.59122396
    4   1   0       0.34079235
    4   2   1       0.59239238
    5   1   0       0.33749226
    5   2   1       0.60651142
    6   1   0       0.33336537
    6   2   1       0.59835316
    7   1   0       0.33489677
    7   2   1       0.58789898
    8   1   0       0.31583419
    8   2   1       0.57081455
    9   1   0       0.34262992
    9   2   1       0.60648286
   10   1   0       0.31048661
   10   2   1       0.55988867
   11   1   0       0.34875570
   11   2   1       0.59550003
   12   1   0       0.35913466
   12   2   1       0.62257355
   13   1   0       0.36566662
   13   2   1       0.62084799
   14   1   0       0.32215479
   14   2   1       0.59382426
   15   1   0       0.33374046
   15   2   1       0.57695024
   16   1   0       0.31817641
   16   2   1       0.57877179
   17   1   0       0.32843511
   17   2   1       0.58444048
   18   1   0       0.33321881
   18   2   1       0.59151323
   19   1   0       0.34464445
   19   2   1       0.61346542
   20   1   0       0.34272798
   20   2   1       0.58814355
   21   1   0       1.58055713
   21   2   1       2.91524564
   21   3   2       0.32150855
   22   1   0       1.57811647
   22   2   1       2.90971543
   22   3   2       0.32631888
   23   1   0       1.57614754
   23   2   1       2.90468046
   23   3   2       0.33126688
   24   1   0       1.57709262
   24   2   1       2.91651840
   24   3   2       0.33193910
   25   1   0       1.88970756
   25   2   1       4.08895450
   25   3   2       0.04825977
   26   1   0       1.88672907
   26   2   1       4.08190600
   26   3   2       0.04984970
   27   1   0       1.88416846
   27   2   1       4.05932945
   27   3   2       0.04867245
   28   1   0       1.88717240
   28   2   1       4.09871404
   28   3   2       0.04613461
   29   1   0       1.88987927
   29   2   1       4.09164560
   29   3   2       0.05069292
   30   1   0       1.88528048
   30   2   1       4.12109159
   30   3   2       0.04090049
   31   1   0       1.88508427
   31   2   1       4.06641067
   31   3   2       0.04784380
   32   1   0       1.88571345
   32   2   1       4.11738899
   32   3   2       0.04820917
   33   1   0       1.88292539
   33   2   1       4.08642512
   33   3   2       0.05172831
   34   1   0       1.88617300
   34   2   1       4.14433211
   34   3   2       0.04314051
   35   1   0       1.88139275
   35   2   1       4.15016290
   35   3   2       0.04395090
   36   1   0       1.88603803
   36   2   1       4.07671698
   36   3   2       0.05124172
   37   1   0       1.89166633
   37   2   1       4.12177542
   37   3   2       0.04657306
   38   1   0       1.89509740
   38   2   1       4.11845278
   38   3   2       0.04926872
   39   1   0       1.89644812
   39   2   1       4.11403894
   39   3   2       0.05038559
   40   1   0       1.88862789
   40   2   1       4.07039975
   40   3   2       0.04473506
   41   1   0       1.95186823
   41   2   1       5.22596318
   41   3   2      -0.00156585
   42   1   0       1.95443462
   42   2   1       5.24759955
   42   3   2      -0.00377521
   43   1   0       1.95395137
   43   2   1       5.23938437
   43   3   2      -0.00307793
   44   1   0       1.95456447
   44   2   1       5.23144385
   44   3   2      -0.00173447
   45   1   0       1.95584813
   45   2   1       5.24237812
   45   3   2       0.00026777
   46   1   0       1.95445561
   46   2   1       5.24626574
   46   3   2      -0.00041984
   47   1   0       1.95157164
   47   2   1       5.22516974
   47   3   2      -0.00469614
   48   1   0       1.95230324
   48   2   1       5.23790168
   48   3   2      -0.00192358

Orbital populations (up)
 Atom Sh.   l   m       Population  Label
    1   1   0   0       0.34818951  s
    1   2   1  -1       0.20726375  p_y
    1   2   1   0       0.20465325  p_z
    1   2   1   1       0.21138063  p_x
    2   1   0   0       0.35301252  s
    2   2   1  -1       0.16816988  p_y
    2   2   1   0       0.23740631  p_z
    2   2   1   1       0.20495155  p_x
    3   1   0   0       0.32450271  s
    3   2   1  -1       0.20286667  p_y
    3   2   1   0       0.19211335  p_z
    3   2   1   1       0.19624394  p_x
    4   1   0   0       0.34079235  s
    4   2   1  -1       0.21851755  p_y
    4   2   1   0       0.17071263  p_z
    4   2   1   1       0.20316221  p_x
    5   1   0   0       0.33749226  s
    5   2   1  -1       0.19957936  p_y
    5   2   1   0       0.19551780  p_z
    5   2   1   1       0.21141426  p_x
    6   1   0   0       0.33336537  s
    6   2   1  -1       0.18229934  p_y
    6   2   1   0       0.22588084  p_z
    6   2   1   1       0.19017298  p_x
    7   1   0   0       0.33489677  s
    7   2   1  -1       0.21093205  p_y
    7   2   1   0       0.22271078  p_z
    7   2   1   1       0.15425615  p_x
    8   1   0   0       0.31583419  s
    8   2   1  -1       0.16707867  p_y
    8   2   1   0       0.20638901  p_z
    8   2   1   1       0.19734687  p_x
    9   1   0   0       0.34262992  s
    9   2   1  -1       0.21187886  p_y
    9   2   1   0       0.18443422  p_z
    9   2   1   1       0.21016977  p_x
   10   1   0   0       0.31048661  s
   10   2   1  -1       0.20603569  p_y
   10   2   1   0       0.17399588  p_z
   10   2   1   1       0.17985710  p_x
   11   1   0   0       0.34875570  s
   11   2   1  -1       0.21268771  p_y
   11   2   1   0       0.18986651  p_z
   11   2   1   1       0.19294582  p_x
   12   1   0   0       0.35913466  s
   12   2   1  -1       0.21242693  p_y
   12   2   1   0       0.20854440  p_z
   12   2   1   1       0.20160222  p_x
   13   1   0   0       0.36566662  s
   13   2   1  -1       0.16535562  p_y
   13   2   1   0       0.21627778  p_z
   13   2   1   1       0.23921458  p_x
   14   1   0   0       0.32215479  s
   14   2   1  -1       0.18177966  p_y
   14   2   1   0       0.20928061  p_z
   14   2   1   1       0.20276398  p_x
   15   1   0   0       0.33374046  s
   15   2   1  -1       0.18244830  p_y
   15   2   1   0       0.19904604  p_z
   15   2   1   1       0.19545591  p_x
   16   1   0   0       0.31817641  s
   16   2   1  -1       0.19048883  p_y
   16   2   1   0       0.19426388  p_z
   16   2   1   1       0.19401908  p_x
   17   1   0   0       0.32843511  s
   17   2   1  -1       0.18095238  p_y
   17   2   1   0       0.20330062  p_z
   17   2   1   1       0.20018748  p_x
   18   1   0   0       0.33321881  s
   18   2   1  -1       0.21482419  p_y
   18   2   1   0       0.16482970  p_z
   18   2   1   1       0.21185934  p_x
   19   1   0   0       0.34464445  s
   19   2   1  -1       0.21675034  p_y
   19   2   1   0       0.19296046  p_z
   19   2   1   1       0.20375461  p_x
   20   1   0   0       0.34272798  s
   20   2   1  -1       0.22456181  p_y
   20   2   1   0       0.20034290  p_z
   20   2   1   1       0.16323884  p_x
   21   1   0   0       1.58055713  s
   21   2   1  -1       0.96766651  p_y
   21   2   1   0       0.98554127  p_z
   21   2   1   1       0.96203786  p_x
   21   3   2  -2       0.07140761  d_xy
   21   3   2  -1       0.06029855  d_yz
   21   3   2   0       0.06414369  d_z2
   21   3   2   1       0.06403704  d_xz
   21   3   2   2       0.06162166  d_x2-y2
   22   1   0   0       1.57811647  s
   22   2   1  -1       0.96158005  p_y
   22   2   1   0       0.97148835  p_z
   22   2   1   1       0.97664703  p_x
   22   3   2  -2       0.06721383  d_xy
   22   3   2  -1       0.06986745  d_yz
   22   3   2   0       0.06362192  d_z2
   22   3   2   1       0.06114025  d_xz
   22   3   2   2       0.06447542  d_x2-y2
   23   1   0   0       1.57614754  s
   23   2   1  -1       0.97950951  p_y
   23   2   1   0       0.96559059  p_z
   23   2   1   1       0.95958035  p_x
   23   3   2  -2       0.06328954  d_xy
   23   3   2  -1       0.06248672  d_yz
   23   3   2   0       0.06034928  d_z2
   23   3   2   1       0.07626080  d_xz
   23   3   2   2       0.06888054  d_x2-y2
   24   1   0   0       1.57709262  s
   24   2   1  -1       0.98160133  p_y
   24   2   1   0       0.96643101  p_z
   24   2   1   1       0.96848606  p_x
   24   3   2  -2       0.06249636  d_xy
   24   3   2  -1       0.06981999  d_yz
   24   3   2   0       0.06338815  d_z2
   24   3   2   1       0.06903452  d_xz
   24   3   2   2       0.06720007  d_x2-y2
   25   1   0   0       1.88970756  s
   25   2   1  -1       1.33917423  p_y
   25   2   1   0       1.43189163  p_z
   25   2   1   1       1.31788864  p_x
   25   3   2  -2       0.00682244  d_xy
   25   3   2  -1       0.01016926  d_yz
   25   3   2   0       0.01200399  d_z2
   25   3   2   1       0.00888760  d_xz
   25   3   2   2       0.01037647  d_x2-y2
   26   1   0   0       1.88672907  s
   26   2   1  -1       1.38437725  p_y
   26   2   1   0       1.38224409  p_z
   26   2   1   1       1.31528466  p_x
   26   3   2  -2       0.00998165  d_xy
   26   3   2  -1       0.00717595  d_yz
   26   3   2   0       0.01065263  d_z2
   26   3   2   1       0.00986248  d_xz
   26   3   2   2       0.01217700  d_x2-y2
   27   1   0   0       1.88416846  s
   27   2   1  -1       1.34024114  p_y
   27   2   1   0       1.36743561  p_z
   27   2   1   1       1.35165270  p_x
   27   3   2  -2       0.00938613  d_xy
   27   3   2  -1       0.00915291  d_yz
   27   3   2   0       0.01114537  d_z2
   27   3   2   1       0.00737909  d_xz
   27   3   2   2       0.01160895  d_x2-y2
   28   1   0   0       1.88717240  s
   28   2   1  -1       1.35770655  p_y
   28   2   1   0       1.43774233  p_z
   28   2   1   1       1.30326516  p_x
   28   3   2  -2       0.00787485  d_xy
   28   3   2  -1       0.00914194  d_yz
   28   3   2   0       0.01039093  d_z2
   28   3   2   1       0.00671275  d_xz
   28   3   2   2       0.01201414  d_x2-y2
   29   1   0   0       1.88987927  s
   29   2   1  -1       1.29140834  p_y
   29   2   1   0       1.44566143  p_z
   29   2   1   1       1.35457583  p_x
   29   3   2  -2       0.00638419  d_xy
   29   3   2  -1       0.01087628  d_yz
   29   3   2   0       0.01148920  d_z2
   29   3   2   1       0.01060228  d_xz
   29   3   2   2       0.01134097  d_x2-y2
   30   1   0   0       1.88528048  s
   30   2   1  -1       1.31686031  p_y
   30   2   1   0       1.40102217  p_z
   30   2   1   1       1.40320911  p_x
   30   3   2  -2       0.00497323  d_xy
   30   3   2  -1       0.00674600  d_yz
   30   3   2   0       0.01093848  d_z2
   30   3   2   1       0.00882703  d_xz
   30   3   2   2       0.00941574  d_x2-y2
   31   1   0   0       1.88508427  s
   31   2   1  -1       1.35590309  p_y
   31   2   1   0       1.36923699  p_z
   31   2   1   1       1.34127059  p_x
   31   3   2  -2       0.00838435  d_xy
   31   3   2  -1       0.00746743  d_yz
   31   3   2   0       0.01099574  d_z2
   31   3   2   1       0.00933325  d_xz
   31   3   2   2       0.01166303  d_x2-y2
   32   1   0   0       1.88571345  s
   32   2   1  -1       1.39003988  p_y
   32   2   1   0       1.33162481  p_z
   32   2   1   1       1.39572430  p_x
   32   3   2  -2       0.01328813  d_xy
   32   3   2  -1       0.00634417  d_yz
   32   3   2   0       0.01048294  d_z2
   32   3   2   1       0.00638114  d_xz
   32   3   2   2       0.01171279  d_x2-y2
   33   1   0   0       1.88292539  s
   33   2   1  -1       1.51556298  p_y
   33   2   1   0       1.23886750  p_z
   33   2   1   1       1.33199463  p_x
   33   3   2  -2       0.00880412  d_xy
   33   3   2  -1       0.00920036  d_yz
   33   3   2   0       0.01295493  d_z2
   33   3   2   1       0.00944350  d_xz
   33   3   2   2       0.01132539  d_x2-y2
   34   1   0   0       1.88617300  s
   34   2   1  -1       1.33530148  p_y
   34   2   1   0       1.31253305  p_z
   34   2   1   1       1.49649758  p_x
   34   3   2  -2       0.01122099  d_xy
   34   3   2  -1       0.00659380  d_yz
   34   3   2   0       0.01083275  d_z2
   34   3   2   1       0.00466330  d_xz
   34   3   2   2       0.00982967  d_x2-y2
   35   1   0   0       1.88139275  s
   35   2   1  -1       1.47852532  p_y
   35   2   1   0       1.33727410  p_z
   35   2   1   1       1.33436349  p_x
   35   3   2  -2       0.01008770  d_xy
   35   3   2  -1       0.00890085  d_yz
   35   3   2   0       0.00961434  d_z2
   35   3   2   1       0.00384319  d_xz
   35   3   2   2       0.01150482  d_x2-y2
   36   1   0   0       1.88603803  s
   36   2   1  -1       1.32418863  p_y
   36   2   1   0       1.46735144  p_z
   36   2   1   1       1.28517691  p_x
   36   3   2  -2       0.00721723  d_xy
   36   3   2  -1       0.00784288  d_yz
   36   3   2   0       0.01080116  d_z2
   36   3   2   1       0.01339375  d_xz
   36   3   2   2       0.01198670  d_x2-y2
   37   1   0   0       1.89166633  s
   37   2   1  -1       1.25292742  p_y
   37   2   1   0       1.43334992  p_z
   37   2   1   1       1.43549808  p_x
   37   3   2  -2       0.00745027  d_xy
   37   3   2  -1       0.00608896  d_yz
   37   3   2   0       0.01040089  d_z2
   37   3   2   1       0.01114092  d_xz
   37   3   2   2       0.01149202  d_x2-y2
   38   1   0   0       1.89509740  s
   38   2   1  -1       1.40817105  p_y
   38   2   1   0       1.33901012  p_z
   38   2   1   1       1.37127161  p_x
   38   3   2  -2       0.01073639  d_xy
   38   3   2  -1       0.00802406  d_yz
   38   3   2   0       0.01182395  d_z2
   38   3   2   1       0.00759472  d_xz
   38   3   2   2       0.01108959  d_x2-y2
   39   1   0   0       1.89644812  s
   39   2   1  -1       1.37292200  p_y
   39   2   1   0       1.30100479  p_z
   39   2   1   1       1.44011215  p_x
   39   3   2  -2       0.00979162  d_xy
   39   3   2  -1       0.00933405  d_yz
   39   3   2   0       0.01267412  d_z2
   39   3   2   1       0.00771542  d_xz
   39   3   2   2       0.01087038  d_x2-y2
   40   1   0   0       1.88862789  s
   40   2   1  -1       1.44929410  p_y
   40   2   1   0       1.34327596  p_z
   40   2   1   1       1.27782970  p_x
   40   3   2  -2       0.00994042  d_xy
   40   3   2  -1       0.00694845  d_yz
   40   3   2   0       0.01143486  d_z2
   40   3   2   1       0.00655601  d_xz
   40   3   2   2       0.00985533  d_x2-y2
   41   1   0   0       1.95186823  s
   41   2   1  -1       1.74836693  p_y
   41   2   1   0       1.73669641  p_z
   41   2   1   1       1.74089983  p_x
   41   3   2  -2       0.00123681  d_xy
   41   3   2  -1      -0.00003054  d_yz
   41   3   2   0      -0.00199451  d_z2
   41   3   2   1       0.00104430  d_xz
   41   3   2   2      -0.00182191  d_x2-y2
   42   1   0   0       1.95443462  s
   42   2   1  -1       1.77802078  p_y
   42   2   1   0       1.73341639  p_z
   42   2   1   1       1.73616239  p_x
   42   3   2  -2       0.00095809  d_xy
   42   3   2  -1       0.00282085  d_yz
   42   3   2   0      -0.00507651  d_z2
   42   3   2   1      -0.00094318  d_xz
   42   3   2   2      -0.00153447  d_x2-y2
   43   1   0   0       1.95395137  s
   43   2   1  -1       1.77473857  p_y
   43   2   1   0       1.76150768  p_z
   43   2   1   1       1.70313813  p_x
   43   3   2  -2      -0.00383697  d_xy
   43   3   2  -1       0.00337572  d_yz
   43   3   2   0       0.00084473  d_z2
   43   3   2   1      -0.00322249  d_xz
   43   3   2   2      -0.00023892  d_x2-y2
   44   1   0   0       1.95456447  s
   44   2   1  -1       1.71917737  p_y
   44   2   1   0       1.74330253  p_z
   44   2   1   1       1.76896396  p_x
   44   3   2  -2      -0.00112075  d_xy
   44   3   2  -1      -0.00138696  d_yz
   44   3   2   0      -0.00113460  d_z2
   44   3   2   1       0.00115505  d_xz
   44   3   2   2       0.00075279  d_x2-y2
   45   1   0   0       1.95584813  s
   45   2   1  -1       1.76328375  p_y
   45   2   1   0       1.76920502  p_z
   45   2   1   1       1.70988935  p_x
   45   3   2  -2      -0.00156550  d_xy
   45   3   2  -1       0.00224400  d_yz
   45   3   2   0       0.00010151  d_z2
   45   3   2   1      -0.00125183  d_xz
   45   3   2   2       0.00073958  d_x2-y2
   46   1   0   0       1.95445561  s
   46   2   1  -1       1.75055241  p_y
   46   2   1   0       1.73919556  p_z
   46   2   1   1       1.75651777  p_x
   46   3   2  -2       0.00247644  d_xy
   46   3   2  -1      -0.00270668  d_yz
   46   3   2   0       0.00011654  d_z2
   46   3   2   1      -0.00073634  d_xz
   46   3   2   2       0.00043020  d_x2-y2
   47   1   0   0       1.95157164  s
   47   2   1  -1       1.74524223  p_y
   47   2   1   0       1.73987383  p_z
   47   2   1   1       1.74005368  p_x
   47   3   2  -2       0.00035356  d_xy
   47   3   2  -1      -0.00019123  d_yz
   47   3   2   0      -0.00396208  d_z2
   47   3   2   1       0.00081398  d_xz
   47   3   2   2      -0.00171038  d_x2-y2
   48   1   0   0       1.95230324  s
   48   2   1  -1       1.76387722  p_y
   48   2   1   0       1.72330719  p_z
   48   2   1   1       1.75071727  p_x
   48   3   2  -2       0.00216677  d_xy
   48   3   2  -1      -0.00016430  d_yz
   48   3   2   0      -0.00551597  d_z2
   48   3   2   1       0.00058094  d_xz
   48   3   2   2       0.00100898  d_x2-y2

Fermi level:                        -0.1357919567 H           -3.6951 eV
Band energy:                       -70.2608973785 H        -1911.8963 eV
TS:                                  0.0000000000 H            0.0000 eV
Band free energy (E-TS):           -70.2608973785 H        -1911.8963 eV
Extrapolated E(0K):                -70.2608973785 H        -1911.8963 eV
Input / Output electrons (q):    192.0000000000    192.0000000000

Energy H0:                         -73.0627796227 H        -1988.1394 eV
Energy SCC:                          0.0328682548 H            0.8944 eV
Total Electronic energy:           -73.0299113679 H        -1987.2450 eV
Repulsive energy:                    0.0000000000 H            0.0000 eV
Total energy:                      -73.0299113679 H        -1987.2450 eV
Extrapolated to 0:                 -73.0299113679 H        -1987.2450 eV
Total Mermin free energy:          -73.0299113679 H        -1987.2450 eV
Force related energy:              -73.0299113679 H        -1987.2450 eV

Atom resolved electronic energies 
    1     -0.28496025 H       -7.754163 eV
    2     -0.27445386 H       -7.468270 eV
    3     -0.26288655 H       -7.153507 eV
    4     -0.26756551 H       -7.280828 eV
    5     -0.27380925 H       -7.450729 eV
    6     -0.26729306 H       -7.273414 eV
    7     -0.26207821 H       -7.131511 eV
    8     -0.24909406 H       -6.778194 eV
    9     -0.27086872 H       -7.370713 eV
   10     -0.24322172 H       -6.618400 eV
   11     -0.27173978 H       -7.394416 eV
   12     -0.28272626 H       -7.693373 eV
   13     -0.28384584 H       -7.723838 eV
   14     -0.26294697 H       -7.155151 eV
   15     -0.25908263 H       -7.049997 eV
   16     -0.25479536 H       -6.933335 eV
   17     -0.25886921 H       -7.044190 eV
   18     -0.26262583 H       -7.146412 eV
   19     -0.27600015 H       -7.510346 eV
   20     -0.26656043 H       -7.253478 eV
   21     -1.86206998 H      -50.669502 eV
   22     -1.86244928 H      -50.679824 eV
   23     -1.86209832 H      -50.670273 eV
   24     -1.86457943 H      -50.737788 eV
   25     -2.16109408 H      -58.806362 eV
   26     -2.16339191 H      -58.868889 eV
   27     -2.15941354 H      -58.760632 eV
   28     -2.16046300 H      -58.789189 eV
   29     -2.16308160 H      -58.860445 eV
   30     -2.16026822 H      -58.783889 eV
   31     -2.16093069 H      -58.801916 eV
   32     -2.16131750 H      -58.812441 eV
   33     -2.16001875 H      -58.777101 eV
   34     -2.16455340 H      -58.900495 eV
   35     -2.16013227 H      -58.780190 eV
   36     -2.16112754 H      -58.807272 eV
   37     -2.16423820 H      -58.891918 eV
   38     -2.16574298 H      -58.932865 eV
   39     -2.16602549 H      -58.940553 eV
   40     -2.15968290 H      -58.767962 eV
   41     -3.20392714 H      -87.183293 eV
   42     -3.20956245 H      -87.336638 eV
   43     -3.20631494 H      -87.248269 eV
   44     -3.20593520 H      -87.237935 eV
   45     -3.20792230 H      -87.292007 eV
   46     -3.20895345 H      -87.320066 eV
   47     -3.20278982 H      -87.152345 eV
   48     -3.20640331 H      -87.250673 eV

Atom resolved repulsive energies 
    1      0.00000000 H        0.000000 eV
    2      0.00000000 H        0.000000 eV
    3      0.00000000 H        0.000000 eV
    4      0.00000000 H        0.000000 eV
    5      0.00000000 H        0.000000 eV
    6      0.00000000 H        0.000000 eV
    7      0.00000000 H        0.000000 eV
    8      0.00000000 H        0.000000 eV
    9      0.00000000 H        0.000000 eV
   10      0.00000000 H        0.000000 eV
   11      0.00000000 H        0.000000 eV
   12      0.00000000 H        0.000000 eV
   13      0.00000000 H        0.000000 eV
   14      0.00000000 H        0.000000 eV
   15      0.00000000 H        0.000000 eV
   16      0.00000000 H        0.000000 eV
   17      0.00000000 H        0.000000 eV
   18      0.00000000 H        0.000000 eV
   19      0.00000000 H        0.000000 eV
   20      0.00000000 H        0.000000 eV
   21      0.00000000 H        0.000000 eV
   22      0.00000000 H        0.000000 eV
   23      0.00000000 H        0.000000 eV
   24      0.00000000 H        0.000000 eV
   25      0.00000000 H        0.000000 eV
   26      0.00000000 H        0.000000 eV
   27      0.00000000 H        0.000000 eV
   28      0.00000000 H        0.000000 eV
   29      0.00000000 H        0.000000 eV
   30      0.00000000 H        0.000000 eV
   31      0.00000000 H        0.000000 eV
   32      0.00000000 H        0.000000 eV
   33      0.00000000 H        0.000000 eV
   34      0.00000000 H        0.000000 eV
   35      0.00000000 H        0.000000 eV
   36      0.00000000 H        0.000000 eV
   37      0.00000000 H        0.000000 eV
   38      0.00000000 H        0.000000 eV
   39      0.00000000 H        0.000000 eV
   40      0.00000000 H        0.000000 eV
   41      0.00000000 H        0.000000 eV
   42      0.00000000 H        0.000000 eV
   43      0.00000000 H        0.000000 eV
   44      0.00000000 H        0.000000 eV
   45      0.00000000 H        0.000000 eV
   46      0.00000000 H        0.000000 eV
   47      0.00000000 H        0.000000 eV
   48      0.00000000 H        0.000000 eV

Atom resolved total energies 
    1     -0.28496025 H       -7.754163 eV
    2     -0.27445386 H       -7.468270 eV
    3     -0.26288655 H       -7.153507 eV
    4     -0.26756551 H       -7.280828 eV
    5     -0.27380925 H       -7.450729 eV
    6     -0.26729306 H       -7.273414 eV
    7     -0.26207821 H       -7.131511 eV
    8     -0.24909406 H       -6.778194 eV
    9     -0.27086872 H       -7.370713 eV
   10     -0.24322172 H       -6.618400 eV
   11     -0.27173978 H       -7.394416 eV
   12     -0.28272626 H       -7.693373 eV
   13     -0.28384584 H       -7.723838 eV
   14     -0.26294697 H       -7.155151 eV
   15     -0.25908263 H       -7.049997 eV
   16     -0.25479536 H       -6.933335 eV
   17     -0.25886921 H       -7.044190 eV
   18     -0.26262583 H       -7.146412 eV
   19     -0.27600015 H       -7.510346 eV
   20     -0.26656043 H       -7.253478 eV
   21     -1.86206998 H      -50.669502 eV
   22     -1.86244928 H      -50.679824 eV
   23     -1.86209832 H      -50.670273 eV
   24     -1.86457943 H      -50.737788 eV
   25     -2.16109408 H      -58.806362 eV
   26     -2.16339191 H      -58.868889 eV
   27     -2.15941354 H      -58.760632 eV
   28     -2.16046300 H      -58.789189 eV
   29     -2.16308160 H      -58.860445 eV
   30     -2.16026822 H      -58.783889 eV
   31     -2.16093069 H      -58.801916 eV
   32     -2.16131750 H      -58.812441 eV
   33     -2.16001875 H      -58.777101 eV
   34     -2.16455340 H      -58.900495 eV
   35     -2.16013227 H      -58.780190 eV
   36     -2.16112754 H      -58.807272 eV
   37     -2.16423820 H      -58.891918 eV
   38     -2.16574298 H      -58.932865 eV
   39     -2.16602549 H      -58.940553 eV
   40     -2.15968290 H      -58.767962 eV
   41     -3.20392714 H      -87.183293 eV
   42     -3.20956245 H      -87.336638 eV
   43     -3.20631494 H      -87.248269 eV
   44     -3.20593520 H      -87.237935 eV
   45     -3.20792230 H      -87.292007 eV
   46     -3.20895345 H      -87.320066 eV
   47     -3.20278982 H      -87.152345 eV
   48     -3.20640331 H      -87.250673 eV

SCC converged

Total Forces
    1     -0.002971448339     -0.006140859763      0.005786993380
    2     -0.005412710130      0.007323406180     -0.001354709809
    3      0.009791104295     -0.006453442038     -0.009438992830
    4     -0.002781096069      0.006154068692      0.007965223821
    5     -0.005003435652      0.011248651853     -0.009509995853
    6      0.007822568923      0.003108831566      0.006879944949
    7     -0.008908533061     -0.004118013148      0.006236506511
    8     -0.002458423126     -0.010650724628      0.003846566775
    9      0.000875968379     -0.008271770751     -0.008323598678
   10      0.007800585102      0.008868698723      0.008547699195
   11     -0.008128265110     -0.003115160916      0.004695624499
   12      0.004621171701      0.000452711098      0.009647648985
   13     -0.001483212842     -0.006705190973      0.003500043586
   14     -0.006648156954      0.005458064494     -0.006906249318
   15      0.001922991914      0.001967579148     -0.003944159882
   16      0.010285914484     -0.004609627724     -0.006615398017
   17      0.000794348141      0.011383440619     -0.005289666308
   18     -0.000478044440     -0.003700843886     -0.009350157897
   19      0.006898378393      0.005271650694      0.008212253005
   20     -0.006887115293      0.002209925001     -0.000949127781
   21      0.005483450665     -0.000294602817     -0.001939325261
   22      0.001287652322      0.001424125435      0.006600975222
   23     -0.002834894241     -0.000196395902     -0.008297098522
   24      0.005249577391      0.002045733346     -0.002872326323
   25     -0.004704922530      0.011890766643     -0.016417298423
   26      0.012051485676     -0.005076620780     -0.001841201242
   27      0.007512751335      0.007466058165      0.007995219772
   28     -0.013949584024     -0.011187649602      0.000093253799
   29     -0.007598330508     -0.005430088369      0.018142200103
   30      0.002378321422      0.013066241198     -0.014650022385
   31      0.007235581697      0.007139723918      0.006038413726
   32      0.006606930791     -0.022463873707     -0.007716399611
   33      0.008866257040     -0.009087900051     -0.007973039215
   34     -0.019107371503     -0.006714706429      0.011911031618
   35      0.013813592059      0.012082185587      0.010619447857
   36     -0.014314860946      0.000225058719     -0.016412255043
   37     -0.001602479163     -0.020149665626      0.022631390533
   38     -0.026469724503     -0.000552502028     -0.015631608747
   39     -0.001733687616      0.025570494175      0.016344241382
   40      0.015405330480      0.003882990772     -0.015267353706
   41      0.009631076639     -0.013428178552      0.006127814978
   42      0.010469988866      0.006531649942     -0.004070233133
   43     -0.003983150859      0.003166242008     -0.000522617044
   44     -0.003145209007      0.003116920786      0.005205296328
   45     -0.000003109009     -0.006277939368     -0.003834439364
   46     -0.001573773818     -0.000435776730      0.005186018724
   47      0.002840745116      0.002569925586     -0.008582007702
   48     -0.007464234086     -0.008563610558      0.005495473347

Total stress tensor
     -0.000355097657      0.000002780267     -0.000000707487
      0.000002780599     -0.000341269762      0.000003049635
     -0.000000707369      0.000003049746     -0.000343742732

Total lattice derivs
      0.136967949608     -0.001072402140      0.000272891389
     -0.001072530240      0.131634266232     -0.001176302543
      0.000272845802     -0.001176345339      0.132588138344

Maximal derivative component:        0.264697E-01 au

Volume:                              0.757542E+04 au^3
Pressure:                           -0.346703E-03 au    -0.102004E+11 Pa


