 Fermi distribution function

Calculation with static geometry


********************************************************************************
 iSCC Total electronic   Diff electronic      SCC error    
   21   -0.73446219E+02    0.00000000E+00    0.64656724E-10
********************************************************************************

 Total charge:     0.00000000

 Atomic gross charges (e)
 Atom           Charge
    1      -0.07755526
    2      -0.05488018
    3      -0.02085610
    4      -0.02878575
    5      -0.04181194
    6      -0.04757102
    7      -0.02075363
    8      -0.00833285
    9      -0.06247408
   10       0.02341013
   11      -0.03639084
   12      -0.05971689
   13      -0.08986780
   14      -0.02770222
   15       0.00428113
   16       0.00980055
   17      -0.00726881
   18      -0.04508778
   19      -0.06158063
   20      -0.02582123
   21       0.24446320
   22       0.24915293
   23       0.25091626
   24       0.24369058
   25       0.03084055
   26       0.04523087
   27       0.07396448
   28       0.01827525
   29       0.02467872
   30       0.00271219
   31       0.06548978
   32      -0.00266872
   33       0.03901292
   34      -0.02421475
   35      -0.02439727
   36       0.04163807
   37      -0.01634467
   38      -0.02403627
   39      -0.02047027
   40       0.05181466
   41      -0.06326798
   42      -0.08033187
   43      -0.07424316
   44      -0.07166439
   45      -0.07879503
   46      -0.08536264
   47      -0.06084547
   48      -0.07627277

Nr. of electrons (up):    192.00000000
Atom populations (up)
 Atom       Population
    1       1.07755526
    2       1.05488018
    3       1.02085610
    4       1.02878575
    5       1.04181194
    6       1.04757102
    7       1.02075363
    8       1.00833285
    9       1.06247408
   10       0.97658987
   11       1.03639084
   12       1.05971689
   13       1.08986780
   14       1.02770222
   15       0.99571887
   16       0.99019945
   17       1.00726881
   18       1.04508778
   19       1.06158063
   20       1.02582123
   21       4.75553680
   22       4.75084707
   23       4.74908374
   24       4.75630942
   25       5.96915945
   26       5.95476913
   27       5.92603552
   28       5.98172475
   29       5.97532128
   30       5.99728781
   31       5.93451022
   32       6.00266872
   33       5.96098708
   34       6.02421475
   35       6.02439727
   36       5.95836193
   37       6.01634467
   38       6.02403627
   39       6.02047027
   40       5.94818534
   41       7.06326798
   42       7.08033187
   43       7.07424316
   44       7.07166439
   45       7.07879503
   46       7.08536264
   47       7.06084547
   48       7.07627277

l-shell populations (up)
 Atom Sh.   l       Population
    1   1   0       0.39736137
    1   2   1       0.68019388
    2   1   0       0.39072390
    2   2   1       0.66415628
    3   1   0       0.37311350
    3   2   1       0.64774260
    4   1   0       0.38426637
    4   2   1       0.64451938
    5   1   0       0.38319931
    5   2   1       0.65861263
    6   1   0       0.38722620
    6   2   1       0.66034483
    7   1   0       0.37983730
    7   2   1       0.64091633
    8   1   0       0.36769714
    8   2   1       0.64063571
    9   1   0       0.40241148
    9   2   1       0.66006260
   10   1   0       0.36194525
   10   2   1       0.61464462
   11   1   0       0.40196563
   11   2   1       0.63442520
   12   1   0       0.38920440
   12   2   1       0.67051248
   13   1   0       0.42129035
   13   2   1       0.66857745
   14   1   0       0.37062218
   14   2   1       0.65708004
   15   1   0       0.37633946
   15   2   1       0.61937941
   16   1   0       0.36187691
   16   2   1       0.62832254
   17   1   0       0.37990646
   17   2   1       0.62736234
   18   1   0       0.39393749
   18   2   1       0.65115029
   19   1   0       0.39819289
   19   2   1       0.66338774
   20   1   0       0.38311493
   20   2   1       0.64270630
   21   1   0       1.47359872
   21   2   1       2.86098240
   21   3   2       0.42095568
   22   1   0       1.47071016
   22   2   1       2.85337274
   22   3   2       0.42676416
   23   1   0       1.46844312
   23   2   1       2.84788628
   23   3   2       0.43275434
   24   1   0       1.47253479
   24   2   1       2.85633874
   24   3   2       0.42743589
   25   1   0       1.84415425
   25   2   1       4.07681546
   25   3   2       0.04818974
   26   1   0       1.84264728
   26   2   1       4.05825787
   26   3   2       0.05386399
   27   1   0       1.84071895
   27   2   1       4.03379317
   27   3   2       0.05152340
   28   1   0       1.84080634
   28   2   1       4.09291179
   28   3   2       0.04800662
   29   1   0       1.84517318
   29   2   1       4.07690775
   29   3   2       0.05324036
   30   1   0       1.83843585
   30   2   1       4.11447209
   30   3   2       0.04437987
   31   1   0       1.84163641
   31   2   1       4.04147048
   31   3   2       0.05140333
   32   1   0       1.84024508
   32   2   1       4.10758093
   32   3   2       0.05484271
   33   1   0       1.83887421
   33   2   1       4.06804293
   33   3   2       0.05406993
   34   1   0       1.83979650
   34   2   1       4.13680839
   34   3   2       0.04760986
   35   1   0       1.83313007
   35   2   1       4.14484137
   35   3   2       0.04642583
   36   1   0       1.84222838
   36   2   1       4.06083345
   36   3   2       0.05530010
   37   1   0       1.84683230
   37   2   1       4.11678171
   37   3   2       0.05273066
   38   1   0       1.85106066
   38   2   1       4.11711944
   38   3   2       0.05585618
   39   1   0       1.85337348
   39   2   1       4.10639969
   39   3   2       0.06069710
   40   1   0       1.84605849
   40   2   1       4.05482754
   40   3   2       0.04729931
   41   1   0       1.93698180
   41   2   1       5.14286678
   41   3   2      -0.01658060
   42   1   0       1.93912937
   42   2   1       5.16019869
   42   3   2      -0.01899619
   43   1   0       1.93819304
   43   2   1       5.15143834
   43   3   2      -0.01538822
   44   1   0       1.93917576
   44   2   1       5.14061115
   44   3   2      -0.00812251
   45   1   0       1.94002797
   45   2   1       5.14453296
   45   3   2      -0.00576590
   46   1   0       1.93890961
   46   2   1       5.15984408
   46   3   2      -0.01339104
   47   1   0       1.93661802
   47   2   1       5.14910594
   47   3   2      -0.02487849
   48   1   0       1.93673388
   48   2   1       5.15451471
   48   3   2      -0.01497583

Orbital populations (up)
 Atom Sh.   l   m       Population  Label
    1   1   0   0       0.39736137  s
    1   2   1  -1       0.22199325  p_y
    1   2   1   0       0.22171135  p_z
    1   2   1   1       0.23648928  p_x
    2   1   0   0       0.39072390  s
    2   2   1  -1       0.18407123  p_y
    2   2   1   0       0.25064932  p_z
    2   2   1   1       0.22943573  p_x
    3   1   0   0       0.37311350  s
    3   2   1  -1       0.22264570  p_y
    3   2   1   0       0.20922781  p_z
    3   2   1   1       0.21586909  p_x
    4   1   0   0       0.38426637  s
    4   2   1  -1       0.23451398  p_y
    4   2   1   0       0.18591068  p_z
    4   2   1   1       0.22409473  p_x
    5   1   0   0       0.38319931  s
    5   2   1  -1       0.21585247  p_y
    5   2   1   0       0.21740321  p_z
    5   2   1   1       0.22535695  p_x
    6   1   0   0       0.38722620  s
    6   2   1  -1       0.20536979  p_y
    6   2   1   0       0.24540490  p_z
    6   2   1   1       0.20957013  p_x
    7   1   0   0       0.37983730  s
    7   2   1  -1       0.22803502  p_y
    7   2   1   0       0.24362274  p_z
    7   2   1   1       0.16925856  p_x
    8   1   0   0       0.36769714  s
    8   2   1  -1       0.18861288  p_y
    8   2   1   0       0.22734618  p_z
    8   2   1   1       0.22467666  p_x
    9   1   0   0       0.40241148  s
    9   2   1  -1       0.23369215  p_y
    9   2   1   0       0.19690898  p_z
    9   2   1   1       0.22946147  p_x
   10   1   0   0       0.36194525  s
   10   2   1  -1       0.21998091  p_y
   10   2   1   0       0.19186994  p_z
   10   2   1   1       0.20279376  p_x
   11   1   0   0       0.40196563  s
   11   2   1  -1       0.22531790  p_y
   11   2   1   0       0.19883107  p_z
   11   2   1   1       0.21027623  p_x
   12   1   0   0       0.38920440  s
   12   2   1  -1       0.23371544  p_y
   12   2   1   0       0.22369501  p_z
   12   2   1   1       0.21310204  p_x
   13   1   0   0       0.42129035  s
   13   2   1  -1       0.17425122  p_y
   13   2   1   0       0.23568422  p_z
   13   2   1   1       0.25864201  p_x
   14   1   0   0       0.37062218  s
   14   2   1  -1       0.19994998  p_y
   14   2   1   0       0.22755784  p_z
   14   2   1   1       0.22957222  p_x
   15   1   0   0       0.37633946  s
   15   2   1  -1       0.20422723  p_y
   15   2   1   0       0.21779279  p_z
   15   2   1   1       0.19735938  p_x
   16   1   0   0       0.36187691  s
   16   2   1  -1       0.21137619  p_y
   16   2   1   0       0.20917517  p_z
   16   2   1   1       0.20777118  p_x
   17   1   0   0       0.37990646  s
   17   2   1  -1       0.18880480  p_y
   17   2   1   0       0.22693368  p_z
   17   2   1   1       0.21162387  p_x
   18   1   0   0       0.39393749  s
   18   2   1  -1       0.23610955  p_y
   18   2   1   0       0.17813735  p_z
   18   2   1   1       0.23690339  p_x
   19   1   0   0       0.39819289  s
   19   2   1  -1       0.23951440  p_y
   19   2   1   0       0.19990023  p_z
   19   2   1   1       0.22397311  p_x
   20   1   0   0       0.38311493  s
   20   2   1  -1       0.24326974  p_y
   20   2   1   0       0.21988359  p_z
   20   2   1   1       0.17955297  p_x
   21   1   0   0       1.47359872  s
   21   2   1  -1       0.94941143  p_y
   21   2   1   0       0.96754259  p_z
   21   2   1   1       0.94402839  p_x
   21   3   2  -2       0.09388018  d_xy
   21   3   2  -1       0.07915204  d_yz
   21   3   2   0       0.08474811  d_z2
   21   3   2   1       0.08396992  d_xz
   21   3   2   2       0.07920543  d_x2-y2
   22   1   0   0       1.47071016  s
   22   2   1  -1       0.94198482  p_y
   22   2   1   0       0.95279478  p_z
   22   2   1   1       0.95859314  p_x
   22   3   2  -2       0.08792853  d_xy
   22   3   2  -1       0.09186943  d_yz
   22   3   2   0       0.08312000  d_z2
   22   3   2   1       0.07987245  d_xz
   22   3   2   2       0.08397375  d_x2-y2
   23   1   0   0       1.46844312  s
   23   2   1  -1       0.96021143  p_y
   23   2   1   0       0.94711277  p_z
   23   2   1   1       0.94056208  p_x
   23   3   2  -2       0.08245789  d_xy
   23   3   2  -1       0.08167373  d_yz
   23   3   2   0       0.07781878  d_z2
   23   3   2   1       0.10005353  d_xz
   23   3   2   2       0.09075041  d_x2-y2
   24   1   0   0       1.47253479  s
   24   2   1  -1       0.96096398  p_y
   24   2   1   0       0.94517714  p_z
   24   2   1   1       0.95019763  p_x
   24   3   2  -2       0.08032912  d_xy
   24   3   2  -1       0.09098406  d_yz
   24   3   2   0       0.08052965  d_z2
   24   3   2   1       0.08945332  d_xz
   24   3   2   2       0.08613975  d_x2-y2
   25   1   0   0       1.84415425  s
   25   2   1  -1       1.33696426  p_y
   25   2   1   0       1.42916171  p_z
   25   2   1   1       1.31068948  p_x
   25   3   2  -2       0.00423177  d_xy
   25   3   2  -1       0.01105521  d_yz
   25   3   2   0       0.01349882  d_z2
   25   3   2   1       0.00970621  d_xz
   25   3   2   2       0.00969772  d_x2-y2
   26   1   0   0       1.84264728  s
   26   2   1  -1       1.37211254  p_y
   26   2   1   0       1.36859824  p_z
   26   2   1   1       1.31754709  p_x
   26   3   2  -2       0.01209077  d_xy
   26   3   2  -1       0.00722402  d_yz
   26   3   2   0       0.01074343  d_z2
   26   3   2   1       0.01127631  d_xz
   26   3   2   2       0.01252945  d_x2-y2
   27   1   0   0       1.84071895  s
   27   2   1  -1       1.33503828  p_y
   27   2   1   0       1.35577948  p_z
   27   2   1   1       1.34297541  p_x
   27   3   2  -2       0.01043335  d_xy
   27   3   2  -1       0.01055888  d_yz
   27   3   2   0       0.01141508  d_z2
   27   3   2   1       0.00675936  d_xz
   27   3   2   2       0.01235673  d_x2-y2
   28   1   0   0       1.84080634  s
   28   2   1  -1       1.36146794  p_y
   28   2   1   0       1.41923190  p_z
   28   2   1   1       1.31221195  p_x
   28   3   2  -2       0.00904929  d_xy
   28   3   2  -1       0.00942551  d_yz
   28   3   2   0       0.01119178  d_z2
   28   3   2   1       0.00643506  d_xz
   28   3   2   2       0.01190498  d_x2-y2
   29   1   0   0       1.84517318  s
   29   2   1  -1       1.28878913  p_y
   29   2   1   0       1.44063635  p_z
   29   2   1   1       1.34748227  p_x
   29   3   2  -2       0.00490508  d_xy
   29   3   2  -1       0.01153305  d_yz
   29   3   2   0       0.01345480  d_z2
   29   3   2   1       0.01274540  d_xz
   29   3   2   2       0.01060202  d_x2-y2
   30   1   0   0       1.83843585  s
   30   2   1  -1       1.31426675  p_y
   30   2   1   0       1.41830760  p_z
   30   2   1   1       1.38189774  p_x
   30   3   2  -2       0.00426137  d_xy
   30   3   2  -1       0.00966933  d_yz
   30   3   2   0       0.01225708  d_z2
   30   3   2   1       0.00940781  d_xz
   30   3   2   2       0.00878428  d_x2-y2
   31   1   0   0       1.84163641  s
   31   2   1  -1       1.34580297  p_y
   31   2   1   0       1.35832683  p_z
   31   2   1   1       1.33734068  p_x
   31   3   2  -2       0.01039680  d_xy
   31   3   2  -1       0.00738297  d_yz
   31   3   2   0       0.01178899  d_z2
   31   3   2   1       0.00998097  d_xz
   31   3   2   2       0.01185361  d_x2-y2
   32   1   0   0       1.84024508  s
   32   2   1  -1       1.40722969  p_y
   32   2   1   0       1.31996386  p_z
   32   2   1   1       1.38038738  p_x
   32   3   2  -2       0.01620704  d_xy
   32   3   2  -1       0.00844446  d_yz
   32   3   2   0       0.01036480  d_z2
   32   3   2   1       0.00654179  d_xz
   32   3   2   2       0.01328463  d_x2-y2
   33   1   0   0       1.83887421  s
   33   2   1  -1       1.49502383  p_y
   33   2   1   0       1.24113411  p_z
   33   2   1   1       1.33188499  p_x
   33   3   2  -2       0.01025058  d_xy
   33   3   2  -1       0.00916257  d_yz
   33   3   2   0       0.01311583  d_z2
   33   3   2   1       0.00791003  d_xz
   33   3   2   2       0.01363093  d_x2-y2
   34   1   0   0       1.83979650  s
   34   2   1  -1       1.32345469  p_y
   34   2   1   0       1.31214298  p_z
   34   2   1   1       1.50121072  p_x
   34   3   2  -2       0.01322222  d_xy
   34   3   2  -1       0.00719305  d_yz
   34   3   2   0       0.01039150  d_z2
   34   3   2   1       0.00582084  d_xz
   34   3   2   2       0.01098224  d_x2-y2
   35   1   0   0       1.83313007  s
   35   2   1  -1       1.47127656  p_y
   35   2   1   0       1.33327008  p_z
   35   2   1   1       1.34029474  p_x
   35   3   2  -2       0.01145993  d_xy
   35   3   2  -1       0.00968452  d_yz
   35   3   2   0       0.00860514  d_z2
   35   3   2   1       0.00421472  d_xz
   35   3   2   2       0.01246152  d_x2-y2
   36   1   0   0       1.84222838  s
   36   2   1  -1       1.32014676  p_y
   36   2   1   0       1.45360545  p_z
   36   2   1   1       1.28708124  p_x
   36   3   2  -2       0.00632394  d_xy
   36   3   2  -1       0.00838682  d_yz
   36   3   2   0       0.01283072  d_z2
   36   3   2   1       0.01633254  d_xz
   36   3   2   2       0.01142608  d_x2-y2
   37   1   0   0       1.84683230  s
   37   2   1  -1       1.26015573  p_y
   37   2   1   0       1.44083254  p_z
   37   2   1   1       1.41579344  p_x
   37   3   2  -2       0.00660253  d_xy
   37   3   2  -1       0.00846765  d_yz
   37   3   2   0       0.01205911  d_z2
   37   3   2   1       0.01362479  d_xz
   37   3   2   2       0.01197658  d_x2-y2
   38   1   0   0       1.85106066  s
   38   2   1  -1       1.38697741  p_y
   38   2   1   0       1.34239105  p_z
   38   2   1   1       1.38775097  p_x
   38   3   2  -2       0.01295560  d_xy
   38   3   2  -1       0.00887329  d_yz
   38   3   2   0       0.01220613  d_z2
   38   3   2   1       0.00928566  d_xz
   38   3   2   2       0.01253549  d_x2-y2
   39   1   0   0       1.85337348  s
   39   2   1  -1       1.38889383  p_y
   39   2   1   0       1.30095288  p_z
   39   2   1   1       1.41655299  p_x
   39   3   2  -2       0.01182586  d_xy
   39   3   2  -1       0.01345839  d_yz
   39   3   2   0       0.01405428  d_z2
   39   3   2   1       0.00840877  d_xz
   39   3   2   2       0.01294979  d_x2-y2
   40   1   0   0       1.84605849  s
   40   2   1  -1       1.41922279  p_y
   40   2   1   0       1.33939981  p_z
   40   2   1   1       1.29620494  p_x
   40   3   2  -2       0.00899662  d_xy
   40   3   2  -1       0.00674314  d_yz
   40   3   2   0       0.01203421  d_z2
   40   3   2   1       0.00829963  d_xz
   40   3   2   2       0.01122572  d_x2-y2
   41   1   0   0       1.93698180  s
   41   2   1  -1       1.71442089  p_y
   41   2   1   0       1.71429998  p_z
   41   2   1   1       1.71414591  p_x
   41   3   2  -2       0.00068133  d_xy
   41   3   2  -1      -0.00162829  d_yz
   41   3   2   0      -0.00994107  d_z2
   41   3   2   1       0.00052109  d_xz
   41   3   2   2      -0.00621365  d_x2-y2
   42   1   0   0       1.93912937  s
   42   2   1  -1       1.74167914  p_y
   42   2   1   0       1.71004018  p_z
   42   2   1   1       1.70847937  p_x
   42   3   2  -2       0.00004068  d_xy
   42   3   2  -1       0.00436309  d_yz
   42   3   2   0      -0.01796725  d_z2
   42   3   2   1      -0.00260679  d_xz
   42   3   2   2      -0.00282593  d_x2-y2
   43   1   0   0       1.93819304  s
   43   2   1  -1       1.74812815  p_y
   43   2   1   0       1.72235578  p_z
   43   2   1   1       1.68095442  p_x
   43   3   2  -2      -0.01456784  d_xy
   43   3   2  -1       0.00637257  d_yz
   43   3   2   0      -0.00107864  d_z2
   43   3   2   1      -0.00274889  d_xz
   43   3   2   2      -0.00336542  d_x2-y2
   44   1   0   0       1.93917576  s
   44   2   1  -1       1.69238310  p_y
   44   2   1   0       1.71341979  p_z
   44   2   1   1       1.73480825  p_x
   44   3   2  -2      -0.00320026  d_xy
   44   3   2  -1      -0.00474831  d_yz
   44   3   2   0      -0.00325169  d_z2
   44   3   2   1       0.00296048  d_xz
   44   3   2   2       0.00011727  d_x2-y2
   45   1   0   0       1.94002797  s
   45   2   1  -1       1.72768020  p_y
   45   2   1   0       1.73618923  p_z
   45   2   1   1       1.68066353  p_x
   45   3   2  -2      -0.00355282  d_xy
   45   3   2  -1       0.00270950  d_yz
   45   3   2   0      -0.00119705  d_z2
   45   3   2   1      -0.00232818  d_xz
   45   3   2   2      -0.00139735  d_x2-y2
   46   1   0   0       1.93890961  s
   46   2   1  -1       1.72120236  p_y
   46   2   1   0       1.70993725  p_z
   46   2   1   1       1.72870447  p_x
   46   3   2  -2       0.00460570  d_xy
   46   3   2  -1      -0.00962557  d_yz
   46   3   2   0      -0.00293880  d_z2
   46   3   2   1      -0.00141650  d_xz
   46   3   2   2      -0.00401588  d_x2-y2
   47   1   0   0       1.93661802  s
   47   2   1  -1       1.72431193  p_y
   47   2   1   0       1.71631978  p_z
   47   2   1   1       1.70847422  p_x
   47   3   2  -2       0.00086383  d_xy
   47   3   2  -1      -0.00541360  d_yz
   47   3   2   0      -0.01012450  d_z2
   47   3   2   1      -0.00140748  d_xz
   47   3   2   2      -0.00879674  d_x2-y2
   48   1   0   0       1.93673388  s
   48   2   1  -1       1.73321381  p_y
   48   2   1   0       1.70354406  p_z
   48   2   1   1       1.71775684  p_x
   48   3   2  -2       0.00160790  d_xy
   48   3   2  -1      -0.00218630  d_yz
   48   3   2   0      -0.01734041  d_z2
   48   3   2   1       0.00055816  d_xz
   48   3   2   2       0.00238483  d_x2-y2

Fermi level:                        -0.1468940358 H           -3.9972 eV
Band energy:                       -75.2802033950 H        -2048.4786 eV
TS:                                  0.0000000000 H            0.0000 eV
Band free energy (E-TS):           -75.2802033950 H        -2048.4786 eV
Extrapolated E(0K):                -75.2802033950 H        -2048.4786 eV
Input / Output electrons (q):    192.0000000000    192.0000000000

Energy H0:                         -73.4741134772 H        -1999.3324 eV
Energy SCC:                          0.0278943618 H            0.7590 eV
Total Electronic energy:           -73.4462191154 H        -1998.5733 eV
Repulsive energy:                    0.0000000000 H            0.0000 eV
Total energy:                      -73.4462191154 H        -1998.5733 eV
Extrapolated to 0:                 -73.4462191154 H        -1998.5733 eV
Total Mermin free energy:          -73.4462191154 H        -1998.5733 eV
Force related energy:              -73.4462191154 H        -1998.5733 eV

Atom resolved electronic energies 
    1     -0.32915403 H       -8.956737 eV
    2     -0.31203795 H       -8.490985 eV
    3     -0.30495262 H       -8.298183 eV
    4     -0.30621356 H       -8.332495 eV
    5     -0.31346676 H       -8.529865 eV
    6     -0.31321630 H       -8.523049 eV
    7     -0.30053751 H       -8.178042 eV
    8     -0.29533997 H       -8.036610 eV
    9     -0.31567563 H       -8.589971 eV
   10     -0.28320959 H       -7.706525 eV
   11     -0.30786334 H       -8.377388 eV
   12     -0.31635052 H       -8.608336 eV
   13     -0.32532533 H       -8.852553 eV
   14     -0.30739835 H       -8.364735 eV
   15     -0.29230204 H       -7.953943 eV
   16     -0.29253121 H       -7.960179 eV
   17     -0.29632294 H       -8.063357 eV
   18     -0.30921869 H       -8.414269 eV
   19     -0.31741920 H       -8.637416 eV
   20     -0.30428660 H       -8.280060 eV
   21     -1.88369346 H      -51.257907 eV
   22     -1.88421561 H      -51.272116 eV
   23     -1.88403357 H      -51.267162 eV
   24     -1.88652088 H      -51.334845 eV
   25     -2.14733625 H      -58.431992 eV
   26     -2.14931954 H      -58.485960 eV
   27     -2.14400676 H      -58.341392 eV
   28     -2.14915598 H      -58.481510 eV
   29     -2.14982323 H      -58.499667 eV
   30     -2.14945879 H      -58.489750 eV
   31     -2.14633809 H      -58.404831 eV
   32     -2.14955630 H      -58.492403 eV
   33     -2.14513215 H      -58.372016 eV
   34     -2.15439230 H      -58.623997 eV
   35     -2.14850355 H      -58.463756 eV
   36     -2.14763813 H      -58.440207 eV
   37     -2.15488896 H      -58.637512 eV
   38     -2.15647036 H      -58.680544 eV
   39     -2.15773010 H      -58.714823 eV
   40     -2.14675336 H      -58.416131 eV
   41     -3.16827975 H      -86.213278 eV
   42     -3.17441747 H      -86.380294 eV
   43     -3.17042604 H      -86.271682 eV
   44     -3.17014790 H      -86.264113 eV
   45     -3.17189573 H      -86.311674 eV
   46     -3.17344562 H      -86.353849 eV
   47     -3.16759812 H      -86.194730 eV
   48     -3.17221896 H      -86.320470 eV

Atom resolved repulsive energies 
    1      0.00000000 H        0.000000 eV
    2      0.00000000 H        0.000000 eV
    3      0.00000000 H        0.000000 eV
    4      0.00000000 H        0.000000 eV
    5      0.00000000 H        0.000000 eV
    6      0.00000000 H        0.000000 eV
    7      0.00000000 H        0.000000 eV
    8      0.00000000 H        0.000000 eV
    9      0.00000000 H        0.000000 eV
   10      0.00000000 H        0.000000 eV
   11      0.00000000 H        0.000000 eV
   12      0.00000000 H        0.000000 eV
   13      0.00000000 H        0.000000 eV
   14      0.00000000 H        0.000000 eV
   15      0.00000000 H        0.000000 eV
   16      0.00000000 H        0.000000 eV
   17      0.00000000 H        0.000000 eV
   18      0.00000000 H        0.000000 eV
   19      0.00000000 H        0.000000 eV
   20      0.00000000 H        0.000000 eV
   21      0.00000000 H        0.000000 eV
   22      0.00000000 H        0.000000 eV
   23      0.00000000 H        0.000000 eV
   24      0.00000000 H        0.000000 eV
   25      0.00000000 H        0.000000 eV
   26      0.00000000 H        0.000000 eV
   27      0.00000000 H        0.000000 eV
   28      0.00000000 H        0.000000 eV
   29      0.00000000 H        0.000000 eV
   30      0.00000000 H        0.000000 eV
   31      0.00000000 H        0.000000 eV
   32      0.00000000 H        0.000000 eV
   33      0.00000000 H        0.000000 eV
   34      0.00000000 H        0.000000 eV
   35      0.00000000 H        0.000000 eV
   36      0.00000000 H        0.000000 eV
   37      0.00000000 H        0.000000 eV
   38      0.00000000 H        0.000000 eV
   39      0.00000000 H        0.000000 eV
   40      0.00000000 H        0.000000 eV
   41      0.00000000 H        0.000000 eV
   42      0.00000000 H        0.000000 eV
   43      0.00000000 H        0.000000 eV
   44      0.00000000 H        0.000000 eV
   45      0.00000000 H        0.000000 eV
   46      0.00000000 H        0.000000 eV
   47      0.00000000 H        0.000000 eV
   48      0.00000000 H        0.000000 eV

Atom resolved total energies 
    1     -0.32915403 H       -8.956737 eV
    2     -0.31203795 H       -8.490985 eV
    3     -0.30495262 H       -8.298183 eV
    4     -0.30621356 H       -8.332495 eV
    5     -0.31346676 H       -8.529865 eV
    6     -0.31321630 H       -8.523049 eV
    7     -0.30053751 H       -8.178042 eV
    8     -0.29533997 H       -8.036610 eV
    9     -0.31567563 H       -8.589971 eV
   10     -0.28320959 H       -7.706525 eV
   11     -0.30786334 H       -8.377388 eV
   12     -0.31635052 H       -8.608336 eV
   13     -0.32532533 H       -8.852553 eV
   14     -0.30739835 H       -8.364735 eV
   15     -0.29230204 H       -7.953943 eV
   16     -0.29253121 H       -7.960179 eV
   17     -0.29632294 H       -8.063357 eV
   18     -0.30921869 H       -8.414269 eV
   19     -0.31741920 H       -8.637416 eV
   20     -0.30428660 H       -8.280060 eV
   21     -1.88369346 H      -51.257907 eV
   22     -1.88421561 H      -51.272116 eV
   23     -1.88403357 H      -51.267162 eV
   24     -1.88652088 H      -51.334845 eV
   25     -2.14733625 H      -58.431992 eV
   26     -2.14931954 H      -58.485960 eV
   27     -2.14400676 H      -58.341392 eV
   28     -2.14915598 H      -58.481510 eV
   29     -2.14982323 H      -58.499667 eV
   30     -2.14945879 H      -58.489750 eV
   31     -2.14633809 H      -58.404831 eV
   32     -2.14955630 H      -58.492403 eV
   33     -2.14513215 H      -58.372016 eV
   34     -2.15439230 H      -58.623997 eV
   35     -2.14850355 H      -58.463756 eV
   36     -2.14763813 H      -58.440207 eV
   37     -2.15488896 H      -58.637512 eV
   38     -2.15647036 H      -58.680544 eV
   39     -2.15773010 H      -58.714823 eV
   40     -2.14675336 H      -58.416131 eV
   41     -3.16827975 H      -86.213278 eV
   42     -3.17441747 H      -86.380294 eV
   43     -3.17042604 H      -86.271682 eV
   44     -3.17014790 H      -86.264113 eV
   45     -3.17189573 H      -86.311674 eV
   46     -3.17344562 H      -86.353849 eV
   47     -3.16759812 H      -86.194730 eV
   48     -3.17221896 H      -86.320470 eV

SCC converged

Total Forces
    1     -0.001711961363     -0.005016440849      0.006126788970
    2     -0.005569887684      0.007885239844      0.000578230530
    3      0.010133179182     -0.006146906736     -0.007695881304
    4     -0.003445632910      0.007054047251      0.007072553293
    5     -0.004000217808      0.010778954008     -0.009216511432
    6      0.006858369705      0.003896435370      0.005797414636
    7     -0.008833647344     -0.002956692449      0.005610633694
    8     -0.002743848483     -0.008435612558      0.002107915913
    9      0.000107875566     -0.007948893528     -0.005972315396
   10      0.007051527300      0.005467852219      0.006941473599
   11     -0.008723402342     -0.002103470753      0.001564122841
   12      0.004197165280      0.001406975979      0.011621172596
   13     -0.000799004129     -0.003973036077      0.005164229243
   14     -0.006058676496      0.004494067553     -0.006812957897
   15      0.000810288227      0.001396455389     -0.002165026917
   16      0.008944666492     -0.006376519323     -0.005962174559
   17      0.002741359928      0.008625446459     -0.006793820698
   18     -0.000921428933     -0.004363239517     -0.006313008550
   19      0.007690165777      0.004890502163      0.004798353932
   20     -0.006972523521      0.001907157299     -0.000142712276
   21      0.007055217893     -0.000118127848     -0.001909215270
   22      0.002017020180      0.001755758336      0.009369214479
   23     -0.003141545466     -0.000060867727     -0.010998585200
   24      0.005789272769      0.002001440098     -0.003528468236
   25     -0.004590575905      0.009627642602     -0.012128192438
   26      0.010518458211     -0.001838034941      0.002220234012
   27      0.004488656642      0.004851123509      0.004174818564
   28     -0.011726095516     -0.008261136036     -0.003535220361
   29     -0.005184252111     -0.004892715298      0.014503823982
   30      0.003686505507      0.009432041912     -0.008664678728
   31      0.004512856497      0.003313711612      0.003166035841
   32      0.007491420944     -0.019373845663     -0.004285115514
   33      0.006603650021     -0.005517706904     -0.007902207352
   34     -0.015169554521     -0.006061226936      0.008909200534
   35      0.011213829154      0.010527716923      0.006219832245
   36     -0.011346116785      0.000020402359     -0.013957545543
   37     -0.002333507613     -0.017108695083      0.019058825693
   38     -0.022835537105      0.000293733068     -0.010940674378
   39     -0.001900228868      0.020398639838      0.013164248628
   40      0.010461271410      0.009372482311     -0.011453840694
   41      0.010302863011     -0.012986372189      0.010050963724
   42      0.012965162650      0.004026506176     -0.006549199133
   43     -0.000337368417      0.006660024168     -0.000511132795
   44     -0.007076503003      0.002828089801      0.009317782352
   45      0.000260996170     -0.011369491468     -0.008257024975
   46     -0.003760229236     -0.000311569476      0.004407678762
   47     -0.000697569239      0.002978284150     -0.009756892083
   48     -0.006022463722     -0.010670129037      0.003506853663

Total stress tensor
     -0.000229645776      0.000002033329      0.000000048310
      0.000002033685     -0.000212149198      0.000005182150
      0.000000048477      0.000005182291     -0.000216937609

Total lattice derivs
      0.077161944491     -0.000683206998     -0.000016232440
     -0.000683326835      0.071283020677     -0.001741224220
     -0.000016288342     -0.001741271530      0.072891947036

Maximal derivative component:        0.228355E-01 au

Volume:                              0.615910E+04 au^3
Pressure:                           -0.219578E-03 au    -0.646019E+10 Pa


