 Fermi distribution function

Calculation with static geometry


********************************************************************************
 iSCC Total electronic   Diff electronic      SCC error    
   21   -0.73517517E+02    0.28421709E-13    0.57420735E-10
********************************************************************************

 Total charge:    -0.00000005

 Atomic gross charges (e)
 Atom           Charge
    1      -0.10717994
    2      -0.08137832
    3      -0.05326682
    4      -0.05905980
    5      -0.07297373
    6      -0.08225775
    7      -0.05383228
    8      -0.04419315
    9      -0.10100682
   10      -0.01301631
   11      -0.07349939
   12      -0.08088278
   13      -0.12858445
   14      -0.05945264
   15      -0.02246948
   16      -0.01843802
   17      -0.04067946
   18      -0.08571400
   19      -0.09841718
   20      -0.05398281
   21       0.25782188
   22       0.26243475
   23       0.26441213
   24       0.25916695
   25       0.05090847
   26       0.06819480
   27       0.09792783
   28       0.03563416
   29       0.04361504
   30       0.02407783
   31       0.08700704
   32       0.01680291
   33       0.06034874
   34      -0.00436076
   35      -0.00571810
   36       0.05980068
   37       0.00148239
   38      -0.00909898
   39      -0.00486413
   40       0.07295335
   41      -0.02826797
   42      -0.04392762
   43      -0.03826742
   44      -0.03861265
   45      -0.04178961
   46      -0.04951906
   47      -0.02618179
   48      -0.04169579

Nr. of electrons (up):    192.00000005
Atom populations (up)
 Atom       Population
    1       1.10717994
    2       1.08137832
    3       1.05326682
    4       1.05905980
    5       1.07297373
    6       1.08225775
    7       1.05383228
    8       1.04419315
    9       1.10100682
   10       1.01301631
   11       1.07349939
   12       1.08088278
   13       1.12858445
   14       1.05945264
   15       1.02246948
   16       1.01843802
   17       1.04067946
   18       1.08571400
   19       1.09841718
   20       1.05398281
   21       4.74217812
   22       4.73756525
   23       4.73558787
   24       4.74083305
   25       5.94909153
   26       5.93180520
   27       5.90207217
   28       5.96436584
   29       5.95638496
   30       5.97592217
   31       5.91299296
   32       5.98319709
   33       5.93965126
   34       6.00436076
   35       6.00571810
   36       5.94019932
   37       5.99851761
   38       6.00909898
   39       6.00486413
   40       5.92704665
   41       7.02826797
   42       7.04392762
   43       7.03826742
   44       7.03861265
   45       7.04178961
   46       7.04951906
   47       7.02618179
   48       7.04169579

l-shell populations (up)
 Atom Sh.   l       Population
    1   1   0       0.41179719
    1   2   1       0.69538275
    2   1   0       0.40404258
    2   2   1       0.67733573
    3   1   0       0.39136992
    3   2   1       0.66189690
    4   1   0       0.40200371
    4   2   1       0.65705610
    5   1   0       0.40143931
    5   2   1       0.67153442
    6   1   0       0.40625532
    6   2   1       0.67600243
    7   1   0       0.40155489
    7   2   1       0.65227739
    8   1   0       0.38494930
    8   2   1       0.65924385
    9   1   0       0.42903094
    9   2   1       0.67197588
   10   1   0       0.38505278
   10   2   1       0.62796353
   11   1   0       0.43244930
   11   2   1       0.64105009
   12   1   0       0.39846393
   12   2   1       0.68241885
   13   1   0       0.45038414
   13   2   1       0.67820030
   14   1   0       0.38574122
   14   2   1       0.67371141
   15   1   0       0.39481913
   15   2   1       0.62765035
   16   1   0       0.37850075
   16   2   1       0.63993727
   17   1   0       0.40467784
   17   2   1       0.63600162
   18   1   0       0.41979877
   18   2   1       0.66591523
   19   1   0       0.42261162
   19   2   1       0.67580556
   20   1   0       0.39743255
   20   2   1       0.65655026
   21   1   0       1.44170815
   21   2   1       2.84866175
   21   3   2       0.45180822
   22   1   0       1.43881649
   22   2   1       2.84099017
   22   3   2       0.45775860
   23   1   0       1.43647476
   23   2   1       2.83507056
   23   3   2       0.46404256
   24   1   0       1.44184924
   24   2   1       2.84285432
   24   3   2       0.45612950
   25   1   0       1.83025556
   25   2   1       4.07144959
   25   3   2       0.04738638
   26   1   0       1.82940014
   26   2   1       4.04781295
   26   3   2       0.05459211
   27   1   0       1.82773845
   27   2   1       4.02235644
   27   3   2       0.05197728
   28   1   0       1.82661788
   28   2   1       4.08991016
   28   3   2       0.04783781
   29   1   0       1.83149192
   29   2   1       4.07139761
   29   3   2       0.05349543
   30   1   0       1.82438831
   30   2   1       4.10607773
   30   3   2       0.04545612
   31   1   0       1.82851290
   31   2   1       4.03240497
   31   3   2       0.05207509
   32   1   0       1.82666146
   32   2   1       4.09939536
   32   3   2       0.05714027
   33   1   0       1.82575999
   33   2   1       4.05989553
   33   3   2       0.05399574
   34   1   0       1.82578628
   34   2   1       4.12939963
   34   3   2       0.04917485
   35   1   0       1.81849203
   35   2   1       4.14046225
   35   3   2       0.04676382
   36   1   0       1.82892238
   36   2   1       4.05506533
   36   3   2       0.05621161
   37   1   0       1.83320066
   37   2   1       4.11073773
   37   3   2       0.05457922
   38   1   0       1.83752955
   38   2   1       4.11375503
   38   3   2       0.05781441
   39   1   0       1.84019720
   39   2   1       4.10019686
   39   3   2       0.06447007
   40   1   0       1.83350099
   40   2   1       4.04564884
   40   3   2       0.04789682
   41   1   0       1.93236546
   41   2   1       5.12091923
   41   3   2      -0.02501671
   42   1   0       1.93431782
   42   2   1       5.13728981
   42   3   2      -0.02768002
   43   1   0       1.93312945
   43   2   1       5.12756588
   43   3   2      -0.02242791
   44   1   0       1.93413217
   44   2   1       5.11666750
   44   3   2      -0.01218702
   45   1   0       1.93488292
   45   2   1       5.11690868
   45   3   2      -0.01000199
   46   1   0       1.93394029
   46   2   1       5.13721640
   46   3   2      -0.02163763
   47   1   0       1.93187491
   47   2   1       5.12932038
   47   3   2      -0.03501350
   48   1   0       1.93175224
   48   2   1       5.13175533
   48   3   2      -0.02181178

Orbital populations (up)
 Atom Sh.   l   m       Population  Label
    1   1   0   0       0.41179719  s
    1   2   1  -1       0.22594347  p_y
    1   2   1   0       0.22624436  p_z
    1   2   1   1       0.24319492  p_x
    2   1   0   0       0.40404258  s
    2   2   1  -1       0.18732116  p_y
    2   2   1   0       0.25392922  p_z
    2   2   1   1       0.23608535  p_x
    3   1   0   0       0.39136992  s
    3   2   1  -1       0.22735186  p_y
    3   2   1   0       0.21344420  p_z
    3   2   1   1       0.22110084  p_x
    4   1   0   0       0.40200371  s
    4   2   1  -1       0.23817378  p_y
    4   2   1   0       0.18888899  p_z
    4   2   1   1       0.22999332  p_x
    5   1   0   0       0.40143931  s
    5   2   1  -1       0.21969928  p_y
    5   2   1   0       0.22282442  p_z
    5   2   1   1       0.22901072  p_x
    6   1   0   0       0.40625532  s
    6   2   1  -1       0.21150371  p_y
    6   2   1   0       0.25016836  p_z
    6   2   1   1       0.21433037  p_x
    7   1   0   0       0.40155489  s
    7   2   1  -1       0.23214077  p_y
    7   2   1   0       0.24866314  p_z
    7   2   1   1       0.17147347  p_x
    8   1   0   0       0.38494930  s
    8   2   1  -1       0.19410397  p_y
    8   2   1   0       0.23265930  p_z
    8   2   1   1       0.23248058  p_x
    9   1   0   0       0.42903094  s
    9   2   1  -1       0.23880256  p_y
    9   2   1   0       0.19891959  p_z
    9   2   1   1       0.23425373  p_x
   10   1   0   0       0.38505278  s
   10   2   1  -1       0.22307948  p_y
   10   2   1   0       0.19581624  p_z
   10   2   1   1       0.20906781  p_x
   11   1   0   0       0.43244930  s
   11   2   1  -1       0.22754489  p_y
   11   2   1   0       0.19941002  p_z
   11   2   1   1       0.21409518  p_x
   12   1   0   0       0.39846393  s
   12   2   1  -1       0.23919173  p_y
   12   2   1   0       0.22733413  p_z
   12   2   1   1       0.21589300  p_x
   13   1   0   0       0.45038414  s
   13   2   1  -1       0.17442553  p_y
   13   2   1   0       0.24052402  p_z
   13   2   1   1       0.26325076  p_x
   14   1   0   0       0.38574122  s
   14   2   1  -1       0.20466539  p_y
   14   2   1   0       0.23192640  p_z
   14   2   1   1       0.23711962  p_x
   15   1   0   0       0.39481913  s
   15   2   1  -1       0.20976081  p_y
   15   2   1   0       0.22174528  p_z
   15   2   1   1       0.19614426  p_x
   16   1   0   0       0.37850075  s
   16   2   1  -1       0.21687776  p_y
   16   2   1   0       0.21265037  p_z
   16   2   1   1       0.21040914  p_x
   17   1   0   0       0.40467784  s
   17   2   1  -1       0.18912672  p_y
   17   2   1   0       0.23307188  p_z
   17   2   1   1       0.21380302  p_x
   18   1   0   0       0.41979877  s
   18   2   1  -1       0.24217001  p_y
   18   2   1   0       0.18034238  p_z
   18   2   1   1       0.24340284  p_x
   19   1   0   0       0.42261162  s
   19   2   1  -1       0.24607645  p_y
   19   2   1   0       0.20100776  p_z
   19   2   1   1       0.22872135  p_x
   20   1   0   0       0.39743255  s
   20   2   1  -1       0.24817353  p_y
   20   2   1   0       0.22515518  p_z
   20   2   1   1       0.18322154  p_x
   21   1   0   0       1.44170815  s
   21   2   1  -1       0.94526658  p_y
   21   2   1   0       0.96348028  p_z
   21   2   1   1       0.93991489  p_x
   21   3   2  -2       0.10106092  d_xy
   21   3   2  -1       0.08511954  d_yz
   21   3   2   0       0.09095577  d_z2
   21   3   2   1       0.09029093  d_xz
   21   3   2   2       0.08438106  d_x2-y2
   22   1   0   0       1.43881649  s
   22   2   1  -1       0.93752802  p_y
   22   2   1   0       0.94869485  p_z
   22   2   1   1       0.95476729  p_x
   22   3   2  -2       0.09450918  d_xy
   22   3   2  -1       0.09873587  d_yz
   22   3   2   0       0.08895076  d_z2
   22   3   2   1       0.08578431  d_xz
   22   3   2   2       0.08977847  d_x2-y2
   23   1   0   0       1.43647476  s
   23   2   1  -1       0.95592346  p_y
   23   2   1   0       0.94290869  p_z
   23   2   1   1       0.93623841  p_x
   23   3   2  -2       0.08844292  d_xy
   23   3   2  -1       0.08775772  d_yz
   23   3   2   0       0.08288711  d_z2
   23   3   2   1       0.10751189  d_xz
   23   3   2   2       0.09744293  d_x2-y2
   24   1   0   0       1.44184924  s
   24   2   1  -1       0.95623230  p_y
   24   2   1   0       0.94023047  p_z
   24   2   1   1       0.94639155  p_x
   24   3   2  -2       0.08585028  d_xy
   24   3   2  -1       0.09745039  d_yz
   24   3   2   0       0.08546536  d_z2
   24   3   2   1       0.09572615  d_xz
   24   3   2   2       0.09163732  d_x2-y2
   25   1   0   0       1.83025556  s
   25   2   1  -1       1.33698151  p_y
   25   2   1   0       1.42650497  p_z
   25   2   1   1       1.30796311  p_x
   25   3   2  -2       0.00286571  d_xy
   25   3   2  -1       0.01133592  d_yz
   25   3   2   0       0.01384012  d_z2
   25   3   2   1       0.01011016  d_xz
   25   3   2   2       0.00923446  d_x2-y2
   26   1   0   0       1.82940014  s
   26   2   1  -1       1.36653228  p_y
   26   2   1   0       1.36449480  p_z
   26   2   1   1       1.31678586  p_x
   26   3   2  -2       0.01290740  d_xy
   26   3   2  -1       0.00710383  d_yz
   26   3   2   0       0.01052389  d_z2
   26   3   2   1       0.01180512  d_xz
   26   3   2   2       0.01225187  d_x2-y2
   27   1   0   0       1.82773845  s
   27   2   1  -1       1.33223926  p_y
   27   2   1   0       1.35032871  p_z
   27   2   1   1       1.33978847  p_x
   27   3   2  -2       0.01085331  d_xy
   27   3   2  -1       0.01111430  d_yz
   27   3   2   0       0.01118268  d_z2
   27   3   2   1       0.00637286  d_xz
   27   3   2   2       0.01245413  d_x2-y2
   28   1   0   0       1.82661788  s
   28   2   1  -1       1.36152846  p_y
   28   2   1   0       1.41408341  p_z
   28   2   1   1       1.31429828  p_x
   28   3   2  -2       0.00954244  d_xy
   28   3   2  -1       0.00928949  d_yz
   28   3   2   0       0.01119372  d_z2
   28   3   2   1       0.00627023  d_xz
   28   3   2   2       0.01154193  d_x2-y2
   29   1   0   0       1.83149192  s
   29   2   1  -1       1.28905579  p_y
   29   2   1   0       1.43678633  p_z
   29   2   1   1       1.34555548  p_x
   29   3   2  -2       0.00430392  d_xy
   29   3   2  -1       0.01155162  d_yz
   29   3   2   0       0.01401693  d_z2
   29   3   2   1       0.01355402  d_xz
   29   3   2   2       0.01006895  d_x2-y2
   30   1   0   0       1.82438831  s
   30   2   1  -1       1.31103680  p_y
   30   2   1   0       1.42183679  p_z
   30   2   1   1       1.37320415  p_x
   30   3   2  -2       0.00402855  d_xy
   30   3   2  -1       0.01100393  d_yz
   30   3   2   0       0.01269536  d_z2
   30   3   2   1       0.00940959  d_xz
   30   3   2   2       0.00831870  d_x2-y2
   31   1   0   0       1.82851290  s
   31   2   1  -1       1.34172363  p_y
   31   2   1   0       1.35505830  p_z
   31   2   1   1       1.33562304  p_x
   31   3   2  -2       0.01128684  d_xy
   31   3   2  -1       0.00713491  d_yz
   31   3   2   0       0.01190597  d_z2
   31   3   2   1       0.01016725  d_xz
   31   3   2   2       0.01158012  d_x2-y2
   32   1   0   0       1.82666146  s
   32   2   1  -1       1.41143323  p_y
   32   2   1   0       1.31528757  p_z
   32   2   1   1       1.37267457  p_x
   32   3   2  -2       0.01718405  d_xy
   32   3   2  -1       0.00936599  d_yz
   32   3   2   0       0.01014681  d_z2
   32   3   2   1       0.00666575  d_xz
   32   3   2   2       0.01377768  d_x2-y2
   33   1   0   0       1.82575999  s
   33   2   1  -1       1.48623310  p_y
   33   2   1   0       1.24245596  p_z
   33   2   1   1       1.33120647  p_x
   33   3   2  -2       0.01071223  d_xy
   33   3   2  -1       0.00894191  d_yz
   33   3   2   0       0.01304424  d_z2
   33   3   2   1       0.00693183  d_xz
   33   3   2   2       0.01436554  d_x2-y2
   34   1   0   0       1.82578628  s
   34   2   1  -1       1.31839879  p_y
   34   2   1   0       1.31043364  p_z
   34   2   1   1       1.50056720  p_x
   34   3   2  -2       0.01396394  d_xy
   34   3   2  -1       0.00751074  d_yz
   34   3   2   0       0.00999641  d_z2
   34   3   2   1       0.00632885  d_xz
   34   3   2   2       0.01137490  d_x2-y2
   35   1   0   0       1.81849203  s
   35   2   1  -1       1.46865549  p_y
   35   2   1   0       1.33119324  p_z
   35   2   1   1       1.34061352  p_x
   35   3   2  -2       0.01182571  d_xy
   35   3   2  -1       0.00983054  d_yz
   35   3   2   0       0.00787568  d_z2
   35   3   2   1       0.00471631  d_xz
   35   3   2   2       0.01251558  d_x2-y2
   36   1   0   0       1.82892238  s
   36   2   1  -1       1.31982276  p_y
   36   2   1   0       1.44809365  p_z
   36   2   1   1       1.28714892  p_x
   36   3   2  -2       0.00595265  d_xy
   36   3   2  -1       0.00851998  d_yz
   36   3   2   0       0.01346109  d_z2
   36   3   2   1       0.01736523  d_xz
   36   3   2   2       0.01091266  d_x2-y2
   37   1   0   0       1.83320066  s
   37   2   1  -1       1.26198910  p_y
   37   2   1   0       1.44047503  p_z
   37   2   1   1       1.40827360  p_x
   37   3   2  -2       0.00605258  d_xy
   37   3   2  -1       0.00965872  d_yz
   37   3   2   0       0.01258096  d_z2
   37   3   2   1       0.01436246  d_xz
   37   3   2   2       0.01192451  d_x2-y2
   38   1   0   0       1.83752955  s
   38   2   1  -1       1.37932314  p_y
   38   2   1   0       1.34385138  p_z
   38   2   1   1       1.39058051  p_x
   38   3   2  -2       0.01373586  d_xy
   38   3   2  -1       0.00904144  d_yz
   38   3   2   0       0.01214427  d_z2
   38   3   2   1       0.01003725  d_xz
   38   3   2   2       0.01285559  d_x2-y2
   39   1   0   0       1.84019720  s
   39   2   1  -1       1.39130929  p_y
   39   2   1   0       1.30056936  p_z
   39   2   1   1       1.40831821  p_x
   39   3   2  -2       0.01252180  d_xy
   39   3   2  -1       0.01515084  d_yz
   39   3   2   0       0.01444789  d_z2
   39   3   2   1       0.00865973  d_xz
   39   3   2   2       0.01368981  d_x2-y2
   40   1   0   0       1.83350099  s
   40   2   1  -1       1.40760951  p_y
   40   2   1   0       1.33721684  p_z
   40   2   1   1       1.30082250  p_x
   40   3   2  -2       0.00830910  d_xy
   40   3   2  -1       0.00659062  d_yz
   40   3   2   0       0.01201933  d_z2
   40   3   2   1       0.00930798  d_xz
   40   3   2   2       0.01166979  d_x2-y2
   41   1   0   0       1.93236546  s
   41   2   1  -1       1.70517850  p_y
   41   2   1   0       1.70869461  p_z
   41   2   1   1       1.70704612  p_x
   41   3   2  -2      -0.00007857  d_xy
   41   3   2  -1      -0.00257182  d_yz
   41   3   2   0      -0.01352003  d_z2
   41   3   2   1       0.00007932  d_xz
   41   3   2   2      -0.00892561  d_x2-y2
   42   1   0   0       1.93431782  s
   42   2   1  -1       1.73136121  p_y
   42   2   1   0       1.70440338  p_z
   42   2   1   1       1.70152522  p_x
   42   3   2  -2      -0.00095365  d_xy
   42   3   2  -1       0.00492052  d_yz
   42   3   2   0      -0.02460682  d_z2
   42   3   2   1      -0.00354287  d_xz
   42   3   2   2      -0.00349720  d_x2-y2
   43   1   0   0       1.93312945  s
   43   2   1  -1       1.74097147  p_y
   43   2   1   0       1.71105546  p_z
   43   2   1   1       1.67553895  p_x
   43   3   2  -2      -0.01982464  d_xy
   43   3   2  -1       0.00727111  d_yz
   43   3   2   0      -0.00220018  d_z2
   43   3   2   1      -0.00249620  d_xz
   43   3   2   2      -0.00517800  d_x2-y2
   44   1   0   0       1.93413217  s
   44   2   1  -1       1.68582441  p_y
   44   2   1   0       1.70559248  p_z
   44   2   1   1       1.72525061  p_x
   44   3   2  -2      -0.00420004  d_xy
   44   3   2  -1      -0.00633567  d_yz
   44   3   2   0      -0.00444953  d_z2
   44   3   2   1       0.00344029  d_xz
   44   3   2   2      -0.00064207  d_x2-y2
   45   1   0   0       1.93488292  s
   45   2   1  -1       1.71755046  p_y
   45   2   1   0       1.72664222  p_z
   45   2   1   1       1.67271601  p_x
   45   3   2  -2      -0.00463318  d_xy
   45   3   2  -1       0.00231394  d_yz
   45   3   2   0      -0.00233137  d_z2
   45   3   2   1      -0.00260151  d_xz
   45   3   2   2      -0.00274987  d_x2-y2
   46   1   0   0       1.93394029  s
   46   2   1  -1       1.71328215  p_y
   46   2   1   0       1.70232833  p_z
   46   2   1   1       1.72160592  p_x
   46   3   2  -2       0.00536847  d_xy
   46   3   2  -1      -0.01315721  d_yz
   46   3   2   0      -0.00493292  d_z2
   46   3   2   1      -0.00213152  d_xz
   46   3   2   2      -0.00678445  d_x2-y2
   47   1   0   0       1.93187491  s
   47   2   1  -1       1.71908863  p_y
   47   2   1   0       1.71022519  p_z
   47   2   1   1       1.70000656  p_x
   47   3   2  -2       0.00070930  d_xy
   47   3   2  -1      -0.00783160  d_yz
   47   3   2   0      -0.01314213  d_z2
   47   3   2   1      -0.00318600  d_xz
   47   3   2   2      -0.01156307  d_x2-y2
   48   1   0   0       1.93175224  s
   48   2   1  -1       1.72445199  p_y
   48   2   1   0       1.69844683  p_z
   48   2   1   1       1.70885652  p_x
   48   3   2  -2       0.00079997  d_xy
   48   3   2  -1      -0.00371820  d_yz
   48   3   2   0      -0.02248430  d_z2
   48   3   2   1       0.00076047  d_xz
   48   3   2   2       0.00283029  d_x2-y2

Fermi level:                        -0.1668739500 H           -4.5409 eV
Band energy:                       -77.0860917947 H        -2097.6193 eV
TS:                                  0.0000000016 H            0.0000 eV
Band free energy (E-TS):           -77.0860917963 H        -2097.6193 eV
Extrapolated E(0K):                -77.0860917955 H        -2097.6193 eV
Input / Output electrons (q):    192.0000000495    192.0000000495

Energy H0:                         -73.5466438821 H        -2001.3060 eV
Energy SCC:                          0.0291265170 H            0.7926 eV
Total Electronic energy:           -73.5175173651 H        -2000.5134 eV
Repulsive energy:                    0.0000000000 H            0.0000 eV
Total energy:                      -73.5175173651 H        -2000.5134 eV
Extrapolated to 0:                 -73.5175173659 H        -2000.5134 eV
Total Mermin free energy:          -73.5175173666 H        -2000.5134 eV
Force related energy:              -73.5175173666 H        -2000.5134 eV

Atom resolved electronic energies 
    1     -0.34137599 H       -9.289313 eV
    2     -0.32212585 H       -8.765490 eV
    3     -0.31722958 H       -8.632256 eV
    4     -0.31737899 H       -8.636322 eV
    5     -0.32506233 H       -8.845396 eV
    6     -0.32658811 H       -8.886915 eV
    7     -0.31203080 H       -8.490790 eV
    8     -0.30881217 H       -8.403207 eV
    9     -0.32973625 H       -8.972580 eV
   10     -0.29563912 H       -8.044750 eV
   11     -0.31989045 H       -8.704662 eV
   12     -0.32472573 H       -8.836237 eV
   13     -0.33893335 H       -9.222846 eV
   14     -0.31988505 H       -8.704515 eV
   15     -0.30137363 H       -8.200794 eV
   16     -0.30315930 H       -8.249384 eV
   17     -0.30787724 H       -8.377766 eV
   18     -0.32405729 H       -8.818047 eV
   19     -0.33059444 H       -8.995932 eV
   20     -0.31466392 H       -8.562441 eV
   21     -1.89305410 H      -51.512623 eV
   22     -1.89368898 H      -51.529899 eV
   23     -1.89355162 H      -51.526161 eV
   24     -1.89636594 H      -51.602743 eV
   25     -2.14035175 H      -58.241934 eV
   26     -2.14211081 H      -58.289801 eV
   27     -2.13630931 H      -58.131934 eV
   28     -2.14302014 H      -58.314545 eV
   29     -2.14317311 H      -58.318708 eV
   30     -2.14287231 H      -58.310522 eV
   31     -2.13927129 H      -58.212534 eV
   32     -2.14294294 H      -58.312444 eV
   33     -2.13782704 H      -58.173234 eV
   34     -2.14836059 H      -58.459866 eV
   35     -2.14216393 H      -58.291246 eV
   36     -2.14109257 H      -58.262093 eV
   37     -2.14902907 H      -58.478056 eV
   38     -2.15088431 H      -58.528540 eV
   39     -2.15246791 H      -58.571632 eV
   40     -2.13999118 H      -58.232123 eV
   41     -3.15565729 H      -85.869804 eV
   42     -3.16192335 H      -86.040312 eV
   43     -3.15768001 H      -85.924845 eV
   44     -3.15782719 H      -85.928850 eV
   45     -3.15895861 H      -85.959637 eV
   46     -3.16075934 H      -86.008638 eV
   47     -3.15499834 H      -85.851873 eV
   48     -3.16004471 H      -85.989192 eV

Atom resolved repulsive energies 
    1      0.00000000 H        0.000000 eV
    2      0.00000000 H        0.000000 eV
    3      0.00000000 H        0.000000 eV
    4      0.00000000 H        0.000000 eV
    5      0.00000000 H        0.000000 eV
    6      0.00000000 H        0.000000 eV
    7      0.00000000 H        0.000000 eV
    8      0.00000000 H        0.000000 eV
    9      0.00000000 H        0.000000 eV
   10      0.00000000 H        0.000000 eV
   11      0.00000000 H        0.000000 eV
   12      0.00000000 H        0.000000 eV
   13      0.00000000 H        0.000000 eV
   14      0.00000000 H        0.000000 eV
   15      0.00000000 H        0.000000 eV
   16      0.00000000 H        0.000000 eV
   17      0.00000000 H        0.000000 eV
   18      0.00000000 H        0.000000 eV
   19      0.00000000 H        0.000000 eV
   20      0.00000000 H        0.000000 eV
   21      0.00000000 H        0.000000 eV
   22      0.00000000 H        0.000000 eV
   23      0.00000000 H        0.000000 eV
   24      0.00000000 H        0.000000 eV
   25      0.00000000 H        0.000000 eV
   26      0.00000000 H        0.000000 eV
   27      0.00000000 H        0.000000 eV
   28      0.00000000 H        0.000000 eV
   29      0.00000000 H        0.000000 eV
   30      0.00000000 H        0.000000 eV
   31      0.00000000 H        0.000000 eV
   32      0.00000000 H        0.000000 eV
   33      0.00000000 H        0.000000 eV
   34      0.00000000 H        0.000000 eV
   35      0.00000000 H        0.000000 eV
   36      0.00000000 H        0.000000 eV
   37      0.00000000 H        0.000000 eV
   38      0.00000000 H        0.000000 eV
   39      0.00000000 H        0.000000 eV
   40      0.00000000 H        0.000000 eV
   41      0.00000000 H        0.000000 eV
   42      0.00000000 H        0.000000 eV
   43      0.00000000 H        0.000000 eV
   44      0.00000000 H        0.000000 eV
   45      0.00000000 H        0.000000 eV
   46      0.00000000 H        0.000000 eV
   47      0.00000000 H        0.000000 eV
   48      0.00000000 H        0.000000 eV

Atom resolved total energies 
    1     -0.34137599 H       -9.289313 eV
    2     -0.32212585 H       -8.765490 eV
    3     -0.31722958 H       -8.632256 eV
    4     -0.31737899 H       -8.636322 eV
    5     -0.32506233 H       -8.845396 eV
    6     -0.32658811 H       -8.886915 eV
    7     -0.31203080 H       -8.490790 eV
    8     -0.30881217 H       -8.403207 eV
    9     -0.32973625 H       -8.972580 eV
   10     -0.29563912 H       -8.044750 eV
   11     -0.31989045 H       -8.704662 eV
   12     -0.32472573 H       -8.836237 eV
   13     -0.33893335 H       -9.222846 eV
   14     -0.31988505 H       -8.704515 eV
   15     -0.30137363 H       -8.200794 eV
   16     -0.30315930 H       -8.249384 eV
   17     -0.30787724 H       -8.377766 eV
   18     -0.32405729 H       -8.818047 eV
   19     -0.33059444 H       -8.995932 eV
   20     -0.31466392 H       -8.562441 eV
   21     -1.89305410 H      -51.512623 eV
   22     -1.89368898 H      -51.529899 eV
   23     -1.89355162 H      -51.526161 eV
   24     -1.89636594 H      -51.602743 eV
   25     -2.14035175 H      -58.241934 eV
   26     -2.14211081 H      -58.289801 eV
   27     -2.13630931 H      -58.131934 eV
   28     -2.14302014 H      -58.314545 eV
   29     -2.14317311 H      -58.318708 eV
   30     -2.14287231 H      -58.310522 eV
   31     -2.13927129 H      -58.212534 eV
   32     -2.14294294 H      -58.312444 eV
   33     -2.13782704 H      -58.173234 eV
   34     -2.14836059 H      -58.459866 eV
   35     -2.14216393 H      -58.291246 eV
   36     -2.14109257 H      -58.262093 eV
   37     -2.14902907 H      -58.478056 eV
   38     -2.15088431 H      -58.528540 eV
   39     -2.15246791 H      -58.571632 eV
   40     -2.13999118 H      -58.232123 eV
   41     -3.15565729 H      -85.869804 eV
   42     -3.16192335 H      -86.040312 eV
   43     -3.15768001 H      -85.924845 eV
   44     -3.15782719 H      -85.928850 eV
   45     -3.15895861 H      -85.959637 eV
   46     -3.16075934 H      -86.008638 eV
   47     -3.15499834 H      -85.851873 eV
   48     -3.16004471 H      -85.989192 eV

SCC converged

Total Forces
    1     -0.001236774901     -0.004700391967      0.006002948463
    2     -0.005714711296      0.007609837457      0.001495730120
    3      0.010405599419     -0.005809428974     -0.006806647061
    4     -0.003564458022      0.007264849221      0.005751002047
    5     -0.003341155750      0.010000598120     -0.008664530932
    6      0.006372904040      0.004360049352      0.005483497581
    7     -0.007709018611     -0.002196519912      0.004811473148
    8     -0.003062838495     -0.007522174029      0.001647183225
    9     -0.000386312434     -0.007540006497     -0.004207908666
   10      0.006507729683      0.003760861432      0.005741160679
   11     -0.008278105272     -0.000771967253     -0.001128234998
   12      0.003642697354      0.001649180038      0.011927336968
   13     -0.000231660931     -0.000918875748      0.005587424614
   14     -0.005876298837      0.004132823283     -0.006865354251
   15      0.000856372214      0.001182904044     -0.000144785344
   16      0.008065440711     -0.007049624694     -0.005812624083
   17      0.003332425187      0.006240821134     -0.007793230054
   18     -0.000713819284     -0.005082960673     -0.004053059311
   19      0.007963310667      0.004378609584      0.002536719552
   20     -0.006414946755      0.001688719622      0.000337321012
   21      0.007581590277     -0.000176104326     -0.001856445659
   22      0.002148875352      0.001925872714      0.009966252010
   23     -0.003419244166     -0.000240238957     -0.011507400582
   24      0.005686070682      0.001668812080     -0.003640115921
   25     -0.004641382976      0.009579568560     -0.011443287420
   26      0.010571203796     -0.001223772982      0.003283747383
   27      0.004133765045      0.004670053963      0.003380758004
   28     -0.011619740255     -0.008067558906     -0.004975596809
   29     -0.004815425449     -0.005158191401      0.014296765617
   30      0.004054809630      0.008718203044     -0.007410177426
   31      0.003997128396      0.002603116506      0.002805898889
   32      0.008110714610     -0.019262456367     -0.003590105559
   33      0.006616340324     -0.004626990335     -0.008388587303
   34     -0.014586114648     -0.006405450603      0.008476649984
   35      0.010911788891      0.010271181277      0.005211727921
   36     -0.011230633218      0.000101823814     -0.013971008718
   37     -0.002913655985     -0.017093433225      0.019004570039
   38     -0.022975082174      0.000920251676     -0.010135545731
   39     -0.001712868591      0.019949655532      0.013037274681
   40      0.009849789331      0.011151990594     -0.011081182317
   41      0.009010058850     -0.011037042725      0.011502989205
   42      0.012553445560      0.002492636307     -0.007373312567
   43      0.000687441579      0.006224787477     -0.001184939066
   44     -0.007628289166      0.002761326662      0.009887912702
   45      0.000031177816     -0.012307321715     -0.008505075711
   46     -0.004341905218     -0.000823066522      0.003767584885
   47     -0.000950822598      0.002191814499     -0.009502311115
   48     -0.005725414383     -0.009486770181      0.004097537874

Total stress tensor
     -0.000175224145      0.000001045235      0.000000104993
      0.000001045685     -0.000157554700      0.000006921735
      0.000000105190      0.000006921843     -0.000165259132

Total lattice derivs
      0.056497465457     -0.000337014765     -0.000033852769
     -0.000337159933      0.050800311790     -0.002231772686
     -0.000033916539     -0.002231807585      0.053284449510

Maximal derivative component:        0.229751E-01 au

Volume:                              0.578965E+04 au^3
Pressure:                           -0.166013E-03 au    -0.488426E+10 Pa


