 Fermi distribution function

Calculation with static geometry


********************************************************************************
 iSCC Total electronic   Diff electronic      SCC error    
   21   -0.73484729E+02   -0.14210855E-13    0.75015549E-10
********************************************************************************

 Total charge:    -0.00000000

 Atomic gross charges (e)
 Atom           Charge
    1      -0.09241176
    2      -0.06791818
    3      -0.03673766
    4      -0.04348921
    5      -0.05691552
    6      -0.06475171
    7      -0.03646515
    8      -0.02617867
    9      -0.08092410
   10       0.00608597
   11      -0.05340372
   12      -0.07020455
   13      -0.10789493
   14      -0.04360490
   15      -0.00849789
   16      -0.00401324
   17      -0.02293805
   18      -0.06464626
   19      -0.07900590
   20      -0.03968747
   21       0.25146561
   22       0.25620091
   23       0.25801867
   24       0.25175926
   25       0.04038232
   26       0.05601612
   27       0.08522474
   28       0.02644506
   29       0.03373137
   30       0.01239191
   31       0.07583654
   32       0.00621609
   33       0.04903805
   34      -0.01505726
   35      -0.01566832
   36       0.05035424
   37      -0.00818024
   38      -0.01716999
   39      -0.01329106
   40       0.06152663
   41      -0.04604768
   42      -0.06238724
   43      -0.05656838
   44      -0.05523074
   45      -0.06060740
   46      -0.06781371
   47      -0.04377973
   48      -0.05920286

Nr. of electrons (up):    192.00000000
Atom populations (up)
 Atom       Population
    1       1.09241176
    2       1.06791818
    3       1.03673766
    4       1.04348921
    5       1.05691552
    6       1.06475171
    7       1.03646515
    8       1.02617867
    9       1.08092410
   10       0.99391403
   11       1.05340372
   12       1.07020455
   13       1.10789493
   14       1.04360490
   15       1.00849789
   16       1.00401324
   17       1.02293805
   18       1.06464626
   19       1.07900590
   20       1.03968747
   21       4.74853439
   22       4.74379909
   23       4.74198133
   24       4.74824074
   25       5.95961768
   26       5.94398388
   27       5.91477526
   28       5.97355494
   29       5.96626863
   30       5.98760809
   31       5.92416346
   32       5.99378391
   33       5.95096195
   34       6.01505726
   35       6.01566832
   36       5.94964576
   37       6.00818024
   38       6.01716999
   39       6.01329106
   40       5.93847337
   41       7.04604768
   42       7.06238724
   43       7.05656838
   44       7.05523074
   45       7.06060740
   46       7.06781371
   47       7.04377973
   48       7.05920286

l-shell populations (up)
 Atom Sh.   l       Population
    1   1   0       0.40455403
    1   2   1       0.68785773
    2   1   0       0.39693410
    2   2   1       0.67098408
    3   1   0       0.38169706
    3   2   1       0.65504059
    4   1   0       0.39244388
    4   2   1       0.65104533
    5   1   0       0.39164234
    5   2   1       0.66527318
    6   1   0       0.39635107
    6   2   1       0.66840064
    7   1   0       0.38940637
    7   2   1       0.64705878
    8   1   0       0.37609858
    8   2   1       0.65008009
    9   1   0       0.41454155
    9   2   1       0.66638256
   10   1   0       0.37241587
   10   2   1       0.62149817
   11   1   0       0.41510607
   11   2   1       0.63829765
   12   1   0       0.39356971
   12   2   1       0.67663484
   13   1   0       0.43402441
   13   2   1       0.67387052
   14   1   0       0.37808545
   14   2   1       0.66551946
   15   1   0       0.38465142
   15   2   1       0.62384647
   16   1   0       0.36964848
   16   2   1       0.63436476
   17   1   0       0.39090954
   17   2   1       0.63202851
   18   1   0       0.40589507
   18   2   1       0.65875118
   19   1   0       0.40923823
   19   2   1       0.66976767
   20   1   0       0.38986710
   20   2   1       0.64982037
   21   1   0       1.45768360
   21   2   1       2.85459517
   21   3   2       0.43625561
   22   1   0       1.45477374
   22   2   1       2.84687542
   22   3   2       0.44214993
   23   1   0       1.45247232
   23   2   1       2.84121561
   23   3   2       0.44829339
   24   1   0       1.45717813
   24   2   1       2.84932266
   24   3   2       0.44173994
   25   1   0       1.83721316
   25   2   1       4.07455088
   25   3   2       0.04785364
   26   1   0       1.83601124
   26   2   1       4.05370811
   26   3   2       0.05426453
   27   1   0       1.83421301
   27   2   1       4.02876380
   27   3   2       0.05179845
   28   1   0       1.83372929
   28   2   1       4.09184962
   28   3   2       0.04797603
   29   1   0       1.83834320
   29   2   1       4.07451486
   29   3   2       0.05341057
   30   1   0       1.83137594
   30   2   1       4.11132594
   30   3   2       0.04490620
   31   1   0       1.83507828
   31   2   1       4.03729095
   31   3   2       0.05179423
   32   1   0       1.83341700
   32   2   1       4.10442391
   32   3   2       0.05594300
   33   1   0       1.83229395
   33   2   1       4.06455804
   33   3   2       0.05410996
   34   1   0       1.83276889
   34   2   1       4.13391744
   34   3   2       0.04837093
   35   1   0       1.82580584
   35   2   1       4.14324054
   35   3   2       0.04662194
   36   1   0       1.83558714
   36   2   1       4.05826392
   36   3   2       0.05579471
   37   1   0       1.84001275
   37   2   1       4.11448997
   37   3   2       0.05367752
   38   1   0       1.84430462
   38   2   1       4.11602263
   38   3   2       0.05684275
   39   1   0       1.84678950
   39   2   1       4.10397446
   39   3   2       0.06252710
   40   1   0       1.83973353
   40   2   1       4.05113761
   40   3   2       0.04760222
   41   1   0       1.93470252
   41   2   1       5.13193713
   41   3   2      -0.02059197
   42   1   0       1.93674930
   42   2   1       5.14866879
   42   3   2      -0.02303085
   43   1   0       1.93570599
   43   2   1       5.13957240
   43   3   2      -0.01871001
   44   1   0       1.93669830
   44   2   1       5.12853507
   44   3   2      -0.01000262
   45   1   0       1.93750107
   45   2   1       5.13081053
   45   3   2      -0.00770420
   46   1   0       1.93646542
   46   2   1       5.14851206
   46   3   2      -0.01716377
   47   1   0       1.93429423
   47   2   1       5.13935386
   47   3   2      -0.02986836
   48   1   0       1.93428965
   48   2   1       5.14325812
   48   3   2      -0.01834490

Orbital populations (up)
 Atom Sh.   l   m       Population  Label
    1   1   0   0       0.40455403  s
    1   2   1  -1       0.22396974  p_y
    1   2   1   0       0.22402300  p_z
    1   2   1   1       0.23986499  p_x
    2   1   0   0       0.39693410  s
    2   2   1  -1       0.18583888  p_y
    2   2   1   0       0.25232881  p_z
    2   2   1   1       0.23281640  p_x
    3   1   0   0       0.38169706  s
    3   2   1  -1       0.22509474  p_y
    3   2   1   0       0.21140221  p_z
    3   2   1   1       0.21854364  p_x
    4   1   0   0       0.39244388  s
    4   2   1  -1       0.23645249  p_y
    4   2   1   0       0.18753508  p_z
    4   2   1   1       0.22705776  p_x
    5   1   0   0       0.39164234  s
    5   2   1  -1       0.21783707  p_y
    5   2   1   0       0.22021553  p_z
    5   2   1   1       0.22722058  p_x
    6   1   0   0       0.39635107  s
    6   2   1  -1       0.20850004  p_y
    6   2   1   0       0.24787251  p_z
    6   2   1   1       0.21202808  p_x
    7   1   0   0       0.38940637  s
    7   2   1  -1       0.23019088  p_y
    7   2   1   0       0.24627189  p_z
    7   2   1   1       0.17059600  p_x
    8   1   0   0       0.37609858  s
    8   2   1  -1       0.19141043  p_y
    8   2   1   0       0.23007385  p_z
    8   2   1   1       0.22859581  p_x
    9   1   0   0       0.41454155  s
    9   2   1  -1       0.23638213  p_y
    9   2   1   0       0.19809371  p_z
    9   2   1   1       0.23190672  p_x
   10   1   0   0       0.37241587  s
   10   2   1  -1       0.22161471  p_y
   10   2   1   0       0.19392317  p_z
   10   2   1   1       0.20596028  p_x
   11   1   0   0       0.41510607  s
   11   2   1  -1       0.22662248  p_y
   11   2   1   0       0.19936726  p_z
   11   2   1   1       0.21230792  p_x
   12   1   0   0       0.39356971  s
   12   2   1  -1       0.23651187  p_y
   12   2   1   0       0.22556124  p_z
   12   2   1   1       0.21456174  p_x
   13   1   0   0       0.43402441  s
   13   2   1  -1       0.17461736  p_y
   13   2   1   0       0.23818925  p_z
   13   2   1   1       0.26106391  p_x
   14   1   0   0       0.37808545  s
   14   2   1  -1       0.20233341  p_y
   14   2   1   0       0.22982096  p_z
   14   2   1   1       0.23336508  p_x
   15   1   0   0       0.38465142  s
   15   2   1  -1       0.20706045  p_y
   15   2   1   0       0.21989357  p_z
   15   2   1   1       0.19689245  p_x
   16   1   0   0       0.36964848  s
   16   2   1  -1       0.21419263  p_y
   16   2   1   0       0.21097370  p_z
   16   2   1   1       0.20919843  p_x
   17   1   0   0       0.39090954  s
   17   2   1  -1       0.18912582  p_y
   17   2   1   0       0.23009085  p_z
   17   2   1   1       0.21281184  p_x
   18   1   0   0       0.40589507  s
   18   2   1  -1       0.23913945  p_y
   18   2   1   0       0.17939058  p_z
   18   2   1   1       0.24022115  p_x
   19   1   0   0       0.40923823  s
   19   2   1  -1       0.24276259  p_y
   19   2   1   0       0.20054021  p_z
   19   2   1   1       0.22646488  p_x
   20   1   0   0       0.38986710  s
   20   2   1  -1       0.24578436  p_y
   20   2   1   0       0.22256143  p_z
   20   2   1   1       0.18147459  p_x
   21   1   0   0       1.45768360  s
   21   2   1  -1       0.94726235  p_y
   21   2   1   0       0.96543485  p_z
   21   2   1   1       0.94189797  p_x
   21   3   2  -2       0.09742694  d_xy
   21   3   2  -1       0.08210354  d_yz
   21   3   2   0       0.08784134  d_z2
   21   3   2   1       0.08709693  d_xz
   21   3   2   2       0.08178686  d_x2-y2
   22   1   0   0       1.45477374  s
   22   2   1  -1       0.93965457  p_y
   22   2   1   0       0.95064468  p_z
   22   2   1   1       0.95657617  p_x
   22   3   2  -2       0.09117784  d_xy
   22   3   2  -1       0.09528978  d_yz
   22   3   2   0       0.08602190  d_z2
   22   3   2   1       0.08279419  d_xz
   22   3   2   2       0.08686621  d_x2-y2
   23   1   0   0       1.45247232  s
   23   2   1  -1       0.95798033  p_y
   23   2   1   0       0.94492744  p_z
   23   2   1   1       0.93830784  p_x
   23   3   2  -2       0.08542902  d_xy
   23   3   2  -1       0.08468032  d_yz
   23   3   2   0       0.08035300  d_z2
   23   3   2   1       0.10375659  d_xz
   23   3   2   2       0.09407446  d_x2-y2
   24   1   0   0       1.45717813  s
   24   2   1  -1       0.95851330  p_y
   24   2   1   0       0.94262130  p_z
   24   2   1   1       0.94818806  p_x
   24   3   2  -2       0.08306392  d_xy
   24   3   2  -1       0.09421162  d_yz
   24   3   2   0       0.08299459  d_z2
   24   3   2   1       0.09257616  d_xz
   24   3   2   2       0.08889365  d_x2-y2
   25   1   0   0       1.83721316  s
   25   2   1  -1       1.33697136  p_y
   25   2   1   0       1.42806602  p_z
   25   2   1   1       1.30951350  p_x
   25   3   2  -2       0.00360380  d_xy
   25   3   2  -1       0.01119995  d_yz
   25   3   2   0       0.01367560  d_z2
   25   3   2   1       0.00989072  d_xz
   25   3   2   2       0.00948358  d_x2-y2
   26   1   0   0       1.83601124  s
   26   2   1  -1       1.36966624  p_y
   26   2   1   0       1.36663951  p_z
   26   2   1   1       1.31740235  p_x
   26   3   2  -2       0.01247956  d_xy
   26   3   2  -1       0.00718579  d_yz
   26   3   2   0       0.01064485  d_z2
   26   3   2   1       0.01152807  d_xz
   26   3   2   2       0.01242627  d_x2-y2
   27   1   0   0       1.83421301  s
   27   2   1  -1       1.33384935  p_y
   27   2   1   0       1.35339633  p_z
   27   2   1   1       1.34151812  p_x
   27   3   2  -2       0.01063270  d_xy
   27   3   2  -1       0.01083012  d_yz
   27   3   2   0       0.01132669  d_z2
   27   3   2   1       0.00659032  d_xz
   27   3   2   2       0.01241861  d_x2-y2
   28   1   0   0       1.83372929  s
   28   2   1  -1       1.36170967  p_y
   28   2   1   0       1.41675692  p_z
   28   2   1   1       1.31338303  p_x
   28   3   2  -2       0.00928592  d_xy
   28   3   2  -1       0.00937542  d_yz
   28   3   2   0       0.01121079  d_z2
   28   3   2   1       0.00635868  d_xz
   28   3   2   2       0.01174522  d_x2-y2
   29   1   0   0       1.83834320  s
   29   2   1  -1       1.28888385  p_y
   29   2   1   0       1.43907648  p_z
   29   2   1   1       1.34655453  p_x
   29   3   2  -2       0.00461703  d_xy
   29   3   2  -1       0.01156332  d_yz
   29   3   2   0       0.01373734  d_z2
   29   3   2   1       0.01313704  d_xz
   29   3   2   2       0.01035584  d_x2-y2
   30   1   0   0       1.83137594  s
   30   2   1  -1       1.31300715  p_y
   30   2   1   0       1.42023740  p_z
   30   2   1   1       1.37808140  p_x
   30   3   2  -2       0.00414395  d_xy
   30   3   2  -1       0.01030090  d_yz
   30   3   2   0       0.01246722  d_z2
   30   3   2   1       0.00942601  d_xz
   30   3   2   2       0.00856814  d_x2-y2
   31   1   0   0       1.83507828  s
   31   2   1  -1       1.34396972  p_y
   31   2   1   0       1.35673812  p_z
   31   2   1   1       1.33658311  p_x
   31   3   2  -2       0.01081954  d_xy
   31   3   2  -1       0.00729455  d_yz
   31   3   2   0       0.01185261  d_z2
   31   3   2   1       0.01008046  d_xz
   31   3   2   2       0.01174708  d_x2-y2
   32   1   0   0       1.83341700  s
   32   2   1  -1       1.40941671  p_y
   32   2   1   0       1.31783432  p_z
   32   2   1   1       1.37717287  p_x
   32   3   2  -2       0.01668057  d_xy
   32   3   2  -1       0.00888464  d_yz
   32   3   2   0       0.01025794  d_z2
   32   3   2   1       0.00659668  d_xz
   32   3   2   2       0.01352317  d_x2-y2
   33   1   0   0       1.83229395  s
   33   2   1  -1       1.49106180  p_y
   33   2   1   0       1.24177306  p_z
   33   2   1   1       1.33172318  p_x
   33   3   2  -2       0.01047709  d_xy
   33   3   2  -1       0.00907864  d_yz
   33   3   2   0       0.01308126  d_z2
   33   3   2   1       0.00748566  d_xz
   33   3   2   2       0.01398730  d_x2-y2
   34   1   0   0       1.83276889  s
   34   2   1  -1       1.32122908  p_y
   34   2   1   0       1.31154287  p_z
   34   2   1   1       1.50114548  p_x
   34   3   2  -2       0.01358258  d_xy
   34   3   2  -1       0.00734124  d_yz
   34   3   2   0       0.01021025  d_z2
   34   3   2   1       0.00606727  d_xz
   34   3   2   2       0.01116959  d_x2-y2
   35   1   0   0       1.82580584  s
   35   2   1  -1       1.47011039  p_y
   35   2   1   0       1.33243921  p_z
   35   2   1   1       1.34069094  p_x
   35   3   2  -2       0.01164815  d_xy
   35   3   2  -1       0.00977077  d_yz
   35   3   2   0       0.00827589  d_z2
   35   3   2   1       0.00441968  d_xz
   35   3   2   2       0.01250745  d_x2-y2
   36   1   0   0       1.83558714  s
   36   2   1  -1       1.31995190  p_y
   36   2   1   0       1.45103907  p_z
   36   2   1   1       1.28727295  p_x
   36   3   2  -2       0.00614673  d_xy
   36   3   2  -1       0.00846434  d_yz
   36   3   2   0       0.01314451  d_z2
   36   3   2   1       0.01684106  d_xz
   36   3   2   2       0.01119806  d_x2-y2
   37   1   0   0       1.84001275  s
   37   2   1  -1       1.26114761  p_y
   37   2   1   0       1.44098966  p_z
   37   2   1   1       1.41235270  p_x
   37   3   2  -2       0.00636284  d_xy
   37   3   2  -1       0.00903282  d_yz
   37   3   2   0       0.01231535  d_z2
   37   3   2   1       0.01399852  d_xz
   37   3   2   2       0.01196799  d_x2-y2
   38   1   0   0       1.84430462  s
   38   2   1  -1       1.38335565  p_y
   38   2   1   0       1.34314405  p_z
   38   2   1   1       1.38952293  p_x
   38   3   2  -2       0.01333843  d_xy
   38   3   2  -1       0.00897202  d_yz
   38   3   2   0       0.01218745  d_z2
   38   3   2   1       0.00964522  d_xz
   38   3   2   2       0.01269963  d_x2-y2
   39   1   0   0       1.84678950  s
   39   2   1  -1       1.39044434  p_y
   39   2   1   0       1.30086431  p_z
   39   2   1   1       1.41266580  p_x
   39   3   2  -2       0.01216259  d_xy
   39   3   2  -1       0.01428085  d_yz
   39   3   2   0       0.01424952  d_z2
   39   3   2   1       0.00853197  d_xz
   39   3   2   2       0.01330218  d_x2-y2
   40   1   0   0       1.83973353  s
   40   2   1  -1       1.41397366  p_y
   40   2   1   0       1.33856435  p_z
   40   2   1   1       1.29859961  p_x
   40   3   2  -2       0.00869118  d_xy
   40   3   2  -1       0.00666336  d_yz
   40   3   2   0       0.01203959  d_z2
   40   3   2   1       0.00877131  d_xz
   40   3   2   2       0.01143679  d_x2-y2
   41   1   0   0       1.93470252  s
   41   2   1  -1       1.70981667  p_y
   41   2   1   0       1.71149178  p_z
   41   2   1   1       1.71062868  p_x
   41   3   2  -2       0.00036706  d_xy
   41   3   2  -1      -0.00207084  d_yz
   41   3   2   0      -0.01176437  d_z2
   41   3   2   1       0.00031032  d_xz
   41   3   2   2      -0.00743414  d_x2-y2
   42   1   0   0       1.93674930  s
   42   2   1  -1       1.73653101  p_y
   42   2   1   0       1.70717162  p_z
   42   2   1   1       1.70496616  p_x
   42   3   2  -2      -0.00039718  d_xy
   42   3   2  -1       0.00460887  d_yz
   42   3   2   0      -0.02106662  d_z2
   42   3   2   1      -0.00304450  d_xz
   42   3   2   2      -0.00313143  d_x2-y2
   43   1   0   0       1.93570599  s
   43   2   1  -1       1.74455898  p_y
   43   2   1   0       1.71677033  p_z
   43   2   1   1       1.67824310  p_x
   43   3   2  -2      -0.01709469  d_xy
   43   3   2  -1       0.00683826  d_yz
   43   3   2   0      -0.00162558  d_z2
   43   3   2   1      -0.00262422  d_xz
   43   3   2   2      -0.00420378  d_x2-y2
   44   1   0   0       1.93669830  s
   44   2   1  -1       1.68903803  p_y
   44   2   1   0       1.70947324  p_z
   44   2   1   1       1.73002380  p_x
   44   3   2  -2      -0.00368503  d_xy
   44   3   2  -1      -0.00551645  d_yz
   44   3   2   0      -0.00380125  d_z2
   44   3   2   1       0.00321081  d_xz
   44   3   2   2      -0.00021071  d_x2-y2
   45   1   0   0       1.93750107  s
   45   2   1  -1       1.72262469  p_y
   45   2   1   0       1.73146802  p_z
   45   2   1   1       1.67671782  p_x
   45   3   2  -2      -0.00406504  d_xy
   45   3   2  -1       0.00258147  d_yz
   45   3   2   0      -0.00168127  d_z2
   45   3   2   1      -0.00251730  d_xz
   45   3   2   2      -0.00202206  d_x2-y2
   46   1   0   0       1.93646542  s
   46   2   1  -1       1.71725350  p_y
   46   2   1   0       1.70611575  p_z
   46   2   1   1       1.72514282  p_x
   46   3   2  -2       0.00495587  d_xy
   46   3   2  -1      -0.01128425  d_yz
   46   3   2   0      -0.00383031  d_z2
   46   3   2   1      -0.00172162  d_xz
   46   3   2   2      -0.00528347  d_x2-y2
   47   1   0   0       1.93429423  s
   47   2   1  -1       1.72174013  p_y
   47   2   1   0       1.71333251  p_z
   47   2   1   1       1.70428122  p_x
   47   3   2  -2       0.00083007  d_xy
   47   3   2  -1      -0.00664555  d_yz
   47   3   2   0      -0.01157380  d_z2
   47   3   2   1      -0.00220198  d_xz
   47   3   2   2      -0.01027710  d_x2-y2
   48   1   0   0       1.93428965  s
   48   2   1  -1       1.72891785  p_y
   48   2   1   0       1.70103023  p_z
   48   2   1   1       1.71331003  p_x
   48   3   2  -2       0.00124859  d_xy
   48   3   2  -1      -0.00286390  d_yz
   48   3   2   0      -0.01991295  d_z2
   48   3   2   1       0.00057524  d_xz
   48   3   2   2       0.00260813  d_x2-y2

Fermi level:                        -0.1562375348 H           -4.2514 eV
Band energy:                       -76.1408063547 H        -2071.8968 eV
TS:                                  0.0000000000 H            0.0000 eV
Band free energy (E-TS):           -76.1408063547 H        -2071.8968 eV
Extrapolated E(0K):                -76.1408063547 H        -2071.8968 eV
Input / Output electrons (q):    192.0000000000    192.0000000000

Energy H0:                         -73.5130405380 H        -2000.3916 eV
Energy SCC:                          0.0283114923 H            0.7704 eV
Total Electronic energy:           -73.4847290457 H        -1999.6212 eV
Repulsive energy:                    0.0000000000 H            0.0000 eV
Total energy:                      -73.4847290457 H        -1999.6212 eV
Extrapolated to 0:                 -73.4847290457 H        -1999.6212 eV
Total Mermin free energy:          -73.4847290457 H        -1999.6212 eV
Force related energy:              -73.4847290457 H        -1999.6212 eV

Atom resolved electronic energies 
    1     -0.33529271 H       -9.123779 eV
    2     -0.31708890 H       -8.628428 eV
    3     -0.31103423 H       -8.463672 eV
    4     -0.31173426 H       -8.482721 eV
    5     -0.31918888 H       -8.685571 eV
    6     -0.31987131 H       -8.704141 eV
    7     -0.30614893 H       -8.330736 eV
    8     -0.30205598 H       -8.219361 eV
    9     -0.32253026 H       -8.776495 eV
   10     -0.28924834 H       -7.870848 eV
   11     -0.31357679 H       -8.532859 eV
   12     -0.32059654 H       -8.723876 eV
   13     -0.33184567 H       -9.029980 eV
   14     -0.31366333 H       -8.535213 eV
   15     -0.29677605 H       -8.075687 eV
   16     -0.29780848 H       -8.103781 eV
   17     -0.30190447 H       -8.215239 eV
   18     -0.31644966 H       -8.611033 eV
   19     -0.32379887 H       -8.811016 eV
   20     -0.30947294 H       -8.421187 eV
   21     -1.88816017 H      -51.379452 eV
   22     -1.88872610 H      -51.394852 eV
   23     -1.88857180 H      -51.390653 eV
   24     -1.89120097 H      -51.462197 eV
   25     -2.14408988 H      -58.343654 eV
   26     -2.14598735 H      -58.395287 eV
   27     -2.14044584 H      -58.244495 eV
   28     -2.14632761 H      -58.404546 eV
   29     -2.14672732 H      -58.415422 eV
   30     -2.14649357 H      -58.409062 eV
   31     -2.14303295 H      -58.314894 eV
   32     -2.14654025 H      -58.410332 eV
   33     -2.14174154 H      -58.279753 eV
   34     -2.15164900 H      -58.549348 eV
   35     -2.14558633 H      -58.384375 eV
   36     -2.14457635 H      -58.356892 eV
   37     -2.15224026 H      -58.565437 eV
   38     -2.15392925 H      -58.611397 eV
   39     -2.15534936 H      -58.650040 eV
   40     -2.14366217 H      -58.332016 eV
   41     -3.16215327 H      -86.046569 eV
   42     -3.16834449 H      -86.215040 eV
   43     -3.16423996 H      -86.103350 eV
   44     -3.16412929 H      -86.100339 eV
   45     -3.16563049 H      -86.141188 eV
   46     -3.16730256 H      -86.186688 eV
   47     -3.16149737 H      -86.028720 eV
   48     -3.16630694 H      -86.159596 eV

Atom resolved repulsive energies 
    1      0.00000000 H        0.000000 eV
    2      0.00000000 H        0.000000 eV
    3      0.00000000 H        0.000000 eV
    4      0.00000000 H        0.000000 eV
    5      0.00000000 H        0.000000 eV
    6      0.00000000 H        0.000000 eV
    7      0.00000000 H        0.000000 eV
    8      0.00000000 H        0.000000 eV
    9      0.00000000 H        0.000000 eV
   10      0.00000000 H        0.000000 eV
   11      0.00000000 H        0.000000 eV
   12      0.00000000 H        0.000000 eV
   13      0.00000000 H        0.000000 eV
   14      0.00000000 H        0.000000 eV
   15      0.00000000 H        0.000000 eV
   16      0.00000000 H        0.000000 eV
   17      0.00000000 H        0.000000 eV
   18      0.00000000 H        0.000000 eV
   19      0.00000000 H        0.000000 eV
   20      0.00000000 H        0.000000 eV
   21      0.00000000 H        0.000000 eV
   22      0.00000000 H        0.000000 eV
   23      0.00000000 H        0.000000 eV
   24      0.00000000 H        0.000000 eV
   25      0.00000000 H        0.000000 eV
   26      0.00000000 H        0.000000 eV
   27      0.00000000 H        0.000000 eV
   28      0.00000000 H        0.000000 eV
   29      0.00000000 H        0.000000 eV
   30      0.00000000 H        0.000000 eV
   31      0.00000000 H        0.000000 eV
   32      0.00000000 H        0.000000 eV
   33      0.00000000 H        0.000000 eV
   34      0.00000000 H        0.000000 eV
   35      0.00000000 H        0.000000 eV
   36      0.00000000 H        0.000000 eV
   37      0.00000000 H        0.000000 eV
   38      0.00000000 H        0.000000 eV
   39      0.00000000 H        0.000000 eV
   40      0.00000000 H        0.000000 eV
   41      0.00000000 H        0.000000 eV
   42      0.00000000 H        0.000000 eV
   43      0.00000000 H        0.000000 eV
   44      0.00000000 H        0.000000 eV
   45      0.00000000 H        0.000000 eV
   46      0.00000000 H        0.000000 eV
   47      0.00000000 H        0.000000 eV
   48      0.00000000 H        0.000000 eV

Atom resolved total energies 
    1     -0.33529271 H       -9.123779 eV
    2     -0.31708890 H       -8.628428 eV
    3     -0.31103423 H       -8.463672 eV
    4     -0.31173426 H       -8.482721 eV
    5     -0.31918888 H       -8.685571 eV
    6     -0.31987131 H       -8.704141 eV
    7     -0.30614893 H       -8.330736 eV
    8     -0.30205598 H       -8.219361 eV
    9     -0.32253026 H       -8.776495 eV
   10     -0.28924834 H       -7.870848 eV
   11     -0.31357679 H       -8.532859 eV
   12     -0.32059654 H       -8.723876 eV
   13     -0.33184567 H       -9.029980 eV
   14     -0.31366333 H       -8.535213 eV
   15     -0.29677605 H       -8.075687 eV
   16     -0.29780848 H       -8.103781 eV
   17     -0.30190447 H       -8.215239 eV
   18     -0.31644966 H       -8.611033 eV
   19     -0.32379887 H       -8.811016 eV
   20     -0.30947294 H       -8.421187 eV
   21     -1.88816017 H      -51.379452 eV
   22     -1.88872610 H      -51.394852 eV
   23     -1.88857180 H      -51.390653 eV
   24     -1.89120097 H      -51.462197 eV
   25     -2.14408988 H      -58.343654 eV
   26     -2.14598735 H      -58.395287 eV
   27     -2.14044584 H      -58.244495 eV
   28     -2.14632761 H      -58.404546 eV
   29     -2.14672732 H      -58.415422 eV
   30     -2.14649357 H      -58.409062 eV
   31     -2.14303295 H      -58.314894 eV
   32     -2.14654025 H      -58.410332 eV
   33     -2.14174154 H      -58.279753 eV
   34     -2.15164900 H      -58.549348 eV
   35     -2.14558633 H      -58.384375 eV
   36     -2.14457635 H      -58.356892 eV
   37     -2.15224026 H      -58.565437 eV
   38     -2.15392925 H      -58.611397 eV
   39     -2.15534936 H      -58.650040 eV
   40     -2.14366217 H      -58.332016 eV
   41     -3.16215327 H      -86.046569 eV
   42     -3.16834449 H      -86.215040 eV
   43     -3.16423996 H      -86.103350 eV
   44     -3.16412929 H      -86.100339 eV
   45     -3.16563049 H      -86.141188 eV
   46     -3.16730256 H      -86.186688 eV
   47     -3.16149737 H      -86.028720 eV
   48     -3.16630694 H      -86.159596 eV

SCC converged

Total Forces
    1     -0.001502566991     -0.004889226934      0.006092505395
    2     -0.005648762850      0.007821326335      0.000988134963
    3      0.010246546138     -0.005994459220     -0.007327063346
    4     -0.003515940752      0.007161965536      0.006556866519
    5     -0.003760073597      0.010487170334     -0.009011662857
    6      0.006662268580      0.004104332645      0.005654483468
    7     -0.008429960304     -0.002658429592      0.005282894274
    8     -0.002874745957     -0.008030169379      0.001876441003
    9     -0.000103661386     -0.007798392425     -0.005232362750
   10      0.006860371851      0.004722378314      0.006466165801
   11     -0.008619445748     -0.001600682171      0.000481747091
   12      0.003998989229      0.001544474819      0.011800828671
   13     -0.000563009386     -0.002782778979      0.005371706946
   14     -0.005993587699      0.004328217416     -0.006834023213
   15      0.000820070305      0.001319205242     -0.001349247591
   16      0.008612659531     -0.006686160083     -0.005901062448
   17      0.003039253860      0.007697341503     -0.007237186038
   18     -0.000854301178     -0.004649641145     -0.005377701374
   19      0.007809373764      0.004720947359      0.003876812646
   20     -0.006763829174      0.001797014249      0.000073850870
   21      0.007307460354     -0.000146218058     -0.001880388565
   22      0.002092582497      0.001841509593      0.009700784624
   23     -0.003266371462     -0.000123908310     -0.011287759209
   24      0.005753982364      0.001868866603     -0.003593089598
   25     -0.004628465660      0.009563738694     -0.011724006761
   26      0.010527567611     -0.001512907442      0.002751635091
   27      0.004269613725      0.004711516467      0.003772949916
   28     -0.011616081480     -0.008118879317     -0.004223961282
   29     -0.004977520440     -0.004988544056      0.014332090296
   30      0.003890216867      0.009031582222     -0.007991590104
   31      0.004234403401      0.002907397402      0.002933948293
   32      0.007770017162     -0.019249318790     -0.003914227376
   33      0.006562982402     -0.005041427256     -0.008110378712
   34     -0.014844470890     -0.006192406925      0.008671712525
   35      0.011007367047      0.010381604481      0.005683293328
   36     -0.011238647277      0.000076652872     -0.013911906943
   37     -0.002597902006     -0.017038644116      0.018960222281
   38     -0.022826098033      0.000599172173     -0.010495353735
   39     -0.001815067354      0.020076110963      0.013038325269
   40      0.010106477432      0.010260591935     -0.011197740046
   41      0.009898908259     -0.012295361538      0.010769166825
   42      0.012930713890      0.003349172787     -0.006953675042
   43      0.000215815762      0.006698553904     -0.000725115145
   44     -0.007453217264      0.002785659675      0.009701600577
   45      0.000194190747     -0.011970428980     -0.008569670597
   46     -0.004081994004     -0.000467169322      0.004147255343
   47     -0.000983000683      0.002742301008     -0.009732262949
   48     -0.005853111202     -0.010363650490      0.003596013664

Total stress tensor
     -0.000202724839      0.000001748168      0.000000152779
      0.000001748585     -0.000184801865      0.000006002971
      0.000000152939      0.000006003098     -0.000190914865

Total lattice derivs
      0.066733358688     -0.000575465277     -0.000050292047
     -0.000575602780      0.060833439102     -0.001976069830
     -0.000050344921     -0.001976111533      0.062845728169

Maximal derivative component:        0.228261E-01 au

Volume:                              0.597247E+04 au^3
Pressure:                           -0.192814E-03 au    -0.567278E+10 Pa


